/home/utec/humanoid_ws/install/pycodes_h1/lib/python3.10/site-packages/pycodes_h1/S_ik_adv_arm_test.py
/home/utec/humanoid_ws/install/pycodes_h1/lib/python3.10/site-packages/pycodes_h1/__init__.py
/home/utec/humanoid_ws/install/pycodes_h1/lib/python3.10/site-packages/pycodes_h1/functions.py
/home/utec/humanoid_ws/install/pycodes_h1/lib/python3.10/site-packages/pycodes_h1/S_ik_arm_test.py
/home/utec/humanoid_ws/install/pycodes_h1/lib/python3.10/site-packages/pycodes_h1/S_kine_control_QP_arm_test.py
/home/utec/humanoid_ws/install/pycodes_h1/lib/python3.10/site-packages/pycodes_h1/S_vision_humanoid.py
/home/utec/humanoid_ws/install/pycodes_h1/lib/python3.10/site-packages/pycodes_h1/S_ik_SE3_adv_arm_test.py
/home/utec/humanoid_ws/install/pycodes_h1/lib/python3.10/site-packages/pycodes_h1/markers.py
/home/utec/humanoid_ws/install/pycodes_h1/lib/python3.10/site-packages/pycodes_h1/R_read_states_h1.py
/home/utec/humanoid_ws/install/pycodes_h1/lib/python3.10/site-packages/pycodes_h1/S_fk_arm_test.py
/home/utec/humanoid_ws/install/pycodes_h1/lib/python3.10/site-packages/pycodes_h1/S_fk_body_test.py
/home/utec/humanoid_ws/install/pycodes_h1/lib/python3.10/site-packages/pycodes_h1/__pycache__/S_ik_adv_arm_test.cpython-310.pyc
/home/utec/humanoid_ws/install/pycodes_h1/lib/python3.10/site-packages/pycodes_h1/__pycache__/__init__.cpython-310.pyc
/home/utec/humanoid_ws/install/pycodes_h1/lib/python3.10/site-packages/pycodes_h1/__pycache__/functions.cpython-310.pyc
/home/utec/humanoid_ws/install/pycodes_h1/lib/python3.10/site-packages/pycodes_h1/__pycache__/S_ik_arm_test.cpython-310.pyc
/home/utec/humanoid_ws/install/pycodes_h1/lib/python3.10/site-packages/pycodes_h1/__pycache__/S_kine_control_QP_arm_test.cpython-310.pyc
/home/utec/humanoid_ws/install/pycodes_h1/lib/python3.10/site-packages/pycodes_h1/__pycache__/S_vision_humanoid.cpython-310.pyc
/home/utec/humanoid_ws/install/pycodes_h1/lib/python3.10/site-packages/pycodes_h1/__pycache__/S_ik_SE3_adv_arm_test.cpython-310.pyc
/home/utec/humanoid_ws/install/pycodes_h1/lib/python3.10/site-packages/pycodes_h1/__pycache__/markers.cpython-310.pyc
/home/utec/humanoid_ws/install/pycodes_h1/lib/python3.10/site-packages/pycodes_h1/__pycache__/R_read_states_h1.cpython-310.pyc
/home/utec/humanoid_ws/install/pycodes_h1/lib/python3.10/site-packages/pycodes_h1/__pycache__/S_fk_arm_test.cpython-310.pyc
/home/utec/humanoid_ws/install/pycodes_h1/lib/python3.10/site-packages/pycodes_h1/__pycache__/S_fk_body_test.cpython-310.pyc
/home/utec/humanoid_ws/install/pycodes_h1/share/ament_index/resource_index/packages/pycodes_h1
/home/utec/humanoid_ws/install/pycodes_h1/share/pycodes_h1/package.xml
/home/utec/humanoid_ws/install/pycodes_h1/lib/python3.10/site-packages/pycodes_h1-0.0.0-py3.10.egg-info/top_level.txt
/home/utec/humanoid_ws/install/pycodes_h1/lib/python3.10/site-packages/pycodes_h1-0.0.0-py3.10.egg-info/entry_points.txt
/home/utec/humanoid_ws/install/pycodes_h1/lib/python3.10/site-packages/pycodes_h1-0.0.0-py3.10.egg-info/PKG-INFO
/home/utec/humanoid_ws/install/pycodes_h1/lib/python3.10/site-packages/pycodes_h1-0.0.0-py3.10.egg-info/zip-safe
/home/utec/humanoid_ws/install/pycodes_h1/lib/python3.10/site-packages/pycodes_h1-0.0.0-py3.10.egg-info/requires.txt
/home/utec/humanoid_ws/install/pycodes_h1/lib/python3.10/site-packages/pycodes_h1-0.0.0-py3.10.egg-info/dependency_links.txt
/home/utec/humanoid_ws/install/pycodes_h1/lib/python3.10/site-packages/pycodes_h1-0.0.0-py3.10.egg-info/SOURCES.txt
/home/utec/humanoid_ws/install/pycodes_h1/lib/pycodes_h1/R_read_states_h1
/home/utec/humanoid_ws/install/pycodes_h1/lib/pycodes_h1/S_fk_arm_test
/home/utec/humanoid_ws/install/pycodes_h1/lib/pycodes_h1/S_fk_body_test
/home/utec/humanoid_ws/install/pycodes_h1/lib/pycodes_h1/S_ik_SE3_adv_arm_test
/home/utec/humanoid_ws/install/pycodes_h1/lib/pycodes_h1/S_ik_adv_arm_test
/home/utec/humanoid_ws/install/pycodes_h1/lib/pycodes_h1/S_ik_arm_test
/home/utec/humanoid_ws/install/pycodes_h1/lib/pycodes_h1/S_kine_control_QP_arm_test
/home/utec/humanoid_ws/install/pycodes_h1/lib/pycodes_h1/S_vision_humanoid
