[0.627s] Invoking command in '/home/utec/humanoid_ws/src/h1_2_utec/h1_2_model': AMENT_PREFIX_PATH=/home/utec/humanoid_ws/install/h1_2_description:${AMENT_PREFIX_PATH} CMAKE_PREFIX_PATH=/home/utec/humanoid_ws/install/h1_2_description PYTHONPATH=/home/utec/humanoid_ws/build/h1_2_model/prefix_override:/usr/lib/python3/dist-packages/colcon_core/task/python/colcon_distutils_commands:/home/utec/humanoid_ws/install/h1_2_model/lib/python3.10/site-packages:${PYTHONPATH} /usr/bin/python3 -W ignore:setup.py install is deprecated -W ignore:easy_install command is deprecated setup.py egg_info --egg-base ../../../build/h1_2_model build --build-base /home/utec/humanoid_ws/build/h1_2_model/build install --record /home/utec/humanoid_ws/build/h1_2_model/install.log --single-version-externally-managed install_data
[0.904s] running egg_info
[0.904s] writing ../../../build/h1_2_model/h1_2_model.egg-info/PKG-INFO
[0.905s] writing dependency_links to ../../../build/h1_2_model/h1_2_model.egg-info/dependency_links.txt
[0.905s] writing entry points to ../../../build/h1_2_model/h1_2_model.egg-info/entry_points.txt
[0.905s] writing requirements to ../../../build/h1_2_model/h1_2_model.egg-info/requires.txt
[0.905s] writing top-level names to ../../../build/h1_2_model/h1_2_model.egg-info/top_level.txt
[0.907s] reading manifest file '../../../build/h1_2_model/h1_2_model.egg-info/SOURCES.txt'
[0.908s] writing manifest file '../../../build/h1_2_model/h1_2_model.egg-info/SOURCES.txt'
[0.908s] running build
[0.908s] running build_py
[0.909s] running install
[0.909s] running install_lib
[0.911s] running install_data
[0.912s] running install_egg_info
[0.913s] removing '/home/utec/humanoid_ws/install/h1_2_model/lib/python3.10/site-packages/h1_2_model-0.0.1-py3.10.egg-info' (and everything under it)
[0.913s] Copying ../../../build/h1_2_model/h1_2_model.egg-info to /home/utec/humanoid_ws/install/h1_2_model/lib/python3.10/site-packages/h1_2_model-0.0.1-py3.10.egg-info
[0.914s] running install_scripts
[0.930s] Installing fk_test_pose script to /home/utec/humanoid_ws/install/h1_2_model/lib/h1_2_model
[0.930s] Installing fk_test_position script to /home/utec/humanoid_ws/install/h1_2_model/lib/h1_2_model
[0.930s] Installing jacobian_numeric_test script to /home/utec/humanoid_ws/install/h1_2_model/lib/h1_2_model
[0.931s] Installing jacobian_test script to /home/utec/humanoid_ws/install/h1_2_model/lib/h1_2_model
[0.931s] Installing joint_publisher script to /home/utec/humanoid_ws/install/h1_2_model/lib/h1_2_model
[0.931s] Installing kinematic_controller_fixed script to /home/utec/humanoid_ws/install/h1_2_model/lib/h1_2_model
[0.931s] Installing kinematic_controller_wb1 script to /home/utec/humanoid_ws/install/h1_2_model/lib/h1_2_model
[0.931s] Installing kinematic_controller_wb2 script to /home/utec/humanoid_ws/install/h1_2_model/lib/h1_2_model
[0.931s] writing list of installed files to '/home/utec/humanoid_ws/build/h1_2_model/install.log'
[0.953s] Invoked command in '/home/utec/humanoid_ws/src/h1_2_utec/h1_2_model' returned '0': AMENT_PREFIX_PATH=/home/utec/humanoid_ws/install/h1_2_description:${AMENT_PREFIX_PATH} CMAKE_PREFIX_PATH=/home/utec/humanoid_ws/install/h1_2_description PYTHONPATH=/home/utec/humanoid_ws/build/h1_2_model/prefix_override:/usr/lib/python3/dist-packages/colcon_core/task/python/colcon_distutils_commands:/home/utec/humanoid_ws/install/h1_2_model/lib/python3.10/site-packages:${PYTHONPATH} /usr/bin/python3 -W ignore:setup.py install is deprecated -W ignore:easy_install command is deprecated setup.py egg_info --egg-base ../../../build/h1_2_model build --build-base /home/utec/humanoid_ws/build/h1_2_model/build install --record /home/utec/humanoid_ws/build/h1_2_model/install.log --single-version-externally-managed install_data
