[0.843s] Invoking command in '/home/utec/humanoid_ws/src/pycodes_h1': AMENT_PREFIX_PATH=/home/utec/humanoid_ws/install/unitree_hg:${AMENT_PREFIX_PATH} CMAKE_PREFIX_PATH=/home/utec/humanoid_ws/install/unitree_hg LD_LIBRARY_PATH=/home/utec/humanoid_ws/install/unitree_hg/lib:${LD_LIBRARY_PATH} PYTHONPATH=/home/utec/humanoid_ws/build/pycodes_h1/prefix_override:/usr/lib/python3/dist-packages/colcon_core/task/python/colcon_distutils_commands:/home/utec/humanoid_ws/install/pycodes_h1/lib/python3.10/site-packages:/home/utec/humanoid_ws/install/unitree_hg/local/lib/python3.10/dist-packages:${PYTHONPATH} /usr/bin/python3 -W ignore:setup.py install is deprecated -W ignore:easy_install command is deprecated setup.py egg_info --egg-base ../../build/pycodes_h1 build --build-base /home/utec/humanoid_ws/build/pycodes_h1/build install --record /home/utec/humanoid_ws/build/pycodes_h1/install.log --single-version-externally-managed install_data
[1.073s] running egg_info
[1.073s] writing ../../build/pycodes_h1/pycodes_h1.egg-info/PKG-INFO
[1.074s] writing dependency_links to ../../build/pycodes_h1/pycodes_h1.egg-info/dependency_links.txt
[1.074s] writing entry points to ../../build/pycodes_h1/pycodes_h1.egg-info/entry_points.txt
[1.074s] writing requirements to ../../build/pycodes_h1/pycodes_h1.egg-info/requires.txt
[1.074s] writing top-level names to ../../build/pycodes_h1/pycodes_h1.egg-info/top_level.txt
[1.076s] reading manifest file '../../build/pycodes_h1/pycodes_h1.egg-info/SOURCES.txt'
[1.082s] writing manifest file '../../build/pycodes_h1/pycodes_h1.egg-info/SOURCES.txt'
[1.082s] running build
[1.082s] running build_py
[1.082s] copying pycodes_h1/S_vision_humanoid.py -> /home/utec/humanoid_ws/build/pycodes_h1/build/lib/pycodes_h1
[1.083s] running install
[1.083s] running install_lib
[1.084s] copying /home/utec/humanoid_ws/build/pycodes_h1/build/lib/pycodes_h1/S_vision_humanoid.py -> /home/utec/humanoid_ws/install/pycodes_h1/lib/python3.10/site-packages/pycodes_h1
[1.084s] byte-compiling /home/utec/humanoid_ws/install/pycodes_h1/lib/python3.10/site-packages/pycodes_h1/S_vision_humanoid.py to S_vision_humanoid.cpython-310.pyc
[1.085s] running install_data
[1.086s] running install_egg_info
[1.087s] removing '/home/utec/humanoid_ws/install/pycodes_h1/lib/python3.10/site-packages/pycodes_h1-0.0.0-py3.10.egg-info' (and everything under it)
[1.087s] Copying ../../build/pycodes_h1/pycodes_h1.egg-info to /home/utec/humanoid_ws/install/pycodes_h1/lib/python3.10/site-packages/pycodes_h1-0.0.0-py3.10.egg-info
[1.088s] running install_scripts
[1.107s] Installing R_read_states_h1 script to /home/utec/humanoid_ws/install/pycodes_h1/lib/pycodes_h1
[1.107s] Installing S_fk_arm_test script to /home/utec/humanoid_ws/install/pycodes_h1/lib/pycodes_h1
[1.108s] Installing S_fk_body_test script to /home/utec/humanoid_ws/install/pycodes_h1/lib/pycodes_h1
[1.108s] Installing S_ik_SE3_adv_arm_test script to /home/utec/humanoid_ws/install/pycodes_h1/lib/pycodes_h1
[1.108s] Installing S_ik_adv_arm_test script to /home/utec/humanoid_ws/install/pycodes_h1/lib/pycodes_h1
[1.108s] Installing S_ik_arm_test script to /home/utec/humanoid_ws/install/pycodes_h1/lib/pycodes_h1
[1.108s] Installing S_kine_control_QP_arm_test script to /home/utec/humanoid_ws/install/pycodes_h1/lib/pycodes_h1
[1.108s] Installing S_vision_humanoid script to /home/utec/humanoid_ws/install/pycodes_h1/lib/pycodes_h1
[1.108s] writing list of installed files to '/home/utec/humanoid_ws/build/pycodes_h1/install.log'
[1.132s] Invoked command in '/home/utec/humanoid_ws/src/pycodes_h1' returned '0': AMENT_PREFIX_PATH=/home/utec/humanoid_ws/install/unitree_hg:${AMENT_PREFIX_PATH} CMAKE_PREFIX_PATH=/home/utec/humanoid_ws/install/unitree_hg LD_LIBRARY_PATH=/home/utec/humanoid_ws/install/unitree_hg/lib:${LD_LIBRARY_PATH} PYTHONPATH=/home/utec/humanoid_ws/build/pycodes_h1/prefix_override:/usr/lib/python3/dist-packages/colcon_core/task/python/colcon_distutils_commands:/home/utec/humanoid_ws/install/pycodes_h1/lib/python3.10/site-packages:/home/utec/humanoid_ws/install/unitree_hg/local/lib/python3.10/dist-packages:${PYTHONPATH} /usr/bin/python3 -W ignore:setup.py install is deprecated -W ignore:easy_install command is deprecated setup.py egg_info --egg-base ../../build/pycodes_h1 build --build-base /home/utec/humanoid_ws/build/pycodes_h1/build install --record /home/utec/humanoid_ws/build/pycodes_h1/install.log --single-version-externally-managed install_data
