[1.385s] Invoking command in '/home/utec/humanoid_ws/src/h1_2_utec/h1_2_model': AMENT_PREFIX_PATH=/home/utec/humanoid_ws/install/h1_2_description:${AMENT_PREFIX_PATH} CMAKE_PREFIX_PATH=/home/utec/humanoid_ws/install/h1_2_description PYTHONPATH=/home/utec/humanoid_ws/build/h1_2_model/prefix_override:/usr/lib/python3/dist-packages/colcon_core/task/python/colcon_distutils_commands:/home/utec/humanoid_ws/install/h1_2_model/lib/python3.10/site-packages:${PYTHONPATH} /usr/bin/python3 -W ignore:setup.py install is deprecated -W ignore:easy_install command is deprecated setup.py egg_info --egg-base ../../../build/h1_2_model build --build-base /home/utec/humanoid_ws/build/h1_2_model/build install --record /home/utec/humanoid_ws/build/h1_2_model/install.log --single-version-externally-managed install_data
[1.939s] running egg_info
[1.939s] writing ../../../build/h1_2_model/h1_2_model.egg-info/PKG-INFO
[1.939s] writing dependency_links to ../../../build/h1_2_model/h1_2_model.egg-info/dependency_links.txt
[1.940s] writing entry points to ../../../build/h1_2_model/h1_2_model.egg-info/entry_points.txt
[1.940s] writing requirements to ../../../build/h1_2_model/h1_2_model.egg-info/requires.txt
[1.940s] writing top-level names to ../../../build/h1_2_model/h1_2_model.egg-info/top_level.txt
[1.942s] reading manifest file '../../../build/h1_2_model/h1_2_model.egg-info/SOURCES.txt'
[1.944s] writing manifest file '../../../build/h1_2_model/h1_2_model.egg-info/SOURCES.txt'
[1.944s] running build
[1.944s] running build_py
[1.945s] running install
[1.946s] running install_lib
[1.947s] running install_data
[1.948s] running install_egg_info
[1.950s] removing '/home/utec/humanoid_ws/install/h1_2_model/lib/python3.10/site-packages/h1_2_model-0.0.1-py3.10.egg-info' (and everything under it)
[1.951s] Copying ../../../build/h1_2_model/h1_2_model.egg-info to /home/utec/humanoid_ws/install/h1_2_model/lib/python3.10/site-packages/h1_2_model-0.0.1-py3.10.egg-info
[1.952s] running install_scripts
[1.979s] Installing fk_test_pose script to /home/utec/humanoid_ws/install/h1_2_model/lib/h1_2_model
[1.979s] Installing fk_test_position script to /home/utec/humanoid_ws/install/h1_2_model/lib/h1_2_model
[1.979s] Installing jacobian_numeric_test script to /home/utec/humanoid_ws/install/h1_2_model/lib/h1_2_model
[1.979s] Installing jacobian_test script to /home/utec/humanoid_ws/install/h1_2_model/lib/h1_2_model
[1.980s] Installing joint_publisher script to /home/utec/humanoid_ws/install/h1_2_model/lib/h1_2_model
[1.980s] Installing kinematic_controller_fixed script to /home/utec/humanoid_ws/install/h1_2_model/lib/h1_2_model
[1.980s] Installing kinematic_controller_wb1 script to /home/utec/humanoid_ws/install/h1_2_model/lib/h1_2_model
[1.980s] Installing kinematic_controller_wb2 script to /home/utec/humanoid_ws/install/h1_2_model/lib/h1_2_model
[1.980s] writing list of installed files to '/home/utec/humanoid_ws/build/h1_2_model/install.log'
[2.015s] Invoked command in '/home/utec/humanoid_ws/src/h1_2_utec/h1_2_model' returned '0': AMENT_PREFIX_PATH=/home/utec/humanoid_ws/install/h1_2_description:${AMENT_PREFIX_PATH} CMAKE_PREFIX_PATH=/home/utec/humanoid_ws/install/h1_2_description PYTHONPATH=/home/utec/humanoid_ws/build/h1_2_model/prefix_override:/usr/lib/python3/dist-packages/colcon_core/task/python/colcon_distutils_commands:/home/utec/humanoid_ws/install/h1_2_model/lib/python3.10/site-packages:${PYTHONPATH} /usr/bin/python3 -W ignore:setup.py install is deprecated -W ignore:easy_install command is deprecated setup.py egg_info --egg-base ../../../build/h1_2_model build --build-base /home/utec/humanoid_ws/build/h1_2_model/build install --record /home/utec/humanoid_ws/build/h1_2_model/install.log --single-version-externally-managed install_data
