[0.304s] Invoking command in '/home/utec/humanoid_ws/build/unitree_ros2_example': CMAKE_PREFIX_PATH=/home/utec/humanoid_ws/install/unitree_hg:/home/utec/humanoid_ws/install/unitree_go:/home/utec/humanoid_ws/install/unitree_api:/home/utec/humanoid_ws/install/unitree_ros2_example:/home/utec/humanoid_ws/install/h1_2_interface:/home/utec/humanoid_ws/install/h1_2_description:/home/utec/humanoid_ws/install/pycodes_h1:/home/utec/humanoid_ws/install/h1_2_model:/opt/ros/humble /usr/bin/cmake --build /home/utec/humanoid_ws/build/unitree_ros2_example -- -j8 -l8
[0.356s] [35m[1mConsolidate compiler generated dependencies of target read_low_state[0m
[0.357s] [35m[1mConsolidate compiler generated dependencies of target read_wireless_controller[0m
[0.357s] [35m[1mConsolidate compiler generated dependencies of target low_level_ctrl_hg[0m
[0.365s] [35m[1mConsolidate compiler generated dependencies of target go2_sport_client[0m
[0.367s] [35m[1mConsolidate compiler generated dependencies of target low_level_ctrl[0m
[0.372s] [35m[1mConsolidate compiler generated dependencies of target read_motion_state[0m
[0.373s] [35m[1mConsolidate compiler generated dependencies of target g1_low_level_example[0m
[0.375s] [35m[1mConsolidate compiler generated dependencies of target read_low_state_hg[0m
[0.408s] [  3%] Built target read_wireless_controller
[0.411s] [  8%] Built target low_level_ctrl
[0.411s] [ 12%] Built target read_low_state
[0.415s] [ 17%] Built target low_level_ctrl_hg
[0.420s] [ 22%] Built target read_low_state_hg
[0.421s] [ 25%] Built target go2_sport_client
[0.426s] [ 29%] Built target read_motion_state
[0.430s] [ 34%] Built target g1_low_level_example
[0.447s] [35m[1mConsolidate compiler generated dependencies of target go2_stand_example[0m
[0.449s] [35m[1mConsolidate compiler generated dependencies of target go2_robot_state_client[0m
[0.452s] [35m[1mConsolidate compiler generated dependencies of target g1_dex3_example[0m
[0.453s] [35m[1mConsolidate compiler generated dependencies of target g1_ankle_swing_example[0m
[0.462s] [35m[1mConsolidate compiler generated dependencies of target g1_arm_sdk_dds_example[0m
[0.472s] [35m[1mConsolidate compiler generated dependencies of target g1_loco_client_example[0m
[0.474s] [35m[1mConsolidate compiler generated dependencies of target g1_arm_action_example[0m
[0.475s] [35m[1mConsolidate compiler generated dependencies of target g1_audio_client_example[0m
[0.505s] [ 44%] Built target go2_stand_example
[0.506s] [ 44%] Built target go2_robot_state_client
[0.511s] [ 50%] Built target g1_dex3_example
[0.514s] [ 55%] Built target g1_ankle_swing_example
[0.514s] [ 60%] Built target g1_arm_sdk_dds_example
[0.527s] [ 65%] Built target g1_arm_action_example
[0.531s] [35m[1mConsolidate compiler generated dependencies of target b2w_sport_client[0m
[0.540s] [ 68%] Built target g1_audio_client_example
[0.542s] [ 74%] Built target g1_loco_client_example
[0.545s] [35m[1mConsolidate compiler generated dependencies of target b2_sport_client[0m
[0.545s] [35m[1mConsolidate compiler generated dependencies of target b2w_stand_example[0m
[0.550s] [35m[1mConsolidate compiler generated dependencies of target b2_stand_example[0m
[0.551s] [35m[1mConsolidate compiler generated dependencies of target g1_dual_arm_example[0m
[0.583s] [ 79%] Built target b2w_sport_client
[0.591s] [ 84%] Built target b2w_stand_example
[0.596s] [ 89%] Built target b2_sport_client
[0.596s] [ 94%] Built target g1_dual_arm_example
[0.597s] [100%] Built target b2_stand_example
[0.610s] Invoked command in '/home/utec/humanoid_ws/build/unitree_ros2_example' returned '0': CMAKE_PREFIX_PATH=/home/utec/humanoid_ws/install/unitree_hg:/home/utec/humanoid_ws/install/unitree_go:/home/utec/humanoid_ws/install/unitree_api:/home/utec/humanoid_ws/install/unitree_ros2_example:/home/utec/humanoid_ws/install/h1_2_interface:/home/utec/humanoid_ws/install/h1_2_description:/home/utec/humanoid_ws/install/pycodes_h1:/home/utec/humanoid_ws/install/h1_2_model:/opt/ros/humble /usr/bin/cmake --build /home/utec/humanoid_ws/build/unitree_ros2_example -- -j8 -l8
[0.611s] Invoking command in '/home/utec/humanoid_ws/build/unitree_ros2_example': CMAKE_PREFIX_PATH=/home/utec/humanoid_ws/install/unitree_hg:/home/utec/humanoid_ws/install/unitree_go:/home/utec/humanoid_ws/install/unitree_api:/home/utec/humanoid_ws/install/unitree_ros2_example:/home/utec/humanoid_ws/install/h1_2_interface:/home/utec/humanoid_ws/install/h1_2_description:/home/utec/humanoid_ws/install/pycodes_h1:/home/utec/humanoid_ws/install/h1_2_model:/opt/ros/humble /usr/bin/cmake --install /home/utec/humanoid_ws/build/unitree_ros2_example
[0.619s] -- Install configuration: ""
[0.619s] -- Up-to-date: /home/utec/humanoid_ws/install/unitree_ros2_example/lib/low_level_ctrl
[0.620s] -- Up-to-date: /home/utec/humanoid_ws/install/unitree_ros2_example/lib/low_level_ctrl_hg
[0.620s] -- Up-to-date: /home/utec/humanoid_ws/install/unitree_ros2_example/lib/g1_low_level_example
[0.620s] -- Up-to-date: /home/utec/humanoid_ws/install/unitree_ros2_example/lib/read_low_state
[0.621s] -- Up-to-date: /home/utec/humanoid_ws/install/unitree_ros2_example/lib/read_low_state_hg
[0.621s] -- Up-to-date: /home/utec/humanoid_ws/install/unitree_ros2_example/lib/read_motion_state
[0.621s] -- Up-to-date: /home/utec/humanoid_ws/install/unitree_ros2_example/lib/read_wireless_controller
[0.622s] -- Up-to-date: /home/utec/humanoid_ws/install/unitree_ros2_example/lib/go2_sport_client
[0.622s] -- Up-to-date: /home/utec/humanoid_ws/install/unitree_ros2_example/lib/go2_stand_example
[0.622s] -- Up-to-date: /home/utec/humanoid_ws/install/unitree_ros2_example/bin/go2_robot_state_client
[0.623s] -- Up-to-date: /home/utec/humanoid_ws/install/unitree_ros2_example/bin/g1_arm_sdk_dds_example
[0.623s] -- Up-to-date: /home/utec/humanoid_ws/install/unitree_ros2_example/bin/g1_arm_action_example
[0.623s] -- Up-to-date: /home/utec/humanoid_ws/install/unitree_ros2_example/bin/g1_dex3_example
[0.624s] -- Up-to-date: /home/utec/humanoid_ws/install/unitree_ros2_example/bin/g1_loco_client_example
[0.624s] -- Up-to-date: /home/utec/humanoid_ws/install/unitree_ros2_example/bin/g1_ankle_swing_example
[0.625s] -- Up-to-date: /home/utec/humanoid_ws/install/unitree_ros2_example/bin/g1_dual_arm_example
[0.625s] -- Up-to-date: /home/utec/humanoid_ws/install/unitree_ros2_example/bin/g1_audio_client_example
[0.625s] -- Up-to-date: /home/utec/humanoid_ws/install/unitree_ros2_example/share/ament_index/resource_index/package_run_dependencies/unitree_ros2_example
[0.625s] -- Up-to-date: /home/utec/humanoid_ws/install/unitree_ros2_example/share/ament_index/resource_index/parent_prefix_path/unitree_ros2_example
[0.625s] -- Up-to-date: /home/utec/humanoid_ws/install/unitree_ros2_example/share/unitree_ros2_example/environment/ament_prefix_path.sh
[0.625s] -- Up-to-date: /home/utec/humanoid_ws/install/unitree_ros2_example/share/unitree_ros2_example/environment/ament_prefix_path.dsv
[0.626s] -- Up-to-date: /home/utec/humanoid_ws/install/unitree_ros2_example/share/unitree_ros2_example/environment/path.sh
[0.626s] -- Up-to-date: /home/utec/humanoid_ws/install/unitree_ros2_example/share/unitree_ros2_example/environment/path.dsv
[0.626s] -- Up-to-date: /home/utec/humanoid_ws/install/unitree_ros2_example/share/unitree_ros2_example/local_setup.bash
[0.626s] -- Up-to-date: /home/utec/humanoid_ws/install/unitree_ros2_example/share/unitree_ros2_example/local_setup.sh
[0.626s] -- Up-to-date: /home/utec/humanoid_ws/install/unitree_ros2_example/share/unitree_ros2_example/local_setup.zsh
[0.626s] -- Up-to-date: /home/utec/humanoid_ws/install/unitree_ros2_example/share/unitree_ros2_example/local_setup.dsv
[0.626s] -- Installing: /home/utec/humanoid_ws/install/unitree_ros2_example/share/unitree_ros2_example/package.dsv
[0.626s] -- Up-to-date: /home/utec/humanoid_ws/install/unitree_ros2_example/share/ament_index/resource_index/packages/unitree_ros2_example
[0.626s] -- Up-to-date: /home/utec/humanoid_ws/install/unitree_ros2_example/share/unitree_ros2_example/cmake/unitree_ros2_exampleConfig.cmake
[0.627s] -- Up-to-date: /home/utec/humanoid_ws/install/unitree_ros2_example/share/unitree_ros2_example/cmake/unitree_ros2_exampleConfig-version.cmake
[0.627s] -- Up-to-date: /home/utec/humanoid_ws/install/unitree_ros2_example/share/unitree_ros2_example/package.xml
[0.628s] Invoked command in '/home/utec/humanoid_ws/build/unitree_ros2_example' returned '0': CMAKE_PREFIX_PATH=/home/utec/humanoid_ws/install/unitree_hg:/home/utec/humanoid_ws/install/unitree_go:/home/utec/humanoid_ws/install/unitree_api:/home/utec/humanoid_ws/install/unitree_ros2_example:/home/utec/humanoid_ws/install/h1_2_interface:/home/utec/humanoid_ws/install/h1_2_description:/home/utec/humanoid_ws/install/pycodes_h1:/home/utec/humanoid_ws/install/h1_2_model:/opt/ros/humble /usr/bin/cmake --install /home/utec/humanoid_ws/build/unitree_ros2_example
