running egg_info
creating ../../build/pycodes_h1/pycodes_h1.egg-info
writing ../../build/pycodes_h1/pycodes_h1.egg-info/PKG-INFO
writing dependency_links to ../../build/pycodes_h1/pycodes_h1.egg-info/dependency_links.txt
writing entry points to ../../build/pycodes_h1/pycodes_h1.egg-info/entry_points.txt
writing requirements to ../../build/pycodes_h1/pycodes_h1.egg-info/requires.txt
writing top-level names to ../../build/pycodes_h1/pycodes_h1.egg-info/top_level.txt
writing manifest file '../../build/pycodes_h1/pycodes_h1.egg-info/SOURCES.txt'
reading manifest file '../../build/pycodes_h1/pycodes_h1.egg-info/SOURCES.txt'
writing manifest file '../../build/pycodes_h1/pycodes_h1.egg-info/SOURCES.txt'
running build
running build_py
creating /home/utec/humanoid_ws/build/pycodes_h1/build
creating /home/utec/humanoid_ws/build/pycodes_h1/build/lib
creating /home/utec/humanoid_ws/build/pycodes_h1/build/lib/pycodes_h1
copying pycodes_h1/__init__.py -> /home/utec/humanoid_ws/build/pycodes_h1/build/lib/pycodes_h1
copying pycodes_h1/functions.py -> /home/utec/humanoid_ws/build/pycodes_h1/build/lib/pycodes_h1
copying pycodes_h1/markers.py -> /home/utec/humanoid_ws/build/pycodes_h1/build/lib/pycodes_h1
copying pycodes_h1/R_read_states_h1.py -> /home/utec/humanoid_ws/build/pycodes_h1/build/lib/pycodes_h1
copying pycodes_h1/S_fk_arm_test.py -> /home/utec/humanoid_ws/build/pycodes_h1/build/lib/pycodes_h1
running install
running install_lib
creating /home/utec/humanoid_ws/install/pycodes_h1/lib/python3.10/site-packages/pycodes_h1
copying /home/utec/humanoid_ws/build/pycodes_h1/build/lib/pycodes_h1/__init__.py -> /home/utec/humanoid_ws/install/pycodes_h1/lib/python3.10/site-packages/pycodes_h1
copying /home/utec/humanoid_ws/build/pycodes_h1/build/lib/pycodes_h1/functions.py -> /home/utec/humanoid_ws/install/pycodes_h1/lib/python3.10/site-packages/pycodes_h1
copying /home/utec/humanoid_ws/build/pycodes_h1/build/lib/pycodes_h1/markers.py -> /home/utec/humanoid_ws/install/pycodes_h1/lib/python3.10/site-packages/pycodes_h1
copying /home/utec/humanoid_ws/build/pycodes_h1/build/lib/pycodes_h1/R_read_states_h1.py -> /home/utec/humanoid_ws/install/pycodes_h1/lib/python3.10/site-packages/pycodes_h1
copying /home/utec/humanoid_ws/build/pycodes_h1/build/lib/pycodes_h1/S_fk_arm_test.py -> /home/utec/humanoid_ws/install/pycodes_h1/lib/python3.10/site-packages/pycodes_h1
byte-compiling /home/utec/humanoid_ws/install/pycodes_h1/lib/python3.10/site-packages/pycodes_h1/__init__.py to __init__.cpython-310.pyc
byte-compiling /home/utec/humanoid_ws/install/pycodes_h1/lib/python3.10/site-packages/pycodes_h1/functions.py to functions.cpython-310.pyc
byte-compiling /home/utec/humanoid_ws/install/pycodes_h1/lib/python3.10/site-packages/pycodes_h1/markers.py to markers.cpython-310.pyc
byte-compiling /home/utec/humanoid_ws/install/pycodes_h1/lib/python3.10/site-packages/pycodes_h1/R_read_states_h1.py to R_read_states_h1.cpython-310.pyc
byte-compiling /home/utec/humanoid_ws/install/pycodes_h1/lib/python3.10/site-packages/pycodes_h1/S_fk_arm_test.py to S_fk_arm_test.cpython-310.pyc
running install_data
creating /home/utec/humanoid_ws/install/pycodes_h1/share/ament_index
creating /home/utec/humanoid_ws/install/pycodes_h1/share/ament_index/resource_index
creating /home/utec/humanoid_ws/install/pycodes_h1/share/ament_index/resource_index/packages
copying resource/pycodes_h1 -> /home/utec/humanoid_ws/install/pycodes_h1/share/ament_index/resource_index/packages
copying package.xml -> /home/utec/humanoid_ws/install/pycodes_h1/share/pycodes_h1
running install_egg_info
Copying ../../build/pycodes_h1/pycodes_h1.egg-info to /home/utec/humanoid_ws/install/pycodes_h1/lib/python3.10/site-packages/pycodes_h1-0.0.0-py3.10.egg-info
running install_scripts
Installing R_read_states_h1 script to /home/utec/humanoid_ws/install/pycodes_h1/lib/pycodes_h1
Installing S_fk_arm_test script to /home/utec/humanoid_ws/install/pycodes_h1/lib/pycodes_h1
writing list of installed files to '/home/utec/humanoid_ws/build/pycodes_h1/install.log'
