[2.349s] Invoking command in '/home/utec/humanoid_ws/src/pycodes_h1': CMAKE_PREFIX_PATH=/home/utec/humanoid_ws/install/unitree_hg:/home/utec/humanoid_ws/install/unitree_ros2_example:/home/utec/humanoid_ws/install/h1_2_interface:/home/utec/humanoid_ws/install/unitree_go:/home/utec/humanoid_ws/install/unitree_api:/home/utec/humanoid_ws/install/h1_2_description PYTHONPATH=/home/utec/humanoid_ws/build/pycodes_h1/prefix_override:/usr/lib/python3/dist-packages/colcon_core/task/python/colcon_distutils_commands:/home/utec/humanoid_ws/install/pycodes_h1/lib/python3.10/site-packages:${PYTHONPATH} /usr/bin/python3 -W ignore:setup.py install is deprecated -W ignore:easy_install command is deprecated setup.py egg_info --egg-base ../../build/pycodes_h1 build --build-base /home/utec/humanoid_ws/build/pycodes_h1/build install --record /home/utec/humanoid_ws/build/pycodes_h1/install.log --single-version-externally-managed install_data
[3.248s] running egg_info
[3.248s] creating ../../build/pycodes_h1/pycodes_h1.egg-info
[3.249s] writing ../../build/pycodes_h1/pycodes_h1.egg-info/PKG-INFO
[3.250s] writing dependency_links to ../../build/pycodes_h1/pycodes_h1.egg-info/dependency_links.txt
[3.252s] writing entry points to ../../build/pycodes_h1/pycodes_h1.egg-info/entry_points.txt
[3.253s] writing requirements to ../../build/pycodes_h1/pycodes_h1.egg-info/requires.txt
[3.255s] writing top-level names to ../../build/pycodes_h1/pycodes_h1.egg-info/top_level.txt
[3.255s] writing manifest file '../../build/pycodes_h1/pycodes_h1.egg-info/SOURCES.txt'
[3.264s] reading manifest file '../../build/pycodes_h1/pycodes_h1.egg-info/SOURCES.txt'
[3.271s] writing manifest file '../../build/pycodes_h1/pycodes_h1.egg-info/SOURCES.txt'
[3.271s] running build
[3.271s] running build_py
[3.271s] creating /home/utec/humanoid_ws/build/pycodes_h1/build
[3.271s] creating /home/utec/humanoid_ws/build/pycodes_h1/build/lib
[3.271s] creating /home/utec/humanoid_ws/build/pycodes_h1/build/lib/pycodes_h1
[3.272s] copying pycodes_h1/__init__.py -> /home/utec/humanoid_ws/build/pycodes_h1/build/lib/pycodes_h1
[3.274s] copying pycodes_h1/functions.py -> /home/utec/humanoid_ws/build/pycodes_h1/build/lib/pycodes_h1
[3.274s] copying pycodes_h1/markers.py -> /home/utec/humanoid_ws/build/pycodes_h1/build/lib/pycodes_h1
[3.274s] copying pycodes_h1/R_read_states_h1.py -> /home/utec/humanoid_ws/build/pycodes_h1/build/lib/pycodes_h1
[3.278s] copying pycodes_h1/S_fk_arm_test.py -> /home/utec/humanoid_ws/build/pycodes_h1/build/lib/pycodes_h1
[3.278s] running install
[3.282s] running install_lib
[3.285s] creating /home/utec/humanoid_ws/install/pycodes_h1/lib/python3.10/site-packages/pycodes_h1
[3.291s] copying /home/utec/humanoid_ws/build/pycodes_h1/build/lib/pycodes_h1/__init__.py -> /home/utec/humanoid_ws/install/pycodes_h1/lib/python3.10/site-packages/pycodes_h1
[3.291s] copying /home/utec/humanoid_ws/build/pycodes_h1/build/lib/pycodes_h1/functions.py -> /home/utec/humanoid_ws/install/pycodes_h1/lib/python3.10/site-packages/pycodes_h1
[3.291s] copying /home/utec/humanoid_ws/build/pycodes_h1/build/lib/pycodes_h1/markers.py -> /home/utec/humanoid_ws/install/pycodes_h1/lib/python3.10/site-packages/pycodes_h1
[3.292s] copying /home/utec/humanoid_ws/build/pycodes_h1/build/lib/pycodes_h1/R_read_states_h1.py -> /home/utec/humanoid_ws/install/pycodes_h1/lib/python3.10/site-packages/pycodes_h1
[3.292s] copying /home/utec/humanoid_ws/build/pycodes_h1/build/lib/pycodes_h1/S_fk_arm_test.py -> /home/utec/humanoid_ws/install/pycodes_h1/lib/python3.10/site-packages/pycodes_h1
[3.294s] byte-compiling /home/utec/humanoid_ws/install/pycodes_h1/lib/python3.10/site-packages/pycodes_h1/__init__.py to __init__.cpython-310.pyc
[3.297s] byte-compiling /home/utec/humanoid_ws/install/pycodes_h1/lib/python3.10/site-packages/pycodes_h1/functions.py to functions.cpython-310.pyc
[3.303s] byte-compiling /home/utec/humanoid_ws/install/pycodes_h1/lib/python3.10/site-packages/pycodes_h1/markers.py to markers.cpython-310.pyc
[3.309s] byte-compiling /home/utec/humanoid_ws/install/pycodes_h1/lib/python3.10/site-packages/pycodes_h1/R_read_states_h1.py to R_read_states_h1.cpython-310.pyc
[3.317s] byte-compiling /home/utec/humanoid_ws/install/pycodes_h1/lib/python3.10/site-packages/pycodes_h1/S_fk_arm_test.py to S_fk_arm_test.cpython-310.pyc
[3.317s] running install_data
[3.317s] creating /home/utec/humanoid_ws/install/pycodes_h1/share/ament_index
[3.318s] creating /home/utec/humanoid_ws/install/pycodes_h1/share/ament_index/resource_index
[3.318s] creating /home/utec/humanoid_ws/install/pycodes_h1/share/ament_index/resource_index/packages
[3.318s] copying resource/pycodes_h1 -> /home/utec/humanoid_ws/install/pycodes_h1/share/ament_index/resource_index/packages
[3.326s] copying package.xml -> /home/utec/humanoid_ws/install/pycodes_h1/share/pycodes_h1
[3.326s] running install_egg_info
[3.333s] Copying ../../build/pycodes_h1/pycodes_h1.egg-info to /home/utec/humanoid_ws/install/pycodes_h1/lib/python3.10/site-packages/pycodes_h1-0.0.0-py3.10.egg-info
[3.338s] running install_scripts
[3.431s] Installing R_read_states_h1 script to /home/utec/humanoid_ws/install/pycodes_h1/lib/pycodes_h1
[3.435s] Installing S_fk_arm_test script to /home/utec/humanoid_ws/install/pycodes_h1/lib/pycodes_h1
[3.442s] writing list of installed files to '/home/utec/humanoid_ws/build/pycodes_h1/install.log'
[3.554s] Invoked command in '/home/utec/humanoid_ws/src/pycodes_h1' returned '0': CMAKE_PREFIX_PATH=/home/utec/humanoid_ws/install/unitree_hg:/home/utec/humanoid_ws/install/unitree_ros2_example:/home/utec/humanoid_ws/install/h1_2_interface:/home/utec/humanoid_ws/install/unitree_go:/home/utec/humanoid_ws/install/unitree_api:/home/utec/humanoid_ws/install/h1_2_description PYTHONPATH=/home/utec/humanoid_ws/build/pycodes_h1/prefix_override:/usr/lib/python3/dist-packages/colcon_core/task/python/colcon_distutils_commands:/home/utec/humanoid_ws/install/pycodes_h1/lib/python3.10/site-packages:${PYTHONPATH} /usr/bin/python3 -W ignore:setup.py install is deprecated -W ignore:easy_install command is deprecated setup.py egg_info --egg-base ../../build/pycodes_h1 build --build-base /home/utec/humanoid_ws/build/pycodes_h1/build install --record /home/utec/humanoid_ws/build/pycodes_h1/install.log --single-version-externally-managed install_data
