/home/utec/humanoid_ws/install/h1_2_real/lib/python3.10/site-packages/h1_2_real/__init__.py
/home/utec/humanoid_ws/install/h1_2_real/lib/python3.10/site-packages/h1_2_real/test_mandar.py
/home/utec/humanoid_ws/install/h1_2_real/lib/python3.10/site-packages/h1_2_real/test_leer.py
/home/utec/humanoid_ws/install/h1_2_real/lib/python3.10/site-packages/h1_2_real/test_mandar_modificado.py
/home/utec/humanoid_ws/install/h1_2_real/lib/python3.10/site-packages/h1_2_real/__pycache__/__init__.cpython-310.pyc
/home/utec/humanoid_ws/install/h1_2_real/lib/python3.10/site-packages/h1_2_real/__pycache__/test_mandar.cpython-310.pyc
/home/utec/humanoid_ws/install/h1_2_real/lib/python3.10/site-packages/h1_2_real/__pycache__/test_leer.cpython-310.pyc
/home/utec/humanoid_ws/install/h1_2_real/lib/python3.10/site-packages/h1_2_real/__pycache__/test_mandar_modificado.cpython-310.pyc
/home/utec/humanoid_ws/install/h1_2_real/share/ament_index/resource_index/packages/h1_2_real
/home/utec/humanoid_ws/install/h1_2_real/share/h1_2_real/package.xml
/home/utec/humanoid_ws/install/h1_2_real/lib/python3.10/site-packages/h1_2_real-0.0.0-py3.10.egg-info/top_level.txt
/home/utec/humanoid_ws/install/h1_2_real/lib/python3.10/site-packages/h1_2_real-0.0.0-py3.10.egg-info/entry_points.txt
/home/utec/humanoid_ws/install/h1_2_real/lib/python3.10/site-packages/h1_2_real-0.0.0-py3.10.egg-info/PKG-INFO
/home/utec/humanoid_ws/install/h1_2_real/lib/python3.10/site-packages/h1_2_real-0.0.0-py3.10.egg-info/zip-safe
/home/utec/humanoid_ws/install/h1_2_real/lib/python3.10/site-packages/h1_2_real-0.0.0-py3.10.egg-info/requires.txt
/home/utec/humanoid_ws/install/h1_2_real/lib/python3.10/site-packages/h1_2_real-0.0.0-py3.10.egg-info/dependency_links.txt
/home/utec/humanoid_ws/install/h1_2_real/lib/python3.10/site-packages/h1_2_real-0.0.0-py3.10.egg-info/SOURCES.txt
/home/utec/humanoid_ws/install/h1_2_real/lib/h1_2_real/test_leer
/home/utec/humanoid_ws/install/h1_2_real/lib/h1_2_real/test_mandar
/home/utec/humanoid_ws/install/h1_2_real/lib/h1_2_real/test_mandar_modificado
