[2.176s] Invoking command in '/home/utec/humanoid_ws/src/h1_2_algoritms': PS1=\[\e]0;\u@\h: \w\a\]${debian_chroot:+($debian_chroot)}\[\033[01;32m\]\u@\h\[\033[00m\]:\[\033[01;34m\]\w\[\033[00m\]\$ PYTHONPATH=/home/utec/humanoid_ws/build/h1_2_algoritms/prefix_override:/usr/lib/python3/dist-packages/colcon_core/task/python/colcon_distutils_commands:/home/utec/humanoid_ws/install/h1_2_algoritms/lib/python3.10/site-packages:${PYTHONPATH} /usr/bin/python3 -W ignore:setup.py install is deprecated -W ignore:easy_install command is deprecated setup.py egg_info --egg-base ../../build/h1_2_algoritms build --build-base /home/utec/humanoid_ws/build/h1_2_algoritms/build install --record /home/utec/humanoid_ws/build/h1_2_algoritms/install.log --single-version-externally-managed install_data
[2.770s] running egg_info
[2.771s] writing ../../build/h1_2_algoritms/h1_2_algoritms.egg-info/PKG-INFO
[2.772s] writing dependency_links to ../../build/h1_2_algoritms/h1_2_algoritms.egg-info/dependency_links.txt
[2.772s] writing entry points to ../../build/h1_2_algoritms/h1_2_algoritms.egg-info/entry_points.txt
[2.772s] writing requirements to ../../build/h1_2_algoritms/h1_2_algoritms.egg-info/requires.txt
[2.773s] writing top-level names to ../../build/h1_2_algoritms/h1_2_algoritms.egg-info/top_level.txt
[2.777s] reading manifest file '../../build/h1_2_algoritms/h1_2_algoritms.egg-info/SOURCES.txt'
[2.780s] writing manifest file '../../build/h1_2_algoritms/h1_2_algoritms.egg-info/SOURCES.txt'
[2.780s] running build
[2.781s] running build_py
[2.782s] running install
[2.783s] running install_lib
[2.787s] running install_data
[2.788s] running install_egg_info
[2.791s] removing '/home/utec/humanoid_ws/install/h1_2_algoritms/lib/python3.10/site-packages/h1_2_algoritms-0.0.0-py3.10.egg-info' (and everything under it)
[2.792s] Copying ../../build/h1_2_algoritms/h1_2_algoritms.egg-info to /home/utec/humanoid_ws/install/h1_2_algoritms/lib/python3.10/site-packages/h1_2_algoritms-0.0.0-py3.10.egg-info
[2.793s] running install_scripts
[2.841s] Installing QP_whole_body script to /home/utec/humanoid_ws/install/h1_2_algoritms/lib/h1_2_algoritms
[2.841s] Installing fk_whole_body_h1_2 script to /home/utec/humanoid_ws/install/h1_2_algoritms/lib/h1_2_algoritms
[2.841s] Installing ik_whole_body_h1_2 script to /home/utec/humanoid_ws/install/h1_2_algoritms/lib/h1_2_algoritms
[2.841s] Installing kine_control_whole_body script to /home/utec/humanoid_ws/install/h1_2_algoritms/lib/h1_2_algoritms
[2.841s] Installing null_control_whole_body script to /home/utec/humanoid_ws/install/h1_2_algoritms/lib/h1_2_algoritms
[2.842s] Installing telekeyop_whole_body script to /home/utec/humanoid_ws/install/h1_2_algoritms/lib/h1_2_algoritms
[2.846s] writing list of installed files to '/home/utec/humanoid_ws/build/h1_2_algoritms/install.log'
[2.966s] Invoked command in '/home/utec/humanoid_ws/src/h1_2_algoritms' returned '0': PS1=\[\e]0;\u@\h: \w\a\]${debian_chroot:+($debian_chroot)}\[\033[01;32m\]\u@\h\[\033[00m\]:\[\033[01;34m\]\w\[\033[00m\]\$ PYTHONPATH=/home/utec/humanoid_ws/build/h1_2_algoritms/prefix_override:/usr/lib/python3/dist-packages/colcon_core/task/python/colcon_distutils_commands:/home/utec/humanoid_ws/install/h1_2_algoritms/lib/python3.10/site-packages:${PYTHONPATH} /usr/bin/python3 -W ignore:setup.py install is deprecated -W ignore:easy_install command is deprecated setup.py egg_info --egg-base ../../build/h1_2_algoritms build --build-base /home/utec/humanoid_ws/build/h1_2_algoritms/build install --record /home/utec/humanoid_ws/build/h1_2_algoritms/install.log --single-version-externally-managed install_data
