running egg_info
writing ../../build/h1_2_real/h1_2_real.egg-info/PKG-INFO
writing dependency_links to ../../build/h1_2_real/h1_2_real.egg-info/dependency_links.txt
writing entry points to ../../build/h1_2_real/h1_2_real.egg-info/entry_points.txt
writing requirements to ../../build/h1_2_real/h1_2_real.egg-info/requires.txt
writing top-level names to ../../build/h1_2_real/h1_2_real.egg-info/top_level.txt
reading manifest file '../../build/h1_2_real/h1_2_real.egg-info/SOURCES.txt'
writing manifest file '../../build/h1_2_real/h1_2_real.egg-info/SOURCES.txt'
running build
running build_py
copying h1_2_real/test_mandar.py -> /home/utec/humanoid_ws/build/h1_2_real/build/lib/h1_2_real
copying h1_2_real/test_leer.py -> /home/utec/humanoid_ws/build/h1_2_real/build/lib/h1_2_real
running install
running install_lib
copying /home/utec/humanoid_ws/build/h1_2_real/build/lib/h1_2_real/test_mandar.py -> /home/utec/humanoid_ws/install/h1_2_real/lib/python3.10/site-packages/h1_2_real
copying /home/utec/humanoid_ws/build/h1_2_real/build/lib/h1_2_real/test_leer.py -> /home/utec/humanoid_ws/install/h1_2_real/lib/python3.10/site-packages/h1_2_real
byte-compiling /home/utec/humanoid_ws/install/h1_2_real/lib/python3.10/site-packages/h1_2_real/test_mandar.py to test_mandar.cpython-310.pyc
byte-compiling /home/utec/humanoid_ws/install/h1_2_real/lib/python3.10/site-packages/h1_2_real/test_leer.py to test_leer.cpython-310.pyc
running install_data
running install_egg_info
removing '/home/utec/humanoid_ws/install/h1_2_real/lib/python3.10/site-packages/h1_2_real-0.0.0-py3.10.egg-info' (and everything under it)
Copying ../../build/h1_2_real/h1_2_real.egg-info to /home/utec/humanoid_ws/install/h1_2_real/lib/python3.10/site-packages/h1_2_real-0.0.0-py3.10.egg-info
running install_scripts
Installing test_leer script to /home/utec/humanoid_ws/install/h1_2_real/lib/h1_2_real
Installing test_mandar script to /home/utec/humanoid_ws/install/h1_2_real/lib/h1_2_real
writing list of installed files to '/home/utec/humanoid_ws/build/h1_2_real/install.log'
