[1.994s] Invoking command in '/home/utec/humanoid_ws/src/h1_2_real': PYTHONPATH=/home/utec/humanoid_ws/build/h1_2_real/prefix_override:/usr/lib/python3/dist-packages/colcon_core/task/python/colcon_distutils_commands:/home/utec/humanoid_ws/install/h1_2_real/lib/python3.10/site-packages:${PYTHONPATH} /usr/bin/python3 -W ignore:setup.py install is deprecated -W ignore:easy_install command is deprecated setup.py egg_info --egg-base ../../build/h1_2_real build --build-base /home/utec/humanoid_ws/build/h1_2_real/build install --record /home/utec/humanoid_ws/build/h1_2_real/install.log --single-version-externally-managed install_data
[2.563s] running egg_info
[2.564s] writing ../../build/h1_2_real/h1_2_real.egg-info/PKG-INFO
[2.565s] writing dependency_links to ../../build/h1_2_real/h1_2_real.egg-info/dependency_links.txt
[2.565s] writing entry points to ../../build/h1_2_real/h1_2_real.egg-info/entry_points.txt
[2.566s] writing requirements to ../../build/h1_2_real/h1_2_real.egg-info/requires.txt
[2.566s] writing top-level names to ../../build/h1_2_real/h1_2_real.egg-info/top_level.txt
[2.570s] reading manifest file '../../build/h1_2_real/h1_2_real.egg-info/SOURCES.txt'
[2.571s] writing manifest file '../../build/h1_2_real/h1_2_real.egg-info/SOURCES.txt'
[2.571s] running build
[2.571s] running build_py
[2.572s] copying h1_2_real/test_mandar.py -> /home/utec/humanoid_ws/build/h1_2_real/build/lib/h1_2_real
[2.572s] copying h1_2_real/test_leer.py -> /home/utec/humanoid_ws/build/h1_2_real/build/lib/h1_2_real
[2.576s] running install
[2.576s] running install_lib
[2.576s] copying /home/utec/humanoid_ws/build/h1_2_real/build/lib/h1_2_real/test_mandar.py -> /home/utec/humanoid_ws/install/h1_2_real/lib/python3.10/site-packages/h1_2_real
[2.576s] copying /home/utec/humanoid_ws/build/h1_2_real/build/lib/h1_2_real/test_leer.py -> /home/utec/humanoid_ws/install/h1_2_real/lib/python3.10/site-packages/h1_2_real
[2.576s] byte-compiling /home/utec/humanoid_ws/install/h1_2_real/lib/python3.10/site-packages/h1_2_real/test_mandar.py to test_mandar.cpython-310.pyc
[2.579s] byte-compiling /home/utec/humanoid_ws/install/h1_2_real/lib/python3.10/site-packages/h1_2_real/test_leer.py to test_leer.cpython-310.pyc
[2.580s] running install_data
[2.582s] running install_egg_info
[2.585s] removing '/home/utec/humanoid_ws/install/h1_2_real/lib/python3.10/site-packages/h1_2_real-0.0.0-py3.10.egg-info' (and everything under it)
[2.585s] Copying ../../build/h1_2_real/h1_2_real.egg-info to /home/utec/humanoid_ws/install/h1_2_real/lib/python3.10/site-packages/h1_2_real-0.0.0-py3.10.egg-info
[2.592s] running install_scripts
[2.631s] Installing test_leer script to /home/utec/humanoid_ws/install/h1_2_real/lib/h1_2_real
[2.632s] Installing test_mandar script to /home/utec/humanoid_ws/install/h1_2_real/lib/h1_2_real
[2.632s] writing list of installed files to '/home/utec/humanoid_ws/build/h1_2_real/install.log'
[2.681s] Invoked command in '/home/utec/humanoid_ws/src/h1_2_real' returned '0': PYTHONPATH=/home/utec/humanoid_ws/build/h1_2_real/prefix_override:/usr/lib/python3/dist-packages/colcon_core/task/python/colcon_distutils_commands:/home/utec/humanoid_ws/install/h1_2_real/lib/python3.10/site-packages:${PYTHONPATH} /usr/bin/python3 -W ignore:setup.py install is deprecated -W ignore:easy_install command is deprecated setup.py egg_info --egg-base ../../build/h1_2_real build --build-base /home/utec/humanoid_ws/build/h1_2_real/build install --record /home/utec/humanoid_ws/build/h1_2_real/install.log --single-version-externally-managed install_data
