[0.017s] Invoking command in '/home/utec/humanoid_ws/build/unitree_go': CMAKE_PREFIX_PATH=${CMAKE_PREFIX_PATH}:/home/utec/humanoid_ws/install/pycodes_h1:/home/utec/humanoid_ws/install/h1_2_model:/opt/ros/humble /usr/bin/cmake --build /home/utec/humanoid_ws/build/unitree_go -- -j8 -l8
[0.050s] -- Found ament_cmake: 1.3.13 (/opt/ros/humble/share/ament_cmake/cmake)
[0.187s] -- Found geometry_msgs: 4.9.1 (/opt/ros/humble/share/geometry_msgs/cmake)
[0.220s] -- Found rosidl_generator_c: 3.1.8 (/opt/ros/humble/share/rosidl_generator_c/cmake)
[0.223s] -- Found rosidl_adapter: 3.1.8 (/opt/ros/humble/share/rosidl_adapter/cmake)
[0.231s] -- Found rosidl_generator_cpp: 3.1.8 (/opt/ros/humble/share/rosidl_generator_cpp/cmake)
[0.242s] -- Using all available rosidl_typesupport_c: rosidl_typesupport_fastrtps_c;rosidl_typesupport_introspection_c
[0.261s] -- Using all available rosidl_typesupport_cpp: rosidl_typesupport_fastrtps_cpp;rosidl_typesupport_introspection_cpp
[0.299s] -- Found rosidl_default_generators: 1.2.0 (/opt/ros/humble/share/rosidl_default_generators/cmake)
[0.306s] -- Found rosidl_generator_dds_idl: 0.8.1 (/opt/ros/humble/share/rosidl_generator_dds_idl/cmake)
[0.736s] -- Found ament_cmake_ros: 0.10.0 (/opt/ros/humble/share/ament_cmake_ros/cmake)
[1.285s] -- Using all available rosidl_typesupport_c: rosidl_typesupport_fastrtps_c;rosidl_typesupport_introspection_c
[1.461s] -- Using all available rosidl_typesupport_cpp: rosidl_typesupport_fastrtps_cpp;rosidl_typesupport_introspection_cpp
[1.487s] -- Found python_cmake_module: 0.10.0 (/opt/ros/humble/share/python_cmake_module/cmake)
[1.513s] -- Using PYTHON_EXECUTABLE: /usr/bin/python3
[1.513s] -- Using PYTHON_INCLUDE_DIRS: /usr/include/python3.10
[1.513s] -- Using PYTHON_LIBRARIES: /usr/lib/x86_64-linux-gnu/libpython3.10.so
[1.625s] -- Found ament_lint_auto: 0.12.15 (/opt/ros/humble/share/ament_lint_auto/cmake)
[1.645s] -- Added test 'copyright' to check source files copyright and LICENSE
[1.647s] -- Added test 'lint_cmake' to check CMake code style
[1.650s] -- Added test 'xmllint' to check XML markup files
[1.671s] -- Configuring done
[1.984s] -- Generating done
[2.045s] -- Build files have been written to: /home/utec/humanoid_ws/build/unitree_go
[2.204s] [35m[1mConsolidate compiler generated dependencies of target unitree_go__rosidl_generator_c[0m
[2.223s] [  0%] Built target unitree_go__dds_connext_idl
[2.275s] [  1%] [32m[1mLinking C shared library libunitree_go__rosidl_generator_c.so[0m
[2.279s] [  1%] Built target unitree_go__cpp
[2.339s] [  1%] Built target ament_cmake_python_copy_unitree_go
[2.383s] [35m[1mConsolidate compiler generated dependencies of target unitree_go__rosidl_typesupport_cpp[0m
[2.408s] [35m[1mConsolidate compiler generated dependencies of target unitree_go__rosidl_typesupport_fastrtps_cpp[0m
[2.425s] [35m[1mConsolidate compiler generated dependencies of target unitree_go__rosidl_typesupport_introspection_cpp[0m
[2.512s] [ 12%] Built target unitree_go__rosidl_generator_c
[2.542s] [ 13%] [32m[1mLinking CXX shared library libunitree_go__rosidl_typesupport_cpp.so[0m
[2.616s] [ 13%] [32mBuilding CXX object CMakeFiles/unitree_go__rosidl_typesupport_fastrtps_cpp.dir/rosidl_typesupport_fastrtps_cpp/unitree_go/msg/detail/dds_fastrtps/audio_data__type_support.cpp.o[0m
[2.625s] [ 14%] [32mBuilding CXX object CMakeFiles/unitree_go__rosidl_typesupport_fastrtps_cpp.dir/rosidl_typesupport_fastrtps_cpp/unitree_go/msg/detail/dds_fastrtps/bms_cmd__type_support.cpp.o[0m
[2.638s] [35m[1mConsolidate compiler generated dependencies of target unitree_go__rosidl_typesupport_introspection_c[0m
[2.646s] [35m[1mConsolidate compiler generated dependencies of target unitree_go__rosidl_typesupport_fastrtps_c[0m
[2.675s] [ 15%] [32m[1mLinking CXX shared library libunitree_go__rosidl_typesupport_introspection_cpp.so[0m
[2.676s] [35m[1mConsolidate compiler generated dependencies of target unitree_go__rosidl_typesupport_c[0m
[2.729s] [ 16%] [32m[1mLinking C shared library libunitree_go__rosidl_typesupport_introspection_c.so[0m
[2.786s] [ 17%] [32m[1mLinking CXX shared library libunitree_go__rosidl_typesupport_c.so[0m
[2.829s] [ 17%] [32mBuilding CXX object CMakeFiles/unitree_go__rosidl_typesupport_fastrtps_c.dir/rosidl_typesupport_fastrtps_c/unitree_go/msg/detail/audio_data__type_support_c.cpp.o[0m
[2.889s] [ 29%] Built target unitree_go__rosidl_typesupport_cpp
[2.949s] [ 30%] [32mBuilding CXX object CMakeFiles/unitree_go__rosidl_typesupport_fastrtps_c.dir/rosidl_typesupport_fastrtps_c/unitree_go/msg/detail/bms_cmd__type_support_c.cpp.o[0m
[3.012s] [ 41%] Built target unitree_go__rosidl_typesupport_introspection_c
[3.104s] [ 41%] [32mBuilding CXX object CMakeFiles/unitree_go__rosidl_typesupport_fastrtps_c.dir/rosidl_typesupport_fastrtps_c/unitree_go/msg/detail/bms_state__type_support_c.cpp.o[0m
[3.185s] [ 52%] Built target unitree_go__rosidl_typesupport_c
[3.201s] [ 53%] [32mBuilding CXX object CMakeFiles/unitree_go__rosidl_typesupport_fastrtps_c.dir/rosidl_typesupport_fastrtps_c/unitree_go/msg/detail/error__type_support_c.cpp.o[0m
[3.604s] [ 65%] Built target unitree_go__rosidl_typesupport_introspection_cpp
[3.663s] [ 65%] [32mBuilding CXX object CMakeFiles/unitree_go__rosidl_typesupport_fastrtps_c.dir/rosidl_typesupport_fastrtps_c/unitree_go/msg/detail/go2_front_video_data__type_support_c.cpp.o[0m
[4.212s] [ 65%] [32mBuilding CXX object CMakeFiles/unitree_go__rosidl_typesupport_fastrtps_cpp.dir/rosidl_typesupport_fastrtps_cpp/unitree_go/msg/detail/dds_fastrtps/bms_state__type_support.cpp.o[0m
[4.661s] [ 66%] [32mBuilding CXX object CMakeFiles/unitree_go__rosidl_typesupport_fastrtps_c.dir/rosidl_typesupport_fastrtps_c/unitree_go/msg/detail/height_map__type_support_c.cpp.o[0m
[4.859s] running egg_info
[4.878s] writing unitree_go.egg-info/PKG-INFO
[4.878s] writing dependency_links to unitree_go.egg-info/dependency_links.txt
[4.878s] writing top-level names to unitree_go.egg-info/top_level.txt
[4.909s] reading manifest file 'unitree_go.egg-info/SOURCES.txt'
[4.919s] writing manifest file 'unitree_go.egg-info/SOURCES.txt'
[5.119s] [ 66%] Built target ament_cmake_python_build_unitree_go_egg
[5.149s] [ 66%] [32mBuilding CXX object CMakeFiles/unitree_go__rosidl_typesupport_fastrtps_c.dir/rosidl_typesupport_fastrtps_c/unitree_go/msg/detail/imu_state__type_support_c.cpp.o[0m
[5.359s] [ 67%] [32mBuilding CXX object CMakeFiles/unitree_go__rosidl_typesupport_fastrtps_cpp.dir/rosidl_typesupport_fastrtps_cpp/unitree_go/msg/detail/dds_fastrtps/error__type_support.cpp.o[0m
[5.462s] [ 67%] [32mBuilding CXX object CMakeFiles/unitree_go__rosidl_typesupport_fastrtps_cpp.dir/rosidl_typesupport_fastrtps_cpp/unitree_go/msg/detail/dds_fastrtps/go2_front_video_data__type_support.cpp.o[0m
[5.501s] [ 68%] [32mBuilding CXX object CMakeFiles/unitree_go__rosidl_typesupport_fastrtps_cpp.dir/rosidl_typesupport_fastrtps_cpp/unitree_go/msg/detail/dds_fastrtps/height_map__type_support.cpp.o[0m
[5.636s] [ 69%] [32mBuilding CXX object CMakeFiles/unitree_go__rosidl_typesupport_fastrtps_c.dir/rosidl_typesupport_fastrtps_c/unitree_go/msg/detail/interface_config__type_support_c.cpp.o[0m
[5.908s] [ 69%] [32mBuilding CXX object CMakeFiles/unitree_go__rosidl_typesupport_fastrtps_c.dir/rosidl_typesupport_fastrtps_c/unitree_go/msg/detail/lidar_state__type_support_c.cpp.o[0m
[6.449s] [ 70%] [32mBuilding CXX object CMakeFiles/unitree_go__rosidl_typesupport_fastrtps_c.dir/rosidl_typesupport_fastrtps_c/unitree_go/msg/detail/low_cmd__type_support_c.cpp.o[0m
[6.490s] [ 70%] [32mBuilding CXX object CMakeFiles/unitree_go__rosidl_typesupport_fastrtps_cpp.dir/rosidl_typesupport_fastrtps_cpp/unitree_go/msg/detail/dds_fastrtps/imu_state__type_support.cpp.o[0m
[6.661s] [ 70%] [32mBuilding CXX object CMakeFiles/unitree_go__rosidl_typesupport_fastrtps_c.dir/rosidl_typesupport_fastrtps_c/unitree_go/msg/detail/low_state__type_support_c.cpp.o[0m
[6.924s] [ 71%] [32mBuilding CXX object CMakeFiles/unitree_go__rosidl_typesupport_fastrtps_cpp.dir/rosidl_typesupport_fastrtps_cpp/unitree_go/msg/detail/dds_fastrtps/interface_config__type_support.cpp.o[0m
[7.103s] [ 71%] [32mBuilding CXX object CMakeFiles/unitree_go__rosidl_typesupport_fastrtps_cpp.dir/rosidl_typesupport_fastrtps_cpp/unitree_go/msg/detail/dds_fastrtps/lidar_state__type_support.cpp.o[0m
[7.122s] [ 72%] [32mBuilding CXX object CMakeFiles/unitree_go__rosidl_typesupport_fastrtps_cpp.dir/rosidl_typesupport_fastrtps_cpp/unitree_go/msg/detail/dds_fastrtps/low_cmd__type_support.cpp.o[0m
[7.184s] [ 72%] [32mBuilding CXX object CMakeFiles/unitree_go__rosidl_typesupport_fastrtps_cpp.dir/rosidl_typesupport_fastrtps_cpp/unitree_go/msg/detail/dds_fastrtps/low_state__type_support.cpp.o[0m
[7.463s] [ 73%] [32mBuilding CXX object CMakeFiles/unitree_go__rosidl_typesupport_fastrtps_c.dir/rosidl_typesupport_fastrtps_c/unitree_go/msg/detail/motor_cmd__type_support_c.cpp.o[0m
[7.640s] [ 73%] [32mBuilding CXX object CMakeFiles/unitree_go__rosidl_typesupport_fastrtps_cpp.dir/rosidl_typesupport_fastrtps_cpp/unitree_go/msg/detail/dds_fastrtps/motor_cmd__type_support.cpp.o[0m
[7.759s] [ 74%] [32mBuilding CXX object CMakeFiles/unitree_go__rosidl_typesupport_fastrtps_cpp.dir/rosidl_typesupport_fastrtps_cpp/unitree_go/msg/detail/dds_fastrtps/motor_cmds__type_support.cpp.o[0m
[7.865s] [ 74%] [32mBuilding CXX object CMakeFiles/unitree_go__rosidl_typesupport_fastrtps_c.dir/rosidl_typesupport_fastrtps_c/unitree_go/msg/detail/motor_cmds__type_support_c.cpp.o[0m
[8.096s] [ 74%] [32mBuilding CXX object CMakeFiles/unitree_go__rosidl_typesupport_fastrtps_c.dir/rosidl_typesupport_fastrtps_c/unitree_go/msg/detail/motor_state__type_support_c.cpp.o[0m
[8.171s] [ 74%] [32mBuilding CXX object CMakeFiles/unitree_go__rosidl_typesupport_fastrtps_cpp.dir/rosidl_typesupport_fastrtps_cpp/unitree_go/msg/detail/dds_fastrtps/motor_state__type_support.cpp.o[0m
[8.232s] [ 75%] [32mBuilding CXX object CMakeFiles/unitree_go__rosidl_typesupport_fastrtps_c.dir/rosidl_typesupport_fastrtps_c/unitree_go/msg/detail/motor_states__type_support_c.cpp.o[0m
[8.303s] [ 75%] [32mBuilding CXX object CMakeFiles/unitree_go__rosidl_typesupport_fastrtps_c.dir/rosidl_typesupport_fastrtps_c/unitree_go/msg/detail/path_point__type_support_c.cpp.o[0m
[8.310s] [ 76%] [32mBuilding CXX object CMakeFiles/unitree_go__rosidl_typesupport_fastrtps_cpp.dir/rosidl_typesupport_fastrtps_cpp/unitree_go/msg/detail/dds_fastrtps/motor_states__type_support.cpp.o[0m
[8.401s] [ 77%] [32mBuilding CXX object CMakeFiles/unitree_go__rosidl_typesupport_fastrtps_c.dir/rosidl_typesupport_fastrtps_c/unitree_go/msg/detail/req__type_support_c.cpp.o[0m
[8.574s] [ 77%] [32mBuilding CXX object CMakeFiles/unitree_go__rosidl_typesupport_fastrtps_c.dir/rosidl_typesupport_fastrtps_c/unitree_go/msg/detail/res__type_support_c.cpp.o[0m
[8.890s] [ 78%] [32mBuilding CXX object CMakeFiles/unitree_go__rosidl_typesupport_fastrtps_c.dir/rosidl_typesupport_fastrtps_c/unitree_go/msg/detail/sport_mode_cmd__type_support_c.cpp.o[0m
[8.965s] [ 78%] [32mBuilding CXX object CMakeFiles/unitree_go__rosidl_typesupport_fastrtps_cpp.dir/rosidl_typesupport_fastrtps_cpp/unitree_go/msg/detail/dds_fastrtps/path_point__type_support.cpp.o[0m
[8.985s] [ 78%] [32mBuilding CXX object CMakeFiles/unitree_go__rosidl_typesupport_fastrtps_c.dir/rosidl_typesupport_fastrtps_c/unitree_go/msg/detail/sport_mode_state__type_support_c.cpp.o[0m
[9.059s] [ 79%] [32mBuilding CXX object CMakeFiles/unitree_go__rosidl_typesupport_fastrtps_c.dir/rosidl_typesupport_fastrtps_c/unitree_go/msg/detail/time_spec__type_support_c.cpp.o[0m
[9.159s] [ 79%] [32mBuilding CXX object CMakeFiles/unitree_go__rosidl_typesupport_fastrtps_c.dir/rosidl_typesupport_fastrtps_c/unitree_go/msg/detail/uwb_state__type_support_c.cpp.o[0m
[9.251s] [ 80%] [32mBuilding CXX object CMakeFiles/unitree_go__rosidl_typesupport_fastrtps_cpp.dir/rosidl_typesupport_fastrtps_cpp/unitree_go/msg/detail/dds_fastrtps/req__type_support.cpp.o[0m
[9.300s] [ 81%] [32mBuilding CXX object CMakeFiles/unitree_go__rosidl_typesupport_fastrtps_c.dir/rosidl_typesupport_fastrtps_c/unitree_go/msg/detail/uwb_switch__type_support_c.cpp.o[0m
[9.461s] [ 81%] [32mBuilding CXX object CMakeFiles/unitree_go__rosidl_typesupport_fastrtps_cpp.dir/rosidl_typesupport_fastrtps_cpp/unitree_go/msg/detail/dds_fastrtps/res__type_support.cpp.o[0m
[9.604s] [ 82%] [32mBuilding CXX object CMakeFiles/unitree_go__rosidl_typesupport_fastrtps_cpp.dir/rosidl_typesupport_fastrtps_cpp/unitree_go/msg/detail/dds_fastrtps/sport_mode_cmd__type_support.cpp.o[0m
[9.604s] [ 82%] [32mBuilding CXX object CMakeFiles/unitree_go__rosidl_typesupport_fastrtps_cpp.dir/rosidl_typesupport_fastrtps_cpp/unitree_go/msg/detail/dds_fastrtps/sport_mode_state__type_support.cpp.o[0m
[9.630s] [ 83%] [32mBuilding CXX object CMakeFiles/unitree_go__rosidl_typesupport_fastrtps_cpp.dir/rosidl_typesupport_fastrtps_cpp/unitree_go/msg/detail/dds_fastrtps/time_spec__type_support.cpp.o[0m
[9.746s] [ 83%] [32mBuilding CXX object CMakeFiles/unitree_go__rosidl_typesupport_fastrtps_c.dir/rosidl_typesupport_fastrtps_c/unitree_go/msg/detail/wireless_controller__type_support_c.cpp.o[0m
[9.822s] [ 83%] [32mBuilding CXX object CMakeFiles/unitree_go__rosidl_typesupport_fastrtps_cpp.dir/rosidl_typesupport_fastrtps_cpp/unitree_go/msg/detail/dds_fastrtps/uwb_state__type_support.cpp.o[0m
[10.034s] [ 84%] [32mBuilding CXX object CMakeFiles/unitree_go__rosidl_typesupport_fastrtps_cpp.dir/rosidl_typesupport_fastrtps_cpp/unitree_go/msg/detail/dds_fastrtps/uwb_switch__type_support.cpp.o[0m
[10.040s] [ 84%] [32mBuilding CXX object CMakeFiles/unitree_go__rosidl_typesupport_fastrtps_cpp.dir/rosidl_typesupport_fastrtps_cpp/unitree_go/msg/detail/dds_fastrtps/wireless_controller__type_support.cpp.o[0m
[10.423s] [ 85%] [32m[1mLinking CXX shared library libunitree_go__rosidl_typesupport_fastrtps_c.so[0m
[10.535s] [ 85%] Built target unitree_go__rosidl_typesupport_fastrtps_c
[10.702s] [ 86%] [32m[1mLinking CXX shared library libunitree_go__rosidl_typesupport_fastrtps_cpp.so[0m
[10.791s] [ 87%] Built target unitree_go__rosidl_typesupport_fastrtps_cpp
[10.814s] [ 87%] Built target unitree_go
[10.835s] [ 88%] Built target unitree_go__py
[10.852s] [35m[1mConsolidate compiler generated dependencies of target unitree_go__rosidl_generator_py[0m
[10.887s] [ 89%] [32m[1mLinking C shared library rosidl_generator_py/unitree_go/libunitree_go__rosidl_generator_py.so[0m
[10.939s] [100%] Built target unitree_go__rosidl_generator_py
[10.953s] [35m[1mConsolidate compiler generated dependencies of target unitree_go__rosidl_typesupport_introspection_c__pyext[0m
[10.953s] [35m[1mConsolidate compiler generated dependencies of target unitree_go__rosidl_typesupport_fastrtps_c__pyext[0m
[10.955s] [35m[1mConsolidate compiler generated dependencies of target unitree_go__rosidl_typesupport_c__pyext[0m
[10.971s] [100%] [32mBuilding C object CMakeFiles/unitree_go__rosidl_typesupport_fastrtps_c__pyext.dir/rosidl_generator_py/unitree_go/_unitree_go_s.ep.rosidl_typesupport_fastrtps_c.c.o[0m
[10.973s] [100%] [32mBuilding C object CMakeFiles/unitree_go__rosidl_typesupport_c__pyext.dir/rosidl_generator_py/unitree_go/_unitree_go_s.ep.rosidl_typesupport_c.c.o[0m
[10.975s] [100%] [32mBuilding C object CMakeFiles/unitree_go__rosidl_typesupport_introspection_c__pyext.dir/rosidl_generator_py/unitree_go/_unitree_go_s.ep.rosidl_typesupport_introspection_c.c.o[0m
[11.190s] [100%] [32m[1mLinking C shared library rosidl_generator_py/unitree_go/unitree_go_s__rosidl_typesupport_c.cpython-310-x86_64-linux-gnu.so[0m
[11.236s] [100%] Built target unitree_go__rosidl_typesupport_c__pyext
[11.245s] [100%] [32m[1mLinking C shared library rosidl_generator_py/unitree_go/unitree_go_s__rosidl_typesupport_fastrtps_c.cpython-310-x86_64-linux-gnu.so[0m
[11.245s] [100%] [32m[1mLinking C shared library rosidl_generator_py/unitree_go/unitree_go_s__rosidl_typesupport_introspection_c.cpython-310-x86_64-linux-gnu.so[0m
[11.290s] [100%] Built target unitree_go__rosidl_typesupport_introspection_c__pyext
[11.290s] [100%] Built target unitree_go__rosidl_typesupport_fastrtps_c__pyext
[11.303s] Invoked command in '/home/utec/humanoid_ws/build/unitree_go' returned '0': CMAKE_PREFIX_PATH=${CMAKE_PREFIX_PATH}:/home/utec/humanoid_ws/install/pycodes_h1:/home/utec/humanoid_ws/install/h1_2_model:/opt/ros/humble /usr/bin/cmake --build /home/utec/humanoid_ws/build/unitree_go -- -j8 -l8
[11.304s] Invoking command in '/home/utec/humanoid_ws/build/unitree_go': CMAKE_PREFIX_PATH=${CMAKE_PREFIX_PATH}:/home/utec/humanoid_ws/install/pycodes_h1:/home/utec/humanoid_ws/install/h1_2_model:/opt/ros/humble /usr/bin/cmake --install /home/utec/humanoid_ws/build/unitree_go
[11.312s] -- Install configuration: ""
[11.312s] -- Up-to-date: /home/utec/humanoid_ws/install/unitree_go/share/ament_index/resource_index/rosidl_interfaces/unitree_go
[11.312s] -- Up-to-date: /home/utec/humanoid_ws/install/unitree_go/include/unitree_go/unitree_go
[11.312s] -- Up-to-date: /home/utec/humanoid_ws/install/unitree_go/include/unitree_go/unitree_go/msg
[11.312s] -- Up-to-date: /home/utec/humanoid_ws/install/unitree_go/include/unitree_go/unitree_go/msg/low_cmd.h
[11.312s] -- Up-to-date: /home/utec/humanoid_ws/install/unitree_go/include/unitree_go/unitree_go/msg/bms_cmd.h
[11.312s] -- Up-to-date: /home/utec/humanoid_ws/install/unitree_go/include/unitree_go/unitree_go/msg/time_spec.h
[11.312s] -- Up-to-date: /home/utec/humanoid_ws/install/unitree_go/include/unitree_go/unitree_go/msg/motor_cmd.h
[11.312s] -- Up-to-date: /home/utec/humanoid_ws/install/unitree_go/include/unitree_go/unitree_go/msg/sport_mode_cmd.h
[11.312s] -- Up-to-date: /home/utec/humanoid_ws/install/unitree_go/include/unitree_go/unitree_go/msg/lidar_state.h
[11.312s] -- Up-to-date: /home/utec/humanoid_ws/install/unitree_go/include/unitree_go/unitree_go/msg/audio_data.h
[11.312s] -- Up-to-date: /home/utec/humanoid_ws/install/unitree_go/include/unitree_go/unitree_go/msg/req.h
[11.313s] -- Up-to-date: /home/utec/humanoid_ws/install/unitree_go/include/unitree_go/unitree_go/msg/imu_state.h
[11.313s] -- Up-to-date: /home/utec/humanoid_ws/install/unitree_go/include/unitree_go/unitree_go/msg/detail
[11.313s] -- Up-to-date: /home/utec/humanoid_ws/install/unitree_go/include/unitree_go/unitree_go/msg/detail/motor_cmd__functions.h
[11.313s] -- Up-to-date: /home/utec/humanoid_ws/install/unitree_go/include/unitree_go/unitree_go/msg/detail/go2_front_video_data__struct.h
[11.313s] -- Up-to-date: /home/utec/humanoid_ws/install/unitree_go/include/unitree_go/unitree_go/msg/detail/error__functions.h
[11.313s] -- Up-to-date: /home/utec/humanoid_ws/install/unitree_go/include/unitree_go/unitree_go/msg/detail/bms_state__functions.c
[11.313s] -- Up-to-date: /home/utec/humanoid_ws/install/unitree_go/include/unitree_go/unitree_go/msg/detail/lidar_state__functions.h
[11.313s] -- Up-to-date: /home/utec/humanoid_ws/install/unitree_go/include/unitree_go/unitree_go/msg/detail/lidar_state__type_support.h
[11.313s] -- Up-to-date: /home/utec/humanoid_ws/install/unitree_go/include/unitree_go/unitree_go/msg/detail/req__functions.h
[11.313s] -- Up-to-date: /home/utec/humanoid_ws/install/unitree_go/include/unitree_go/unitree_go/msg/detail/interface_config__type_support.h
[11.313s] -- Up-to-date: /home/utec/humanoid_ws/install/unitree_go/include/unitree_go/unitree_go/msg/detail/imu_state__functions.c
[11.313s] -- Up-to-date: /home/utec/humanoid_ws/install/unitree_go/include/unitree_go/unitree_go/msg/detail/low_cmd__struct.h
[11.313s] -- Up-to-date: /home/utec/humanoid_ws/install/unitree_go/include/unitree_go/unitree_go/msg/detail/res__functions.h
[11.314s] -- Up-to-date: /home/utec/humanoid_ws/install/unitree_go/include/unitree_go/unitree_go/msg/detail/req__functions.c
[11.314s] -- Up-to-date: /home/utec/humanoid_ws/install/unitree_go/include/unitree_go/unitree_go/msg/detail/low_state__type_support.h
[11.314s] -- Up-to-date: /home/utec/humanoid_ws/install/unitree_go/include/unitree_go/unitree_go/msg/detail/wireless_controller__functions.c
[11.314s] -- Up-to-date: /home/utec/humanoid_ws/install/unitree_go/include/unitree_go/unitree_go/msg/detail/height_map__struct.h
[11.314s] -- Up-to-date: /home/utec/humanoid_ws/install/unitree_go/include/unitree_go/unitree_go/msg/detail/go2_front_video_data__functions.c
[11.314s] -- Up-to-date: /home/utec/humanoid_ws/install/unitree_go/include/unitree_go/unitree_go/msg/detail/audio_data__functions.c
[11.314s] -- Up-to-date: /home/utec/humanoid_ws/install/unitree_go/include/unitree_go/unitree_go/msg/detail/time_spec__type_support.h
[11.314s] -- Up-to-date: /home/utec/humanoid_ws/install/unitree_go/include/unitree_go/unitree_go/msg/detail/sport_mode_cmd__functions.h
[11.314s] -- Up-to-date: /home/utec/humanoid_ws/install/unitree_go/include/unitree_go/unitree_go/msg/detail/uwb_switch__functions.h
[11.314s] -- Up-to-date: /home/utec/humanoid_ws/install/unitree_go/include/unitree_go/unitree_go/msg/detail/sport_mode_cmd__type_support.h
[11.314s] -- Up-to-date: /home/utec/humanoid_ws/install/unitree_go/include/unitree_go/unitree_go/msg/detail/height_map__type_support.h
[11.314s] -- Up-to-date: /home/utec/humanoid_ws/install/unitree_go/include/unitree_go/unitree_go/msg/detail/motor_state__type_support.h
[11.314s] -- Up-to-date: /home/utec/humanoid_ws/install/unitree_go/include/unitree_go/unitree_go/msg/detail/uwb_switch__struct.h
[11.314s] -- Up-to-date: /home/utec/humanoid_ws/install/unitree_go/include/unitree_go/unitree_go/msg/detail/imu_state__struct.h
[11.314s] -- Up-to-date: /home/utec/humanoid_ws/install/unitree_go/include/unitree_go/unitree_go/msg/detail/motor_cmd__functions.c
[11.315s] -- Up-to-date: /home/utec/humanoid_ws/install/unitree_go/include/unitree_go/unitree_go/msg/detail/low_state__functions.c
[11.315s] -- Up-to-date: /home/utec/humanoid_ws/install/unitree_go/include/unitree_go/unitree_go/msg/detail/low_state__struct.h
[11.315s] -- Up-to-date: /home/utec/humanoid_ws/install/unitree_go/include/unitree_go/unitree_go/msg/detail/audio_data__type_support.h
[11.315s] -- Up-to-date: /home/utec/humanoid_ws/install/unitree_go/include/unitree_go/unitree_go/msg/detail/uwb_state__functions.h
[11.315s] -- Up-to-date: /home/utec/humanoid_ws/install/unitree_go/include/unitree_go/unitree_go/msg/detail/wireless_controller__struct.h
[11.315s] -- Up-to-date: /home/utec/humanoid_ws/install/unitree_go/include/unitree_go/unitree_go/msg/detail/error__struct.h
[11.315s] -- Up-to-date: /home/utec/humanoid_ws/install/unitree_go/include/unitree_go/unitree_go/msg/detail/motor_state__struct.h
[11.315s] -- Up-to-date: /home/utec/humanoid_ws/install/unitree_go/include/unitree_go/unitree_go/msg/detail/go2_front_video_data__functions.h
[11.315s] -- Up-to-date: /home/utec/humanoid_ws/install/unitree_go/include/unitree_go/unitree_go/msg/detail/sport_mode_state__functions.h
[11.315s] -- Up-to-date: /home/utec/humanoid_ws/install/unitree_go/include/unitree_go/unitree_go/msg/detail/sport_mode_state__functions.c
[11.315s] -- Up-to-date: /home/utec/humanoid_ws/install/unitree_go/include/unitree_go/unitree_go/msg/detail/interface_config__struct.h
[11.315s] -- Up-to-date: /home/utec/humanoid_ws/install/unitree_go/include/unitree_go/unitree_go/msg/detail/motor_states__struct.h
[11.315s] -- Up-to-date: /home/utec/humanoid_ws/install/unitree_go/include/unitree_go/unitree_go/msg/detail/go2_front_video_data__type_support.h
[11.315s] -- Up-to-date: /home/utec/humanoid_ws/install/unitree_go/include/unitree_go/unitree_go/msg/detail/height_map__functions.c
[11.315s] -- Up-to-date: /home/utec/humanoid_ws/install/unitree_go/include/unitree_go/unitree_go/msg/detail/time_spec__functions.h
[11.315s] -- Up-to-date: /home/utec/humanoid_ws/install/unitree_go/include/unitree_go/unitree_go/msg/detail/uwb_switch__functions.c
[11.315s] -- Up-to-date: /home/utec/humanoid_ws/install/unitree_go/include/unitree_go/unitree_go/msg/detail/bms_cmd__struct.h
[11.315s] -- Up-to-date: /home/utec/humanoid_ws/install/unitree_go/include/unitree_go/unitree_go/msg/detail/motor_states__type_support.h
[11.315s] -- Up-to-date: /home/utec/humanoid_ws/install/unitree_go/include/unitree_go/unitree_go/msg/detail/res__type_support.h
[11.316s] -- Up-to-date: /home/utec/humanoid_ws/install/unitree_go/include/unitree_go/unitree_go/msg/detail/bms_cmd__type_support.h
[11.316s] -- Up-to-date: /home/utec/humanoid_ws/install/unitree_go/include/unitree_go/unitree_go/msg/detail/res__struct.h
[11.316s] -- Up-to-date: /home/utec/humanoid_ws/install/unitree_go/include/unitree_go/unitree_go/msg/detail/bms_cmd__functions.c
[11.316s] -- Up-to-date: /home/utec/humanoid_ws/install/unitree_go/include/unitree_go/unitree_go/msg/detail/uwb_state__functions.c
[11.316s] -- Up-to-date: /home/utec/humanoid_ws/install/unitree_go/include/unitree_go/unitree_go/msg/detail/imu_state__type_support.h
[11.316s] -- Up-to-date: /home/utec/humanoid_ws/install/unitree_go/include/unitree_go/unitree_go/msg/detail/interface_config__functions.h
[11.316s] -- Up-to-date: /home/utec/humanoid_ws/install/unitree_go/include/unitree_go/unitree_go/msg/detail/uwb_state__type_support.h
[11.316s] -- Up-to-date: /home/utec/humanoid_ws/install/unitree_go/include/unitree_go/unitree_go/msg/detail/low_state__functions.h
[11.316s] -- Up-to-date: /home/utec/humanoid_ws/install/unitree_go/include/unitree_go/unitree_go/msg/detail/low_cmd__functions.h
[11.316s] -- Up-to-date: /home/utec/humanoid_ws/install/unitree_go/include/unitree_go/unitree_go/msg/detail/req__struct.h
[11.316s] -- Up-to-date: /home/utec/humanoid_ws/install/unitree_go/include/unitree_go/unitree_go/msg/detail/audio_data__functions.h
[11.316s] -- Up-to-date: /home/utec/humanoid_ws/install/unitree_go/include/unitree_go/unitree_go/msg/detail/motor_cmds__functions.h
[11.316s] -- Up-to-date: /home/utec/humanoid_ws/install/unitree_go/include/unitree_go/unitree_go/msg/detail/motor_state__functions.h
[11.316s] -- Up-to-date: /home/utec/humanoid_ws/install/unitree_go/include/unitree_go/unitree_go/msg/detail/uwb_switch__type_support.h
[11.316s] -- Up-to-date: /home/utec/humanoid_ws/install/unitree_go/include/unitree_go/unitree_go/msg/detail/res__functions.c
[11.316s] -- Up-to-date: /home/utec/humanoid_ws/install/unitree_go/include/unitree_go/unitree_go/msg/detail/motor_states__functions.h
[11.316s] -- Up-to-date: /home/utec/humanoid_ws/install/unitree_go/include/unitree_go/unitree_go/msg/detail/low_cmd__type_support.h
[11.317s] -- Up-to-date: /home/utec/humanoid_ws/install/unitree_go/include/unitree_go/unitree_go/msg/detail/time_spec__functions.c
[11.317s] -- Up-to-date: /home/utec/humanoid_ws/install/unitree_go/include/unitree_go/unitree_go/msg/detail/sport_mode_cmd__struct.h
[11.317s] -- Up-to-date: /home/utec/humanoid_ws/install/unitree_go/include/unitree_go/unitree_go/msg/detail/bms_state__functions.h
[11.317s] -- Up-to-date: /home/utec/humanoid_ws/install/unitree_go/include/unitree_go/unitree_go/msg/detail/height_map__functions.h
[11.317s] -- Up-to-date: /home/utec/humanoid_ws/install/unitree_go/include/unitree_go/unitree_go/msg/detail/error__functions.c
[11.317s] -- Up-to-date: /home/utec/humanoid_ws/install/unitree_go/include/unitree_go/unitree_go/msg/detail/motor_cmds__struct.h
[11.317s] -- Up-to-date: /home/utec/humanoid_ws/install/unitree_go/include/unitree_go/unitree_go/msg/detail/motor_cmd__struct.h
[11.317s] -- Up-to-date: /home/utec/humanoid_ws/install/unitree_go/include/unitree_go/unitree_go/msg/detail/bms_state__type_support.h
[11.317s] -- Up-to-date: /home/utec/humanoid_ws/install/unitree_go/include/unitree_go/unitree_go/msg/detail/bms_cmd__functions.h
[11.317s] -- Up-to-date: /home/utec/humanoid_ws/install/unitree_go/include/unitree_go/unitree_go/msg/detail/wireless_controller__type_support.h
[11.317s] -- Up-to-date: /home/utec/humanoid_ws/install/unitree_go/include/unitree_go/unitree_go/msg/detail/error__type_support.h
[11.317s] -- Up-to-date: /home/utec/humanoid_ws/install/unitree_go/include/unitree_go/unitree_go/msg/detail/uwb_state__struct.h
[11.317s] -- Up-to-date: /home/utec/humanoid_ws/install/unitree_go/include/unitree_go/unitree_go/msg/detail/audio_data__struct.h
[11.317s] -- Up-to-date: /home/utec/humanoid_ws/install/unitree_go/include/unitree_go/unitree_go/msg/detail/lidar_state__functions.c
[11.317s] -- Up-to-date: /home/utec/humanoid_ws/install/unitree_go/include/unitree_go/unitree_go/msg/detail/time_spec__struct.h
[11.317s] -- Up-to-date: /home/utec/humanoid_ws/install/unitree_go/include/unitree_go/unitree_go/msg/detail/path_point__struct.h
[11.317s] -- Up-to-date: /home/utec/humanoid_ws/install/unitree_go/include/unitree_go/unitree_go/msg/detail/sport_mode_state__struct.h
[11.317s] -- Up-to-date: /home/utec/humanoid_ws/install/unitree_go/include/unitree_go/unitree_go/msg/detail/wireless_controller__functions.h
[11.317s] -- Up-to-date: /home/utec/humanoid_ws/install/unitree_go/include/unitree_go/unitree_go/msg/detail/motor_cmds__functions.c
[11.318s] -- Up-to-date: /home/utec/humanoid_ws/install/unitree_go/include/unitree_go/unitree_go/msg/detail/low_cmd__functions.c
[11.318s] -- Up-to-date: /home/utec/humanoid_ws/install/unitree_go/include/unitree_go/unitree_go/msg/detail/motor_state__functions.c
[11.318s] -- Up-to-date: /home/utec/humanoid_ws/install/unitree_go/include/unitree_go/unitree_go/msg/detail/req__type_support.h
[11.318s] -- Up-to-date: /home/utec/humanoid_ws/install/unitree_go/include/unitree_go/unitree_go/msg/detail/interface_config__functions.c
[11.318s] -- Up-to-date: /home/utec/humanoid_ws/install/unitree_go/include/unitree_go/unitree_go/msg/detail/path_point__functions.c
[11.318s] -- Up-to-date: /home/utec/humanoid_ws/install/unitree_go/include/unitree_go/unitree_go/msg/detail/motor_cmds__type_support.h
[11.318s] -- Up-to-date: /home/utec/humanoid_ws/install/unitree_go/include/unitree_go/unitree_go/msg/detail/motor_cmd__type_support.h
[11.318s] -- Up-to-date: /home/utec/humanoid_ws/install/unitree_go/include/unitree_go/unitree_go/msg/detail/sport_mode_state__type_support.h
[11.318s] -- Up-to-date: /home/utec/humanoid_ws/install/unitree_go/include/unitree_go/unitree_go/msg/detail/sport_mode_cmd__functions.c
[11.318s] -- Up-to-date: /home/utec/humanoid_ws/install/unitree_go/include/unitree_go/unitree_go/msg/detail/bms_state__struct.h
[11.318s] -- Up-to-date: /home/utec/humanoid_ws/install/unitree_go/include/unitree_go/unitree_go/msg/detail/imu_state__functions.h
[11.318s] -- Up-to-date: /home/utec/humanoid_ws/install/unitree_go/include/unitree_go/unitree_go/msg/detail/path_point__functions.h
[11.318s] -- Up-to-date: /home/utec/humanoid_ws/install/unitree_go/include/unitree_go/unitree_go/msg/detail/motor_states__functions.c
[11.318s] -- Up-to-date: /home/utec/humanoid_ws/install/unitree_go/include/unitree_go/unitree_go/msg/detail/lidar_state__struct.h
[11.318s] -- Up-to-date: /home/utec/humanoid_ws/install/unitree_go/include/unitree_go/unitree_go/msg/detail/path_point__type_support.h
[11.318s] -- Up-to-date: /home/utec/humanoid_ws/install/unitree_go/include/unitree_go/unitree_go/msg/sport_mode_state.h
[11.318s] -- Up-to-date: /home/utec/humanoid_ws/install/unitree_go/include/unitree_go/unitree_go/msg/go2_front_video_data.h
[11.318s] -- Up-to-date: /home/utec/humanoid_ws/install/unitree_go/include/unitree_go/unitree_go/msg/wireless_controller.h
[11.319s] -- Up-to-date: /home/utec/humanoid_ws/install/unitree_go/include/unitree_go/unitree_go/msg/low_state.h
[11.319s] -- Up-to-date: /home/utec/humanoid_ws/install/unitree_go/include/unitree_go/unitree_go/msg/bms_state.h
[11.319s] -- Up-to-date: /home/utec/humanoid_ws/install/unitree_go/include/unitree_go/unitree_go/msg/path_point.h
[11.319s] -- Up-to-date: /home/utec/humanoid_ws/install/unitree_go/include/unitree_go/unitree_go/msg/rosidl_generator_c__visibility_control.h
[11.319s] -- Up-to-date: /home/utec/humanoid_ws/install/unitree_go/include/unitree_go/unitree_go/msg/motor_states.h
[11.319s] -- Up-to-date: /home/utec/humanoid_ws/install/unitree_go/include/unitree_go/unitree_go/msg/error.h
[11.319s] -- Up-to-date: /home/utec/humanoid_ws/install/unitree_go/include/unitree_go/unitree_go/msg/uwb_switch.h
[11.319s] -- Up-to-date: /home/utec/humanoid_ws/install/unitree_go/include/unitree_go/unitree_go/msg/uwb_state.h
[11.319s] -- Up-to-date: /home/utec/humanoid_ws/install/unitree_go/include/unitree_go/unitree_go/msg/res.h
[11.319s] -- Up-to-date: /home/utec/humanoid_ws/install/unitree_go/include/unitree_go/unitree_go/msg/height_map.h
[11.319s] -- Up-to-date: /home/utec/humanoid_ws/install/unitree_go/include/unitree_go/unitree_go/msg/motor_cmds.h
[11.319s] -- Up-to-date: /home/utec/humanoid_ws/install/unitree_go/include/unitree_go/unitree_go/msg/motor_state.h
[11.319s] -- Up-to-date: /home/utec/humanoid_ws/install/unitree_go/include/unitree_go/unitree_go/msg/interface_config.h
[11.320s] -- Installing: /home/utec/humanoid_ws/install/unitree_go/share/unitree_go/environment/library_path.sh
[11.320s] -- Installing: /home/utec/humanoid_ws/install/unitree_go/share/unitree_go/environment/library_path.dsv
[11.320s] -- Installing: /home/utec/humanoid_ws/install/unitree_go/lib/libunitree_go__rosidl_generator_c.so
[11.320s] -- Set runtime path of "/home/utec/humanoid_ws/install/unitree_go/lib/libunitree_go__rosidl_generator_c.so" to ""
[11.320s] -- Up-to-date: /home/utec/humanoid_ws/install/unitree_go/include/unitree_go/unitree_go
[11.320s] -- Up-to-date: /home/utec/humanoid_ws/install/unitree_go/include/unitree_go/unitree_go/msg
[11.320s] -- Up-to-date: /home/utec/humanoid_ws/install/unitree_go/include/unitree_go/unitree_go/msg/rosidl_typesupport_fastrtps_c__visibility_control.h
[11.320s] -- Up-to-date: /home/utec/humanoid_ws/install/unitree_go/include/unitree_go/unitree_go/msg/detail
[11.320s] -- Up-to-date: /home/utec/humanoid_ws/install/unitree_go/include/unitree_go/unitree_go/msg/detail/uwb_switch__rosidl_typesupport_fastrtps_c.h
[11.320s] -- Up-to-date: /home/utec/humanoid_ws/install/unitree_go/include/unitree_go/unitree_go/msg/detail/low_cmd__rosidl_typesupport_fastrtps_c.h
[11.320s] -- Up-to-date: /home/utec/humanoid_ws/install/unitree_go/include/unitree_go/unitree_go/msg/detail/motor_cmd__rosidl_typesupport_fastrtps_c.h
[11.320s] -- Up-to-date: /home/utec/humanoid_ws/install/unitree_go/include/unitree_go/unitree_go/msg/detail/interface_config__rosidl_typesupport_fastrtps_c.h
[11.320s] -- Up-to-date: /home/utec/humanoid_ws/install/unitree_go/include/unitree_go/unitree_go/msg/detail/audio_data__rosidl_typesupport_fastrtps_c.h
[11.320s] -- Up-to-date: /home/utec/humanoid_ws/install/unitree_go/include/unitree_go/unitree_go/msg/detail/res__rosidl_typesupport_fastrtps_c.h
[11.321s] -- Up-to-date: /home/utec/humanoid_ws/install/unitree_go/include/unitree_go/unitree_go/msg/detail/motor_states__rosidl_typesupport_fastrtps_c.h
[11.321s] -- Up-to-date: /home/utec/humanoid_ws/install/unitree_go/include/unitree_go/unitree_go/msg/detail/motor_cmds__rosidl_typesupport_fastrtps_c.h
[11.321s] -- Up-to-date: /home/utec/humanoid_ws/install/unitree_go/include/unitree_go/unitree_go/msg/detail/error__rosidl_typesupport_fastrtps_c.h
[11.321s] -- Up-to-date: /home/utec/humanoid_ws/install/unitree_go/include/unitree_go/unitree_go/msg/detail/time_spec__rosidl_typesupport_fastrtps_c.h
[11.321s] -- Up-to-date: /home/utec/humanoid_ws/install/unitree_go/include/unitree_go/unitree_go/msg/detail/motor_state__rosidl_typesupport_fastrtps_c.h
[11.321s] -- Up-to-date: /home/utec/humanoid_ws/install/unitree_go/include/unitree_go/unitree_go/msg/detail/bms_cmd__rosidl_typesupport_fastrtps_c.h
[11.321s] -- Up-to-date: /home/utec/humanoid_ws/install/unitree_go/include/unitree_go/unitree_go/msg/detail/go2_front_video_data__rosidl_typesupport_fastrtps_c.h
[11.321s] -- Up-to-date: /home/utec/humanoid_ws/install/unitree_go/include/unitree_go/unitree_go/msg/detail/sport_mode_cmd__rosidl_typesupport_fastrtps_c.h
[11.321s] -- Up-to-date: /home/utec/humanoid_ws/install/unitree_go/include/unitree_go/unitree_go/msg/detail/height_map__rosidl_typesupport_fastrtps_c.h
[11.321s] -- Up-to-date: /home/utec/humanoid_ws/install/unitree_go/include/unitree_go/unitree_go/msg/detail/req__rosidl_typesupport_fastrtps_c.h
[11.321s] -- Up-to-date: /home/utec/humanoid_ws/install/unitree_go/include/unitree_go/unitree_go/msg/detail/low_state__rosidl_typesupport_fastrtps_c.h
[11.321s] -- Up-to-date: /home/utec/humanoid_ws/install/unitree_go/include/unitree_go/unitree_go/msg/detail/bms_state__rosidl_typesupport_fastrtps_c.h
[11.321s] -- Up-to-date: /home/utec/humanoid_ws/install/unitree_go/include/unitree_go/unitree_go/msg/detail/lidar_state__rosidl_typesupport_fastrtps_c.h
[11.321s] -- Up-to-date: /home/utec/humanoid_ws/install/unitree_go/include/unitree_go/unitree_go/msg/detail/path_point__rosidl_typesupport_fastrtps_c.h
[11.321s] -- Up-to-date: /home/utec/humanoid_ws/install/unitree_go/include/unitree_go/unitree_go/msg/detail/uwb_state__rosidl_typesupport_fastrtps_c.h
[11.321s] -- Up-to-date: /home/utec/humanoid_ws/install/unitree_go/include/unitree_go/unitree_go/msg/detail/imu_state__rosidl_typesupport_fastrtps_c.h
[11.321s] -- Up-to-date: /home/utec/humanoid_ws/install/unitree_go/include/unitree_go/unitree_go/msg/detail/wireless_controller__rosidl_typesupport_fastrtps_c.h
[11.321s] -- Up-to-date: /home/utec/humanoid_ws/install/unitree_go/include/unitree_go/unitree_go/msg/detail/sport_mode_state__rosidl_typesupport_fastrtps_c.h
[11.322s] -- Installing: /home/utec/humanoid_ws/install/unitree_go/lib/libunitree_go__rosidl_typesupport_fastrtps_c.so
[11.322s] -- Set runtime path of "/home/utec/humanoid_ws/install/unitree_go/lib/libunitree_go__rosidl_typesupport_fastrtps_c.so" to ""
[11.322s] -- Up-to-date: /home/utec/humanoid_ws/install/unitree_go/include/unitree_go/unitree_go
[11.322s] -- Up-to-date: /home/utec/humanoid_ws/install/unitree_go/include/unitree_go/unitree_go/msg
[11.322s] -- Up-to-date: /home/utec/humanoid_ws/install/unitree_go/include/unitree_go/unitree_go/msg/wireless_controller.hpp
[11.322s] -- Up-to-date: /home/utec/humanoid_ws/install/unitree_go/include/unitree_go/unitree_go/msg/sport_mode_state.hpp
[11.322s] -- Up-to-date: /home/utec/humanoid_ws/install/unitree_go/include/unitree_go/unitree_go/msg/height_map.hpp
[11.322s] -- Up-to-date: /home/utec/humanoid_ws/install/unitree_go/include/unitree_go/unitree_go/msg/req.hpp
[11.322s] -- Up-to-date: /home/utec/humanoid_ws/install/unitree_go/include/unitree_go/unitree_go/msg/uwb_state.hpp
[11.322s] -- Up-to-date: /home/utec/humanoid_ws/install/unitree_go/include/unitree_go/unitree_go/msg/motor_cmds.hpp
[11.322s] -- Up-to-date: /home/utec/humanoid_ws/install/unitree_go/include/unitree_go/unitree_go/msg/lidar_state.hpp
[11.322s] -- Up-to-date: /home/utec/humanoid_ws/install/unitree_go/include/unitree_go/unitree_go/msg/detail
[11.322s] -- Up-to-date: /home/utec/humanoid_ws/install/unitree_go/include/unitree_go/unitree_go/msg/detail/req__builder.hpp
[11.322s] -- Up-to-date: /home/utec/humanoid_ws/install/unitree_go/include/unitree_go/unitree_go/msg/detail/path_point__struct.hpp
[11.322s] -- Up-to-date: /home/utec/humanoid_ws/install/unitree_go/include/unitree_go/unitree_go/msg/detail/uwb_state__builder.hpp
[11.323s] -- Up-to-date: /home/utec/humanoid_ws/install/unitree_go/include/unitree_go/unitree_go/msg/detail/path_point__traits.hpp
[11.323s] -- Up-to-date: /home/utec/humanoid_ws/install/unitree_go/include/unitree_go/unitree_go/msg/detail/motor_cmd__type_support.hpp
[11.323s] -- Up-to-date: /home/utec/humanoid_ws/install/unitree_go/include/unitree_go/unitree_go/msg/detail/imu_state__struct.hpp
[11.323s] -- Up-to-date: /home/utec/humanoid_ws/install/unitree_go/include/unitree_go/unitree_go/msg/detail/audio_data__struct.hpp
[11.323s] -- Up-to-date: /home/utec/humanoid_ws/install/unitree_go/include/unitree_go/unitree_go/msg/detail/audio_data__traits.hpp
[11.323s] -- Up-to-date: /home/utec/humanoid_ws/install/unitree_go/include/unitree_go/unitree_go/msg/detail/lidar_state__builder.hpp
[11.323s] -- Up-to-date: /home/utec/humanoid_ws/install/unitree_go/include/unitree_go/unitree_go/msg/detail/motor_cmds__traits.hpp
[11.323s] -- Up-to-date: /home/utec/humanoid_ws/install/unitree_go/include/unitree_go/unitree_go/msg/detail/motor_state__struct.hpp
[11.323s] -- Up-to-date: /home/utec/humanoid_ws/install/unitree_go/include/unitree_go/unitree_go/msg/detail/uwb_state__type_support.hpp
[11.323s] -- Up-to-date: /home/utec/humanoid_ws/install/unitree_go/include/unitree_go/unitree_go/msg/detail/bms_state__type_support.hpp
[11.323s] -- Up-to-date: /home/utec/humanoid_ws/install/unitree_go/include/unitree_go/unitree_go/msg/detail/path_point__type_support.hpp
[11.323s] -- Up-to-date: /home/utec/humanoid_ws/install/unitree_go/include/unitree_go/unitree_go/msg/detail/sport_mode_state__type_support.hpp
[11.324s] -- Up-to-date: /home/utec/humanoid_ws/install/unitree_go/include/unitree_go/unitree_go/msg/detail/motor_states__struct.hpp
[11.324s] -- Up-to-date: /home/utec/humanoid_ws/install/unitree_go/include/unitree_go/unitree_go/msg/detail/bms_cmd__type_support.hpp
[11.324s] -- Up-to-date: /home/utec/humanoid_ws/install/unitree_go/include/unitree_go/unitree_go/msg/detail/lidar_state__struct.hpp
[11.324s] -- Up-to-date: /home/utec/humanoid_ws/install/unitree_go/include/unitree_go/unitree_go/msg/detail/imu_state__builder.hpp
[11.324s] -- Up-to-date: /home/utec/humanoid_ws/install/unitree_go/include/unitree_go/unitree_go/msg/detail/bms_cmd__traits.hpp
[11.324s] -- Up-to-date: /home/utec/humanoid_ws/install/unitree_go/include/unitree_go/unitree_go/msg/detail/motor_cmds__type_support.hpp
[11.324s] -- Up-to-date: /home/utec/humanoid_ws/install/unitree_go/include/unitree_go/unitree_go/msg/detail/sport_mode_state__struct.hpp
[11.324s] -- Up-to-date: /home/utec/humanoid_ws/install/unitree_go/include/unitree_go/unitree_go/msg/detail/motor_states__traits.hpp
[11.324s] -- Up-to-date: /home/utec/humanoid_ws/install/unitree_go/include/unitree_go/unitree_go/msg/detail/uwb_switch__type_support.hpp
[11.324s] -- Up-to-date: /home/utec/humanoid_ws/install/unitree_go/include/unitree_go/unitree_go/msg/detail/low_cmd__builder.hpp
[11.325s] -- Up-to-date: /home/utec/humanoid_ws/install/unitree_go/include/unitree_go/unitree_go/msg/detail/motor_states__builder.hpp
[11.325s] -- Up-to-date: /home/utec/humanoid_ws/install/unitree_go/include/unitree_go/unitree_go/msg/detail/sport_mode_cmd__struct.hpp
[11.325s] -- Up-to-date: /home/utec/humanoid_ws/install/unitree_go/include/unitree_go/unitree_go/msg/detail/wireless_controller__struct.hpp
[11.325s] -- Up-to-date: /home/utec/humanoid_ws/install/unitree_go/include/unitree_go/unitree_go/msg/detail/low_state__builder.hpp
[11.325s] -- Up-to-date: /home/utec/humanoid_ws/install/unitree_go/include/unitree_go/unitree_go/msg/detail/go2_front_video_data__builder.hpp
[11.325s] -- Up-to-date: /home/utec/humanoid_ws/install/unitree_go/include/unitree_go/unitree_go/msg/detail/height_map__traits.hpp
[11.325s] -- Up-to-date: /home/utec/humanoid_ws/install/unitree_go/include/unitree_go/unitree_go/msg/detail/motor_states__type_support.hpp
[11.325s] -- Up-to-date: /home/utec/humanoid_ws/install/unitree_go/include/unitree_go/unitree_go/msg/detail/uwb_switch__traits.hpp
[11.325s] -- Up-to-date: /home/utec/humanoid_ws/install/unitree_go/include/unitree_go/unitree_go/msg/detail/uwb_switch__struct.hpp
[11.325s] -- Up-to-date: /home/utec/humanoid_ws/install/unitree_go/include/unitree_go/unitree_go/msg/detail/interface_config__type_support.hpp
[11.325s] -- Up-to-date: /home/utec/humanoid_ws/install/unitree_go/include/unitree_go/unitree_go/msg/detail/height_map__builder.hpp
[11.325s] -- Up-to-date: /home/utec/humanoid_ws/install/unitree_go/include/unitree_go/unitree_go/msg/detail/uwb_state__traits.hpp
[11.326s] -- Up-to-date: /home/utec/humanoid_ws/install/unitree_go/include/unitree_go/unitree_go/msg/detail/low_cmd__type_support.hpp
[11.326s] -- Up-to-date: /home/utec/humanoid_ws/install/unitree_go/include/unitree_go/unitree_go/msg/detail/motor_state__builder.hpp
[11.326s] -- Up-to-date: /home/utec/humanoid_ws/install/unitree_go/include/unitree_go/unitree_go/msg/detail/motor_cmd__builder.hpp
[11.326s] -- Up-to-date: /home/utec/humanoid_ws/install/unitree_go/include/unitree_go/unitree_go/msg/detail/res__builder.hpp
[11.326s] -- Up-to-date: /home/utec/humanoid_ws/install/unitree_go/include/unitree_go/unitree_go/msg/detail/bms_state__builder.hpp
[11.326s] -- Up-to-date: /home/utec/humanoid_ws/install/unitree_go/include/unitree_go/unitree_go/msg/detail/interface_config__traits.hpp
[11.326s] -- Up-to-date: /home/utec/humanoid_ws/install/unitree_go/include/unitree_go/unitree_go/msg/detail/uwb_state__struct.hpp
[11.326s] -- Up-to-date: /home/utec/humanoid_ws/install/unitree_go/include/unitree_go/unitree_go/msg/detail/imu_state__traits.hpp
[11.326s] -- Up-to-date: /home/utec/humanoid_ws/install/unitree_go/include/unitree_go/unitree_go/msg/detail/bms_cmd__builder.hpp
[11.327s] -- Up-to-date: /home/utec/humanoid_ws/install/unitree_go/include/unitree_go/unitree_go/msg/detail/res__type_support.hpp
[11.327s] -- Up-to-date: /home/utec/humanoid_ws/install/unitree_go/include/unitree_go/unitree_go/msg/detail/error__struct.hpp
[11.327s] -- Up-to-date: /home/utec/humanoid_ws/install/unitree_go/include/unitree_go/unitree_go/msg/detail/sport_mode_state__traits.hpp
[11.327s] -- Up-to-date: /home/utec/humanoid_ws/install/unitree_go/include/unitree_go/unitree_go/msg/detail/low_state__struct.hpp
[11.327s] -- Up-to-date: /home/utec/humanoid_ws/install/unitree_go/include/unitree_go/unitree_go/msg/detail/wireless_controller__type_support.hpp
[11.327s] -- Up-to-date: /home/utec/humanoid_ws/install/unitree_go/include/unitree_go/unitree_go/msg/detail/lidar_state__type_support.hpp
[11.327s] -- Up-to-date: /home/utec/humanoid_ws/install/unitree_go/include/unitree_go/unitree_go/msg/detail/low_cmd__struct.hpp
[11.327s] -- Up-to-date: /home/utec/humanoid_ws/install/unitree_go/include/unitree_go/unitree_go/msg/detail/bms_state__traits.hpp
[11.327s] -- Up-to-date: /home/utec/humanoid_ws/install/unitree_go/include/unitree_go/unitree_go/msg/detail/error__builder.hpp
[11.327s] -- Up-to-date: /home/utec/humanoid_ws/install/unitree_go/include/unitree_go/unitree_go/msg/detail/sport_mode_cmd__builder.hpp
[11.327s] -- Up-to-date: /home/utec/humanoid_ws/install/unitree_go/include/unitree_go/unitree_go/msg/detail/error__type_support.hpp
[11.327s] -- Up-to-date: /home/utec/humanoid_ws/install/unitree_go/include/unitree_go/unitree_go/msg/detail/motor_state__type_support.hpp
[11.328s] -- Up-to-date: /home/utec/humanoid_ws/install/unitree_go/include/unitree_go/unitree_go/msg/detail/height_map__type_support.hpp
[11.328s] -- Up-to-date: /home/utec/humanoid_ws/install/unitree_go/include/unitree_go/unitree_go/msg/detail/low_state__type_support.hpp
[11.328s] -- Up-to-date: /home/utec/humanoid_ws/install/unitree_go/include/unitree_go/unitree_go/msg/detail/wireless_controller__builder.hpp
[11.328s] -- Up-to-date: /home/utec/humanoid_ws/install/unitree_go/include/unitree_go/unitree_go/msg/detail/low_state__traits.hpp
[11.328s] -- Up-to-date: /home/utec/humanoid_ws/install/unitree_go/include/unitree_go/unitree_go/msg/detail/motor_state__traits.hpp
[11.328s] -- Up-to-date: /home/utec/humanoid_ws/install/unitree_go/include/unitree_go/unitree_go/msg/detail/path_point__builder.hpp
[11.328s] -- Up-to-date: /home/utec/humanoid_ws/install/unitree_go/include/unitree_go/unitree_go/msg/detail/lidar_state__traits.hpp
[11.328s] -- Up-to-date: /home/utec/humanoid_ws/install/unitree_go/include/unitree_go/unitree_go/msg/detail/interface_config__builder.hpp
[11.328s] -- Up-to-date: /home/utec/humanoid_ws/install/unitree_go/include/unitree_go/unitree_go/msg/detail/res__struct.hpp
[11.328s] -- Up-to-date: /home/utec/humanoid_ws/install/unitree_go/include/unitree_go/unitree_go/msg/detail/time_spec__struct.hpp
[11.328s] -- Up-to-date: /home/utec/humanoid_ws/install/unitree_go/include/unitree_go/unitree_go/msg/detail/audio_data__builder.hpp
[11.328s] -- Up-to-date: /home/utec/humanoid_ws/install/unitree_go/include/unitree_go/unitree_go/msg/detail/go2_front_video_data__type_support.hpp
[11.328s] -- Up-to-date: /home/utec/humanoid_ws/install/unitree_go/include/unitree_go/unitree_go/msg/detail/audio_data__type_support.hpp
[11.328s] -- Up-to-date: /home/utec/humanoid_ws/install/unitree_go/include/unitree_go/unitree_go/msg/detail/height_map__struct.hpp
[11.328s] -- Up-to-date: /home/utec/humanoid_ws/install/unitree_go/include/unitree_go/unitree_go/msg/detail/time_spec__type_support.hpp
[11.328s] -- Up-to-date: /home/utec/humanoid_ws/install/unitree_go/include/unitree_go/unitree_go/msg/detail/sport_mode_cmd__traits.hpp
[11.328s] -- Up-to-date: /home/utec/humanoid_ws/install/unitree_go/include/unitree_go/unitree_go/msg/detail/motor_cmd__struct.hpp
[11.328s] -- Up-to-date: /home/utec/humanoid_ws/install/unitree_go/include/unitree_go/unitree_go/msg/detail/low_cmd__traits.hpp
[11.328s] -- Up-to-date: /home/utec/humanoid_ws/install/unitree_go/include/unitree_go/unitree_go/msg/detail/uwb_switch__builder.hpp
[11.328s] -- Up-to-date: /home/utec/humanoid_ws/install/unitree_go/include/unitree_go/unitree_go/msg/detail/req__type_support.hpp
[11.328s] -- Up-to-date: /home/utec/humanoid_ws/install/unitree_go/include/unitree_go/unitree_go/msg/detail/time_spec__traits.hpp
[11.328s] -- Up-to-date: /home/utec/humanoid_ws/install/unitree_go/include/unitree_go/unitree_go/msg/detail/motor_cmds__builder.hpp
[11.329s] -- Up-to-date: /home/utec/humanoid_ws/install/unitree_go/include/unitree_go/unitree_go/msg/detail/req__traits.hpp
[11.329s] -- Up-to-date: /home/utec/humanoid_ws/install/unitree_go/include/unitree_go/unitree_go/msg/detail/sport_mode_cmd__type_support.hpp
[11.329s] -- Up-to-date: /home/utec/humanoid_ws/install/unitree_go/include/unitree_go/unitree_go/msg/detail/bms_state__struct.hpp
[11.329s] -- Up-to-date: /home/utec/humanoid_ws/install/unitree_go/include/unitree_go/unitree_go/msg/detail/bms_cmd__struct.hpp
[11.329s] -- Up-to-date: /home/utec/humanoid_ws/install/unitree_go/include/unitree_go/unitree_go/msg/detail/req__struct.hpp
[11.329s] -- Up-to-date: /home/utec/humanoid_ws/install/unitree_go/include/unitree_go/unitree_go/msg/detail/wireless_controller__traits.hpp
[11.329s] -- Up-to-date: /home/utec/humanoid_ws/install/unitree_go/include/unitree_go/unitree_go/msg/detail/res__traits.hpp
[11.329s] -- Up-to-date: /home/utec/humanoid_ws/install/unitree_go/include/unitree_go/unitree_go/msg/detail/motor_cmds__struct.hpp
[11.329s] -- Up-to-date: /home/utec/humanoid_ws/install/unitree_go/include/unitree_go/unitree_go/msg/detail/interface_config__struct.hpp
[11.329s] -- Up-to-date: /home/utec/humanoid_ws/install/unitree_go/include/unitree_go/unitree_go/msg/detail/motor_cmd__traits.hpp
[11.329s] -- Up-to-date: /home/utec/humanoid_ws/install/unitree_go/include/unitree_go/unitree_go/msg/detail/imu_state__type_support.hpp
[11.329s] -- Up-to-date: /home/utec/humanoid_ws/install/unitree_go/include/unitree_go/unitree_go/msg/detail/error__traits.hpp
[11.329s] -- Up-to-date: /home/utec/humanoid_ws/install/unitree_go/include/unitree_go/unitree_go/msg/detail/go2_front_video_data__struct.hpp
[11.329s] -- Up-to-date: /home/utec/humanoid_ws/install/unitree_go/include/unitree_go/unitree_go/msg/detail/sport_mode_state__builder.hpp
[11.329s] -- Up-to-date: /home/utec/humanoid_ws/install/unitree_go/include/unitree_go/unitree_go/msg/detail/go2_front_video_data__traits.hpp
[11.329s] -- Up-to-date: /home/utec/humanoid_ws/install/unitree_go/include/unitree_go/unitree_go/msg/detail/time_spec__builder.hpp
[11.329s] -- Up-to-date: /home/utec/humanoid_ws/install/unitree_go/include/unitree_go/unitree_go/msg/motor_state.hpp
[11.329s] -- Up-to-date: /home/utec/humanoid_ws/install/unitree_go/include/unitree_go/unitree_go/msg/sport_mode_cmd.hpp
[11.329s] -- Up-to-date: /home/utec/humanoid_ws/install/unitree_go/include/unitree_go/unitree_go/msg/bms_state.hpp
[11.329s] -- Up-to-date: /home/utec/humanoid_ws/install/unitree_go/include/unitree_go/unitree_go/msg/motor_cmd.hpp
[11.329s] -- Up-to-date: /home/utec/humanoid_ws/install/unitree_go/include/unitree_go/unitree_go/msg/motor_states.hpp
[11.330s] -- Up-to-date: /home/utec/humanoid_ws/install/unitree_go/include/unitree_go/unitree_go/msg/audio_data.hpp
[11.330s] -- Up-to-date: /home/utec/humanoid_ws/install/unitree_go/include/unitree_go/unitree_go/msg/imu_state.hpp
[11.330s] -- Up-to-date: /home/utec/humanoid_ws/install/unitree_go/include/unitree_go/unitree_go/msg/go2_front_video_data.hpp
[11.330s] -- Up-to-date: /home/utec/humanoid_ws/install/unitree_go/include/unitree_go/unitree_go/msg/interface_config.hpp
[11.330s] -- Up-to-date: /home/utec/humanoid_ws/install/unitree_go/include/unitree_go/unitree_go/msg/rosidl_generator_cpp__visibility_control.hpp
[11.330s] -- Up-to-date: /home/utec/humanoid_ws/install/unitree_go/include/unitree_go/unitree_go/msg/low_cmd.hpp
[11.330s] -- Up-to-date: /home/utec/humanoid_ws/install/unitree_go/include/unitree_go/unitree_go/msg/path_point.hpp
[11.330s] -- Up-to-date: /home/utec/humanoid_ws/install/unitree_go/include/unitree_go/unitree_go/msg/error.hpp
[11.330s] -- Up-to-date: /home/utec/humanoid_ws/install/unitree_go/include/unitree_go/unitree_go/msg/low_state.hpp
[11.330s] -- Up-to-date: /home/utec/humanoid_ws/install/unitree_go/include/unitree_go/unitree_go/msg/time_spec.hpp
[11.330s] -- Up-to-date: /home/utec/humanoid_ws/install/unitree_go/include/unitree_go/unitree_go/msg/uwb_switch.hpp
[11.330s] -- Up-to-date: /home/utec/humanoid_ws/install/unitree_go/include/unitree_go/unitree_go/msg/res.hpp
[11.330s] -- Up-to-date: /home/utec/humanoid_ws/install/unitree_go/include/unitree_go/unitree_go/msg/bms_cmd.hpp
[11.330s] -- Up-to-date: /home/utec/humanoid_ws/install/unitree_go/include/unitree_go/unitree_go
[11.330s] -- Up-to-date: /home/utec/humanoid_ws/install/unitree_go/include/unitree_go/unitree_go/msg
[11.330s] -- Up-to-date: /home/utec/humanoid_ws/install/unitree_go/include/unitree_go/unitree_go/msg/detail
[11.330s] -- Up-to-date: /home/utec/humanoid_ws/install/unitree_go/include/unitree_go/unitree_go/msg/detail/lidar_state__rosidl_typesupport_fastrtps_cpp.hpp
[11.330s] -- Up-to-date: /home/utec/humanoid_ws/install/unitree_go/include/unitree_go/unitree_go/msg/detail/motor_cmd__rosidl_typesupport_fastrtps_cpp.hpp
[11.330s] -- Up-to-date: /home/utec/humanoid_ws/install/unitree_go/include/unitree_go/unitree_go/msg/detail/motor_state__rosidl_typesupport_fastrtps_cpp.hpp
[11.330s] -- Up-to-date: /home/utec/humanoid_ws/install/unitree_go/include/unitree_go/unitree_go/msg/detail/height_map__rosidl_typesupport_fastrtps_cpp.hpp
[11.330s] -- Up-to-date: /home/utec/humanoid_ws/install/unitree_go/include/unitree_go/unitree_go/msg/detail/bms_cmd__rosidl_typesupport_fastrtps_cpp.hpp
[11.331s] -- Up-to-date: /home/utec/humanoid_ws/install/unitree_go/include/unitree_go/unitree_go/msg/detail/req__rosidl_typesupport_fastrtps_cpp.hpp
[11.331s] -- Up-to-date: /home/utec/humanoid_ws/install/unitree_go/include/unitree_go/unitree_go/msg/detail/motor_states__rosidl_typesupport_fastrtps_cpp.hpp
[11.331s] -- Up-to-date: /home/utec/humanoid_ws/install/unitree_go/include/unitree_go/unitree_go/msg/detail/uwb_switch__rosidl_typesupport_fastrtps_cpp.hpp
[11.331s] -- Up-to-date: /home/utec/humanoid_ws/install/unitree_go/include/unitree_go/unitree_go/msg/detail/sport_mode_state__rosidl_typesupport_fastrtps_cpp.hpp
[11.331s] -- Up-to-date: /home/utec/humanoid_ws/install/unitree_go/include/unitree_go/unitree_go/msg/detail/path_point__rosidl_typesupport_fastrtps_cpp.hpp
[11.331s] -- Up-to-date: /home/utec/humanoid_ws/install/unitree_go/include/unitree_go/unitree_go/msg/detail/dds_fastrtps
[11.331s] -- Up-to-date: /home/utec/humanoid_ws/install/unitree_go/include/unitree_go/unitree_go/msg/detail/go2_front_video_data__rosidl_typesupport_fastrtps_cpp.hpp
[11.331s] -- Up-to-date: /home/utec/humanoid_ws/install/unitree_go/include/unitree_go/unitree_go/msg/detail/interface_config__rosidl_typesupport_fastrtps_cpp.hpp
[11.331s] -- Up-to-date: /home/utec/humanoid_ws/install/unitree_go/include/unitree_go/unitree_go/msg/detail/wireless_controller__rosidl_typesupport_fastrtps_cpp.hpp
[11.331s] -- Up-to-date: /home/utec/humanoid_ws/install/unitree_go/include/unitree_go/unitree_go/msg/detail/low_cmd__rosidl_typesupport_fastrtps_cpp.hpp
[11.331s] -- Up-to-date: /home/utec/humanoid_ws/install/unitree_go/include/unitree_go/unitree_go/msg/detail/time_spec__rosidl_typesupport_fastrtps_cpp.hpp
[11.331s] -- Up-to-date: /home/utec/humanoid_ws/install/unitree_go/include/unitree_go/unitree_go/msg/detail/bms_state__rosidl_typesupport_fastrtps_cpp.hpp
[11.331s] -- Up-to-date: /home/utec/humanoid_ws/install/unitree_go/include/unitree_go/unitree_go/msg/detail/low_state__rosidl_typesupport_fastrtps_cpp.hpp
[11.331s] -- Up-to-date: /home/utec/humanoid_ws/install/unitree_go/include/unitree_go/unitree_go/msg/detail/uwb_state__rosidl_typesupport_fastrtps_cpp.hpp
[11.331s] -- Up-to-date: /home/utec/humanoid_ws/install/unitree_go/include/unitree_go/unitree_go/msg/detail/imu_state__rosidl_typesupport_fastrtps_cpp.hpp
[11.331s] -- Up-to-date: /home/utec/humanoid_ws/install/unitree_go/include/unitree_go/unitree_go/msg/detail/error__rosidl_typesupport_fastrtps_cpp.hpp
[11.331s] -- Up-to-date: /home/utec/humanoid_ws/install/unitree_go/include/unitree_go/unitree_go/msg/detail/sport_mode_cmd__rosidl_typesupport_fastrtps_cpp.hpp
[11.331s] -- Up-to-date: /home/utec/humanoid_ws/install/unitree_go/include/unitree_go/unitree_go/msg/detail/motor_cmds__rosidl_typesupport_fastrtps_cpp.hpp
[11.331s] -- Up-to-date: /home/utec/humanoid_ws/install/unitree_go/include/unitree_go/unitree_go/msg/detail/audio_data__rosidl_typesupport_fastrtps_cpp.hpp
[11.331s] -- Up-to-date: /home/utec/humanoid_ws/install/unitree_go/include/unitree_go/unitree_go/msg/detail/res__rosidl_typesupport_fastrtps_cpp.hpp
[11.331s] -- Up-to-date: /home/utec/humanoid_ws/install/unitree_go/include/unitree_go/unitree_go/msg/rosidl_typesupport_fastrtps_cpp__visibility_control.h
[11.331s] -- Installing: /home/utec/humanoid_ws/install/unitree_go/lib/libunitree_go__rosidl_typesupport_fastrtps_cpp.so
[11.332s] -- Set runtime path of "/home/utec/humanoid_ws/install/unitree_go/lib/libunitree_go__rosidl_typesupport_fastrtps_cpp.so" to ""
[11.332s] -- Up-to-date: /home/utec/humanoid_ws/install/unitree_go/include/unitree_go/unitree_go
[11.332s] -- Up-to-date: /home/utec/humanoid_ws/install/unitree_go/include/unitree_go/unitree_go/msg
[11.332s] -- Up-to-date: /home/utec/humanoid_ws/install/unitree_go/include/unitree_go/unitree_go/msg/detail
[11.332s] -- Up-to-date: /home/utec/humanoid_ws/install/unitree_go/include/unitree_go/unitree_go/msg/detail/error__type_support.c
[11.332s] -- Up-to-date: /home/utec/humanoid_ws/install/unitree_go/include/unitree_go/unitree_go/msg/detail/audio_data__rosidl_typesupport_introspection_c.h
[11.332s] -- Up-to-date: /home/utec/humanoid_ws/install/unitree_go/include/unitree_go/unitree_go/msg/detail/sport_mode_cmd__rosidl_typesupport_introspection_c.h
[11.332s] -- Up-to-date: /home/utec/humanoid_ws/install/unitree_go/include/unitree_go/unitree_go/msg/detail/motor_states__type_support.c
[11.332s] -- Up-to-date: /home/utec/humanoid_ws/install/unitree_go/include/unitree_go/unitree_go/msg/detail/path_point__rosidl_typesupport_introspection_c.h
[11.332s] -- Up-to-date: /home/utec/humanoid_ws/install/unitree_go/include/unitree_go/unitree_go/msg/detail/req__rosidl_typesupport_introspection_c.h
[11.332s] -- Up-to-date: /home/utec/humanoid_ws/install/unitree_go/include/unitree_go/unitree_go/msg/detail/motor_states__rosidl_typesupport_introspection_c.h
[11.332s] -- Up-to-date: /home/utec/humanoid_ws/install/unitree_go/include/unitree_go/unitree_go/msg/detail/low_cmd__type_support.c
[11.332s] -- Up-to-date: /home/utec/humanoid_ws/install/unitree_go/include/unitree_go/unitree_go/msg/detail/time_spec__rosidl_typesupport_introspection_c.h
[11.332s] -- Up-to-date: /home/utec/humanoid_ws/install/unitree_go/include/unitree_go/unitree_go/msg/detail/uwb_switch__rosidl_typesupport_introspection_c.h
[11.332s] -- Up-to-date: /home/utec/humanoid_ws/install/unitree_go/include/unitree_go/unitree_go/msg/detail/bms_state__rosidl_typesupport_introspection_c.h
[11.332s] -- Up-to-date: /home/utec/humanoid_ws/install/unitree_go/include/unitree_go/unitree_go/msg/detail/motor_cmds__type_support.c
[11.332s] -- Up-to-date: /home/utec/humanoid_ws/install/unitree_go/include/unitree_go/unitree_go/msg/detail/bms_cmd__type_support.c
[11.332s] -- Up-to-date: /home/utec/humanoid_ws/install/unitree_go/include/unitree_go/unitree_go/msg/detail/time_spec__type_support.c
[11.333s] -- Up-to-date: /home/utec/humanoid_ws/install/unitree_go/include/unitree_go/unitree_go/msg/detail/interface_config__rosidl_typesupport_introspection_c.h
[11.333s] -- Up-to-date: /home/utec/humanoid_ws/install/unitree_go/include/unitree_go/unitree_go/msg/detail/uwb_state__rosidl_typesupport_introspection_c.h
[11.333s] -- Up-to-date: /home/utec/humanoid_ws/install/unitree_go/include/unitree_go/unitree_go/msg/detail/motor_cmd__type_support.c
[11.333s] -- Up-to-date: /home/utec/humanoid_ws/install/unitree_go/include/unitree_go/unitree_go/msg/detail/imu_state__rosidl_typesupport_introspection_c.h
[11.333s] -- Up-to-date: /home/utec/humanoid_ws/install/unitree_go/include/unitree_go/unitree_go/msg/detail/audio_data__type_support.c
[11.333s] -- Up-to-date: /home/utec/humanoid_ws/install/unitree_go/include/unitree_go/unitree_go/msg/detail/motor_cmd__rosidl_typesupport_introspection_c.h
[11.333s] -- Up-to-date: /home/utec/humanoid_ws/install/unitree_go/include/unitree_go/unitree_go/msg/detail/low_state__rosidl_typesupport_introspection_c.h
[11.333s] -- Up-to-date: /home/utec/humanoid_ws/install/unitree_go/include/unitree_go/unitree_go/msg/detail/bms_cmd__rosidl_typesupport_introspection_c.h
[11.333s] -- Up-to-date: /home/utec/humanoid_ws/install/unitree_go/include/unitree_go/unitree_go/msg/detail/sport_mode_state__rosidl_typesupport_introspection_c.h
[11.333s] -- Up-to-date: /home/utec/humanoid_ws/install/unitree_go/include/unitree_go/unitree_go/msg/detail/wireless_controller__type_support.c
[11.333s] -- Up-to-date: /home/utec/humanoid_ws/install/unitree_go/include/unitree_go/unitree_go/msg/detail/low_state__type_support.c
[11.333s] -- Up-to-date: /home/utec/humanoid_ws/install/unitree_go/include/unitree_go/unitree_go/msg/detail/path_point__type_support.c
[11.333s] -- Up-to-date: /home/utec/humanoid_ws/install/unitree_go/include/unitree_go/unitree_go/msg/detail/motor_cmds__rosidl_typesupport_introspection_c.h
[11.333s] -- Up-to-date: /home/utec/humanoid_ws/install/unitree_go/include/unitree_go/unitree_go/msg/detail/go2_front_video_data__type_support.c
[11.333s] -- Up-to-date: /home/utec/humanoid_ws/install/unitree_go/include/unitree_go/unitree_go/msg/detail/req__type_support.c
[11.333s] -- Up-to-date: /home/utec/humanoid_ws/install/unitree_go/include/unitree_go/unitree_go/msg/detail/motor_state__type_support.c
[11.333s] -- Up-to-date: /home/utec/humanoid_ws/install/unitree_go/include/unitree_go/unitree_go/msg/detail/bms_state__type_support.c
[11.334s] -- Up-to-date: /home/utec/humanoid_ws/install/unitree_go/include/unitree_go/unitree_go/msg/detail/res__rosidl_typesupport_introspection_c.h
[11.334s] -- Up-to-date: /home/utec/humanoid_ws/install/unitree_go/include/unitree_go/unitree_go/msg/detail/error__rosidl_typesupport_introspection_c.h
[11.334s] -- Up-to-date: /home/utec/humanoid_ws/install/unitree_go/include/unitree_go/unitree_go/msg/detail/sport_mode_cmd__type_support.c
[11.334s] -- Up-to-date: /home/utec/humanoid_ws/install/unitree_go/include/unitree_go/unitree_go/msg/detail/imu_state__type_support.c
[11.334s] -- Up-to-date: /home/utec/humanoid_ws/install/unitree_go/include/unitree_go/unitree_go/msg/detail/go2_front_video_data__rosidl_typesupport_introspection_c.h
[11.334s] -- Up-to-date: /home/utec/humanoid_ws/install/unitree_go/include/unitree_go/unitree_go/msg/detail/interface_config__type_support.c
[11.334s] -- Up-to-date: /home/utec/humanoid_ws/install/unitree_go/include/unitree_go/unitree_go/msg/detail/height_map__rosidl_typesupport_introspection_c.h
[11.334s] -- Up-to-date: /home/utec/humanoid_ws/install/unitree_go/include/unitree_go/unitree_go/msg/detail/uwb_switch__type_support.c
[11.334s] -- Up-to-date: /home/utec/humanoid_ws/install/unitree_go/include/unitree_go/unitree_go/msg/detail/sport_mode_state__type_support.c
[11.334s] -- Up-to-date: /home/utec/humanoid_ws/install/unitree_go/include/unitree_go/unitree_go/msg/detail/lidar_state__type_support.c
[11.334s] -- Up-to-date: /home/utec/humanoid_ws/install/unitree_go/include/unitree_go/unitree_go/msg/detail/motor_state__rosidl_typesupport_introspection_c.h
[11.334s] -- Up-to-date: /home/utec/humanoid_ws/install/unitree_go/include/unitree_go/unitree_go/msg/detail/low_cmd__rosidl_typesupport_introspection_c.h
[11.334s] -- Up-to-date: /home/utec/humanoid_ws/install/unitree_go/include/unitree_go/unitree_go/msg/detail/lidar_state__rosidl_typesupport_introspection_c.h
[11.334s] -- Up-to-date: /home/utec/humanoid_ws/install/unitree_go/include/unitree_go/unitree_go/msg/detail/height_map__type_support.c
[11.334s] -- Up-to-date: /home/utec/humanoid_ws/install/unitree_go/include/unitree_go/unitree_go/msg/detail/res__type_support.c
[11.334s] -- Up-to-date: /home/utec/humanoid_ws/install/unitree_go/include/unitree_go/unitree_go/msg/detail/wireless_controller__rosidl_typesupport_introspection_c.h
[11.334s] -- Up-to-date: /home/utec/humanoid_ws/install/unitree_go/include/unitree_go/unitree_go/msg/detail/uwb_state__type_support.c
[11.334s] -- Up-to-date: /home/utec/humanoid_ws/install/unitree_go/include/unitree_go/unitree_go/msg/rosidl_typesupport_introspection_c__visibility_control.h
[11.335s] -- Installing: /home/utec/humanoid_ws/install/unitree_go/lib/libunitree_go__rosidl_typesupport_introspection_c.so
[11.335s] -- Set runtime path of "/home/utec/humanoid_ws/install/unitree_go/lib/libunitree_go__rosidl_typesupport_introspection_c.so" to ""
[11.335s] -- Installing: /home/utec/humanoid_ws/install/unitree_go/lib/libunitree_go__rosidl_typesupport_c.so
[11.335s] -- Set runtime path of "/home/utec/humanoid_ws/install/unitree_go/lib/libunitree_go__rosidl_typesupport_c.so" to ""
[11.335s] -- Up-to-date: /home/utec/humanoid_ws/install/unitree_go/include/unitree_go/unitree_go
[11.335s] -- Up-to-date: /home/utec/humanoid_ws/install/unitree_go/include/unitree_go/unitree_go/msg
[11.335s] -- Up-to-date: /home/utec/humanoid_ws/install/unitree_go/include/unitree_go/unitree_go/msg/detail
[11.335s] -- Up-to-date: /home/utec/humanoid_ws/install/unitree_go/include/unitree_go/unitree_go/msg/detail/time_spec__rosidl_typesupport_introspection_cpp.hpp
[11.335s] -- Up-to-date: /home/utec/humanoid_ws/install/unitree_go/include/unitree_go/unitree_go/msg/detail/motor_cmds__rosidl_typesupport_introspection_cpp.hpp
[11.335s] -- Up-to-date: /home/utec/humanoid_ws/install/unitree_go/include/unitree_go/unitree_go/msg/detail/go2_front_video_data__type_support.cpp
[11.335s] -- Up-to-date: /home/utec/humanoid_ws/install/unitree_go/include/unitree_go/unitree_go/msg/detail/error__type_support.cpp
[11.335s] -- Up-to-date: /home/utec/humanoid_ws/install/unitree_go/include/unitree_go/unitree_go/msg/detail/imu_state__type_support.cpp
[11.335s] -- Up-to-date: /home/utec/humanoid_ws/install/unitree_go/include/unitree_go/unitree_go/msg/detail/path_point__type_support.cpp
[11.335s] -- Up-to-date: /home/utec/humanoid_ws/install/unitree_go/include/unitree_go/unitree_go/msg/detail/motor_state__type_support.cpp
[11.335s] -- Up-to-date: /home/utec/humanoid_ws/install/unitree_go/include/unitree_go/unitree_go/msg/detail/res__type_support.cpp
[11.335s] -- Up-to-date: /home/utec/humanoid_ws/install/unitree_go/include/unitree_go/unitree_go/msg/detail/req__rosidl_typesupport_introspection_cpp.hpp
[11.336s] -- Up-to-date: /home/utec/humanoid_ws/install/unitree_go/include/unitree_go/unitree_go/msg/detail/motor_cmds__type_support.cpp
[11.336s] -- Up-to-date: /home/utec/humanoid_ws/install/unitree_go/include/unitree_go/unitree_go/msg/detail/uwb_switch__type_support.cpp
[11.336s] -- Up-to-date: /home/utec/humanoid_ws/install/unitree_go/include/unitree_go/unitree_go/msg/detail/motor_state__rosidl_typesupport_introspection_cpp.hpp
[11.336s] -- Up-to-date: /home/utec/humanoid_ws/install/unitree_go/include/unitree_go/unitree_go/msg/detail/motor_states__rosidl_typesupport_introspection_cpp.hpp
[11.336s] -- Up-to-date: /home/utec/humanoid_ws/install/unitree_go/include/unitree_go/unitree_go/msg/detail/path_point__rosidl_typesupport_introspection_cpp.hpp
[11.336s] -- Up-to-date: /home/utec/humanoid_ws/install/unitree_go/include/unitree_go/unitree_go/msg/detail/sport_mode_cmd__type_support.cpp
[11.336s] -- Up-to-date: /home/utec/humanoid_ws/install/unitree_go/include/unitree_go/unitree_go/msg/detail/lidar_state__type_support.cpp
[11.336s] -- Up-to-date: /home/utec/humanoid_ws/install/unitree_go/include/unitree_go/unitree_go/msg/detail/interface_config__rosidl_typesupport_introspection_cpp.hpp
[11.336s] -- Up-to-date: /home/utec/humanoid_ws/install/unitree_go/include/unitree_go/unitree_go/msg/detail/low_cmd__rosidl_typesupport_introspection_cpp.hpp
[11.336s] -- Up-to-date: /home/utec/humanoid_ws/install/unitree_go/include/unitree_go/unitree_go/msg/detail/uwb_switch__rosidl_typesupport_introspection_cpp.hpp
[11.336s] -- Up-to-date: /home/utec/humanoid_ws/install/unitree_go/include/unitree_go/unitree_go/msg/detail/interface_config__type_support.cpp
[11.336s] -- Up-to-date: /home/utec/humanoid_ws/install/unitree_go/include/unitree_go/unitree_go/msg/detail/bms_cmd__type_support.cpp
[11.336s] -- Up-to-date: /home/utec/humanoid_ws/install/unitree_go/include/unitree_go/unitree_go/msg/detail/bms_state__rosidl_typesupport_introspection_cpp.hpp
[11.337s] -- Up-to-date: /home/utec/humanoid_ws/install/unitree_go/include/unitree_go/unitree_go/msg/detail/motor_cmd__rosidl_typesupport_introspection_cpp.hpp
[11.337s] -- Up-to-date: /home/utec/humanoid_ws/install/unitree_go/include/unitree_go/unitree_go/msg/detail/lidar_state__rosidl_typesupport_introspection_cpp.hpp
[11.337s] -- Up-to-date: /home/utec/humanoid_ws/install/unitree_go/include/unitree_go/unitree_go/msg/detail/res__rosidl_typesupport_introspection_cpp.hpp
[11.337s] -- Up-to-date: /home/utec/humanoid_ws/install/unitree_go/include/unitree_go/unitree_go/msg/detail/motor_states__type_support.cpp
[11.337s] -- Up-to-date: /home/utec/humanoid_ws/install/unitree_go/include/unitree_go/unitree_go/msg/detail/go2_front_video_data__rosidl_typesupport_introspection_cpp.hpp
[11.337s] -- Up-to-date: /home/utec/humanoid_ws/install/unitree_go/include/unitree_go/unitree_go/msg/detail/req__type_support.cpp
[11.337s] -- Up-to-date: /home/utec/humanoid_ws/install/unitree_go/include/unitree_go/unitree_go/msg/detail/audio_data__type_support.cpp
[11.337s] -- Up-to-date: /home/utec/humanoid_ws/install/unitree_go/include/unitree_go/unitree_go/msg/detail/sport_mode_state__rosidl_typesupport_introspection_cpp.hpp
[11.337s] -- Up-to-date: /home/utec/humanoid_ws/install/unitree_go/include/unitree_go/unitree_go/msg/detail/height_map__type_support.cpp
[11.337s] -- Up-to-date: /home/utec/humanoid_ws/install/unitree_go/include/unitree_go/unitree_go/msg/detail/sport_mode_state__type_support.cpp
[11.337s] -- Up-to-date: /home/utec/humanoid_ws/install/unitree_go/include/unitree_go/unitree_go/msg/detail/bms_state__type_support.cpp
[11.337s] -- Up-to-date: /home/utec/humanoid_ws/install/unitree_go/include/unitree_go/unitree_go/msg/detail/low_cmd__type_support.cpp
[11.337s] -- Up-to-date: /home/utec/humanoid_ws/install/unitree_go/include/unitree_go/unitree_go/msg/detail/time_spec__type_support.cpp
[11.337s] -- Up-to-date: /home/utec/humanoid_ws/install/unitree_go/include/unitree_go/unitree_go/msg/detail/uwb_state__type_support.cpp
[11.338s] -- Up-to-date: /home/utec/humanoid_ws/install/unitree_go/include/unitree_go/unitree_go/msg/detail/imu_state__rosidl_typesupport_introspection_cpp.hpp
[11.338s] -- Up-to-date: /home/utec/humanoid_ws/install/unitree_go/include/unitree_go/unitree_go/msg/detail/low_state__type_support.cpp
[11.338s] -- Up-to-date: /home/utec/humanoid_ws/install/unitree_go/include/unitree_go/unitree_go/msg/detail/audio_data__rosidl_typesupport_introspection_cpp.hpp
[11.338s] -- Up-to-date: /home/utec/humanoid_ws/install/unitree_go/include/unitree_go/unitree_go/msg/detail/error__rosidl_typesupport_introspection_cpp.hpp
[11.338s] -- Up-to-date: /home/utec/humanoid_ws/install/unitree_go/include/unitree_go/unitree_go/msg/detail/wireless_controller__rosidl_typesupport_introspection_cpp.hpp
[11.338s] -- Up-to-date: /home/utec/humanoid_ws/install/unitree_go/include/unitree_go/unitree_go/msg/detail/wireless_controller__type_support.cpp
[11.338s] -- Up-to-date: /home/utec/humanoid_ws/install/unitree_go/include/unitree_go/unitree_go/msg/detail/sport_mode_cmd__rosidl_typesupport_introspection_cpp.hpp
[11.338s] -- Up-to-date: /home/utec/humanoid_ws/install/unitree_go/include/unitree_go/unitree_go/msg/detail/motor_cmd__type_support.cpp
[11.338s] -- Up-to-date: /home/utec/humanoid_ws/install/unitree_go/include/unitree_go/unitree_go/msg/detail/height_map__rosidl_typesupport_introspection_cpp.hpp
[11.338s] -- Up-to-date: /home/utec/humanoid_ws/install/unitree_go/include/unitree_go/unitree_go/msg/detail/uwb_state__rosidl_typesupport_introspection_cpp.hpp
[11.338s] -- Up-to-date: /home/utec/humanoid_ws/install/unitree_go/include/unitree_go/unitree_go/msg/detail/low_state__rosidl_typesupport_introspection_cpp.hpp
[11.338s] -- Up-to-date: /home/utec/humanoid_ws/install/unitree_go/include/unitree_go/unitree_go/msg/detail/bms_cmd__rosidl_typesupport_introspection_cpp.hpp
[11.338s] -- Installing: /home/utec/humanoid_ws/install/unitree_go/lib/libunitree_go__rosidl_typesupport_introspection_cpp.so
[11.338s] -- Set runtime path of "/home/utec/humanoid_ws/install/unitree_go/lib/libunitree_go__rosidl_typesupport_introspection_cpp.so" to ""
[11.338s] -- Installing: /home/utec/humanoid_ws/install/unitree_go/lib/libunitree_go__rosidl_typesupport_cpp.so
[11.338s] -- Set runtime path of "/home/utec/humanoid_ws/install/unitree_go/lib/libunitree_go__rosidl_typesupport_cpp.so" to ""
[11.338s] -- Up-to-date: /home/utec/humanoid_ws/install/unitree_go/share/unitree_go/environment/pythonpath.sh
[11.338s] -- Installing: /home/utec/humanoid_ws/install/unitree_go/share/unitree_go/environment/pythonpath.dsv
[11.339s] -- Up-to-date: /home/utec/humanoid_ws/install/unitree_go/local/lib/python3.10/dist-packages/unitree_go-0.0.0-py3.10.egg-info
[11.339s] -- Installing: /home/utec/humanoid_ws/install/unitree_go/local/lib/python3.10/dist-packages/unitree_go-0.0.0-py3.10.egg-info/top_level.txt
[11.339s] -- Installing: /home/utec/humanoid_ws/install/unitree_go/local/lib/python3.10/dist-packages/unitree_go-0.0.0-py3.10.egg-info/PKG-INFO
[11.339s] -- Installing: /home/utec/humanoid_ws/install/unitree_go/local/lib/python3.10/dist-packages/unitree_go-0.0.0-py3.10.egg-info/dependency_links.txt
[11.339s] -- Installing: /home/utec/humanoid_ws/install/unitree_go/local/lib/python3.10/dist-packages/unitree_go-0.0.0-py3.10.egg-info/SOURCES.txt
[11.339s] -- Up-to-date: /home/utec/humanoid_ws/install/unitree_go/local/lib/python3.10/dist-packages/unitree_go
[11.339s] -- Installing: /home/utec/humanoid_ws/install/unitree_go/local/lib/python3.10/dist-packages/unitree_go/unitree_go_s__rosidl_typesupport_introspection_c.cpython-310-x86_64-linux-gnu.so
[11.339s] -- Up-to-date: /home/utec/humanoid_ws/install/unitree_go/local/lib/python3.10/dist-packages/unitree_go/_unitree_go_s.ep.rosidl_typesupport_c.c
[11.339s] -- Installing: /home/utec/humanoid_ws/install/unitree_go/local/lib/python3.10/dist-packages/unitree_go/__init__.py
[11.339s] -- Installing: /home/utec/humanoid_ws/install/unitree_go/local/lib/python3.10/dist-packages/unitree_go/unitree_go_s__rosidl_typesupport_fastrtps_c.cpython-310-x86_64-linux-gnu.so
[11.339s] -- Installing: /home/utec/humanoid_ws/install/unitree_go/local/lib/python3.10/dist-packages/unitree_go/libunitree_go__rosidl_generator_py.so
[11.339s] -- Up-to-date: /home/utec/humanoid_ws/install/unitree_go/local/lib/python3.10/dist-packages/unitree_go/_unitree_go_s.ep.rosidl_typesupport_introspection_c.c
[11.340s] -- Up-to-date: /home/utec/humanoid_ws/install/unitree_go/local/lib/python3.10/dist-packages/unitree_go/_unitree_go_s.ep.rosidl_typesupport_fastrtps_c.c
[11.340s] -- Up-to-date: /home/utec/humanoid_ws/install/unitree_go/local/lib/python3.10/dist-packages/unitree_go/msg
[11.340s] -- Up-to-date: /home/utec/humanoid_ws/install/unitree_go/local/lib/python3.10/dist-packages/unitree_go/msg/_imu_state.py
[11.340s] -- Up-to-date: /home/utec/humanoid_ws/install/unitree_go/local/lib/python3.10/dist-packages/unitree_go/msg/_time_spec_s.c
[11.340s] -- Up-to-date: /home/utec/humanoid_ws/install/unitree_go/local/lib/python3.10/dist-packages/unitree_go/msg/_wireless_controller.py
[11.340s] -- Up-to-date: /home/utec/humanoid_ws/install/unitree_go/local/lib/python3.10/dist-packages/unitree_go/msg/_go2_front_video_data.py
[11.340s] -- Up-to-date: /home/utec/humanoid_ws/install/unitree_go/local/lib/python3.10/dist-packages/unitree_go/msg/_sport_mode_cmd.py
[11.340s] -- Up-to-date: /home/utec/humanoid_ws/install/unitree_go/local/lib/python3.10/dist-packages/unitree_go/msg/_error.py
[11.340s] -- Up-to-date: /home/utec/humanoid_ws/install/unitree_go/local/lib/python3.10/dist-packages/unitree_go/msg/_go2_front_video_data_s.c
[11.340s] -- Up-to-date: /home/utec/humanoid_ws/install/unitree_go/local/lib/python3.10/dist-packages/unitree_go/msg/_motor_state.py
[11.340s] -- Up-to-date: /home/utec/humanoid_ws/install/unitree_go/local/lib/python3.10/dist-packages/unitree_go/msg/_low_state_s.c
[11.340s] -- Up-to-date: /home/utec/humanoid_ws/install/unitree_go/local/lib/python3.10/dist-packages/unitree_go/msg/_res_s.c
[11.341s] -- Up-to-date: /home/utec/humanoid_ws/install/unitree_go/local/lib/python3.10/dist-packages/unitree_go/msg/_imu_state_s.c
[11.341s] -- Up-to-date: /home/utec/humanoid_ws/install/unitree_go/local/lib/python3.10/dist-packages/unitree_go/msg/_height_map_s.c
[11.341s] -- Up-to-date: /home/utec/humanoid_ws/install/unitree_go/local/lib/python3.10/dist-packages/unitree_go/msg/_motor_cmd.py
[11.341s] -- Up-to-date: /home/utec/humanoid_ws/install/unitree_go/local/lib/python3.10/dist-packages/unitree_go/msg/_uwb_state_s.c
[11.341s] -- Up-to-date: /home/utec/humanoid_ws/install/unitree_go/local/lib/python3.10/dist-packages/unitree_go/msg/_res.py
[11.341s] -- Up-to-date: /home/utec/humanoid_ws/install/unitree_go/local/lib/python3.10/dist-packages/unitree_go/msg/__init__.py
[11.341s] -- Up-to-date: /home/utec/humanoid_ws/install/unitree_go/local/lib/python3.10/dist-packages/unitree_go/msg/_interface_config.py
[11.341s] -- Up-to-date: /home/utec/humanoid_ws/install/unitree_go/local/lib/python3.10/dist-packages/unitree_go/msg/_low_cmd.py
[11.341s] -- Up-to-date: /home/utec/humanoid_ws/install/unitree_go/local/lib/python3.10/dist-packages/unitree_go/msg/_bms_cmd_s.c
[11.341s] -- Up-to-date: /home/utec/humanoid_ws/install/unitree_go/local/lib/python3.10/dist-packages/unitree_go/msg/_path_point_s.c
[11.341s] -- Up-to-date: /home/utec/humanoid_ws/install/unitree_go/local/lib/python3.10/dist-packages/unitree_go/msg/_audio_data_s.c
[11.341s] -- Up-to-date: /home/utec/humanoid_ws/install/unitree_go/local/lib/python3.10/dist-packages/unitree_go/msg/_motor_state_s.c
[11.341s] -- Up-to-date: /home/utec/humanoid_ws/install/unitree_go/local/lib/python3.10/dist-packages/unitree_go/msg/_interface_config_s.c
[11.342s] -- Up-to-date: /home/utec/humanoid_ws/install/unitree_go/local/lib/python3.10/dist-packages/unitree_go/msg/_uwb_switch_s.c
[11.342s] -- Up-to-date: /home/utec/humanoid_ws/install/unitree_go/local/lib/python3.10/dist-packages/unitree_go/msg/_low_cmd_s.c
[11.342s] -- Up-to-date: /home/utec/humanoid_ws/install/unitree_go/local/lib/python3.10/dist-packages/unitree_go/msg/_uwb_switch.py
[11.342s] -- Up-to-date: /home/utec/humanoid_ws/install/unitree_go/local/lib/python3.10/dist-packages/unitree_go/msg/_low_state.py
[11.342s] -- Up-to-date: /home/utec/humanoid_ws/install/unitree_go/local/lib/python3.10/dist-packages/unitree_go/msg/_sport_mode_state.py
[11.342s] -- Up-to-date: /home/utec/humanoid_ws/install/unitree_go/local/lib/python3.10/dist-packages/unitree_go/msg/_sport_mode_cmd_s.c
[11.342s] -- Up-to-date: /home/utec/humanoid_ws/install/unitree_go/local/lib/python3.10/dist-packages/unitree_go/msg/_bms_state_s.c
[11.342s] -- Up-to-date: /home/utec/humanoid_ws/install/unitree_go/local/lib/python3.10/dist-packages/unitree_go/msg/_req_s.c
[11.342s] -- Up-to-date: /home/utec/humanoid_ws/install/unitree_go/local/lib/python3.10/dist-packages/unitree_go/msg/_height_map.py
[11.342s] -- Up-to-date: /home/utec/humanoid_ws/install/unitree_go/local/lib/python3.10/dist-packages/unitree_go/msg/_motor_states.py
[11.342s] -- Up-to-date: /home/utec/humanoid_ws/install/unitree_go/local/lib/python3.10/dist-packages/unitree_go/msg/_lidar_state_s.c
[11.343s] -- Up-to-date: /home/utec/humanoid_ws/install/unitree_go/local/lib/python3.10/dist-packages/unitree_go/msg/_bms_cmd.py
[11.343s] -- Up-to-date: /home/utec/humanoid_ws/install/unitree_go/local/lib/python3.10/dist-packages/unitree_go/msg/_req.py
[11.343s] -- Up-to-date: /home/utec/humanoid_ws/install/unitree_go/local/lib/python3.10/dist-packages/unitree_go/msg/_time_spec.py
[11.343s] -- Up-to-date: /home/utec/humanoid_ws/install/unitree_go/local/lib/python3.10/dist-packages/unitree_go/msg/_lidar_state.py
[11.343s] -- Up-to-date: /home/utec/humanoid_ws/install/unitree_go/local/lib/python3.10/dist-packages/unitree_go/msg/_wireless_controller_s.c
[11.343s] -- Up-to-date: /home/utec/humanoid_ws/install/unitree_go/local/lib/python3.10/dist-packages/unitree_go/msg/_bms_state.py
[11.343s] -- Up-to-date: /home/utec/humanoid_ws/install/unitree_go/local/lib/python3.10/dist-packages/unitree_go/msg/_motor_cmds.py
[11.343s] -- Up-to-date: /home/utec/humanoid_ws/install/unitree_go/local/lib/python3.10/dist-packages/unitree_go/msg/_sport_mode_state_s.c
[11.343s] -- Up-to-date: /home/utec/humanoid_ws/install/unitree_go/local/lib/python3.10/dist-packages/unitree_go/msg/_motor_states_s.c
[11.343s] -- Up-to-date: /home/utec/humanoid_ws/install/unitree_go/local/lib/python3.10/dist-packages/unitree_go/msg/_uwb_state.py
[11.343s] -- Up-to-date: /home/utec/humanoid_ws/install/unitree_go/local/lib/python3.10/dist-packages/unitree_go/msg/_path_point.py
[11.343s] -- Up-to-date: /home/utec/humanoid_ws/install/unitree_go/local/lib/python3.10/dist-packages/unitree_go/msg/_audio_data.py
[11.344s] -- Up-to-date: /home/utec/humanoid_ws/install/unitree_go/local/lib/python3.10/dist-packages/unitree_go/msg/_motor_cmds_s.c
[11.344s] -- Up-to-date: /home/utec/humanoid_ws/install/unitree_go/local/lib/python3.10/dist-packages/unitree_go/msg/_error_s.c
[11.344s] -- Up-to-date: /home/utec/humanoid_ws/install/unitree_go/local/lib/python3.10/dist-packages/unitree_go/msg/_motor_cmd_s.c
[11.344s] -- Installing: /home/utec/humanoid_ws/install/unitree_go/local/lib/python3.10/dist-packages/unitree_go/unitree_go_s__rosidl_typesupport_c.cpython-310-x86_64-linux-gnu.so
[11.381s] Listing '/home/utec/humanoid_ws/install/unitree_go/local/lib/python3.10/dist-packages/unitree_go'...
[11.381s] Compiling '/home/utec/humanoid_ws/install/unitree_go/local/lib/python3.10/dist-packages/unitree_go/__init__.py'...
[11.381s] Listing '/home/utec/humanoid_ws/install/unitree_go/local/lib/python3.10/dist-packages/unitree_go/msg'...
[11.386s] -- Installing: /home/utec/humanoid_ws/install/unitree_go/local/lib/python3.10/dist-packages/unitree_go/unitree_go_s__rosidl_typesupport_fastrtps_c.cpython-310-x86_64-linux-gnu.so
[11.386s] -- Set runtime path of "/home/utec/humanoid_ws/install/unitree_go/local/lib/python3.10/dist-packages/unitree_go/unitree_go_s__rosidl_typesupport_fastrtps_c.cpython-310-x86_64-linux-gnu.so" to ""
[11.387s] -- Installing: /home/utec/humanoid_ws/install/unitree_go/local/lib/python3.10/dist-packages/unitree_go/unitree_go_s__rosidl_typesupport_introspection_c.cpython-310-x86_64-linux-gnu.so
[11.387s] -- Set runtime path of "/home/utec/humanoid_ws/install/unitree_go/local/lib/python3.10/dist-packages/unitree_go/unitree_go_s__rosidl_typesupport_introspection_c.cpython-310-x86_64-linux-gnu.so" to ""
[11.387s] -- Installing: /home/utec/humanoid_ws/install/unitree_go/local/lib/python3.10/dist-packages/unitree_go/unitree_go_s__rosidl_typesupport_c.cpython-310-x86_64-linux-gnu.so
[11.388s] -- Set runtime path of "/home/utec/humanoid_ws/install/unitree_go/local/lib/python3.10/dist-packages/unitree_go/unitree_go_s__rosidl_typesupport_c.cpython-310-x86_64-linux-gnu.so" to ""
[11.396s] -- Installing: /home/utec/humanoid_ws/install/unitree_go/lib/libunitree_go__rosidl_generator_py.so
[11.397s] -- Set runtime path of "/home/utec/humanoid_ws/install/unitree_go/lib/libunitree_go__rosidl_generator_py.so" to ""
[11.397s] -- Up-to-date: /home/utec/humanoid_ws/install/unitree_go/share/unitree_go/msg/AudioData.idl
[11.397s] -- Up-to-date: /home/utec/humanoid_ws/install/unitree_go/share/unitree_go/msg/BmsCmd.idl
[11.397s] -- Up-to-date: /home/utec/humanoid_ws/install/unitree_go/share/unitree_go/msg/BmsState.idl
[11.397s] -- Up-to-date: /home/utec/humanoid_ws/install/unitree_go/share/unitree_go/msg/Error.idl
[11.397s] -- Up-to-date: /home/utec/humanoid_ws/install/unitree_go/share/unitree_go/msg/Go2FrontVideoData.idl
[11.397s] -- Up-to-date: /home/utec/humanoid_ws/install/unitree_go/share/unitree_go/msg/HeightMap.idl
[11.397s] -- Up-to-date: /home/utec/humanoid_ws/install/unitree_go/share/unitree_go/msg/IMUState.idl
[11.397s] -- Up-to-date: /home/utec/humanoid_ws/install/unitree_go/share/unitree_go/msg/InterfaceConfig.idl
[11.398s] -- Up-to-date: /home/utec/humanoid_ws/install/unitree_go/share/unitree_go/msg/LidarState.idl
[11.398s] -- Up-to-date: /home/utec/humanoid_ws/install/unitree_go/share/unitree_go/msg/LowCmd.idl
[11.398s] -- Up-to-date: /home/utec/humanoid_ws/install/unitree_go/share/unitree_go/msg/LowState.idl
[11.398s] -- Up-to-date: /home/utec/humanoid_ws/install/unitree_go/share/unitree_go/msg/MotorCmd.idl
[11.398s] -- Up-to-date: /home/utec/humanoid_ws/install/unitree_go/share/unitree_go/msg/MotorCmds.idl
[11.398s] -- Up-to-date: /home/utec/humanoid_ws/install/unitree_go/share/unitree_go/msg/MotorState.idl
[11.398s] -- Up-to-date: /home/utec/humanoid_ws/install/unitree_go/share/unitree_go/msg/MotorStates.idl
[11.398s] -- Up-to-date: /home/utec/humanoid_ws/install/unitree_go/share/unitree_go/msg/PathPoint.idl
[11.398s] -- Up-to-date: /home/utec/humanoid_ws/install/unitree_go/share/unitree_go/msg/Req.idl
[11.398s] -- Up-to-date: /home/utec/humanoid_ws/install/unitree_go/share/unitree_go/msg/Res.idl
[11.398s] -- Up-to-date: /home/utec/humanoid_ws/install/unitree_go/share/unitree_go/msg/SportModeCmd.idl
[11.398s] -- Up-to-date: /home/utec/humanoid_ws/install/unitree_go/share/unitree_go/msg/SportModeState.idl
[11.398s] -- Up-to-date: /home/utec/humanoid_ws/install/unitree_go/share/unitree_go/msg/TimeSpec.idl
[11.398s] -- Up-to-date: /home/utec/humanoid_ws/install/unitree_go/share/unitree_go/msg/UwbState.idl
[11.399s] -- Up-to-date: /home/utec/humanoid_ws/install/unitree_go/share/unitree_go/msg/UwbSwitch.idl
[11.399s] -- Up-to-date: /home/utec/humanoid_ws/install/unitree_go/share/unitree_go/msg/WirelessController.idl
[11.399s] -- Up-to-date: /home/utec/humanoid_ws/install/unitree_go/share/unitree_go/msg/AudioData.msg
[11.399s] -- Up-to-date: /home/utec/humanoid_ws/install/unitree_go/share/unitree_go/msg/BmsCmd.msg
[11.399s] -- Up-to-date: /home/utec/humanoid_ws/install/unitree_go/share/unitree_go/msg/BmsState.msg
[11.399s] -- Up-to-date: /home/utec/humanoid_ws/install/unitree_go/share/unitree_go/msg/Error.msg
[11.399s] -- Up-to-date: /home/utec/humanoid_ws/install/unitree_go/share/unitree_go/msg/Go2FrontVideoData.msg
[11.399s] -- Up-to-date: /home/utec/humanoid_ws/install/unitree_go/share/unitree_go/msg/HeightMap.msg
[11.399s] -- Up-to-date: /home/utec/humanoid_ws/install/unitree_go/share/unitree_go/msg/IMUState.msg
[11.399s] -- Up-to-date: /home/utec/humanoid_ws/install/unitree_go/share/unitree_go/msg/InterfaceConfig.msg
[11.399s] -- Up-to-date: /home/utec/humanoid_ws/install/unitree_go/share/unitree_go/msg/LidarState.msg
[11.399s] -- Up-to-date: /home/utec/humanoid_ws/install/unitree_go/share/unitree_go/msg/LowCmd.msg
[11.400s] -- Up-to-date: /home/utec/humanoid_ws/install/unitree_go/share/unitree_go/msg/LowState.msg
[11.400s] -- Up-to-date: /home/utec/humanoid_ws/install/unitree_go/share/unitree_go/msg/MotorCmd.msg
[11.400s] -- Up-to-date: /home/utec/humanoid_ws/install/unitree_go/share/unitree_go/msg/MotorCmds.msg
[11.400s] -- Up-to-date: /home/utec/humanoid_ws/install/unitree_go/share/unitree_go/msg/MotorState.msg
[11.400s] -- Up-to-date: /home/utec/humanoid_ws/install/unitree_go/share/unitree_go/msg/MotorStates.msg
[11.400s] -- Up-to-date: /home/utec/humanoid_ws/install/unitree_go/share/unitree_go/msg/PathPoint.msg
[11.400s] -- Up-to-date: /home/utec/humanoid_ws/install/unitree_go/share/unitree_go/msg/Req.msg
[11.400s] -- Up-to-date: /home/utec/humanoid_ws/install/unitree_go/share/unitree_go/msg/Res.msg
[11.400s] -- Up-to-date: /home/utec/humanoid_ws/install/unitree_go/share/unitree_go/msg/SportModeCmd.msg
[11.400s] -- Up-to-date: /home/utec/humanoid_ws/install/unitree_go/share/unitree_go/msg/SportModeState.msg
[11.400s] -- Up-to-date: /home/utec/humanoid_ws/install/unitree_go/share/unitree_go/msg/TimeSpec.msg
[11.400s] -- Up-to-date: /home/utec/humanoid_ws/install/unitree_go/share/unitree_go/msg/UwbState.msg
[11.401s] -- Up-to-date: /home/utec/humanoid_ws/install/unitree_go/share/unitree_go/msg/UwbSwitch.msg
[11.401s] -- Up-to-date: /home/utec/humanoid_ws/install/unitree_go/share/unitree_go/msg/WirelessController.msg
[11.401s] -- Up-to-date: /home/utec/humanoid_ws/install/unitree_go/share/unitree_go/msg/dds_connext
[11.401s] -- Up-to-date: /home/utec/humanoid_ws/install/unitree_go/share/unitree_go/msg/dds_connext/MotorStates_.idl
[11.401s] -- Up-to-date: /home/utec/humanoid_ws/install/unitree_go/share/unitree_go/msg/dds_connext/Go2FrontVideoData_.idl
[11.401s] -- Up-to-date: /home/utec/humanoid_ws/install/unitree_go/share/unitree_go/msg/dds_connext/IMUState_.idl
[11.401s] -- Up-to-date: /home/utec/humanoid_ws/install/unitree_go/share/unitree_go/msg/dds_connext/PathPoint_.idl
[11.401s] -- Up-to-date: /home/utec/humanoid_ws/install/unitree_go/share/unitree_go/msg/dds_connext/UwbSwitch_.idl
[11.401s] -- Up-to-date: /home/utec/humanoid_ws/install/unitree_go/share/unitree_go/msg/dds_connext/UwbState_.idl
[11.401s] -- Up-to-date: /home/utec/humanoid_ws/install/unitree_go/share/unitree_go/msg/dds_connext/MotorCmds_.idl
[11.401s] -- Up-to-date: /home/utec/humanoid_ws/install/unitree_go/share/unitree_go/msg/dds_connext/Error_.idl
[11.401s] -- Up-to-date: /home/utec/humanoid_ws/install/unitree_go/share/unitree_go/msg/dds_connext/Res_.idl
[11.401s] -- Up-to-date: /home/utec/humanoid_ws/install/unitree_go/share/unitree_go/msg/dds_connext/Req_.idl
[11.401s] -- Up-to-date: /home/utec/humanoid_ws/install/unitree_go/share/unitree_go/msg/dds_connext/LidarState_.idl
[11.401s] -- Up-to-date: /home/utec/humanoid_ws/install/unitree_go/share/unitree_go/msg/dds_connext/AudioData_.idl
[11.401s] -- Up-to-date: /home/utec/humanoid_ws/install/unitree_go/share/unitree_go/msg/dds_connext/MotorState_.idl
[11.402s] -- Up-to-date: /home/utec/humanoid_ws/install/unitree_go/share/unitree_go/msg/dds_connext/WirelessController_.idl
[11.402s] -- Up-to-date: /home/utec/humanoid_ws/install/unitree_go/share/unitree_go/msg/dds_connext/BmsCmd_.idl
[11.402s] -- Up-to-date: /home/utec/humanoid_ws/install/unitree_go/share/unitree_go/msg/dds_connext/SportModeCmd_.idl
[11.402s] -- Up-to-date: /home/utec/humanoid_ws/install/unitree_go/share/unitree_go/msg/dds_connext/LowCmd_.idl
[11.402s] -- Up-to-date: /home/utec/humanoid_ws/install/unitree_go/share/unitree_go/msg/dds_connext/BmsState_.idl
[11.402s] -- Up-to-date: /home/utec/humanoid_ws/install/unitree_go/share/unitree_go/msg/dds_connext/SportModeState_.idl
[11.402s] -- Up-to-date: /home/utec/humanoid_ws/install/unitree_go/share/unitree_go/msg/dds_connext/HeightMap_.idl
[11.402s] -- Up-to-date: /home/utec/humanoid_ws/install/unitree_go/share/unitree_go/msg/dds_connext/MotorCmd_.idl
[11.402s] -- Up-to-date: /home/utec/humanoid_ws/install/unitree_go/share/unitree_go/msg/dds_connext/InterfaceConfig_.idl
[11.402s] -- Up-to-date: /home/utec/humanoid_ws/install/unitree_go/share/unitree_go/msg/dds_connext/TimeSpec_.idl
[11.402s] -- Up-to-date: /home/utec/humanoid_ws/install/unitree_go/share/unitree_go/msg/dds_connext/LowState_.idl
[11.402s] -- Up-to-date: /home/utec/humanoid_ws/install/unitree_go/share/ament_index/resource_index/package_run_dependencies/unitree_go
[11.402s] -- Up-to-date: /home/utec/humanoid_ws/install/unitree_go/share/ament_index/resource_index/parent_prefix_path/unitree_go
[11.403s] -- Installing: /home/utec/humanoid_ws/install/unitree_go/share/unitree_go/environment/ament_prefix_path.sh
[11.403s] -- Installing: /home/utec/humanoid_ws/install/unitree_go/share/unitree_go/environment/ament_prefix_path.dsv
[11.403s] -- Installing: /home/utec/humanoid_ws/install/unitree_go/share/unitree_go/environment/path.sh
[11.403s] -- Installing: /home/utec/humanoid_ws/install/unitree_go/share/unitree_go/environment/path.dsv
[11.403s] -- Up-to-date: /home/utec/humanoid_ws/install/unitree_go/share/unitree_go/local_setup.bash
[11.403s] -- Up-to-date: /home/utec/humanoid_ws/install/unitree_go/share/unitree_go/local_setup.sh
[11.403s] -- Up-to-date: /home/utec/humanoid_ws/install/unitree_go/share/unitree_go/local_setup.zsh
[11.403s] -- Installing: /home/utec/humanoid_ws/install/unitree_go/share/unitree_go/local_setup.dsv
[11.403s] -- Installing: /home/utec/humanoid_ws/install/unitree_go/share/unitree_go/package.dsv
[11.403s] -- Up-to-date: /home/utec/humanoid_ws/install/unitree_go/share/ament_index/resource_index/packages/unitree_go
[11.404s] -- Up-to-date: /home/utec/humanoid_ws/install/unitree_go/share/unitree_go/cmake/export_unitree_go__rosidl_generator_cExport.cmake
[11.404s] -- Up-to-date: /home/utec/humanoid_ws/install/unitree_go/share/unitree_go/cmake/export_unitree_go__rosidl_generator_cExport-noconfig.cmake
[11.404s] -- Up-to-date: /home/utec/humanoid_ws/install/unitree_go/share/unitree_go/cmake/export_unitree_go__rosidl_typesupport_fastrtps_cExport.cmake
[11.404s] -- Up-to-date: /home/utec/humanoid_ws/install/unitree_go/share/unitree_go/cmake/export_unitree_go__rosidl_typesupport_fastrtps_cExport-noconfig.cmake
[11.404s] -- Up-to-date: /home/utec/humanoid_ws/install/unitree_go/share/unitree_go/cmake/export_unitree_go__rosidl_generator_cppExport.cmake
[11.405s] -- Up-to-date: /home/utec/humanoid_ws/install/unitree_go/share/unitree_go/cmake/export_unitree_go__rosidl_typesupport_fastrtps_cppExport.cmake
[11.405s] -- Up-to-date: /home/utec/humanoid_ws/install/unitree_go/share/unitree_go/cmake/export_unitree_go__rosidl_typesupport_fastrtps_cppExport-noconfig.cmake
[11.405s] -- Up-to-date: /home/utec/humanoid_ws/install/unitree_go/share/unitree_go/cmake/unitree_go__rosidl_typesupport_introspection_cExport.cmake
[11.405s] -- Up-to-date: /home/utec/humanoid_ws/install/unitree_go/share/unitree_go/cmake/unitree_go__rosidl_typesupport_introspection_cExport-noconfig.cmake
[11.405s] -- Up-to-date: /home/utec/humanoid_ws/install/unitree_go/share/unitree_go/cmake/unitree_go__rosidl_typesupport_cExport.cmake
[11.405s] -- Up-to-date: /home/utec/humanoid_ws/install/unitree_go/share/unitree_go/cmake/unitree_go__rosidl_typesupport_cExport-noconfig.cmake
[11.406s] -- Up-to-date: /home/utec/humanoid_ws/install/unitree_go/share/unitree_go/cmake/unitree_go__rosidl_typesupport_introspection_cppExport.cmake
[11.406s] -- Up-to-date: /home/utec/humanoid_ws/install/unitree_go/share/unitree_go/cmake/unitree_go__rosidl_typesupport_introspection_cppExport-noconfig.cmake
[11.406s] -- Up-to-date: /home/utec/humanoid_ws/install/unitree_go/share/unitree_go/cmake/unitree_go__rosidl_typesupport_cppExport.cmake
[11.406s] -- Up-to-date: /home/utec/humanoid_ws/install/unitree_go/share/unitree_go/cmake/unitree_go__rosidl_typesupport_cppExport-noconfig.cmake
[11.406s] -- Up-to-date: /home/utec/humanoid_ws/install/unitree_go/share/unitree_go/cmake/export_unitree_go__rosidl_generator_pyExport.cmake
[11.407s] -- Up-to-date: /home/utec/humanoid_ws/install/unitree_go/share/unitree_go/cmake/export_unitree_go__rosidl_generator_pyExport-noconfig.cmake
[11.407s] -- Up-to-date: /home/utec/humanoid_ws/install/unitree_go/share/unitree_go/cmake/rosidl_cmake-extras.cmake
[11.407s] -- Up-to-date: /home/utec/humanoid_ws/install/unitree_go/share/unitree_go/cmake/ament_cmake_export_dependencies-extras.cmake
[11.407s] -- Up-to-date: /home/utec/humanoid_ws/install/unitree_go/share/unitree_go/cmake/ament_cmake_export_include_directories-extras.cmake
[11.407s] -- Up-to-date: /home/utec/humanoid_ws/install/unitree_go/share/unitree_go/cmake/ament_cmake_export_libraries-extras.cmake
[11.407s] -- Up-to-date: /home/utec/humanoid_ws/install/unitree_go/share/unitree_go/cmake/ament_cmake_export_targets-extras.cmake
[11.407s] -- Up-to-date: /home/utec/humanoid_ws/install/unitree_go/share/unitree_go/cmake/rosidl_cmake_export_typesupport_targets-extras.cmake
[11.408s] -- Up-to-date: /home/utec/humanoid_ws/install/unitree_go/share/unitree_go/cmake/rosidl_cmake_export_typesupport_libraries-extras.cmake
[11.408s] -- Up-to-date: /home/utec/humanoid_ws/install/unitree_go/share/unitree_go/cmake/unitree_goConfig.cmake
[11.408s] -- Up-to-date: /home/utec/humanoid_ws/install/unitree_go/share/unitree_go/cmake/unitree_goConfig-version.cmake
[11.408s] -- Up-to-date: /home/utec/humanoid_ws/install/unitree_go/share/unitree_go/package.xml
[11.410s] Invoked command in '/home/utec/humanoid_ws/build/unitree_go' returned '0': CMAKE_PREFIX_PATH=${CMAKE_PREFIX_PATH}:/home/utec/humanoid_ws/install/pycodes_h1:/home/utec/humanoid_ws/install/h1_2_model:/opt/ros/humble /usr/bin/cmake --install /home/utec/humanoid_ws/build/unitree_go
