[0.037s] Invoking command in '/home/utec/humanoid_ws/build/h1_2_description': CMAKE_PREFIX_PATH=${CMAKE_PREFIX_PATH}:/home/utec/humanoid_ws/install/pycodes_h1:/home/utec/humanoid_ws/install/h1_2_model:/home/utec/humanoid_ws/install/h1_2_algoritms:/opt/ros/humble PS1=\[\e]0;\u@\h: \w\a\]${debian_chroot:+($debian_chroot)}\[\033[01;32m\]\u@\h\[\033[00m\]:\[\033[01;34m\]\w\[\033[00m\]\$ /usr/bin/cmake --build /home/utec/humanoid_ws/build/h1_2_description -- -j8 -l8
[0.670s] Invoked command in '/home/utec/humanoid_ws/build/h1_2_description' returned '0': CMAKE_PREFIX_PATH=${CMAKE_PREFIX_PATH}:/home/utec/humanoid_ws/install/pycodes_h1:/home/utec/humanoid_ws/install/h1_2_model:/home/utec/humanoid_ws/install/h1_2_algoritms:/opt/ros/humble PS1=\[\e]0;\u@\h: \w\a\]${debian_chroot:+($debian_chroot)}\[\033[01;32m\]\u@\h\[\033[00m\]:\[\033[01;34m\]\w\[\033[00m\]\$ /usr/bin/cmake --build /home/utec/humanoid_ws/build/h1_2_description -- -j8 -l8
[0.680s] Invoking command in '/home/utec/humanoid_ws/build/h1_2_description': CMAKE_PREFIX_PATH=${CMAKE_PREFIX_PATH}:/home/utec/humanoid_ws/install/pycodes_h1:/home/utec/humanoid_ws/install/h1_2_model:/home/utec/humanoid_ws/install/h1_2_algoritms:/opt/ros/humble PS1=\[\e]0;\u@\h: \w\a\]${debian_chroot:+($debian_chroot)}\[\033[01;32m\]\u@\h\[\033[00m\]:\[\033[01;34m\]\w\[\033[00m\]\$ /usr/bin/cmake --install /home/utec/humanoid_ws/build/h1_2_description
[0.992s] -- Install configuration: ""
[0.992s] -- Up-to-date: /home/utec/humanoid_ws/install/h1_2_description/share/h1_2_description/urdf
[0.992s] -- Up-to-date: /home/utec/humanoid_ws/install/h1_2_description/share/h1_2_description/urdf/h1_2.urdf
[0.992s] -- Up-to-date: /home/utec/humanoid_ws/install/h1_2_description/share/h1_2_description/urdf/h1_2_handless_bright.urdf
[0.992s] -- Up-to-date: /home/utec/humanoid_ws/install/h1_2_description/share/h1_2_description/urdf/h1_2_bright.urdf
[0.993s] -- Up-to-date: /home/utec/humanoid_ws/install/h1_2_description/share/h1_2_description/urdf/h1_2_handless.urdf
[0.993s] -- Up-to-date: /home/utec/humanoid_ws/install/h1_2_description/share/h1_2_description/meshes
[0.993s] -- Up-to-date: /home/utec/humanoid_ws/install/h1_2_description/share/h1_2_description/meshes/R_index_intermediate.STL
[0.993s] -- Up-to-date: /home/utec/humanoid_ws/install/h1_2_description/share/h1_2_description/meshes/pelvis.STL
[0.993s] -- Up-to-date: /home/utec/humanoid_ws/install/h1_2_description/share/h1_2_description/meshes/right_hip_yaw_link.STL
[0.993s] -- Up-to-date: /home/utec/humanoid_ws/install/h1_2_description/share/h1_2_description/meshes/left_ankle_A_rod_link.STL
[0.993s] -- Up-to-date: /home/utec/humanoid_ws/install/h1_2_description/share/h1_2_description/meshes/link12_L.STL
[0.993s] -- Up-to-date: /home/utec/humanoid_ws/install/h1_2_description/share/h1_2_description/meshes/R_ring_proximal.STL
[0.993s] -- Up-to-date: /home/utec/humanoid_ws/install/h1_2_description/share/h1_2_description/meshes/left_elbow_link.STL
[0.993s] -- Up-to-date: /home/utec/humanoid_ws/install/h1_2_description/share/h1_2_description/meshes/R_pinky_proximal.STL
[0.993s] -- Up-to-date: /home/utec/humanoid_ws/install/h1_2_description/share/h1_2_description/meshes/right_ankle_pitch_link.STL
[0.993s] -- Up-to-date: /home/utec/humanoid_ws/install/h1_2_description/share/h1_2_description/meshes/L_pinky_proximal.STL
[0.993s] -- Up-to-date: /home/utec/humanoid_ws/install/h1_2_description/share/h1_2_description/meshes/link20_L.STL
[0.993s] -- Up-to-date: /home/utec/humanoid_ws/install/h1_2_description/share/h1_2_description/meshes/L_thumb_intermediate.STL
[0.993s] -- Up-to-date: /home/utec/humanoid_ws/install/h1_2_description/share/h1_2_description/meshes/left_knee_link.STL
[0.993s] -- Up-to-date: /home/utec/humanoid_ws/install/h1_2_description/share/h1_2_description/meshes/R_hand_base_link.STL
[0.993s] -- Up-to-date: /home/utec/humanoid_ws/install/h1_2_description/share/h1_2_description/meshes/left_shoulder_roll_link.STL
[0.993s] -- Up-to-date: /home/utec/humanoid_ws/install/h1_2_description/share/h1_2_description/meshes/L_middle_proximal.STL
[0.993s] -- Up-to-date: /home/utec/humanoid_ws/install/h1_2_description/share/h1_2_description/meshes/R_thumb_proximal.STL
[0.994s] -- Up-to-date: /home/utec/humanoid_ws/install/h1_2_description/share/h1_2_description/meshes/right_ankle_B_rod_link.STL
[0.994s] -- Up-to-date: /home/utec/humanoid_ws/install/h1_2_description/share/h1_2_description/meshes/right_wrist_roll_link.STL
[0.994s] -- Up-to-date: /home/utec/humanoid_ws/install/h1_2_description/share/h1_2_description/meshes/L_ring_proximal.STL
[0.994s] -- Up-to-date: /home/utec/humanoid_ws/install/h1_2_description/share/h1_2_description/meshes/R_ring_intermediate.STL
[0.994s] -- Up-to-date: /home/utec/humanoid_ws/install/h1_2_description/share/h1_2_description/meshes/right_hand_link.STL
[0.994s] -- Up-to-date: /home/utec/humanoid_ws/install/h1_2_description/share/h1_2_description/meshes/right_wrist_pitch_link.STL
[0.994s] -- Up-to-date: /home/utec/humanoid_ws/install/h1_2_description/share/h1_2_description/meshes/L_ring_intermediate.STL
[0.994s] -- Up-to-date: /home/utec/humanoid_ws/install/h1_2_description/share/h1_2_description/meshes/left_hand_link.STL
[0.994s] -- Up-to-date: /home/utec/humanoid_ws/install/h1_2_description/share/h1_2_description/meshes/right_ankle_A_rod_link.STL
[0.994s] -- Up-to-date: /home/utec/humanoid_ws/install/h1_2_description/share/h1_2_description/meshes/link18_R.STL
[0.994s] -- Up-to-date: /home/utec/humanoid_ws/install/h1_2_description/share/h1_2_description/meshes/link16_R.STL
[0.994s] -- Up-to-date: /home/utec/humanoid_ws/install/h1_2_description/share/h1_2_description/meshes/link22_L.STL
[0.994s] -- Up-to-date: /home/utec/humanoid_ws/install/h1_2_description/share/h1_2_description/meshes/L_thumb_distal.STL
[0.994s] -- Up-to-date: /home/utec/humanoid_ws/install/h1_2_description/share/h1_2_description/meshes/left_hip_pitch_link.STL
[0.994s] -- Up-to-date: /home/utec/humanoid_ws/install/h1_2_description/share/h1_2_description/meshes/link12_R.STL
[0.994s] -- Up-to-date: /home/utec/humanoid_ws/install/h1_2_description/share/h1_2_description/meshes/left_ankle_B_link.STL
[0.994s] -- Up-to-date: /home/utec/humanoid_ws/install/h1_2_description/share/h1_2_description/meshes/link11_R.STL
[0.994s] -- Up-to-date: /home/utec/humanoid_ws/install/h1_2_description/share/h1_2_description/meshes/right_ankle_roll_link.STL
[0.994s] -- Up-to-date: /home/utec/humanoid_ws/install/h1_2_description/share/h1_2_description/meshes/link13_L.STL
[0.994s] -- Up-to-date: /home/utec/humanoid_ws/install/h1_2_description/share/h1_2_description/meshes/left_wrist_pitch_link.STL
[0.994s] -- Up-to-date: /home/utec/humanoid_ws/install/h1_2_description/share/h1_2_description/meshes/right_shoulder_pitch_link.STL
[0.994s] -- Up-to-date: /home/utec/humanoid_ws/install/h1_2_description/share/h1_2_description/meshes/right_ankle_link.STL
[0.995s] -- Up-to-date: /home/utec/humanoid_ws/install/h1_2_description/share/h1_2_description/meshes/right_ankle_B_link.STL
[0.995s] -- Up-to-date: /home/utec/humanoid_ws/install/h1_2_description/share/h1_2_description/meshes/link22_R.STL
[0.995s] -- Up-to-date: /home/utec/humanoid_ws/install/h1_2_description/share/h1_2_description/meshes/torso_link.STL
[0.995s] -- Up-to-date: /home/utec/humanoid_ws/install/h1_2_description/share/h1_2_description/meshes/right_shoulder_yaw_link.STL
[0.995s] -- Up-to-date: /home/utec/humanoid_ws/install/h1_2_description/share/h1_2_description/meshes/R_thumb_proximal_base.STL
[0.995s] -- Up-to-date: /home/utec/humanoid_ws/install/h1_2_description/share/h1_2_description/meshes/link14_L.STL
[0.995s] -- Up-to-date: /home/utec/humanoid_ws/install/h1_2_description/share/h1_2_description/meshes/link11_L.STL
[0.995s] -- Up-to-date: /home/utec/humanoid_ws/install/h1_2_description/share/h1_2_description/meshes/link18_L.STL
[0.995s] -- Up-to-date: /home/utec/humanoid_ws/install/h1_2_description/share/h1_2_description/meshes/left_shoulder_pitch_link.STL
[0.995s] -- Up-to-date: /home/utec/humanoid_ws/install/h1_2_description/share/h1_2_description/meshes/wrist_yaw_link.STL
[0.995s] -- Up-to-date: /home/utec/humanoid_ws/install/h1_2_description/share/h1_2_description/meshes/L_thumb_proximal_base.STL
[0.995s] -- Up-to-date: /home/utec/humanoid_ws/install/h1_2_description/share/h1_2_description/meshes/link15_L.STL
[0.995s] -- Up-to-date: /home/utec/humanoid_ws/install/h1_2_description/share/h1_2_description/meshes/link15_R.STL
[0.995s] -- Up-to-date: /home/utec/humanoid_ws/install/h1_2_description/share/h1_2_description/meshes/right_shoulder_roll_link.STL
[0.995s] -- Up-to-date: /home/utec/humanoid_ws/install/h1_2_description/share/h1_2_description/meshes/left_ankle_A_link.STL
[0.996s] -- Up-to-date: /home/utec/humanoid_ws/install/h1_2_description/share/h1_2_description/meshes/L_index_intermediate.STL
[0.996s] -- Up-to-date: /home/utec/humanoid_ws/install/h1_2_description/share/h1_2_description/meshes/link17_R.STL
[0.996s] -- Up-to-date: /home/utec/humanoid_ws/install/h1_2_description/share/h1_2_description/meshes/L_pinky_intermediate.STL
[0.996s] -- Up-to-date: /home/utec/humanoid_ws/install/h1_2_description/share/h1_2_description/meshes/link21_R.STL
[0.996s] -- Up-to-date: /home/utec/humanoid_ws/install/h1_2_description/share/h1_2_description/meshes/link20_R.STL
[0.996s] -- Up-to-date: /home/utec/humanoid_ws/install/h1_2_description/share/h1_2_description/meshes/right_elbow_link.STL
[0.996s] -- Up-to-date: /home/utec/humanoid_ws/install/h1_2_description/share/h1_2_description/meshes/left_ankle_roll_link.STL
[0.996s] -- Up-to-date: /home/utec/humanoid_ws/install/h1_2_description/share/h1_2_description/meshes/R_pinky_intermediate.STL
[0.996s] -- Up-to-date: /home/utec/humanoid_ws/install/h1_2_description/share/h1_2_description/meshes/R_thumb_intermediate.STL
[0.996s] -- Up-to-date: /home/utec/humanoid_ws/install/h1_2_description/share/h1_2_description/meshes/left_ankle_pitch_link.STL
[0.996s] -- Up-to-date: /home/utec/humanoid_ws/install/h1_2_description/share/h1_2_description/meshes/L_hand_base_link.STL
[0.996s] -- Up-to-date: /home/utec/humanoid_ws/install/h1_2_description/share/h1_2_description/meshes/left_shoulder_yaw_link.STL
[0.996s] -- Up-to-date: /home/utec/humanoid_ws/install/h1_2_description/share/h1_2_description/meshes/L_middle_intermediate.STL
[0.997s] -- Up-to-date: /home/utec/humanoid_ws/install/h1_2_description/share/h1_2_description/meshes/link19_L.STL
[0.997s] -- Up-to-date: /home/utec/humanoid_ws/install/h1_2_description/share/h1_2_description/meshes/right_ankle_A_link.STL
[0.997s] -- Up-to-date: /home/utec/humanoid_ws/install/h1_2_description/share/h1_2_description/meshes/link19_R.STL
[0.997s] -- Up-to-date: /home/utec/humanoid_ws/install/h1_2_description/share/h1_2_description/meshes/left_hip_yaw_link.STL
[0.997s] -- Up-to-date: /home/utec/humanoid_ws/install/h1_2_description/share/h1_2_description/meshes/L_index_proximal.STL
[0.998s] -- Up-to-date: /home/utec/humanoid_ws/install/h1_2_description/share/h1_2_description/meshes/link16_L.STL
[0.998s] -- Up-to-date: /home/utec/humanoid_ws/install/h1_2_description/share/h1_2_description/meshes/link21_L.STL
[0.998s] -- Up-to-date: /home/utec/humanoid_ws/install/h1_2_description/share/h1_2_description/meshes/logo_link.STL
[0.998s] -- Up-to-date: /home/utec/humanoid_ws/install/h1_2_description/share/h1_2_description/meshes/right_hip_roll_link.STL
[0.998s] -- Up-to-date: /home/utec/humanoid_ws/install/h1_2_description/share/h1_2_description/meshes/left_ankle_B_rod_link.STL
[0.998s] -- Up-to-date: /home/utec/humanoid_ws/install/h1_2_description/share/h1_2_description/meshes/left_hip_roll_link.STL
[0.998s] -- Up-to-date: /home/utec/humanoid_ws/install/h1_2_description/share/h1_2_description/meshes/L_thumb_proximal.STL
[0.998s] -- Up-to-date: /home/utec/humanoid_ws/install/h1_2_description/share/h1_2_description/meshes/R_thumb_distal.STL
[0.998s] -- Up-to-date: /home/utec/humanoid_ws/install/h1_2_description/share/h1_2_description/meshes/right_pitch_link.STL
[0.998s] -- Up-to-date: /home/utec/humanoid_ws/install/h1_2_description/share/h1_2_description/meshes/R_index_proximal.STL
[0.998s] -- Up-to-date: /home/utec/humanoid_ws/install/h1_2_description/share/h1_2_description/meshes/R_middle_intermediate.STL
[0.998s] -- Up-to-date: /home/utec/humanoid_ws/install/h1_2_description/share/h1_2_description/meshes/link14_R.STL
[0.999s] -- Up-to-date: /home/utec/humanoid_ws/install/h1_2_description/share/h1_2_description/meshes/link17_L.STL
[0.999s] -- Up-to-date: /home/utec/humanoid_ws/install/h1_2_description/share/h1_2_description/meshes/right_knee_link.STL
[0.999s] -- Up-to-date: /home/utec/humanoid_ws/install/h1_2_description/share/h1_2_description/meshes/right_hip_pitch_link.STL
[0.999s] -- Up-to-date: /home/utec/humanoid_ws/install/h1_2_description/share/h1_2_description/meshes/left_wrist_roll_link.STL
[0.999s] -- Up-to-date: /home/utec/humanoid_ws/install/h1_2_description/share/h1_2_description/meshes/link13_R.STL
[0.999s] -- Up-to-date: /home/utec/humanoid_ws/install/h1_2_description/share/h1_2_description/meshes/R_middle_proximal.STL
[0.999s] -- Up-to-date: /home/utec/humanoid_ws/install/h1_2_description/share/h1_2_description/launch
[0.999s] -- Up-to-date: /home/utec/humanoid_ws/install/h1_2_description/share/h1_2_description/launch/display_handless.launch.py
[0.999s] -- Up-to-date: /home/utec/humanoid_ws/install/h1_2_description/share/h1_2_description/launch/display_sliders.launch.py
[0.999s] -- Up-to-date: /home/utec/humanoid_ws/install/h1_2_description/share/h1_2_description/launch/display_handless_sliders.launch.py
[1.000s] -- Up-to-date: /home/utec/humanoid_ws/install/h1_2_description/share/h1_2_description/rviz
[1.000s] -- Up-to-date: /home/utec/humanoid_ws/install/h1_2_description/share/h1_2_description/rviz/h1_2_display.rviz
[1.000s] -- Up-to-date: /home/utec/humanoid_ws/install/h1_2_description/share/h1_2_description/rviz/h1_2_display_marker.rviz
[1.000s] -- Up-to-date: /home/utec/humanoid_ws/install/h1_2_description/share/ament_index/resource_index/package_run_dependencies/h1_2_description
[1.000s] -- Up-to-date: /home/utec/humanoid_ws/install/h1_2_description/share/ament_index/resource_index/parent_prefix_path/h1_2_description
[1.000s] -- Up-to-date: /home/utec/humanoid_ws/install/h1_2_description/share/h1_2_description/environment/ament_prefix_path.sh
[1.000s] -- Up-to-date: /home/utec/humanoid_ws/install/h1_2_description/share/h1_2_description/environment/ament_prefix_path.dsv
[1.000s] -- Up-to-date: /home/utec/humanoid_ws/install/h1_2_description/share/h1_2_description/environment/path.sh
[1.000s] -- Up-to-date: /home/utec/humanoid_ws/install/h1_2_description/share/h1_2_description/environment/path.dsv
[1.000s] -- Up-to-date: /home/utec/humanoid_ws/install/h1_2_description/share/h1_2_description/local_setup.bash
[1.000s] -- Up-to-date: /home/utec/humanoid_ws/install/h1_2_description/share/h1_2_description/local_setup.sh
[1.000s] -- Up-to-date: /home/utec/humanoid_ws/install/h1_2_description/share/h1_2_description/local_setup.zsh
[1.000s] -- Up-to-date: /home/utec/humanoid_ws/install/h1_2_description/share/h1_2_description/local_setup.dsv
[1.000s] -- Installing: /home/utec/humanoid_ws/install/h1_2_description/share/h1_2_description/package.dsv
[1.001s] -- Up-to-date: /home/utec/humanoid_ws/install/h1_2_description/share/ament_index/resource_index/packages/h1_2_description
[1.001s] -- Up-to-date: /home/utec/humanoid_ws/install/h1_2_description/share/h1_2_description/cmake/h1_2_descriptionConfig.cmake
[1.001s] -- Up-to-date: /home/utec/humanoid_ws/install/h1_2_description/share/h1_2_description/cmake/h1_2_descriptionConfig-version.cmake
[1.001s] -- Up-to-date: /home/utec/humanoid_ws/install/h1_2_description/share/h1_2_description/package.xml
[1.001s] Invoked command in '/home/utec/humanoid_ws/build/h1_2_description' returned '0': CMAKE_PREFIX_PATH=${CMAKE_PREFIX_PATH}:/home/utec/humanoid_ws/install/pycodes_h1:/home/utec/humanoid_ws/install/h1_2_model:/home/utec/humanoid_ws/install/h1_2_algoritms:/opt/ros/humble PS1=\[\e]0;\u@\h: \w\a\]${debian_chroot:+($debian_chroot)}\[\033[01;32m\]\u@\h\[\033[00m\]:\[\033[01;34m\]\w\[\033[00m\]\$ /usr/bin/cmake --install /home/utec/humanoid_ws/build/h1_2_description
