[0.027s] Invoking command in '/home/utec/humanoid_ws/build/unitree_go': CMAKE_PREFIX_PATH=${CMAKE_PREFIX_PATH}:/home/utec/humanoid_ws/install/pycodes_h1:/home/utec/humanoid_ws/install/h1_2_model:/home/utec/humanoid_ws/install/h1_2_algoritms:/home/utec/barirobot_ws/install/ur5_algoritmos:/home/utec/barirobot_ws/install/cam_code:/home/utec/barirobot_ws/install/bringup_bar:/opt/ros/humble PS1=\[\e]0;\u@\h: \w\a\]${debian_chroot:+($debian_chroot)}\[\033[01;32m\]\u@\h\[\033[00m\]:\[\033[01;34m\]\w\[\033[00m\]\$ /usr/bin/cmake --build /home/utec/humanoid_ws/build/unitree_go -- -j8 -l8
[0.235s] [ 12%] Built target unitree_go__rosidl_generator_c
[0.246s] [ 12%] Built target unitree_go__cpp
[0.278s] [ 12%] Built target unitree_go__dds_connext_idl
[0.399s] [ 12%] Built target ament_cmake_python_copy_unitree_go
[0.460s] [ 25%] Built target unitree_go__rosidl_typesupport_cpp
[0.470s] [ 38%] Built target unitree_go__rosidl_typesupport_introspection_cpp
[0.487s] [ 50%] Built target unitree_go__rosidl_typesupport_c
[0.496s] [ 64%] Built target unitree_go__rosidl_typesupport_fastrtps_c
[0.497s] [ 74%] Built target unitree_go__rosidl_typesupport_introspection_c
[0.501s] [ 87%] Built target unitree_go__rosidl_typesupport_fastrtps_cpp
[0.565s] [ 87%] Built target unitree_go
[0.658s] [ 88%] Built target unitree_go__py
[0.804s] [100%] Built target unitree_go__rosidl_generator_py
[0.873s] [100%] Built target unitree_go__rosidl_typesupport_c__pyext
[0.876s] [100%] Built target unitree_go__rosidl_typesupport_introspection_c__pyext
[0.885s] [100%] Built target unitree_go__rosidl_typesupport_fastrtps_c__pyext
[1.134s] running egg_info
[1.135s] writing unitree_go.egg-info/PKG-INFO
[1.135s] writing dependency_links to unitree_go.egg-info/dependency_links.txt
[1.135s] writing top-level names to unitree_go.egg-info/top_level.txt
[1.136s] reading manifest file 'unitree_go.egg-info/SOURCES.txt'
[1.136s] writing manifest file 'unitree_go.egg-info/SOURCES.txt'
[1.205s] [100%] Built target ament_cmake_python_build_unitree_go_egg
[1.750s] Invoked command in '/home/utec/humanoid_ws/build/unitree_go' returned '0': CMAKE_PREFIX_PATH=${CMAKE_PREFIX_PATH}:/home/utec/humanoid_ws/install/pycodes_h1:/home/utec/humanoid_ws/install/h1_2_model:/home/utec/humanoid_ws/install/h1_2_algoritms:/home/utec/barirobot_ws/install/ur5_algoritmos:/home/utec/barirobot_ws/install/cam_code:/home/utec/barirobot_ws/install/bringup_bar:/opt/ros/humble PS1=\[\e]0;\u@\h: \w\a\]${debian_chroot:+($debian_chroot)}\[\033[01;32m\]\u@\h\[\033[00m\]:\[\033[01;34m\]\w\[\033[00m\]\$ /usr/bin/cmake --build /home/utec/humanoid_ws/build/unitree_go -- -j8 -l8
[1.753s] Invoking command in '/home/utec/humanoid_ws/build/unitree_go': CMAKE_PREFIX_PATH=${CMAKE_PREFIX_PATH}:/home/utec/humanoid_ws/install/pycodes_h1:/home/utec/humanoid_ws/install/h1_2_model:/home/utec/humanoid_ws/install/h1_2_algoritms:/home/utec/barirobot_ws/install/ur5_algoritmos:/home/utec/barirobot_ws/install/cam_code:/home/utec/barirobot_ws/install/bringup_bar:/opt/ros/humble PS1=\[\e]0;\u@\h: \w\a\]${debian_chroot:+($debian_chroot)}\[\033[01;32m\]\u@\h\[\033[00m\]:\[\033[01;34m\]\w\[\033[00m\]\$ /usr/bin/cmake --install /home/utec/humanoid_ws/build/unitree_go
[1.774s] -- Install configuration: ""
[1.774s] -- Up-to-date: /home/utec/humanoid_ws/install/unitree_go/share/ament_index/resource_index/rosidl_interfaces/unitree_go
[1.775s] -- Up-to-date: /home/utec/humanoid_ws/install/unitree_go/include/unitree_go/unitree_go
[1.775s] -- Up-to-date: /home/utec/humanoid_ws/install/unitree_go/include/unitree_go/unitree_go/msg
[1.775s] -- Up-to-date: /home/utec/humanoid_ws/install/unitree_go/include/unitree_go/unitree_go/msg/low_cmd.h
[1.775s] -- Up-to-date: /home/utec/humanoid_ws/install/unitree_go/include/unitree_go/unitree_go/msg/bms_cmd.h
[1.775s] -- Up-to-date: /home/utec/humanoid_ws/install/unitree_go/include/unitree_go/unitree_go/msg/time_spec.h
[1.776s] -- Up-to-date: /home/utec/humanoid_ws/install/unitree_go/include/unitree_go/unitree_go/msg/motor_cmd.h
[1.776s] -- Up-to-date: /home/utec/humanoid_ws/install/unitree_go/include/unitree_go/unitree_go/msg/sport_mode_cmd.h
[1.776s] -- Up-to-date: /home/utec/humanoid_ws/install/unitree_go/include/unitree_go/unitree_go/msg/lidar_state.h
[1.776s] -- Up-to-date: /home/utec/humanoid_ws/install/unitree_go/include/unitree_go/unitree_go/msg/audio_data.h
[1.776s] -- Up-to-date: /home/utec/humanoid_ws/install/unitree_go/include/unitree_go/unitree_go/msg/req.h
[1.777s] -- Up-to-date: /home/utec/humanoid_ws/install/unitree_go/include/unitree_go/unitree_go/msg/imu_state.h
[1.777s] -- Up-to-date: /home/utec/humanoid_ws/install/unitree_go/include/unitree_go/unitree_go/msg/detail
[1.777s] -- Up-to-date: /home/utec/humanoid_ws/install/unitree_go/include/unitree_go/unitree_go/msg/detail/motor_cmd__functions.h
[1.777s] -- Up-to-date: /home/utec/humanoid_ws/install/unitree_go/include/unitree_go/unitree_go/msg/detail/go2_front_video_data__struct.h
[1.777s] -- Up-to-date: /home/utec/humanoid_ws/install/unitree_go/include/unitree_go/unitree_go/msg/detail/error__functions.h
[1.793s] -- Up-to-date: /home/utec/humanoid_ws/install/unitree_go/include/unitree_go/unitree_go/msg/detail/bms_state__functions.c
[1.793s] -- Up-to-date: /home/utec/humanoid_ws/install/unitree_go/include/unitree_go/unitree_go/msg/detail/lidar_state__functions.h
[1.793s] -- Up-to-date: /home/utec/humanoid_ws/install/unitree_go/include/unitree_go/unitree_go/msg/detail/lidar_state__type_support.h
[1.793s] -- Up-to-date: /home/utec/humanoid_ws/install/unitree_go/include/unitree_go/unitree_go/msg/detail/req__functions.h
[1.794s] -- Up-to-date: /home/utec/humanoid_ws/install/unitree_go/include/unitree_go/unitree_go/msg/detail/interface_config__type_support.h
[1.794s] -- Up-to-date: /home/utec/humanoid_ws/install/unitree_go/include/unitree_go/unitree_go/msg/detail/imu_state__functions.c
[1.794s] -- Up-to-date: /home/utec/humanoid_ws/install/unitree_go/include/unitree_go/unitree_go/msg/detail/low_cmd__struct.h
[1.795s] -- Up-to-date: /home/utec/humanoid_ws/install/unitree_go/include/unitree_go/unitree_go/msg/detail/res__functions.h
[1.796s] -- Up-to-date: /home/utec/humanoid_ws/install/unitree_go/include/unitree_go/unitree_go/msg/detail/req__functions.c
[1.796s] -- Up-to-date: /home/utec/humanoid_ws/install/unitree_go/include/unitree_go/unitree_go/msg/detail/low_state__type_support.h
[1.796s] -- Up-to-date: /home/utec/humanoid_ws/install/unitree_go/include/unitree_go/unitree_go/msg/detail/wireless_controller__functions.c
[1.796s] -- Up-to-date: /home/utec/humanoid_ws/install/unitree_go/include/unitree_go/unitree_go/msg/detail/height_map__struct.h
[1.796s] -- Up-to-date: /home/utec/humanoid_ws/install/unitree_go/include/unitree_go/unitree_go/msg/detail/go2_front_video_data__functions.c
[1.797s] -- Up-to-date: /home/utec/humanoid_ws/install/unitree_go/include/unitree_go/unitree_go/msg/detail/audio_data__functions.c
[1.797s] -- Up-to-date: /home/utec/humanoid_ws/install/unitree_go/include/unitree_go/unitree_go/msg/detail/time_spec__type_support.h
[1.797s] -- Up-to-date: /home/utec/humanoid_ws/install/unitree_go/include/unitree_go/unitree_go/msg/detail/sport_mode_cmd__functions.h
[1.797s] -- Up-to-date: /home/utec/humanoid_ws/install/unitree_go/include/unitree_go/unitree_go/msg/detail/uwb_switch__functions.h
[1.797s] -- Up-to-date: /home/utec/humanoid_ws/install/unitree_go/include/unitree_go/unitree_go/msg/detail/sport_mode_cmd__type_support.h
[1.797s] -- Up-to-date: /home/utec/humanoid_ws/install/unitree_go/include/unitree_go/unitree_go/msg/detail/height_map__type_support.h
[1.798s] -- Up-to-date: /home/utec/humanoid_ws/install/unitree_go/include/unitree_go/unitree_go/msg/detail/motor_state__type_support.h
[1.798s] -- Up-to-date: /home/utec/humanoid_ws/install/unitree_go/include/unitree_go/unitree_go/msg/detail/uwb_switch__struct.h
[1.798s] -- Up-to-date: /home/utec/humanoid_ws/install/unitree_go/include/unitree_go/unitree_go/msg/detail/imu_state__struct.h
[1.800s] -- Up-to-date: /home/utec/humanoid_ws/install/unitree_go/include/unitree_go/unitree_go/msg/detail/motor_cmd__functions.c
[1.800s] -- Up-to-date: /home/utec/humanoid_ws/install/unitree_go/include/unitree_go/unitree_go/msg/detail/low_state__functions.c
[1.801s] -- Up-to-date: /home/utec/humanoid_ws/install/unitree_go/include/unitree_go/unitree_go/msg/detail/low_state__struct.h
[1.801s] -- Up-to-date: /home/utec/humanoid_ws/install/unitree_go/include/unitree_go/unitree_go/msg/detail/audio_data__type_support.h
[1.802s] -- Up-to-date: /home/utec/humanoid_ws/install/unitree_go/include/unitree_go/unitree_go/msg/detail/uwb_state__functions.h
[1.803s] -- Up-to-date: /home/utec/humanoid_ws/install/unitree_go/include/unitree_go/unitree_go/msg/detail/wireless_controller__struct.h
[1.803s] -- Up-to-date: /home/utec/humanoid_ws/install/unitree_go/include/unitree_go/unitree_go/msg/detail/error__struct.h
[1.804s] -- Up-to-date: /home/utec/humanoid_ws/install/unitree_go/include/unitree_go/unitree_go/msg/detail/motor_state__struct.h
[1.804s] -- Up-to-date: /home/utec/humanoid_ws/install/unitree_go/include/unitree_go/unitree_go/msg/detail/go2_front_video_data__functions.h
[1.804s] -- Up-to-date: /home/utec/humanoid_ws/install/unitree_go/include/unitree_go/unitree_go/msg/detail/sport_mode_state__functions.h
[1.805s] -- Up-to-date: /home/utec/humanoid_ws/install/unitree_go/include/unitree_go/unitree_go/msg/detail/sport_mode_state__functions.c
[1.805s] -- Up-to-date: /home/utec/humanoid_ws/install/unitree_go/include/unitree_go/unitree_go/msg/detail/interface_config__struct.h
[1.805s] -- Up-to-date: /home/utec/humanoid_ws/install/unitree_go/include/unitree_go/unitree_go/msg/detail/motor_states__struct.h
[1.806s] -- Up-to-date: /home/utec/humanoid_ws/install/unitree_go/include/unitree_go/unitree_go/msg/detail/go2_front_video_data__type_support.h
[1.806s] -- Up-to-date: /home/utec/humanoid_ws/install/unitree_go/include/unitree_go/unitree_go/msg/detail/height_map__functions.c
[1.807s] -- Up-to-date: /home/utec/humanoid_ws/install/unitree_go/include/unitree_go/unitree_go/msg/detail/time_spec__functions.h
[1.807s] -- Up-to-date: /home/utec/humanoid_ws/install/unitree_go/include/unitree_go/unitree_go/msg/detail/uwb_switch__functions.c
[1.807s] -- Up-to-date: /home/utec/humanoid_ws/install/unitree_go/include/unitree_go/unitree_go/msg/detail/bms_cmd__struct.h
[1.807s] -- Up-to-date: /home/utec/humanoid_ws/install/unitree_go/include/unitree_go/unitree_go/msg/detail/motor_states__type_support.h
[1.807s] -- Up-to-date: /home/utec/humanoid_ws/install/unitree_go/include/unitree_go/unitree_go/msg/detail/res__type_support.h
[1.808s] -- Up-to-date: /home/utec/humanoid_ws/install/unitree_go/include/unitree_go/unitree_go/msg/detail/bms_cmd__type_support.h
[1.809s] -- Up-to-date: /home/utec/humanoid_ws/install/unitree_go/include/unitree_go/unitree_go/msg/detail/res__struct.h
[1.809s] -- Up-to-date: /home/utec/humanoid_ws/install/unitree_go/include/unitree_go/unitree_go/msg/detail/bms_cmd__functions.c
[1.809s] -- Up-to-date: /home/utec/humanoid_ws/install/unitree_go/include/unitree_go/unitree_go/msg/detail/uwb_state__functions.c
[1.809s] -- Up-to-date: /home/utec/humanoid_ws/install/unitree_go/include/unitree_go/unitree_go/msg/detail/imu_state__type_support.h
[1.810s] -- Up-to-date: /home/utec/humanoid_ws/install/unitree_go/include/unitree_go/unitree_go/msg/detail/interface_config__functions.h
[1.810s] -- Up-to-date: /home/utec/humanoid_ws/install/unitree_go/include/unitree_go/unitree_go/msg/detail/uwb_state__type_support.h
[1.810s] -- Up-to-date: /home/utec/humanoid_ws/install/unitree_go/include/unitree_go/unitree_go/msg/detail/low_state__functions.h
[1.810s] -- Up-to-date: /home/utec/humanoid_ws/install/unitree_go/include/unitree_go/unitree_go/msg/detail/low_cmd__functions.h
[1.811s] -- Up-to-date: /home/utec/humanoid_ws/install/unitree_go/include/unitree_go/unitree_go/msg/detail/req__struct.h
[1.857s] -- Up-to-date: /home/utec/humanoid_ws/install/unitree_go/include/unitree_go/unitree_go/msg/detail/audio_data__functions.h
[1.858s] -- Up-to-date: /home/utec/humanoid_ws/install/unitree_go/include/unitree_go/unitree_go/msg/detail/motor_cmds__functions.h
[1.858s] -- Up-to-date: /home/utec/humanoid_ws/install/unitree_go/include/unitree_go/unitree_go/msg/detail/motor_state__functions.h
[1.858s] -- Up-to-date: /home/utec/humanoid_ws/install/unitree_go/include/unitree_go/unitree_go/msg/detail/uwb_switch__type_support.h
[1.858s] -- Up-to-date: /home/utec/humanoid_ws/install/unitree_go/include/unitree_go/unitree_go/msg/detail/res__functions.c
[1.859s] -- Up-to-date: /home/utec/humanoid_ws/install/unitree_go/include/unitree_go/unitree_go/msg/detail/motor_states__functions.h
[1.859s] -- Up-to-date: /home/utec/humanoid_ws/install/unitree_go/include/unitree_go/unitree_go/msg/detail/low_cmd__type_support.h
[1.859s] -- Up-to-date: /home/utec/humanoid_ws/install/unitree_go/include/unitree_go/unitree_go/msg/detail/time_spec__functions.c
[1.859s] -- Up-to-date: /home/utec/humanoid_ws/install/unitree_go/include/unitree_go/unitree_go/msg/detail/sport_mode_cmd__struct.h
[1.861s] -- Up-to-date: /home/utec/humanoid_ws/install/unitree_go/include/unitree_go/unitree_go/msg/detail/bms_state__functions.h
[1.861s] -- Up-to-date: /home/utec/humanoid_ws/install/unitree_go/include/unitree_go/unitree_go/msg/detail/height_map__functions.h
[1.861s] -- Up-to-date: /home/utec/humanoid_ws/install/unitree_go/include/unitree_go/unitree_go/msg/detail/error__functions.c
[1.862s] -- Up-to-date: /home/utec/humanoid_ws/install/unitree_go/include/unitree_go/unitree_go/msg/detail/motor_cmds__struct.h
[1.865s] -- Up-to-date: /home/utec/humanoid_ws/install/unitree_go/include/unitree_go/unitree_go/msg/detail/motor_cmd__struct.h
[1.866s] -- Up-to-date: /home/utec/humanoid_ws/install/unitree_go/include/unitree_go/unitree_go/msg/detail/bms_state__type_support.h
[1.866s] -- Up-to-date: /home/utec/humanoid_ws/install/unitree_go/include/unitree_go/unitree_go/msg/detail/bms_cmd__functions.h
[1.867s] -- Up-to-date: /home/utec/humanoid_ws/install/unitree_go/include/unitree_go/unitree_go/msg/detail/wireless_controller__type_support.h
[1.867s] -- Up-to-date: /home/utec/humanoid_ws/install/unitree_go/include/unitree_go/unitree_go/msg/detail/error__type_support.h
[1.867s] -- Up-to-date: /home/utec/humanoid_ws/install/unitree_go/include/unitree_go/unitree_go/msg/detail/uwb_state__struct.h
[1.868s] -- Up-to-date: /home/utec/humanoid_ws/install/unitree_go/include/unitree_go/unitree_go/msg/detail/audio_data__struct.h
[1.870s] -- Up-to-date: /home/utec/humanoid_ws/install/unitree_go/include/unitree_go/unitree_go/msg/detail/lidar_state__functions.c
[1.870s] -- Up-to-date: /home/utec/humanoid_ws/install/unitree_go/include/unitree_go/unitree_go/msg/detail/time_spec__struct.h
[1.870s] -- Up-to-date: /home/utec/humanoid_ws/install/unitree_go/include/unitree_go/unitree_go/msg/detail/path_point__struct.h
[1.870s] -- Up-to-date: /home/utec/humanoid_ws/install/unitree_go/include/unitree_go/unitree_go/msg/detail/sport_mode_state__struct.h
[1.871s] -- Up-to-date: /home/utec/humanoid_ws/install/unitree_go/include/unitree_go/unitree_go/msg/detail/wireless_controller__functions.h
[1.871s] -- Up-to-date: /home/utec/humanoid_ws/install/unitree_go/include/unitree_go/unitree_go/msg/detail/motor_cmds__functions.c
[1.871s] -- Up-to-date: /home/utec/humanoid_ws/install/unitree_go/include/unitree_go/unitree_go/msg/detail/low_cmd__functions.c
[1.871s] -- Up-to-date: /home/utec/humanoid_ws/install/unitree_go/include/unitree_go/unitree_go/msg/detail/motor_state__functions.c
[1.871s] -- Up-to-date: /home/utec/humanoid_ws/install/unitree_go/include/unitree_go/unitree_go/msg/detail/req__type_support.h
[1.871s] -- Up-to-date: /home/utec/humanoid_ws/install/unitree_go/include/unitree_go/unitree_go/msg/detail/interface_config__functions.c
[1.872s] -- Up-to-date: /home/utec/humanoid_ws/install/unitree_go/include/unitree_go/unitree_go/msg/detail/path_point__functions.c
[1.872s] -- Up-to-date: /home/utec/humanoid_ws/install/unitree_go/include/unitree_go/unitree_go/msg/detail/motor_cmds__type_support.h
[1.872s] -- Up-to-date: /home/utec/humanoid_ws/install/unitree_go/include/unitree_go/unitree_go/msg/detail/motor_cmd__type_support.h
[1.899s] -- Up-to-date: /home/utec/humanoid_ws/install/unitree_go/include/unitree_go/unitree_go/msg/detail/sport_mode_state__type_support.h
[1.900s] -- Up-to-date: /home/utec/humanoid_ws/install/unitree_go/include/unitree_go/unitree_go/msg/detail/sport_mode_cmd__functions.c
[1.900s] -- Up-to-date: /home/utec/humanoid_ws/install/unitree_go/include/unitree_go/unitree_go/msg/detail/bms_state__struct.h
[1.900s] -- Up-to-date: /home/utec/humanoid_ws/install/unitree_go/include/unitree_go/unitree_go/msg/detail/imu_state__functions.h
[1.900s] -- Up-to-date: /home/utec/humanoid_ws/install/unitree_go/include/unitree_go/unitree_go/msg/detail/path_point__functions.h
[1.900s] -- Up-to-date: /home/utec/humanoid_ws/install/unitree_go/include/unitree_go/unitree_go/msg/detail/motor_states__functions.c
[1.902s] -- Up-to-date: /home/utec/humanoid_ws/install/unitree_go/include/unitree_go/unitree_go/msg/detail/lidar_state__struct.h
[1.904s] -- Up-to-date: /home/utec/humanoid_ws/install/unitree_go/include/unitree_go/unitree_go/msg/detail/path_point__type_support.h
[1.904s] -- Up-to-date: /home/utec/humanoid_ws/install/unitree_go/include/unitree_go/unitree_go/msg/sport_mode_state.h
[1.905s] -- Up-to-date: /home/utec/humanoid_ws/install/unitree_go/include/unitree_go/unitree_go/msg/go2_front_video_data.h
[1.905s] -- Up-to-date: /home/utec/humanoid_ws/install/unitree_go/include/unitree_go/unitree_go/msg/wireless_controller.h
[1.905s] -- Up-to-date: /home/utec/humanoid_ws/install/unitree_go/include/unitree_go/unitree_go/msg/low_state.h
[1.905s] -- Up-to-date: /home/utec/humanoid_ws/install/unitree_go/include/unitree_go/unitree_go/msg/bms_state.h
[1.905s] -- Up-to-date: /home/utec/humanoid_ws/install/unitree_go/include/unitree_go/unitree_go/msg/path_point.h
[1.905s] -- Up-to-date: /home/utec/humanoid_ws/install/unitree_go/include/unitree_go/unitree_go/msg/rosidl_generator_c__visibility_control.h
[1.906s] -- Up-to-date: /home/utec/humanoid_ws/install/unitree_go/include/unitree_go/unitree_go/msg/motor_states.h
[1.906s] -- Up-to-date: /home/utec/humanoid_ws/install/unitree_go/include/unitree_go/unitree_go/msg/error.h
[1.906s] -- Up-to-date: /home/utec/humanoid_ws/install/unitree_go/include/unitree_go/unitree_go/msg/uwb_switch.h
[1.906s] -- Up-to-date: /home/utec/humanoid_ws/install/unitree_go/include/unitree_go/unitree_go/msg/uwb_state.h
[1.906s] -- Up-to-date: /home/utec/humanoid_ws/install/unitree_go/include/unitree_go/unitree_go/msg/res.h
[1.906s] -- Up-to-date: /home/utec/humanoid_ws/install/unitree_go/include/unitree_go/unitree_go/msg/height_map.h
[1.908s] -- Up-to-date: /home/utec/humanoid_ws/install/unitree_go/include/unitree_go/unitree_go/msg/motor_cmds.h
[1.908s] -- Up-to-date: /home/utec/humanoid_ws/install/unitree_go/include/unitree_go/unitree_go/msg/motor_state.h
[1.908s] -- Up-to-date: /home/utec/humanoid_ws/install/unitree_go/include/unitree_go/unitree_go/msg/interface_config.h
[1.908s] -- Up-to-date: /home/utec/humanoid_ws/install/unitree_go/share/unitree_go/environment/library_path.sh
[1.910s] -- Up-to-date: /home/utec/humanoid_ws/install/unitree_go/share/unitree_go/environment/library_path.dsv
[1.910s] -- Up-to-date: /home/utec/humanoid_ws/install/unitree_go/lib/libunitree_go__rosidl_generator_c.so
[1.910s] -- Up-to-date: /home/utec/humanoid_ws/install/unitree_go/include/unitree_go/unitree_go
[1.911s] -- Up-to-date: /home/utec/humanoid_ws/install/unitree_go/include/unitree_go/unitree_go/msg
[1.913s] -- Up-to-date: /home/utec/humanoid_ws/install/unitree_go/include/unitree_go/unitree_go/msg/rosidl_typesupport_fastrtps_c__visibility_control.h
[1.919s] -- Up-to-date: /home/utec/humanoid_ws/install/unitree_go/include/unitree_go/unitree_go/msg/detail
[1.920s] -- Up-to-date: /home/utec/humanoid_ws/install/unitree_go/include/unitree_go/unitree_go/msg/detail/uwb_switch__rosidl_typesupport_fastrtps_c.h
[1.920s] -- Up-to-date: /home/utec/humanoid_ws/install/unitree_go/include/unitree_go/unitree_go/msg/detail/low_cmd__rosidl_typesupport_fastrtps_c.h
[1.920s] -- Up-to-date: /home/utec/humanoid_ws/install/unitree_go/include/unitree_go/unitree_go/msg/detail/motor_cmd__rosidl_typesupport_fastrtps_c.h
[1.920s] -- Up-to-date: /home/utec/humanoid_ws/install/unitree_go/include/unitree_go/unitree_go/msg/detail/interface_config__rosidl_typesupport_fastrtps_c.h
[1.920s] -- Up-to-date: /home/utec/humanoid_ws/install/unitree_go/include/unitree_go/unitree_go/msg/detail/audio_data__rosidl_typesupport_fastrtps_c.h
[1.925s] -- Up-to-date: /home/utec/humanoid_ws/install/unitree_go/include/unitree_go/unitree_go/msg/detail/res__rosidl_typesupport_fastrtps_c.h
[1.925s] -- Up-to-date: /home/utec/humanoid_ws/install/unitree_go/include/unitree_go/unitree_go/msg/detail/motor_states__rosidl_typesupport_fastrtps_c.h
[1.925s] -- Up-to-date: /home/utec/humanoid_ws/install/unitree_go/include/unitree_go/unitree_go/msg/detail/motor_cmds__rosidl_typesupport_fastrtps_c.h
[1.926s] -- Up-to-date: /home/utec/humanoid_ws/install/unitree_go/include/unitree_go/unitree_go/msg/detail/error__rosidl_typesupport_fastrtps_c.h
[1.926s] -- Up-to-date: /home/utec/humanoid_ws/install/unitree_go/include/unitree_go/unitree_go/msg/detail/time_spec__rosidl_typesupport_fastrtps_c.h
[1.926s] -- Up-to-date: /home/utec/humanoid_ws/install/unitree_go/include/unitree_go/unitree_go/msg/detail/motor_state__rosidl_typesupport_fastrtps_c.h
[1.926s] -- Up-to-date: /home/utec/humanoid_ws/install/unitree_go/include/unitree_go/unitree_go/msg/detail/bms_cmd__rosidl_typesupport_fastrtps_c.h
[1.926s] -- Up-to-date: /home/utec/humanoid_ws/install/unitree_go/include/unitree_go/unitree_go/msg/detail/go2_front_video_data__rosidl_typesupport_fastrtps_c.h
[1.926s] -- Up-to-date: /home/utec/humanoid_ws/install/unitree_go/include/unitree_go/unitree_go/msg/detail/sport_mode_cmd__rosidl_typesupport_fastrtps_c.h
[1.927s] -- Up-to-date: /home/utec/humanoid_ws/install/unitree_go/include/unitree_go/unitree_go/msg/detail/height_map__rosidl_typesupport_fastrtps_c.h
[1.927s] -- Up-to-date: /home/utec/humanoid_ws/install/unitree_go/include/unitree_go/unitree_go/msg/detail/req__rosidl_typesupport_fastrtps_c.h
[1.927s] -- Up-to-date: /home/utec/humanoid_ws/install/unitree_go/include/unitree_go/unitree_go/msg/detail/low_state__rosidl_typesupport_fastrtps_c.h
[1.927s] -- Up-to-date: /home/utec/humanoid_ws/install/unitree_go/include/unitree_go/unitree_go/msg/detail/bms_state__rosidl_typesupport_fastrtps_c.h
[1.927s] -- Up-to-date: /home/utec/humanoid_ws/install/unitree_go/include/unitree_go/unitree_go/msg/detail/lidar_state__rosidl_typesupport_fastrtps_c.h
[1.927s] -- Up-to-date: /home/utec/humanoid_ws/install/unitree_go/include/unitree_go/unitree_go/msg/detail/path_point__rosidl_typesupport_fastrtps_c.h
[1.927s] -- Up-to-date: /home/utec/humanoid_ws/install/unitree_go/include/unitree_go/unitree_go/msg/detail/uwb_state__rosidl_typesupport_fastrtps_c.h
[1.928s] -- Up-to-date: /home/utec/humanoid_ws/install/unitree_go/include/unitree_go/unitree_go/msg/detail/imu_state__rosidl_typesupport_fastrtps_c.h
[1.928s] -- Up-to-date: /home/utec/humanoid_ws/install/unitree_go/include/unitree_go/unitree_go/msg/detail/wireless_controller__rosidl_typesupport_fastrtps_c.h
[1.928s] -- Up-to-date: /home/utec/humanoid_ws/install/unitree_go/include/unitree_go/unitree_go/msg/detail/sport_mode_state__rosidl_typesupport_fastrtps_c.h
[1.928s] -- Up-to-date: /home/utec/humanoid_ws/install/unitree_go/lib/libunitree_go__rosidl_typesupport_fastrtps_c.so
[1.928s] -- Up-to-date: /home/utec/humanoid_ws/install/unitree_go/include/unitree_go/unitree_go
[1.945s] -- Up-to-date: /home/utec/humanoid_ws/install/unitree_go/include/unitree_go/unitree_go/msg
[1.946s] -- Up-to-date: /home/utec/humanoid_ws/install/unitree_go/include/unitree_go/unitree_go/msg/wireless_controller.hpp
[1.946s] -- Up-to-date: /home/utec/humanoid_ws/install/unitree_go/include/unitree_go/unitree_go/msg/sport_mode_state.hpp
[1.946s] -- Up-to-date: /home/utec/humanoid_ws/install/unitree_go/include/unitree_go/unitree_go/msg/height_map.hpp
[1.946s] -- Up-to-date: /home/utec/humanoid_ws/install/unitree_go/include/unitree_go/unitree_go/msg/req.hpp
[1.946s] -- Up-to-date: /home/utec/humanoid_ws/install/unitree_go/include/unitree_go/unitree_go/msg/uwb_state.hpp
[1.946s] -- Up-to-date: /home/utec/humanoid_ws/install/unitree_go/include/unitree_go/unitree_go/msg/motor_cmds.hpp
[1.946s] -- Up-to-date: /home/utec/humanoid_ws/install/unitree_go/include/unitree_go/unitree_go/msg/lidar_state.hpp
[1.950s] -- Up-to-date: /home/utec/humanoid_ws/install/unitree_go/include/unitree_go/unitree_go/msg/detail
[1.950s] -- Up-to-date: /home/utec/humanoid_ws/install/unitree_go/include/unitree_go/unitree_go/msg/detail/req__builder.hpp
[1.950s] -- Up-to-date: /home/utec/humanoid_ws/install/unitree_go/include/unitree_go/unitree_go/msg/detail/path_point__struct.hpp
[1.950s] -- Up-to-date: /home/utec/humanoid_ws/install/unitree_go/include/unitree_go/unitree_go/msg/detail/uwb_state__builder.hpp
[1.951s] -- Up-to-date: /home/utec/humanoid_ws/install/unitree_go/include/unitree_go/unitree_go/msg/detail/path_point__traits.hpp
[1.951s] -- Up-to-date: /home/utec/humanoid_ws/install/unitree_go/include/unitree_go/unitree_go/msg/detail/motor_cmd__type_support.hpp
[1.951s] -- Up-to-date: /home/utec/humanoid_ws/install/unitree_go/include/unitree_go/unitree_go/msg/detail/imu_state__struct.hpp
[1.951s] -- Up-to-date: /home/utec/humanoid_ws/install/unitree_go/include/unitree_go/unitree_go/msg/detail/audio_data__struct.hpp
[1.951s] -- Up-to-date: /home/utec/humanoid_ws/install/unitree_go/include/unitree_go/unitree_go/msg/detail/audio_data__traits.hpp
[1.952s] -- Up-to-date: /home/utec/humanoid_ws/install/unitree_go/include/unitree_go/unitree_go/msg/detail/lidar_state__builder.hpp
[1.952s] -- Up-to-date: /home/utec/humanoid_ws/install/unitree_go/include/unitree_go/unitree_go/msg/detail/motor_cmds__traits.hpp
[1.952s] -- Up-to-date: /home/utec/humanoid_ws/install/unitree_go/include/unitree_go/unitree_go/msg/detail/motor_state__struct.hpp
[1.952s] -- Up-to-date: /home/utec/humanoid_ws/install/unitree_go/include/unitree_go/unitree_go/msg/detail/uwb_state__type_support.hpp
[1.952s] -- Up-to-date: /home/utec/humanoid_ws/install/unitree_go/include/unitree_go/unitree_go/msg/detail/bms_state__type_support.hpp
[1.952s] -- Up-to-date: /home/utec/humanoid_ws/install/unitree_go/include/unitree_go/unitree_go/msg/detail/path_point__type_support.hpp
[1.952s] -- Up-to-date: /home/utec/humanoid_ws/install/unitree_go/include/unitree_go/unitree_go/msg/detail/sport_mode_state__type_support.hpp
[1.953s] -- Up-to-date: /home/utec/humanoid_ws/install/unitree_go/include/unitree_go/unitree_go/msg/detail/motor_states__struct.hpp
[1.955s] -- Up-to-date: /home/utec/humanoid_ws/install/unitree_go/include/unitree_go/unitree_go/msg/detail/bms_cmd__type_support.hpp
[1.961s] -- Up-to-date: /home/utec/humanoid_ws/install/unitree_go/include/unitree_go/unitree_go/msg/detail/lidar_state__struct.hpp
[1.963s] -- Up-to-date: /home/utec/humanoid_ws/install/unitree_go/include/unitree_go/unitree_go/msg/detail/imu_state__builder.hpp
[1.963s] -- Up-to-date: /home/utec/humanoid_ws/install/unitree_go/include/unitree_go/unitree_go/msg/detail/bms_cmd__traits.hpp
[1.966s] -- Up-to-date: /home/utec/humanoid_ws/install/unitree_go/include/unitree_go/unitree_go/msg/detail/motor_cmds__type_support.hpp
[1.967s] -- Up-to-date: /home/utec/humanoid_ws/install/unitree_go/include/unitree_go/unitree_go/msg/detail/sport_mode_state__struct.hpp
[1.967s] -- Up-to-date: /home/utec/humanoid_ws/install/unitree_go/include/unitree_go/unitree_go/msg/detail/motor_states__traits.hpp
[1.967s] -- Up-to-date: /home/utec/humanoid_ws/install/unitree_go/include/unitree_go/unitree_go/msg/detail/uwb_switch__type_support.hpp
[1.968s] -- Up-to-date: /home/utec/humanoid_ws/install/unitree_go/include/unitree_go/unitree_go/msg/detail/low_cmd__builder.hpp
[1.968s] -- Up-to-date: /home/utec/humanoid_ws/install/unitree_go/include/unitree_go/unitree_go/msg/detail/motor_states__builder.hpp
[1.968s] -- Up-to-date: /home/utec/humanoid_ws/install/unitree_go/include/unitree_go/unitree_go/msg/detail/sport_mode_cmd__struct.hpp
[1.968s] -- Up-to-date: /home/utec/humanoid_ws/install/unitree_go/include/unitree_go/unitree_go/msg/detail/wireless_controller__struct.hpp
[1.969s] -- Up-to-date: /home/utec/humanoid_ws/install/unitree_go/include/unitree_go/unitree_go/msg/detail/low_state__builder.hpp
[1.969s] -- Up-to-date: /home/utec/humanoid_ws/install/unitree_go/include/unitree_go/unitree_go/msg/detail/go2_front_video_data__builder.hpp
[1.972s] -- Up-to-date: /home/utec/humanoid_ws/install/unitree_go/include/unitree_go/unitree_go/msg/detail/height_map__traits.hpp
[1.972s] -- Up-to-date: /home/utec/humanoid_ws/install/unitree_go/include/unitree_go/unitree_go/msg/detail/motor_states__type_support.hpp
[1.973s] -- Up-to-date: /home/utec/humanoid_ws/install/unitree_go/include/unitree_go/unitree_go/msg/detail/uwb_switch__traits.hpp
[1.973s] -- Up-to-date: /home/utec/humanoid_ws/install/unitree_go/include/unitree_go/unitree_go/msg/detail/uwb_switch__struct.hpp
[1.974s] -- Up-to-date: /home/utec/humanoid_ws/install/unitree_go/include/unitree_go/unitree_go/msg/detail/interface_config__type_support.hpp
[1.975s] -- Up-to-date: /home/utec/humanoid_ws/install/unitree_go/include/unitree_go/unitree_go/msg/detail/height_map__builder.hpp
[1.975s] -- Up-to-date: /home/utec/humanoid_ws/install/unitree_go/include/unitree_go/unitree_go/msg/detail/uwb_state__traits.hpp
[1.976s] -- Up-to-date: /home/utec/humanoid_ws/install/unitree_go/include/unitree_go/unitree_go/msg/detail/low_cmd__type_support.hpp
[1.976s] -- Up-to-date: /home/utec/humanoid_ws/install/unitree_go/include/unitree_go/unitree_go/msg/detail/motor_state__builder.hpp
[1.977s] -- Up-to-date: /home/utec/humanoid_ws/install/unitree_go/include/unitree_go/unitree_go/msg/detail/motor_cmd__builder.hpp
[1.977s] -- Up-to-date: /home/utec/humanoid_ws/install/unitree_go/include/unitree_go/unitree_go/msg/detail/res__builder.hpp
[1.978s] -- Up-to-date: /home/utec/humanoid_ws/install/unitree_go/include/unitree_go/unitree_go/msg/detail/bms_state__builder.hpp
[1.978s] -- Up-to-date: /home/utec/humanoid_ws/install/unitree_go/include/unitree_go/unitree_go/msg/detail/interface_config__traits.hpp
[1.978s] -- Up-to-date: /home/utec/humanoid_ws/install/unitree_go/include/unitree_go/unitree_go/msg/detail/uwb_state__struct.hpp
[1.978s] -- Up-to-date: /home/utec/humanoid_ws/install/unitree_go/include/unitree_go/unitree_go/msg/detail/imu_state__traits.hpp
[1.978s] -- Up-to-date: /home/utec/humanoid_ws/install/unitree_go/include/unitree_go/unitree_go/msg/detail/bms_cmd__builder.hpp
[1.979s] -- Up-to-date: /home/utec/humanoid_ws/install/unitree_go/include/unitree_go/unitree_go/msg/detail/res__type_support.hpp
[1.979s] -- Up-to-date: /home/utec/humanoid_ws/install/unitree_go/include/unitree_go/unitree_go/msg/detail/error__struct.hpp
[1.981s] -- Up-to-date: /home/utec/humanoid_ws/install/unitree_go/include/unitree_go/unitree_go/msg/detail/sport_mode_state__traits.hpp
[1.982s] -- Up-to-date: /home/utec/humanoid_ws/install/unitree_go/include/unitree_go/unitree_go/msg/detail/low_state__struct.hpp
[1.982s] -- Up-to-date: /home/utec/humanoid_ws/install/unitree_go/include/unitree_go/unitree_go/msg/detail/wireless_controller__type_support.hpp
[1.983s] -- Up-to-date: /home/utec/humanoid_ws/install/unitree_go/include/unitree_go/unitree_go/msg/detail/lidar_state__type_support.hpp
[1.985s] -- Up-to-date: /home/utec/humanoid_ws/install/unitree_go/include/unitree_go/unitree_go/msg/detail/low_cmd__struct.hpp
[1.990s] -- Up-to-date: /home/utec/humanoid_ws/install/unitree_go/include/unitree_go/unitree_go/msg/detail/bms_state__traits.hpp
[1.992s] -- Up-to-date: /home/utec/humanoid_ws/install/unitree_go/include/unitree_go/unitree_go/msg/detail/error__builder.hpp
[1.993s] -- Up-to-date: /home/utec/humanoid_ws/install/unitree_go/include/unitree_go/unitree_go/msg/detail/sport_mode_cmd__builder.hpp
[1.993s] -- Up-to-date: /home/utec/humanoid_ws/install/unitree_go/include/unitree_go/unitree_go/msg/detail/error__type_support.hpp
[1.993s] -- Up-to-date: /home/utec/humanoid_ws/install/unitree_go/include/unitree_go/unitree_go/msg/detail/motor_state__type_support.hpp
[1.993s] -- Up-to-date: /home/utec/humanoid_ws/install/unitree_go/include/unitree_go/unitree_go/msg/detail/height_map__type_support.hpp
[1.994s] -- Up-to-date: /home/utec/humanoid_ws/install/unitree_go/include/unitree_go/unitree_go/msg/detail/low_state__type_support.hpp
[1.994s] -- Up-to-date: /home/utec/humanoid_ws/install/unitree_go/include/unitree_go/unitree_go/msg/detail/wireless_controller__builder.hpp
[1.995s] -- Up-to-date: /home/utec/humanoid_ws/install/unitree_go/include/unitree_go/unitree_go/msg/detail/low_state__traits.hpp
[1.995s] -- Up-to-date: /home/utec/humanoid_ws/install/unitree_go/include/unitree_go/unitree_go/msg/detail/motor_state__traits.hpp
[1.995s] -- Up-to-date: /home/utec/humanoid_ws/install/unitree_go/include/unitree_go/unitree_go/msg/detail/path_point__builder.hpp
[1.995s] -- Up-to-date: /home/utec/humanoid_ws/install/unitree_go/include/unitree_go/unitree_go/msg/detail/lidar_state__traits.hpp
[1.995s] -- Up-to-date: /home/utec/humanoid_ws/install/unitree_go/include/unitree_go/unitree_go/msg/detail/interface_config__builder.hpp
[1.995s] -- Up-to-date: /home/utec/humanoid_ws/install/unitree_go/include/unitree_go/unitree_go/msg/detail/res__struct.hpp
[1.995s] -- Up-to-date: /home/utec/humanoid_ws/install/unitree_go/include/unitree_go/unitree_go/msg/detail/time_spec__struct.hpp
[1.995s] -- Up-to-date: /home/utec/humanoid_ws/install/unitree_go/include/unitree_go/unitree_go/msg/detail/audio_data__builder.hpp
[1.996s] -- Up-to-date: /home/utec/humanoid_ws/install/unitree_go/include/unitree_go/unitree_go/msg/detail/go2_front_video_data__type_support.hpp
[1.996s] -- Up-to-date: /home/utec/humanoid_ws/install/unitree_go/include/unitree_go/unitree_go/msg/detail/audio_data__type_support.hpp
[1.996s] -- Up-to-date: /home/utec/humanoid_ws/install/unitree_go/include/unitree_go/unitree_go/msg/detail/height_map__struct.hpp
[1.996s] -- Up-to-date: /home/utec/humanoid_ws/install/unitree_go/include/unitree_go/unitree_go/msg/detail/time_spec__type_support.hpp
[1.996s] -- Up-to-date: /home/utec/humanoid_ws/install/unitree_go/include/unitree_go/unitree_go/msg/detail/sport_mode_cmd__traits.hpp
[1.996s] -- Up-to-date: /home/utec/humanoid_ws/install/unitree_go/include/unitree_go/unitree_go/msg/detail/motor_cmd__struct.hpp
[1.996s] -- Up-to-date: /home/utec/humanoid_ws/install/unitree_go/include/unitree_go/unitree_go/msg/detail/low_cmd__traits.hpp
[1.997s] -- Up-to-date: /home/utec/humanoid_ws/install/unitree_go/include/unitree_go/unitree_go/msg/detail/uwb_switch__builder.hpp
[1.997s] -- Up-to-date: /home/utec/humanoid_ws/install/unitree_go/include/unitree_go/unitree_go/msg/detail/req__type_support.hpp
[1.997s] -- Up-to-date: /home/utec/humanoid_ws/install/unitree_go/include/unitree_go/unitree_go/msg/detail/time_spec__traits.hpp
[1.997s] -- Up-to-date: /home/utec/humanoid_ws/install/unitree_go/include/unitree_go/unitree_go/msg/detail/motor_cmds__builder.hpp
[1.997s] -- Up-to-date: /home/utec/humanoid_ws/install/unitree_go/include/unitree_go/unitree_go/msg/detail/req__traits.hpp
[1.997s] -- Up-to-date: /home/utec/humanoid_ws/install/unitree_go/include/unitree_go/unitree_go/msg/detail/sport_mode_cmd__type_support.hpp
[1.997s] -- Up-to-date: /home/utec/humanoid_ws/install/unitree_go/include/unitree_go/unitree_go/msg/detail/bms_state__struct.hpp
[1.997s] -- Up-to-date: /home/utec/humanoid_ws/install/unitree_go/include/unitree_go/unitree_go/msg/detail/bms_cmd__struct.hpp
[1.997s] -- Up-to-date: /home/utec/humanoid_ws/install/unitree_go/include/unitree_go/unitree_go/msg/detail/req__struct.hpp
[1.997s] -- Up-to-date: /home/utec/humanoid_ws/install/unitree_go/include/unitree_go/unitree_go/msg/detail/wireless_controller__traits.hpp
[1.997s] -- Up-to-date: /home/utec/humanoid_ws/install/unitree_go/include/unitree_go/unitree_go/msg/detail/res__traits.hpp
[1.998s] -- Up-to-date: /home/utec/humanoid_ws/install/unitree_go/include/unitree_go/unitree_go/msg/detail/motor_cmds__struct.hpp
[1.998s] -- Up-to-date: /home/utec/humanoid_ws/install/unitree_go/include/unitree_go/unitree_go/msg/detail/interface_config__struct.hpp
[1.998s] -- Up-to-date: /home/utec/humanoid_ws/install/unitree_go/include/unitree_go/unitree_go/msg/detail/motor_cmd__traits.hpp
[1.998s] -- Up-to-date: /home/utec/humanoid_ws/install/unitree_go/include/unitree_go/unitree_go/msg/detail/imu_state__type_support.hpp
[1.998s] -- Up-to-date: /home/utec/humanoid_ws/install/unitree_go/include/unitree_go/unitree_go/msg/detail/error__traits.hpp
[1.999s] -- Up-to-date: /home/utec/humanoid_ws/install/unitree_go/include/unitree_go/unitree_go/msg/detail/go2_front_video_data__struct.hpp
[1.999s] -- Up-to-date: /home/utec/humanoid_ws/install/unitree_go/include/unitree_go/unitree_go/msg/detail/sport_mode_state__builder.hpp
[2.000s] -- Up-to-date: /home/utec/humanoid_ws/install/unitree_go/include/unitree_go/unitree_go/msg/detail/go2_front_video_data__traits.hpp
[2.000s] -- Up-to-date: /home/utec/humanoid_ws/install/unitree_go/include/unitree_go/unitree_go/msg/detail/time_spec__builder.hpp
[2.000s] -- Up-to-date: /home/utec/humanoid_ws/install/unitree_go/include/unitree_go/unitree_go/msg/motor_state.hpp
[2.000s] -- Up-to-date: /home/utec/humanoid_ws/install/unitree_go/include/unitree_go/unitree_go/msg/sport_mode_cmd.hpp
[2.000s] -- Up-to-date: /home/utec/humanoid_ws/install/unitree_go/include/unitree_go/unitree_go/msg/bms_state.hpp
[2.001s] -- Up-to-date: /home/utec/humanoid_ws/install/unitree_go/include/unitree_go/unitree_go/msg/motor_cmd.hpp
[2.001s] -- Up-to-date: /home/utec/humanoid_ws/install/unitree_go/include/unitree_go/unitree_go/msg/motor_states.hpp
[2.001s] -- Up-to-date: /home/utec/humanoid_ws/install/unitree_go/include/unitree_go/unitree_go/msg/audio_data.hpp
[2.001s] -- Up-to-date: /home/utec/humanoid_ws/install/unitree_go/include/unitree_go/unitree_go/msg/imu_state.hpp
[2.001s] -- Up-to-date: /home/utec/humanoid_ws/install/unitree_go/include/unitree_go/unitree_go/msg/go2_front_video_data.hpp
[2.001s] -- Up-to-date: /home/utec/humanoid_ws/install/unitree_go/include/unitree_go/unitree_go/msg/interface_config.hpp
[2.002s] -- Up-to-date: /home/utec/humanoid_ws/install/unitree_go/include/unitree_go/unitree_go/msg/rosidl_generator_cpp__visibility_control.hpp
[2.002s] -- Up-to-date: /home/utec/humanoid_ws/install/unitree_go/include/unitree_go/unitree_go/msg/low_cmd.hpp
[2.002s] -- Up-to-date: /home/utec/humanoid_ws/install/unitree_go/include/unitree_go/unitree_go/msg/path_point.hpp
[2.002s] -- Up-to-date: /home/utec/humanoid_ws/install/unitree_go/include/unitree_go/unitree_go/msg/error.hpp
[2.002s] -- Up-to-date: /home/utec/humanoid_ws/install/unitree_go/include/unitree_go/unitree_go/msg/low_state.hpp
[2.002s] -- Up-to-date: /home/utec/humanoid_ws/install/unitree_go/include/unitree_go/unitree_go/msg/time_spec.hpp
[2.002s] -- Up-to-date: /home/utec/humanoid_ws/install/unitree_go/include/unitree_go/unitree_go/msg/uwb_switch.hpp
[2.002s] -- Up-to-date: /home/utec/humanoid_ws/install/unitree_go/include/unitree_go/unitree_go/msg/res.hpp
[2.002s] -- Up-to-date: /home/utec/humanoid_ws/install/unitree_go/include/unitree_go/unitree_go/msg/bms_cmd.hpp
[2.003s] -- Up-to-date: /home/utec/humanoid_ws/install/unitree_go/include/unitree_go/unitree_go
[2.003s] -- Up-to-date: /home/utec/humanoid_ws/install/unitree_go/include/unitree_go/unitree_go/msg
[2.003s] -- Up-to-date: /home/utec/humanoid_ws/install/unitree_go/include/unitree_go/unitree_go/msg/detail
[2.003s] -- Up-to-date: /home/utec/humanoid_ws/install/unitree_go/include/unitree_go/unitree_go/msg/detail/lidar_state__rosidl_typesupport_fastrtps_cpp.hpp
[2.003s] -- Up-to-date: /home/utec/humanoid_ws/install/unitree_go/include/unitree_go/unitree_go/msg/detail/motor_cmd__rosidl_typesupport_fastrtps_cpp.hpp
[2.003s] -- Up-to-date: /home/utec/humanoid_ws/install/unitree_go/include/unitree_go/unitree_go/msg/detail/motor_state__rosidl_typesupport_fastrtps_cpp.hpp
[2.004s] -- Up-to-date: /home/utec/humanoid_ws/install/unitree_go/include/unitree_go/unitree_go/msg/detail/height_map__rosidl_typesupport_fastrtps_cpp.hpp
[2.004s] -- Up-to-date: /home/utec/humanoid_ws/install/unitree_go/include/unitree_go/unitree_go/msg/detail/bms_cmd__rosidl_typesupport_fastrtps_cpp.hpp
[2.004s] -- Up-to-date: /home/utec/humanoid_ws/install/unitree_go/include/unitree_go/unitree_go/msg/detail/req__rosidl_typesupport_fastrtps_cpp.hpp
[2.004s] -- Up-to-date: /home/utec/humanoid_ws/install/unitree_go/include/unitree_go/unitree_go/msg/detail/motor_states__rosidl_typesupport_fastrtps_cpp.hpp
[2.004s] -- Up-to-date: /home/utec/humanoid_ws/install/unitree_go/include/unitree_go/unitree_go/msg/detail/uwb_switch__rosidl_typesupport_fastrtps_cpp.hpp
[2.004s] -- Up-to-date: /home/utec/humanoid_ws/install/unitree_go/include/unitree_go/unitree_go/msg/detail/sport_mode_state__rosidl_typesupport_fastrtps_cpp.hpp
[2.004s] -- Up-to-date: /home/utec/humanoid_ws/install/unitree_go/include/unitree_go/unitree_go/msg/detail/path_point__rosidl_typesupport_fastrtps_cpp.hpp
[2.004s] -- Up-to-date: /home/utec/humanoid_ws/install/unitree_go/include/unitree_go/unitree_go/msg/detail/dds_fastrtps
[2.005s] -- Up-to-date: /home/utec/humanoid_ws/install/unitree_go/include/unitree_go/unitree_go/msg/detail/go2_front_video_data__rosidl_typesupport_fastrtps_cpp.hpp
[2.005s] -- Up-to-date: /home/utec/humanoid_ws/install/unitree_go/include/unitree_go/unitree_go/msg/detail/interface_config__rosidl_typesupport_fastrtps_cpp.hpp
[2.006s] -- Up-to-date: /home/utec/humanoid_ws/install/unitree_go/include/unitree_go/unitree_go/msg/detail/wireless_controller__rosidl_typesupport_fastrtps_cpp.hpp
[2.006s] -- Up-to-date: /home/utec/humanoid_ws/install/unitree_go/include/unitree_go/unitree_go/msg/detail/low_cmd__rosidl_typesupport_fastrtps_cpp.hpp
[2.006s] -- Up-to-date: /home/utec/humanoid_ws/install/unitree_go/include/unitree_go/unitree_go/msg/detail/time_spec__rosidl_typesupport_fastrtps_cpp.hpp
[2.007s] -- Up-to-date: /home/utec/humanoid_ws/install/unitree_go/include/unitree_go/unitree_go/msg/detail/bms_state__rosidl_typesupport_fastrtps_cpp.hpp
[2.007s] -- Up-to-date: /home/utec/humanoid_ws/install/unitree_go/include/unitree_go/unitree_go/msg/detail/low_state__rosidl_typesupport_fastrtps_cpp.hpp
[2.007s] -- Up-to-date: /home/utec/humanoid_ws/install/unitree_go/include/unitree_go/unitree_go/msg/detail/uwb_state__rosidl_typesupport_fastrtps_cpp.hpp
[2.007s] -- Up-to-date: /home/utec/humanoid_ws/install/unitree_go/include/unitree_go/unitree_go/msg/detail/imu_state__rosidl_typesupport_fastrtps_cpp.hpp
[2.007s] -- Up-to-date: /home/utec/humanoid_ws/install/unitree_go/include/unitree_go/unitree_go/msg/detail/error__rosidl_typesupport_fastrtps_cpp.hpp
[2.007s] -- Up-to-date: /home/utec/humanoid_ws/install/unitree_go/include/unitree_go/unitree_go/msg/detail/sport_mode_cmd__rosidl_typesupport_fastrtps_cpp.hpp
[2.007s] -- Up-to-date: /home/utec/humanoid_ws/install/unitree_go/include/unitree_go/unitree_go/msg/detail/motor_cmds__rosidl_typesupport_fastrtps_cpp.hpp
[2.007s] -- Up-to-date: /home/utec/humanoid_ws/install/unitree_go/include/unitree_go/unitree_go/msg/detail/audio_data__rosidl_typesupport_fastrtps_cpp.hpp
[2.007s] -- Up-to-date: /home/utec/humanoid_ws/install/unitree_go/include/unitree_go/unitree_go/msg/detail/res__rosidl_typesupport_fastrtps_cpp.hpp
[2.008s] -- Up-to-date: /home/utec/humanoid_ws/install/unitree_go/include/unitree_go/unitree_go/msg/rosidl_typesupport_fastrtps_cpp__visibility_control.h
[2.008s] -- Up-to-date: /home/utec/humanoid_ws/install/unitree_go/lib/libunitree_go__rosidl_typesupport_fastrtps_cpp.so
[2.010s] -- Up-to-date: /home/utec/humanoid_ws/install/unitree_go/include/unitree_go/unitree_go
[2.010s] -- Up-to-date: /home/utec/humanoid_ws/install/unitree_go/include/unitree_go/unitree_go/msg
[2.010s] -- Up-to-date: /home/utec/humanoid_ws/install/unitree_go/include/unitree_go/unitree_go/msg/detail
[2.010s] -- Up-to-date: /home/utec/humanoid_ws/install/unitree_go/include/unitree_go/unitree_go/msg/detail/error__type_support.c
[2.010s] -- Up-to-date: /home/utec/humanoid_ws/install/unitree_go/include/unitree_go/unitree_go/msg/detail/audio_data__rosidl_typesupport_introspection_c.h
[2.010s] -- Up-to-date: /home/utec/humanoid_ws/install/unitree_go/include/unitree_go/unitree_go/msg/detail/sport_mode_cmd__rosidl_typesupport_introspection_c.h
[2.012s] -- Up-to-date: /home/utec/humanoid_ws/install/unitree_go/include/unitree_go/unitree_go/msg/detail/motor_states__type_support.c
[2.013s] -- Up-to-date: /home/utec/humanoid_ws/install/unitree_go/include/unitree_go/unitree_go/msg/detail/path_point__rosidl_typesupport_introspection_c.h
[2.013s] -- Up-to-date: /home/utec/humanoid_ws/install/unitree_go/include/unitree_go/unitree_go/msg/detail/req__rosidl_typesupport_introspection_c.h
[2.014s] -- Up-to-date: /home/utec/humanoid_ws/install/unitree_go/include/unitree_go/unitree_go/msg/detail/motor_states__rosidl_typesupport_introspection_c.h
[2.014s] -- Up-to-date: /home/utec/humanoid_ws/install/unitree_go/include/unitree_go/unitree_go/msg/detail/low_cmd__type_support.c
[2.014s] -- Up-to-date: /home/utec/humanoid_ws/install/unitree_go/include/unitree_go/unitree_go/msg/detail/time_spec__rosidl_typesupport_introspection_c.h
[2.016s] -- Up-to-date: /home/utec/humanoid_ws/install/unitree_go/include/unitree_go/unitree_go/msg/detail/uwb_switch__rosidl_typesupport_introspection_c.h
[2.016s] -- Up-to-date: /home/utec/humanoid_ws/install/unitree_go/include/unitree_go/unitree_go/msg/detail/bms_state__rosidl_typesupport_introspection_c.h
[2.016s] -- Up-to-date: /home/utec/humanoid_ws/install/unitree_go/include/unitree_go/unitree_go/msg/detail/motor_cmds__type_support.c
[2.016s] -- Up-to-date: /home/utec/humanoid_ws/install/unitree_go/include/unitree_go/unitree_go/msg/detail/bms_cmd__type_support.c
[2.016s] -- Up-to-date: /home/utec/humanoid_ws/install/unitree_go/include/unitree_go/unitree_go/msg/detail/time_spec__type_support.c
[2.017s] -- Up-to-date: /home/utec/humanoid_ws/install/unitree_go/include/unitree_go/unitree_go/msg/detail/interface_config__rosidl_typesupport_introspection_c.h
[2.017s] -- Up-to-date: /home/utec/humanoid_ws/install/unitree_go/include/unitree_go/unitree_go/msg/detail/uwb_state__rosidl_typesupport_introspection_c.h
[2.018s] -- Up-to-date: /home/utec/humanoid_ws/install/unitree_go/include/unitree_go/unitree_go/msg/detail/motor_cmd__type_support.c
[2.018s] -- Up-to-date: /home/utec/humanoid_ws/install/unitree_go/include/unitree_go/unitree_go/msg/detail/imu_state__rosidl_typesupport_introspection_c.h
[2.019s] -- Up-to-date: /home/utec/humanoid_ws/install/unitree_go/include/unitree_go/unitree_go/msg/detail/audio_data__type_support.c
[2.019s] -- Up-to-date: /home/utec/humanoid_ws/install/unitree_go/include/unitree_go/unitree_go/msg/detail/motor_cmd__rosidl_typesupport_introspection_c.h
[2.019s] -- Up-to-date: /home/utec/humanoid_ws/install/unitree_go/include/unitree_go/unitree_go/msg/detail/low_state__rosidl_typesupport_introspection_c.h
[2.019s] -- Up-to-date: /home/utec/humanoid_ws/install/unitree_go/include/unitree_go/unitree_go/msg/detail/bms_cmd__rosidl_typesupport_introspection_c.h
[2.020s] -- Up-to-date: /home/utec/humanoid_ws/install/unitree_go/include/unitree_go/unitree_go/msg/detail/sport_mode_state__rosidl_typesupport_introspection_c.h
[2.020s] -- Up-to-date: /home/utec/humanoid_ws/install/unitree_go/include/unitree_go/unitree_go/msg/detail/wireless_controller__type_support.c
[2.020s] -- Up-to-date: /home/utec/humanoid_ws/install/unitree_go/include/unitree_go/unitree_go/msg/detail/low_state__type_support.c
[2.020s] -- Up-to-date: /home/utec/humanoid_ws/install/unitree_go/include/unitree_go/unitree_go/msg/detail/path_point__type_support.c
[2.021s] -- Up-to-date: /home/utec/humanoid_ws/install/unitree_go/include/unitree_go/unitree_go/msg/detail/motor_cmds__rosidl_typesupport_introspection_c.h
[2.021s] -- Up-to-date: /home/utec/humanoid_ws/install/unitree_go/include/unitree_go/unitree_go/msg/detail/go2_front_video_data__type_support.c
[2.021s] -- Up-to-date: /home/utec/humanoid_ws/install/unitree_go/include/unitree_go/unitree_go/msg/detail/req__type_support.c
[2.021s] -- Up-to-date: /home/utec/humanoid_ws/install/unitree_go/include/unitree_go/unitree_go/msg/detail/motor_state__type_support.c
[2.021s] -- Up-to-date: /home/utec/humanoid_ws/install/unitree_go/include/unitree_go/unitree_go/msg/detail/bms_state__type_support.c
[2.022s] -- Up-to-date: /home/utec/humanoid_ws/install/unitree_go/include/unitree_go/unitree_go/msg/detail/res__rosidl_typesupport_introspection_c.h
[2.022s] -- Up-to-date: /home/utec/humanoid_ws/install/unitree_go/include/unitree_go/unitree_go/msg/detail/error__rosidl_typesupport_introspection_c.h
[2.022s] -- Up-to-date: /home/utec/humanoid_ws/install/unitree_go/include/unitree_go/unitree_go/msg/detail/sport_mode_cmd__type_support.c
[2.022s] -- Up-to-date: /home/utec/humanoid_ws/install/unitree_go/include/unitree_go/unitree_go/msg/detail/imu_state__type_support.c
[2.022s] -- Up-to-date: /home/utec/humanoid_ws/install/unitree_go/include/unitree_go/unitree_go/msg/detail/go2_front_video_data__rosidl_typesupport_introspection_c.h
[2.023s] -- Up-to-date: /home/utec/humanoid_ws/install/unitree_go/include/unitree_go/unitree_go/msg/detail/interface_config__type_support.c
[2.023s] -- Up-to-date: /home/utec/humanoid_ws/install/unitree_go/include/unitree_go/unitree_go/msg/detail/height_map__rosidl_typesupport_introspection_c.h
[2.023s] -- Up-to-date: /home/utec/humanoid_ws/install/unitree_go/include/unitree_go/unitree_go/msg/detail/uwb_switch__type_support.c
[2.023s] -- Up-to-date: /home/utec/humanoid_ws/install/unitree_go/include/unitree_go/unitree_go/msg/detail/sport_mode_state__type_support.c
[2.023s] -- Up-to-date: /home/utec/humanoid_ws/install/unitree_go/include/unitree_go/unitree_go/msg/detail/lidar_state__type_support.c
[2.023s] -- Up-to-date: /home/utec/humanoid_ws/install/unitree_go/include/unitree_go/unitree_go/msg/detail/motor_state__rosidl_typesupport_introspection_c.h
[2.024s] -- Up-to-date: /home/utec/humanoid_ws/install/unitree_go/include/unitree_go/unitree_go/msg/detail/low_cmd__rosidl_typesupport_introspection_c.h
[2.024s] -- Up-to-date: /home/utec/humanoid_ws/install/unitree_go/include/unitree_go/unitree_go/msg/detail/lidar_state__rosidl_typesupport_introspection_c.h
[2.025s] -- Up-to-date: /home/utec/humanoid_ws/install/unitree_go/include/unitree_go/unitree_go/msg/detail/height_map__type_support.c
[2.026s] -- Up-to-date: /home/utec/humanoid_ws/install/unitree_go/include/unitree_go/unitree_go/msg/detail/res__type_support.c
[2.026s] -- Up-to-date: /home/utec/humanoid_ws/install/unitree_go/include/unitree_go/unitree_go/msg/detail/wireless_controller__rosidl_typesupport_introspection_c.h
[2.026s] -- Up-to-date: /home/utec/humanoid_ws/install/unitree_go/include/unitree_go/unitree_go/msg/detail/uwb_state__type_support.c
[2.026s] -- Up-to-date: /home/utec/humanoid_ws/install/unitree_go/include/unitree_go/unitree_go/msg/rosidl_typesupport_introspection_c__visibility_control.h
[2.027s] -- Up-to-date: /home/utec/humanoid_ws/install/unitree_go/lib/libunitree_go__rosidl_typesupport_introspection_c.so
[2.034s] -- Up-to-date: /home/utec/humanoid_ws/install/unitree_go/lib/libunitree_go__rosidl_typesupport_c.so
[2.034s] -- Up-to-date: /home/utec/humanoid_ws/install/unitree_go/include/unitree_go/unitree_go
[2.034s] -- Up-to-date: /home/utec/humanoid_ws/install/unitree_go/include/unitree_go/unitree_go/msg
[2.035s] -- Up-to-date: /home/utec/humanoid_ws/install/unitree_go/include/unitree_go/unitree_go/msg/detail
[2.035s] -- Up-to-date: /home/utec/humanoid_ws/install/unitree_go/include/unitree_go/unitree_go/msg/detail/time_spec__rosidl_typesupport_introspection_cpp.hpp
[2.035s] -- Up-to-date: /home/utec/humanoid_ws/install/unitree_go/include/unitree_go/unitree_go/msg/detail/motor_cmds__rosidl_typesupport_introspection_cpp.hpp
[2.036s] -- Up-to-date: /home/utec/humanoid_ws/install/unitree_go/include/unitree_go/unitree_go/msg/detail/go2_front_video_data__type_support.cpp
[2.036s] -- Up-to-date: /home/utec/humanoid_ws/install/unitree_go/include/unitree_go/unitree_go/msg/detail/error__type_support.cpp
[2.036s] -- Up-to-date: /home/utec/humanoid_ws/install/unitree_go/include/unitree_go/unitree_go/msg/detail/imu_state__type_support.cpp
[2.036s] -- Up-to-date: /home/utec/humanoid_ws/install/unitree_go/include/unitree_go/unitree_go/msg/detail/path_point__type_support.cpp
[2.036s] -- Up-to-date: /home/utec/humanoid_ws/install/unitree_go/include/unitree_go/unitree_go/msg/detail/motor_state__type_support.cpp
[2.036s] -- Up-to-date: /home/utec/humanoid_ws/install/unitree_go/include/unitree_go/unitree_go/msg/detail/res__type_support.cpp
[2.036s] -- Up-to-date: /home/utec/humanoid_ws/install/unitree_go/include/unitree_go/unitree_go/msg/detail/req__rosidl_typesupport_introspection_cpp.hpp
[2.037s] -- Up-to-date: /home/utec/humanoid_ws/install/unitree_go/include/unitree_go/unitree_go/msg/detail/motor_cmds__type_support.cpp
[2.037s] -- Up-to-date: /home/utec/humanoid_ws/install/unitree_go/include/unitree_go/unitree_go/msg/detail/uwb_switch__type_support.cpp
[2.037s] -- Up-to-date: /home/utec/humanoid_ws/install/unitree_go/include/unitree_go/unitree_go/msg/detail/motor_state__rosidl_typesupport_introspection_cpp.hpp
[2.037s] -- Up-to-date: /home/utec/humanoid_ws/install/unitree_go/include/unitree_go/unitree_go/msg/detail/motor_states__rosidl_typesupport_introspection_cpp.hpp
[2.037s] -- Up-to-date: /home/utec/humanoid_ws/install/unitree_go/include/unitree_go/unitree_go/msg/detail/path_point__rosidl_typesupport_introspection_cpp.hpp
[2.038s] -- Up-to-date: /home/utec/humanoid_ws/install/unitree_go/include/unitree_go/unitree_go/msg/detail/sport_mode_cmd__type_support.cpp
[2.038s] -- Up-to-date: /home/utec/humanoid_ws/install/unitree_go/include/unitree_go/unitree_go/msg/detail/lidar_state__type_support.cpp
[2.038s] -- Up-to-date: /home/utec/humanoid_ws/install/unitree_go/include/unitree_go/unitree_go/msg/detail/interface_config__rosidl_typesupport_introspection_cpp.hpp
[2.038s] -- Up-to-date: /home/utec/humanoid_ws/install/unitree_go/include/unitree_go/unitree_go/msg/detail/low_cmd__rosidl_typesupport_introspection_cpp.hpp
[2.038s] -- Up-to-date: /home/utec/humanoid_ws/install/unitree_go/include/unitree_go/unitree_go/msg/detail/uwb_switch__rosidl_typesupport_introspection_cpp.hpp
[2.038s] -- Up-to-date: /home/utec/humanoid_ws/install/unitree_go/include/unitree_go/unitree_go/msg/detail/interface_config__type_support.cpp
[2.039s] -- Up-to-date: /home/utec/humanoid_ws/install/unitree_go/include/unitree_go/unitree_go/msg/detail/bms_cmd__type_support.cpp
[2.039s] -- Up-to-date: /home/utec/humanoid_ws/install/unitree_go/include/unitree_go/unitree_go/msg/detail/bms_state__rosidl_typesupport_introspection_cpp.hpp
[2.039s] -- Up-to-date: /home/utec/humanoid_ws/install/unitree_go/include/unitree_go/unitree_go/msg/detail/motor_cmd__rosidl_typesupport_introspection_cpp.hpp
[2.040s] -- Up-to-date: /home/utec/humanoid_ws/install/unitree_go/include/unitree_go/unitree_go/msg/detail/lidar_state__rosidl_typesupport_introspection_cpp.hpp
[2.040s] -- Up-to-date: /home/utec/humanoid_ws/install/unitree_go/include/unitree_go/unitree_go/msg/detail/res__rosidl_typesupport_introspection_cpp.hpp
[2.040s] -- Up-to-date: /home/utec/humanoid_ws/install/unitree_go/include/unitree_go/unitree_go/msg/detail/motor_states__type_support.cpp
[2.041s] -- Up-to-date: /home/utec/humanoid_ws/install/unitree_go/include/unitree_go/unitree_go/msg/detail/go2_front_video_data__rosidl_typesupport_introspection_cpp.hpp
[2.041s] -- Up-to-date: /home/utec/humanoid_ws/install/unitree_go/include/unitree_go/unitree_go/msg/detail/req__type_support.cpp
[2.041s] -- Up-to-date: /home/utec/humanoid_ws/install/unitree_go/include/unitree_go/unitree_go/msg/detail/audio_data__type_support.cpp
[2.041s] -- Up-to-date: /home/utec/humanoid_ws/install/unitree_go/include/unitree_go/unitree_go/msg/detail/sport_mode_state__rosidl_typesupport_introspection_cpp.hpp
[2.042s] -- Up-to-date: /home/utec/humanoid_ws/install/unitree_go/include/unitree_go/unitree_go/msg/detail/height_map__type_support.cpp
[2.042s] -- Up-to-date: /home/utec/humanoid_ws/install/unitree_go/include/unitree_go/unitree_go/msg/detail/sport_mode_state__type_support.cpp
[2.042s] -- Up-to-date: /home/utec/humanoid_ws/install/unitree_go/include/unitree_go/unitree_go/msg/detail/bms_state__type_support.cpp
[2.045s] -- Up-to-date: /home/utec/humanoid_ws/install/unitree_go/include/unitree_go/unitree_go/msg/detail/low_cmd__type_support.cpp
[2.046s] -- Up-to-date: /home/utec/humanoid_ws/install/unitree_go/include/unitree_go/unitree_go/msg/detail/time_spec__type_support.cpp
[2.046s] -- Up-to-date: /home/utec/humanoid_ws/install/unitree_go/include/unitree_go/unitree_go/msg/detail/uwb_state__type_support.cpp
[2.046s] -- Up-to-date: /home/utec/humanoid_ws/install/unitree_go/include/unitree_go/unitree_go/msg/detail/imu_state__rosidl_typesupport_introspection_cpp.hpp
[2.046s] -- Up-to-date: /home/utec/humanoid_ws/install/unitree_go/include/unitree_go/unitree_go/msg/detail/low_state__type_support.cpp
[2.046s] -- Up-to-date: /home/utec/humanoid_ws/install/unitree_go/include/unitree_go/unitree_go/msg/detail/audio_data__rosidl_typesupport_introspection_cpp.hpp
[2.046s] -- Up-to-date: /home/utec/humanoid_ws/install/unitree_go/include/unitree_go/unitree_go/msg/detail/error__rosidl_typesupport_introspection_cpp.hpp
[2.047s] -- Up-to-date: /home/utec/humanoid_ws/install/unitree_go/include/unitree_go/unitree_go/msg/detail/wireless_controller__rosidl_typesupport_introspection_cpp.hpp
[2.047s] -- Up-to-date: /home/utec/humanoid_ws/install/unitree_go/include/unitree_go/unitree_go/msg/detail/wireless_controller__type_support.cpp
[2.048s] -- Up-to-date: /home/utec/humanoid_ws/install/unitree_go/include/unitree_go/unitree_go/msg/detail/sport_mode_cmd__rosidl_typesupport_introspection_cpp.hpp
[2.048s] -- Up-to-date: /home/utec/humanoid_ws/install/unitree_go/include/unitree_go/unitree_go/msg/detail/motor_cmd__type_support.cpp
[2.048s] -- Up-to-date: /home/utec/humanoid_ws/install/unitree_go/include/unitree_go/unitree_go/msg/detail/height_map__rosidl_typesupport_introspection_cpp.hpp
[2.048s] -- Up-to-date: /home/utec/humanoid_ws/install/unitree_go/include/unitree_go/unitree_go/msg/detail/uwb_state__rosidl_typesupport_introspection_cpp.hpp
[2.048s] -- Up-to-date: /home/utec/humanoid_ws/install/unitree_go/include/unitree_go/unitree_go/msg/detail/low_state__rosidl_typesupport_introspection_cpp.hpp
[2.049s] -- Up-to-date: /home/utec/humanoid_ws/install/unitree_go/include/unitree_go/unitree_go/msg/detail/bms_cmd__rosidl_typesupport_introspection_cpp.hpp
[2.053s] -- Up-to-date: /home/utec/humanoid_ws/install/unitree_go/lib/libunitree_go__rosidl_typesupport_introspection_cpp.so
[2.057s] -- Up-to-date: /home/utec/humanoid_ws/install/unitree_go/lib/libunitree_go__rosidl_typesupport_cpp.so
[2.058s] -- Up-to-date: /home/utec/humanoid_ws/install/unitree_go/share/unitree_go/environment/pythonpath.sh
[2.058s] -- Up-to-date: /home/utec/humanoid_ws/install/unitree_go/share/unitree_go/environment/pythonpath.dsv
[2.058s] -- Up-to-date: /home/utec/humanoid_ws/install/unitree_go/local/lib/python3.10/dist-packages/unitree_go-0.0.0-py3.10.egg-info
[2.058s] -- Installing: /home/utec/humanoid_ws/install/unitree_go/local/lib/python3.10/dist-packages/unitree_go-0.0.0-py3.10.egg-info/top_level.txt
[2.058s] -- Installing: /home/utec/humanoid_ws/install/unitree_go/local/lib/python3.10/dist-packages/unitree_go-0.0.0-py3.10.egg-info/PKG-INFO
[2.058s] -- Installing: /home/utec/humanoid_ws/install/unitree_go/local/lib/python3.10/dist-packages/unitree_go-0.0.0-py3.10.egg-info/dependency_links.txt
[2.058s] -- Installing: /home/utec/humanoid_ws/install/unitree_go/local/lib/python3.10/dist-packages/unitree_go-0.0.0-py3.10.egg-info/SOURCES.txt
[2.060s] -- Up-to-date: /home/utec/humanoid_ws/install/unitree_go/local/lib/python3.10/dist-packages/unitree_go
[2.060s] -- Up-to-date: /home/utec/humanoid_ws/install/unitree_go/local/lib/python3.10/dist-packages/unitree_go/unitree_go_s__rosidl_typesupport_introspection_c.cpython-310-x86_64-linux-gnu.so
[2.060s] -- Up-to-date: /home/utec/humanoid_ws/install/unitree_go/local/lib/python3.10/dist-packages/unitree_go/_unitree_go_s.ep.rosidl_typesupport_c.c
[2.061s] -- Up-to-date: /home/utec/humanoid_ws/install/unitree_go/local/lib/python3.10/dist-packages/unitree_go/__init__.py
[2.061s] -- Up-to-date: /home/utec/humanoid_ws/install/unitree_go/local/lib/python3.10/dist-packages/unitree_go/unitree_go_s__rosidl_typesupport_fastrtps_c.cpython-310-x86_64-linux-gnu.so
[2.061s] -- Up-to-date: /home/utec/humanoid_ws/install/unitree_go/local/lib/python3.10/dist-packages/unitree_go/libunitree_go__rosidl_generator_py.so
[2.061s] -- Up-to-date: /home/utec/humanoid_ws/install/unitree_go/local/lib/python3.10/dist-packages/unitree_go/_unitree_go_s.ep.rosidl_typesupport_introspection_c.c
[2.062s] -- Up-to-date: /home/utec/humanoid_ws/install/unitree_go/local/lib/python3.10/dist-packages/unitree_go/_unitree_go_s.ep.rosidl_typesupport_fastrtps_c.c
[2.062s] -- Up-to-date: /home/utec/humanoid_ws/install/unitree_go/local/lib/python3.10/dist-packages/unitree_go/msg
[2.062s] -- Up-to-date: /home/utec/humanoid_ws/install/unitree_go/local/lib/python3.10/dist-packages/unitree_go/msg/_imu_state.py
[2.062s] -- Up-to-date: /home/utec/humanoid_ws/install/unitree_go/local/lib/python3.10/dist-packages/unitree_go/msg/_time_spec_s.c
[2.063s] -- Up-to-date: /home/utec/humanoid_ws/install/unitree_go/local/lib/python3.10/dist-packages/unitree_go/msg/_wireless_controller.py
[2.063s] -- Up-to-date: /home/utec/humanoid_ws/install/unitree_go/local/lib/python3.10/dist-packages/unitree_go/msg/_go2_front_video_data.py
[2.063s] -- Up-to-date: /home/utec/humanoid_ws/install/unitree_go/local/lib/python3.10/dist-packages/unitree_go/msg/_sport_mode_cmd.py
[2.064s] -- Up-to-date: /home/utec/humanoid_ws/install/unitree_go/local/lib/python3.10/dist-packages/unitree_go/msg/_error.py
[2.065s] -- Up-to-date: /home/utec/humanoid_ws/install/unitree_go/local/lib/python3.10/dist-packages/unitree_go/msg/_go2_front_video_data_s.c
[2.065s] -- Up-to-date: /home/utec/humanoid_ws/install/unitree_go/local/lib/python3.10/dist-packages/unitree_go/msg/_motor_state.py
[2.065s] -- Up-to-date: /home/utec/humanoid_ws/install/unitree_go/local/lib/python3.10/dist-packages/unitree_go/msg/_low_state_s.c
[2.065s] -- Up-to-date: /home/utec/humanoid_ws/install/unitree_go/local/lib/python3.10/dist-packages/unitree_go/msg/_res_s.c
[2.065s] -- Up-to-date: /home/utec/humanoid_ws/install/unitree_go/local/lib/python3.10/dist-packages/unitree_go/msg/_imu_state_s.c
[2.066s] -- Up-to-date: /home/utec/humanoid_ws/install/unitree_go/local/lib/python3.10/dist-packages/unitree_go/msg/_height_map_s.c
[2.066s] -- Up-to-date: /home/utec/humanoid_ws/install/unitree_go/local/lib/python3.10/dist-packages/unitree_go/msg/_motor_cmd.py
[2.066s] -- Up-to-date: /home/utec/humanoid_ws/install/unitree_go/local/lib/python3.10/dist-packages/unitree_go/msg/_uwb_state_s.c
[2.066s] -- Up-to-date: /home/utec/humanoid_ws/install/unitree_go/local/lib/python3.10/dist-packages/unitree_go/msg/_res.py
[2.066s] -- Up-to-date: /home/utec/humanoid_ws/install/unitree_go/local/lib/python3.10/dist-packages/unitree_go/msg/__init__.py
[2.066s] -- Up-to-date: /home/utec/humanoid_ws/install/unitree_go/local/lib/python3.10/dist-packages/unitree_go/msg/_interface_config.py
[2.066s] -- Up-to-date: /home/utec/humanoid_ws/install/unitree_go/local/lib/python3.10/dist-packages/unitree_go/msg/_low_cmd.py
[2.067s] -- Up-to-date: /home/utec/humanoid_ws/install/unitree_go/local/lib/python3.10/dist-packages/unitree_go/msg/_bms_cmd_s.c
[2.067s] -- Up-to-date: /home/utec/humanoid_ws/install/unitree_go/local/lib/python3.10/dist-packages/unitree_go/msg/_path_point_s.c
[2.067s] -- Up-to-date: /home/utec/humanoid_ws/install/unitree_go/local/lib/python3.10/dist-packages/unitree_go/msg/_audio_data_s.c
[2.067s] -- Up-to-date: /home/utec/humanoid_ws/install/unitree_go/local/lib/python3.10/dist-packages/unitree_go/msg/_motor_state_s.c
[2.067s] -- Up-to-date: /home/utec/humanoid_ws/install/unitree_go/local/lib/python3.10/dist-packages/unitree_go/msg/_interface_config_s.c
[2.067s] -- Up-to-date: /home/utec/humanoid_ws/install/unitree_go/local/lib/python3.10/dist-packages/unitree_go/msg/_uwb_switch_s.c
[2.067s] -- Up-to-date: /home/utec/humanoid_ws/install/unitree_go/local/lib/python3.10/dist-packages/unitree_go/msg/_low_cmd_s.c
[2.067s] -- Up-to-date: /home/utec/humanoid_ws/install/unitree_go/local/lib/python3.10/dist-packages/unitree_go/msg/_uwb_switch.py
[2.068s] -- Up-to-date: /home/utec/humanoid_ws/install/unitree_go/local/lib/python3.10/dist-packages/unitree_go/msg/_low_state.py
[2.068s] -- Up-to-date: /home/utec/humanoid_ws/install/unitree_go/local/lib/python3.10/dist-packages/unitree_go/msg/_sport_mode_state.py
[2.068s] -- Up-to-date: /home/utec/humanoid_ws/install/unitree_go/local/lib/python3.10/dist-packages/unitree_go/msg/_sport_mode_cmd_s.c
[2.068s] -- Up-to-date: /home/utec/humanoid_ws/install/unitree_go/local/lib/python3.10/dist-packages/unitree_go/msg/_bms_state_s.c
[2.068s] -- Up-to-date: /home/utec/humanoid_ws/install/unitree_go/local/lib/python3.10/dist-packages/unitree_go/msg/_req_s.c
[2.068s] -- Up-to-date: /home/utec/humanoid_ws/install/unitree_go/local/lib/python3.10/dist-packages/unitree_go/msg/_height_map.py
[2.068s] -- Up-to-date: /home/utec/humanoid_ws/install/unitree_go/local/lib/python3.10/dist-packages/unitree_go/msg/_motor_states.py
[2.069s] -- Up-to-date: /home/utec/humanoid_ws/install/unitree_go/local/lib/python3.10/dist-packages/unitree_go/msg/_lidar_state_s.c
[2.069s] -- Up-to-date: /home/utec/humanoid_ws/install/unitree_go/local/lib/python3.10/dist-packages/unitree_go/msg/_bms_cmd.py
[2.069s] -- Up-to-date: /home/utec/humanoid_ws/install/unitree_go/local/lib/python3.10/dist-packages/unitree_go/msg/_req.py
[2.069s] -- Up-to-date: /home/utec/humanoid_ws/install/unitree_go/local/lib/python3.10/dist-packages/unitree_go/msg/_time_spec.py
[2.076s] -- Up-to-date: /home/utec/humanoid_ws/install/unitree_go/local/lib/python3.10/dist-packages/unitree_go/msg/_lidar_state.py
[2.076s] -- Up-to-date: /home/utec/humanoid_ws/install/unitree_go/local/lib/python3.10/dist-packages/unitree_go/msg/_wireless_controller_s.c
[2.076s] -- Up-to-date: /home/utec/humanoid_ws/install/unitree_go/local/lib/python3.10/dist-packages/unitree_go/msg/_bms_state.py
[2.077s] -- Up-to-date: /home/utec/humanoid_ws/install/unitree_go/local/lib/python3.10/dist-packages/unitree_go/msg/_motor_cmds.py
[2.077s] -- Up-to-date: /home/utec/humanoid_ws/install/unitree_go/local/lib/python3.10/dist-packages/unitree_go/msg/_sport_mode_state_s.c
[2.077s] -- Up-to-date: /home/utec/humanoid_ws/install/unitree_go/local/lib/python3.10/dist-packages/unitree_go/msg/_motor_states_s.c
[2.077s] -- Up-to-date: /home/utec/humanoid_ws/install/unitree_go/local/lib/python3.10/dist-packages/unitree_go/msg/_uwb_state.py
[2.077s] -- Up-to-date: /home/utec/humanoid_ws/install/unitree_go/local/lib/python3.10/dist-packages/unitree_go/msg/_path_point.py
[2.077s] -- Up-to-date: /home/utec/humanoid_ws/install/unitree_go/local/lib/python3.10/dist-packages/unitree_go/msg/_audio_data.py
[2.078s] -- Up-to-date: /home/utec/humanoid_ws/install/unitree_go/local/lib/python3.10/dist-packages/unitree_go/msg/_motor_cmds_s.c
[2.078s] -- Up-to-date: /home/utec/humanoid_ws/install/unitree_go/local/lib/python3.10/dist-packages/unitree_go/msg/_error_s.c
[2.078s] -- Up-to-date: /home/utec/humanoid_ws/install/unitree_go/local/lib/python3.10/dist-packages/unitree_go/msg/_motor_cmd_s.c
[2.078s] -- Up-to-date: /home/utec/humanoid_ws/install/unitree_go/local/lib/python3.10/dist-packages/unitree_go/unitree_go_s__rosidl_typesupport_c.cpython-310-x86_64-linux-gnu.so
[2.104s] Listing '/home/utec/humanoid_ws/install/unitree_go/local/lib/python3.10/dist-packages/unitree_go'...
[2.105s] Listing '/home/utec/humanoid_ws/install/unitree_go/local/lib/python3.10/dist-packages/unitree_go/msg'...
[2.115s] -- Up-to-date: /home/utec/humanoid_ws/install/unitree_go/local/lib/python3.10/dist-packages/unitree_go/unitree_go_s__rosidl_typesupport_fastrtps_c.cpython-310-x86_64-linux-gnu.so
[2.115s] -- Up-to-date: /home/utec/humanoid_ws/install/unitree_go/local/lib/python3.10/dist-packages/unitree_go/unitree_go_s__rosidl_typesupport_introspection_c.cpython-310-x86_64-linux-gnu.so
[2.116s] -- Up-to-date: /home/utec/humanoid_ws/install/unitree_go/local/lib/python3.10/dist-packages/unitree_go/unitree_go_s__rosidl_typesupport_c.cpython-310-x86_64-linux-gnu.so
[2.116s] -- Up-to-date: /home/utec/humanoid_ws/install/unitree_go/lib/libunitree_go__rosidl_generator_py.so
[2.118s] -- Up-to-date: /home/utec/humanoid_ws/install/unitree_go/share/unitree_go/msg/AudioData.idl
[2.118s] -- Up-to-date: /home/utec/humanoid_ws/install/unitree_go/share/unitree_go/msg/BmsCmd.idl
[2.118s] -- Up-to-date: /home/utec/humanoid_ws/install/unitree_go/share/unitree_go/msg/BmsState.idl
[2.119s] -- Up-to-date: /home/utec/humanoid_ws/install/unitree_go/share/unitree_go/msg/Error.idl
[2.119s] -- Up-to-date: /home/utec/humanoid_ws/install/unitree_go/share/unitree_go/msg/Go2FrontVideoData.idl
[2.119s] -- Up-to-date: /home/utec/humanoid_ws/install/unitree_go/share/unitree_go/msg/HeightMap.idl
[2.119s] -- Up-to-date: /home/utec/humanoid_ws/install/unitree_go/share/unitree_go/msg/IMUState.idl
[2.119s] -- Up-to-date: /home/utec/humanoid_ws/install/unitree_go/share/unitree_go/msg/InterfaceConfig.idl
[2.119s] -- Up-to-date: /home/utec/humanoid_ws/install/unitree_go/share/unitree_go/msg/LidarState.idl
[2.120s] -- Up-to-date: /home/utec/humanoid_ws/install/unitree_go/share/unitree_go/msg/LowCmd.idl
[2.120s] -- Up-to-date: /home/utec/humanoid_ws/install/unitree_go/share/unitree_go/msg/LowState.idl
[2.120s] -- Up-to-date: /home/utec/humanoid_ws/install/unitree_go/share/unitree_go/msg/MotorCmd.idl
[2.120s] -- Up-to-date: /home/utec/humanoid_ws/install/unitree_go/share/unitree_go/msg/MotorCmds.idl
[2.120s] -- Up-to-date: /home/utec/humanoid_ws/install/unitree_go/share/unitree_go/msg/MotorState.idl
[2.120s] -- Up-to-date: /home/utec/humanoid_ws/install/unitree_go/share/unitree_go/msg/MotorStates.idl
[2.120s] -- Up-to-date: /home/utec/humanoid_ws/install/unitree_go/share/unitree_go/msg/PathPoint.idl
[2.120s] -- Up-to-date: /home/utec/humanoid_ws/install/unitree_go/share/unitree_go/msg/Req.idl
[2.120s] -- Up-to-date: /home/utec/humanoid_ws/install/unitree_go/share/unitree_go/msg/Res.idl
[2.120s] -- Up-to-date: /home/utec/humanoid_ws/install/unitree_go/share/unitree_go/msg/SportModeCmd.idl
[2.121s] -- Up-to-date: /home/utec/humanoid_ws/install/unitree_go/share/unitree_go/msg/SportModeState.idl
[2.121s] -- Up-to-date: /home/utec/humanoid_ws/install/unitree_go/share/unitree_go/msg/TimeSpec.idl
[2.121s] -- Up-to-date: /home/utec/humanoid_ws/install/unitree_go/share/unitree_go/msg/UwbState.idl
[2.121s] -- Up-to-date: /home/utec/humanoid_ws/install/unitree_go/share/unitree_go/msg/UwbSwitch.idl
[2.121s] -- Up-to-date: /home/utec/humanoid_ws/install/unitree_go/share/unitree_go/msg/WirelessController.idl
[2.121s] -- Up-to-date: /home/utec/humanoid_ws/install/unitree_go/share/unitree_go/msg/AudioData.msg
[2.121s] -- Up-to-date: /home/utec/humanoid_ws/install/unitree_go/share/unitree_go/msg/BmsCmd.msg
[2.121s] -- Up-to-date: /home/utec/humanoid_ws/install/unitree_go/share/unitree_go/msg/BmsState.msg
[2.121s] -- Up-to-date: /home/utec/humanoid_ws/install/unitree_go/share/unitree_go/msg/Error.msg
[2.122s] -- Up-to-date: /home/utec/humanoid_ws/install/unitree_go/share/unitree_go/msg/Go2FrontVideoData.msg
[2.122s] -- Up-to-date: /home/utec/humanoid_ws/install/unitree_go/share/unitree_go/msg/HeightMap.msg
[2.122s] -- Up-to-date: /home/utec/humanoid_ws/install/unitree_go/share/unitree_go/msg/IMUState.msg
[2.122s] -- Up-to-date: /home/utec/humanoid_ws/install/unitree_go/share/unitree_go/msg/InterfaceConfig.msg
[2.122s] -- Up-to-date: /home/utec/humanoid_ws/install/unitree_go/share/unitree_go/msg/LidarState.msg
[2.122s] -- Up-to-date: /home/utec/humanoid_ws/install/unitree_go/share/unitree_go/msg/LowCmd.msg
[2.122s] -- Up-to-date: /home/utec/humanoid_ws/install/unitree_go/share/unitree_go/msg/LowState.msg
[2.122s] -- Up-to-date: /home/utec/humanoid_ws/install/unitree_go/share/unitree_go/msg/MotorCmd.msg
[2.123s] -- Up-to-date: /home/utec/humanoid_ws/install/unitree_go/share/unitree_go/msg/MotorCmds.msg
[2.123s] -- Up-to-date: /home/utec/humanoid_ws/install/unitree_go/share/unitree_go/msg/MotorState.msg
[2.123s] -- Up-to-date: /home/utec/humanoid_ws/install/unitree_go/share/unitree_go/msg/MotorStates.msg
[2.123s] -- Up-to-date: /home/utec/humanoid_ws/install/unitree_go/share/unitree_go/msg/PathPoint.msg
[2.123s] -- Up-to-date: /home/utec/humanoid_ws/install/unitree_go/share/unitree_go/msg/Req.msg
[2.123s] -- Up-to-date: /home/utec/humanoid_ws/install/unitree_go/share/unitree_go/msg/Res.msg
[2.123s] -- Up-to-date: /home/utec/humanoid_ws/install/unitree_go/share/unitree_go/msg/SportModeCmd.msg
[2.123s] -- Up-to-date: /home/utec/humanoid_ws/install/unitree_go/share/unitree_go/msg/SportModeState.msg
[2.124s] -- Up-to-date: /home/utec/humanoid_ws/install/unitree_go/share/unitree_go/msg/TimeSpec.msg
[2.124s] -- Up-to-date: /home/utec/humanoid_ws/install/unitree_go/share/unitree_go/msg/UwbState.msg
[2.124s] -- Up-to-date: /home/utec/humanoid_ws/install/unitree_go/share/unitree_go/msg/UwbSwitch.msg
[2.124s] -- Up-to-date: /home/utec/humanoid_ws/install/unitree_go/share/unitree_go/msg/WirelessController.msg
[2.124s] -- Up-to-date: /home/utec/humanoid_ws/install/unitree_go/share/unitree_go/msg/dds_connext
[2.124s] -- Up-to-date: /home/utec/humanoid_ws/install/unitree_go/share/unitree_go/msg/dds_connext/MotorStates_.idl
[2.124s] -- Up-to-date: /home/utec/humanoid_ws/install/unitree_go/share/unitree_go/msg/dds_connext/Go2FrontVideoData_.idl
[2.124s] -- Up-to-date: /home/utec/humanoid_ws/install/unitree_go/share/unitree_go/msg/dds_connext/IMUState_.idl
[2.124s] -- Up-to-date: /home/utec/humanoid_ws/install/unitree_go/share/unitree_go/msg/dds_connext/PathPoint_.idl
[2.125s] -- Up-to-date: /home/utec/humanoid_ws/install/unitree_go/share/unitree_go/msg/dds_connext/UwbSwitch_.idl
[2.125s] -- Up-to-date: /home/utec/humanoid_ws/install/unitree_go/share/unitree_go/msg/dds_connext/UwbState_.idl
[2.125s] -- Up-to-date: /home/utec/humanoid_ws/install/unitree_go/share/unitree_go/msg/dds_connext/MotorCmds_.idl
[2.125s] -- Up-to-date: /home/utec/humanoid_ws/install/unitree_go/share/unitree_go/msg/dds_connext/Error_.idl
[2.125s] -- Up-to-date: /home/utec/humanoid_ws/install/unitree_go/share/unitree_go/msg/dds_connext/Res_.idl
[2.125s] -- Up-to-date: /home/utec/humanoid_ws/install/unitree_go/share/unitree_go/msg/dds_connext/Req_.idl
[2.125s] -- Up-to-date: /home/utec/humanoid_ws/install/unitree_go/share/unitree_go/msg/dds_connext/LidarState_.idl
[2.125s] -- Up-to-date: /home/utec/humanoid_ws/install/unitree_go/share/unitree_go/msg/dds_connext/AudioData_.idl
[2.126s] -- Up-to-date: /home/utec/humanoid_ws/install/unitree_go/share/unitree_go/msg/dds_connext/MotorState_.idl
[2.126s] -- Up-to-date: /home/utec/humanoid_ws/install/unitree_go/share/unitree_go/msg/dds_connext/WirelessController_.idl
[2.126s] -- Up-to-date: /home/utec/humanoid_ws/install/unitree_go/share/unitree_go/msg/dds_connext/BmsCmd_.idl
[2.126s] -- Up-to-date: /home/utec/humanoid_ws/install/unitree_go/share/unitree_go/msg/dds_connext/SportModeCmd_.idl
[2.126s] -- Up-to-date: /home/utec/humanoid_ws/install/unitree_go/share/unitree_go/msg/dds_connext/LowCmd_.idl
[2.126s] -- Up-to-date: /home/utec/humanoid_ws/install/unitree_go/share/unitree_go/msg/dds_connext/BmsState_.idl
[2.126s] -- Up-to-date: /home/utec/humanoid_ws/install/unitree_go/share/unitree_go/msg/dds_connext/SportModeState_.idl
[2.126s] -- Up-to-date: /home/utec/humanoid_ws/install/unitree_go/share/unitree_go/msg/dds_connext/HeightMap_.idl
[2.126s] -- Up-to-date: /home/utec/humanoid_ws/install/unitree_go/share/unitree_go/msg/dds_connext/MotorCmd_.idl
[2.126s] -- Up-to-date: /home/utec/humanoid_ws/install/unitree_go/share/unitree_go/msg/dds_connext/InterfaceConfig_.idl
[2.126s] -- Up-to-date: /home/utec/humanoid_ws/install/unitree_go/share/unitree_go/msg/dds_connext/TimeSpec_.idl
[2.127s] -- Up-to-date: /home/utec/humanoid_ws/install/unitree_go/share/unitree_go/msg/dds_connext/LowState_.idl
[2.127s] -- Up-to-date: /home/utec/humanoid_ws/install/unitree_go/share/ament_index/resource_index/package_run_dependencies/unitree_go
[2.127s] -- Up-to-date: /home/utec/humanoid_ws/install/unitree_go/share/ament_index/resource_index/parent_prefix_path/unitree_go
[2.127s] -- Up-to-date: /home/utec/humanoid_ws/install/unitree_go/share/unitree_go/environment/ament_prefix_path.sh
[2.127s] -- Up-to-date: /home/utec/humanoid_ws/install/unitree_go/share/unitree_go/environment/ament_prefix_path.dsv
[2.127s] -- Up-to-date: /home/utec/humanoid_ws/install/unitree_go/share/unitree_go/environment/path.sh
[2.127s] -- Up-to-date: /home/utec/humanoid_ws/install/unitree_go/share/unitree_go/environment/path.dsv
[2.127s] -- Up-to-date: /home/utec/humanoid_ws/install/unitree_go/share/unitree_go/local_setup.bash
[2.127s] -- Up-to-date: /home/utec/humanoid_ws/install/unitree_go/share/unitree_go/local_setup.sh
[2.127s] -- Up-to-date: /home/utec/humanoid_ws/install/unitree_go/share/unitree_go/local_setup.zsh
[2.128s] -- Up-to-date: /home/utec/humanoid_ws/install/unitree_go/share/unitree_go/local_setup.dsv
[2.128s] -- Installing: /home/utec/humanoid_ws/install/unitree_go/share/unitree_go/package.dsv
[2.128s] -- Up-to-date: /home/utec/humanoid_ws/install/unitree_go/share/ament_index/resource_index/packages/unitree_go
[2.128s] -- Up-to-date: /home/utec/humanoid_ws/install/unitree_go/share/unitree_go/cmake/export_unitree_go__rosidl_generator_cExport.cmake
[2.128s] -- Up-to-date: /home/utec/humanoid_ws/install/unitree_go/share/unitree_go/cmake/export_unitree_go__rosidl_generator_cExport-noconfig.cmake
[2.128s] -- Up-to-date: /home/utec/humanoid_ws/install/unitree_go/share/unitree_go/cmake/export_unitree_go__rosidl_typesupport_fastrtps_cExport.cmake
[2.128s] -- Up-to-date: /home/utec/humanoid_ws/install/unitree_go/share/unitree_go/cmake/export_unitree_go__rosidl_typesupport_fastrtps_cExport-noconfig.cmake
[2.128s] -- Up-to-date: /home/utec/humanoid_ws/install/unitree_go/share/unitree_go/cmake/export_unitree_go__rosidl_generator_cppExport.cmake
[2.128s] -- Up-to-date: /home/utec/humanoid_ws/install/unitree_go/share/unitree_go/cmake/export_unitree_go__rosidl_typesupport_fastrtps_cppExport.cmake
[2.128s] -- Up-to-date: /home/utec/humanoid_ws/install/unitree_go/share/unitree_go/cmake/export_unitree_go__rosidl_typesupport_fastrtps_cppExport-noconfig.cmake
[2.128s] -- Up-to-date: /home/utec/humanoid_ws/install/unitree_go/share/unitree_go/cmake/unitree_go__rosidl_typesupport_introspection_cExport.cmake
[2.129s] -- Up-to-date: /home/utec/humanoid_ws/install/unitree_go/share/unitree_go/cmake/unitree_go__rosidl_typesupport_introspection_cExport-noconfig.cmake
[2.129s] -- Up-to-date: /home/utec/humanoid_ws/install/unitree_go/share/unitree_go/cmake/unitree_go__rosidl_typesupport_cExport.cmake
[2.129s] -- Up-to-date: /home/utec/humanoid_ws/install/unitree_go/share/unitree_go/cmake/unitree_go__rosidl_typesupport_cExport-noconfig.cmake
[2.129s] -- Up-to-date: /home/utec/humanoid_ws/install/unitree_go/share/unitree_go/cmake/unitree_go__rosidl_typesupport_introspection_cppExport.cmake
[2.129s] -- Up-to-date: /home/utec/humanoid_ws/install/unitree_go/share/unitree_go/cmake/unitree_go__rosidl_typesupport_introspection_cppExport-noconfig.cmake
[2.130s] -- Up-to-date: /home/utec/humanoid_ws/install/unitree_go/share/unitree_go/cmake/unitree_go__rosidl_typesupport_cppExport.cmake
[2.130s] -- Up-to-date: /home/utec/humanoid_ws/install/unitree_go/share/unitree_go/cmake/unitree_go__rosidl_typesupport_cppExport-noconfig.cmake
[2.130s] -- Up-to-date: /home/utec/humanoid_ws/install/unitree_go/share/unitree_go/cmake/export_unitree_go__rosidl_generator_pyExport.cmake
[2.131s] -- Up-to-date: /home/utec/humanoid_ws/install/unitree_go/share/unitree_go/cmake/export_unitree_go__rosidl_generator_pyExport-noconfig.cmake
[2.131s] -- Up-to-date: /home/utec/humanoid_ws/install/unitree_go/share/unitree_go/cmake/rosidl_cmake-extras.cmake
[2.131s] -- Up-to-date: /home/utec/humanoid_ws/install/unitree_go/share/unitree_go/cmake/ament_cmake_export_dependencies-extras.cmake
[2.131s] -- Up-to-date: /home/utec/humanoid_ws/install/unitree_go/share/unitree_go/cmake/ament_cmake_export_include_directories-extras.cmake
[2.131s] -- Up-to-date: /home/utec/humanoid_ws/install/unitree_go/share/unitree_go/cmake/ament_cmake_export_libraries-extras.cmake
[2.131s] -- Up-to-date: /home/utec/humanoid_ws/install/unitree_go/share/unitree_go/cmake/ament_cmake_export_targets-extras.cmake
[2.132s] -- Up-to-date: /home/utec/humanoid_ws/install/unitree_go/share/unitree_go/cmake/rosidl_cmake_export_typesupport_targets-extras.cmake
[2.132s] -- Up-to-date: /home/utec/humanoid_ws/install/unitree_go/share/unitree_go/cmake/rosidl_cmake_export_typesupport_libraries-extras.cmake
[2.132s] -- Up-to-date: /home/utec/humanoid_ws/install/unitree_go/share/unitree_go/cmake/unitree_goConfig.cmake
[2.132s] -- Up-to-date: /home/utec/humanoid_ws/install/unitree_go/share/unitree_go/cmake/unitree_goConfig-version.cmake
[2.132s] -- Up-to-date: /home/utec/humanoid_ws/install/unitree_go/share/unitree_go/package.xml
[2.184s] Invoked command in '/home/utec/humanoid_ws/build/unitree_go' returned '0': CMAKE_PREFIX_PATH=${CMAKE_PREFIX_PATH}:/home/utec/humanoid_ws/install/pycodes_h1:/home/utec/humanoid_ws/install/h1_2_model:/home/utec/humanoid_ws/install/h1_2_algoritms:/home/utec/barirobot_ws/install/ur5_algoritmos:/home/utec/barirobot_ws/install/cam_code:/home/utec/barirobot_ws/install/bringup_bar:/opt/ros/humble PS1=\[\e]0;\u@\h: \w\a\]${debian_chroot:+($debian_chroot)}\[\033[01;32m\]\u@\h\[\033[00m\]:\[\033[01;34m\]\w\[\033[00m\]\$ /usr/bin/cmake --install /home/utec/humanoid_ws/build/unitree_go
