running egg_info
writing ../../../build/h1_2_model/h1_2_model.egg-info/PKG-INFO
writing dependency_links to ../../../build/h1_2_model/h1_2_model.egg-info/dependency_links.txt
writing entry points to ../../../build/h1_2_model/h1_2_model.egg-info/entry_points.txt
writing requirements to ../../../build/h1_2_model/h1_2_model.egg-info/requires.txt
writing top-level names to ../../../build/h1_2_model/h1_2_model.egg-info/top_level.txt
reading manifest file '../../../build/h1_2_model/h1_2_model.egg-info/SOURCES.txt'
writing manifest file '../../../build/h1_2_model/h1_2_model.egg-info/SOURCES.txt'
running build
running build_py
running install
running install_lib
running install_data
running install_egg_info
removing '/home/utec/humanoid_ws/install/h1_2_model/lib/python3.10/site-packages/h1_2_model-0.0.1-py3.10.egg-info' (and everything under it)
Copying ../../../build/h1_2_model/h1_2_model.egg-info to /home/utec/humanoid_ws/install/h1_2_model/lib/python3.10/site-packages/h1_2_model-0.0.1-py3.10.egg-info
running install_scripts
Installing fk_test_pose script to /home/utec/humanoid_ws/install/h1_2_model/lib/h1_2_model
Installing fk_test_position script to /home/utec/humanoid_ws/install/h1_2_model/lib/h1_2_model
Installing jacobian_numeric_test script to /home/utec/humanoid_ws/install/h1_2_model/lib/h1_2_model
Installing jacobian_test script to /home/utec/humanoid_ws/install/h1_2_model/lib/h1_2_model
Installing joint_publisher script to /home/utec/humanoid_ws/install/h1_2_model/lib/h1_2_model
Installing kinematic_controller_fixed script to /home/utec/humanoid_ws/install/h1_2_model/lib/h1_2_model
Installing kinematic_controller_wb1 script to /home/utec/humanoid_ws/install/h1_2_model/lib/h1_2_model
Installing kinematic_controller_wb2 script to /home/utec/humanoid_ws/install/h1_2_model/lib/h1_2_model
writing list of installed files to '/home/utec/humanoid_ws/build/h1_2_model/install.log'
