[  5%] [32m[1mLinking CXX executable read_motion_state[0m
[  5%] [32m[1mLinking CXX executable low_level_ctrl[0m
[  3%] [32m[1mLinking CXX executable read_low_state[0m
[  6%] [32m[1mLinking CXX executable low_level_ctrl_hg[0m
[  8%] [32m[1mLinking CXX executable read_wireless_controller[0m
[ 12%] [32m[1mLinking CXX executable read_low_state_hg[0m
[ 12%] [32m[1mLinking CXX executable g1_low_level_example[0m
[ 13%] [32m[1mLinking CXX executable go2_sport_client[0m
[ 17%] Built target low_level_ctrl
[ 18%] [32m[1mLinking CXX executable go2_stand_example[0m
[ 20%] Built target read_low_state
[ 22%] Built target read_low_state_hg
[ 24%] Built target read_motion_state
[ 25%] Built target read_wireless_controller
[ 27%] [32m[1mLinking CXX executable go2_robot_state_client[0m
[ 29%] [32m[1mLinking CXX executable g1_arm_sdk_dds_example[0m
[ 32%] Built target low_level_ctrl_hg
[ 36%] Built target g1_low_level_example
[ 37%] [32m[1mLinking CXX executable g1_arm_action_example[0m
[ 39%] [32m[1mLinking CXX executable g1_dex3_example[0m
[ 41%] [32m[1mLinking CXX executable g1_ankle_swing_example[0m
[ 43%] [32m[1mLinking CXX executable g1_loco_client_example[0m
[ 46%] Built target go2_stand_example
[ 48%] [32m[1mLinking CXX executable g1_audio_client_example[0m
[ 51%] Built target go2_sport_client
[ 53%] [32m[1mLinking CXX executable b2w_sport_client[0m
[ 56%] Built target g1_arm_sdk_dds_example
[ 58%] [32m[1mLinking CXX executable b2w_stand_example[0m
[ 62%] Built target g1_dex3_example
[ 63%] [32m[1mLinking CXX executable b2_stand_example[0m
[ 67%] Built target b2w_sport_client
[ 70%] Built target go2_robot_state_client
[ 72%] [32m[1mLinking CXX executable b2_sport_client[0m
[ 75%] Built target g1_arm_action_example
[ 77%] [32m[1mLinking CXX executable g1_dual_arm_example[0m
[ 81%] Built target g1_loco_client_example
[ 82%] Built target g1_audio_client_example
[ 86%] Built target g1_ankle_swing_example
[ 89%] Built target b2_sport_client
[ 93%] Built target b2w_stand_example
[ 96%] Built target b2_stand_example
[100%] Built target g1_dual_arm_example
-- Install configuration: ""
-- Installing: /home/utec/humanoid_ws/install/unitree_ros2_example/lib/low_level_ctrl
-- Set runtime path of "/home/utec/humanoid_ws/install/unitree_ros2_example/lib/low_level_ctrl" to ""
-- Installing: /home/utec/humanoid_ws/install/unitree_ros2_example/lib/low_level_ctrl_hg
-- Set runtime path of "/home/utec/humanoid_ws/install/unitree_ros2_example/lib/low_level_ctrl_hg" to ""
-- Installing: /home/utec/humanoid_ws/install/unitree_ros2_example/lib/g1_low_level_example
-- Set runtime path of "/home/utec/humanoid_ws/install/unitree_ros2_example/lib/g1_low_level_example" to ""
-- Installing: /home/utec/humanoid_ws/install/unitree_ros2_example/lib/read_low_state
-- Set runtime path of "/home/utec/humanoid_ws/install/unitree_ros2_example/lib/read_low_state" to ""
-- Installing: /home/utec/humanoid_ws/install/unitree_ros2_example/lib/read_low_state_hg
-- Set runtime path of "/home/utec/humanoid_ws/install/unitree_ros2_example/lib/read_low_state_hg" to ""
-- Installing: /home/utec/humanoid_ws/install/unitree_ros2_example/lib/read_motion_state
-- Set runtime path of "/home/utec/humanoid_ws/install/unitree_ros2_example/lib/read_motion_state" to ""
-- Installing: /home/utec/humanoid_ws/install/unitree_ros2_example/lib/read_wireless_controller
-- Set runtime path of "/home/utec/humanoid_ws/install/unitree_ros2_example/lib/read_wireless_controller" to ""
-- Installing: /home/utec/humanoid_ws/install/unitree_ros2_example/lib/go2_sport_client
-- Set runtime path of "/home/utec/humanoid_ws/install/unitree_ros2_example/lib/go2_sport_client" to ""
-- Installing: /home/utec/humanoid_ws/install/unitree_ros2_example/lib/go2_stand_example
-- Set runtime path of "/home/utec/humanoid_ws/install/unitree_ros2_example/lib/go2_stand_example" to ""
-- Installing: /home/utec/humanoid_ws/install/unitree_ros2_example/bin/go2_robot_state_client
-- Set runtime path of "/home/utec/humanoid_ws/install/unitree_ros2_example/bin/go2_robot_state_client" to ""
-- Installing: /home/utec/humanoid_ws/install/unitree_ros2_example/bin/g1_arm_sdk_dds_example
-- Set runtime path of "/home/utec/humanoid_ws/install/unitree_ros2_example/bin/g1_arm_sdk_dds_example" to ""
-- Installing: /home/utec/humanoid_ws/install/unitree_ros2_example/bin/g1_arm_action_example
-- Set runtime path of "/home/utec/humanoid_ws/install/unitree_ros2_example/bin/g1_arm_action_example" to ""
-- Installing: /home/utec/humanoid_ws/install/unitree_ros2_example/bin/g1_dex3_example
-- Set runtime path of "/home/utec/humanoid_ws/install/unitree_ros2_example/bin/g1_dex3_example" to ""
-- Installing: /home/utec/humanoid_ws/install/unitree_ros2_example/bin/g1_loco_client_example
-- Set runtime path of "/home/utec/humanoid_ws/install/unitree_ros2_example/bin/g1_loco_client_example" to ""
-- Installing: /home/utec/humanoid_ws/install/unitree_ros2_example/bin/g1_ankle_swing_example
-- Set runtime path of "/home/utec/humanoid_ws/install/unitree_ros2_example/bin/g1_ankle_swing_example" to ""
-- Installing: /home/utec/humanoid_ws/install/unitree_ros2_example/bin/g1_dual_arm_example
-- Set runtime path of "/home/utec/humanoid_ws/install/unitree_ros2_example/bin/g1_dual_arm_example" to ""
-- Installing: /home/utec/humanoid_ws/install/unitree_ros2_example/bin/g1_audio_client_example
-- Set runtime path of "/home/utec/humanoid_ws/install/unitree_ros2_example/bin/g1_audio_client_example" to ""
-- Up-to-date: /home/utec/humanoid_ws/install/unitree_ros2_example/share/ament_index/resource_index/package_run_dependencies/unitree_ros2_example
-- Up-to-date: /home/utec/humanoid_ws/install/unitree_ros2_example/share/ament_index/resource_index/parent_prefix_path/unitree_ros2_example
-- Up-to-date: /home/utec/humanoid_ws/install/unitree_ros2_example/share/unitree_ros2_example/environment/ament_prefix_path.sh
-- Up-to-date: /home/utec/humanoid_ws/install/unitree_ros2_example/share/unitree_ros2_example/environment/ament_prefix_path.dsv
-- Up-to-date: /home/utec/humanoid_ws/install/unitree_ros2_example/share/unitree_ros2_example/environment/path.sh
-- Up-to-date: /home/utec/humanoid_ws/install/unitree_ros2_example/share/unitree_ros2_example/environment/path.dsv
-- Up-to-date: /home/utec/humanoid_ws/install/unitree_ros2_example/share/unitree_ros2_example/local_setup.bash
-- Up-to-date: /home/utec/humanoid_ws/install/unitree_ros2_example/share/unitree_ros2_example/local_setup.sh
-- Up-to-date: /home/utec/humanoid_ws/install/unitree_ros2_example/share/unitree_ros2_example/local_setup.zsh
-- Up-to-date: /home/utec/humanoid_ws/install/unitree_ros2_example/share/unitree_ros2_example/local_setup.dsv
-- Installing: /home/utec/humanoid_ws/install/unitree_ros2_example/share/unitree_ros2_example/package.dsv
-- Up-to-date: /home/utec/humanoid_ws/install/unitree_ros2_example/share/ament_index/resource_index/packages/unitree_ros2_example
-- Up-to-date: /home/utec/humanoid_ws/install/unitree_ros2_example/share/unitree_ros2_example/cmake/unitree_ros2_exampleConfig.cmake
-- Up-to-date: /home/utec/humanoid_ws/install/unitree_ros2_example/share/unitree_ros2_example/cmake/unitree_ros2_exampleConfig-version.cmake
-- Up-to-date: /home/utec/humanoid_ws/install/unitree_ros2_example/share/unitree_ros2_example/package.xml
