[0.011s] Invoking command in '/home/utec/humanoid_ws/build/unitree_ros2_example': AMENT_PREFIX_PATH=/home/utec/humanoid_ws/install/unitree_hg:/home/utec/humanoid_ws/install/unitree_go:/home/utec/humanoid_ws/install/unitree_api:${AMENT_PREFIX_PATH} CMAKE_PREFIX_PATH=/home/utec/humanoid_ws/install/unitree_hg:/home/utec/humanoid_ws/install/unitree_go:/home/utec/humanoid_ws/install/unitree_api:/opt/ros/humble LD_LIBRARY_PATH=/home/utec/humanoid_ws/install/unitree_hg/lib:/home/utec/humanoid_ws/install/unitree_go/lib:/home/utec/humanoid_ws/install/unitree_api/lib:${LD_LIBRARY_PATH} PYTHONPATH=/home/utec/humanoid_ws/install/unitree_hg/local/lib/python3.10/dist-packages:/home/utec/humanoid_ws/install/unitree_go/local/lib/python3.10/dist-packages:/home/utec/humanoid_ws/install/unitree_api/local/lib/python3.10/dist-packages:${PYTHONPATH} /usr/bin/cmake --build /home/utec/humanoid_ws/build/unitree_ros2_example -- -j8 -l8
[0.071s] [  5%] [32m[1mLinking CXX executable read_motion_state[0m
[0.071s] [  5%] [32m[1mLinking CXX executable low_level_ctrl[0m
[0.071s] [  3%] [32m[1mLinking CXX executable read_low_state[0m
[0.071s] [  6%] [32m[1mLinking CXX executable low_level_ctrl_hg[0m
[0.071s] [  8%] [32m[1mLinking CXX executable read_wireless_controller[0m
[0.074s] [ 12%] [32m[1mLinking CXX executable read_low_state_hg[0m
[0.075s] [ 12%] [32m[1mLinking CXX executable g1_low_level_example[0m
[0.087s] [ 13%] [32m[1mLinking CXX executable go2_sport_client[0m
[0.779s] [ 17%] Built target low_level_ctrl
[0.852s] [ 18%] [32m[1mLinking CXX executable go2_stand_example[0m
[1.326s] [ 20%] Built target read_low_state
[1.334s] [ 22%] Built target read_low_state_hg
[1.360s] [ 24%] Built target read_motion_state
[1.366s] [ 25%] Built target read_wireless_controller
[1.373s] [ 27%] [32m[1mLinking CXX executable go2_robot_state_client[0m
[1.381s] [ 29%] [32m[1mLinking CXX executable g1_arm_sdk_dds_example[0m
[1.388s] [ 32%] Built target low_level_ctrl_hg
[1.389s] [ 36%] Built target g1_low_level_example
[1.406s] [ 37%] [32m[1mLinking CXX executable g1_arm_action_example[0m
[1.420s] [ 39%] [32m[1mLinking CXX executable g1_dex3_example[0m
[1.437s] [ 41%] [32m[1mLinking CXX executable g1_ankle_swing_example[0m
[1.444s] [ 43%] [32m[1mLinking CXX executable g1_loco_client_example[0m
[1.811s] [ 46%] Built target go2_stand_example
[1.895s] [ 48%] [32m[1mLinking CXX executable g1_audio_client_example[0m
[2.296s] [ 51%] Built target go2_sport_client
[2.355s] [ 53%] [32m[1mLinking CXX executable b2w_sport_client[0m
[2.594s] [ 56%] Built target g1_arm_sdk_dds_example
[2.644s] [ 58%] [32m[1mLinking CXX executable b2w_stand_example[0m
[2.683s] [ 62%] Built target g1_dex3_example
[2.737s] [ 63%] [32m[1mLinking CXX executable b2_stand_example[0m
[2.783s] [ 67%] Built target b2w_sport_client
[2.803s] [ 70%] Built target go2_robot_state_client
[2.844s] [ 72%] [32m[1mLinking CXX executable b2_sport_client[0m
[2.858s] [ 75%] Built target g1_arm_action_example
[2.879s] [ 77%] [32m[1mLinking CXX executable g1_dual_arm_example[0m
[2.917s] [ 81%] Built target g1_loco_client_example
[3.111s] [ 82%] Built target g1_audio_client_example
[3.113s] [ 86%] Built target g1_ankle_swing_example
[3.325s] [ 89%] Built target b2_sport_client
[3.688s] [ 93%] Built target b2w_stand_example
[3.739s] [ 96%] Built target b2_stand_example
[3.850s] [100%] Built target g1_dual_arm_example
[3.858s] Invoked command in '/home/utec/humanoid_ws/build/unitree_ros2_example' returned '0': AMENT_PREFIX_PATH=/home/utec/humanoid_ws/install/unitree_hg:/home/utec/humanoid_ws/install/unitree_go:/home/utec/humanoid_ws/install/unitree_api:${AMENT_PREFIX_PATH} CMAKE_PREFIX_PATH=/home/utec/humanoid_ws/install/unitree_hg:/home/utec/humanoid_ws/install/unitree_go:/home/utec/humanoid_ws/install/unitree_api:/opt/ros/humble LD_LIBRARY_PATH=/home/utec/humanoid_ws/install/unitree_hg/lib:/home/utec/humanoid_ws/install/unitree_go/lib:/home/utec/humanoid_ws/install/unitree_api/lib:${LD_LIBRARY_PATH} PYTHONPATH=/home/utec/humanoid_ws/install/unitree_hg/local/lib/python3.10/dist-packages:/home/utec/humanoid_ws/install/unitree_go/local/lib/python3.10/dist-packages:/home/utec/humanoid_ws/install/unitree_api/local/lib/python3.10/dist-packages:${PYTHONPATH} /usr/bin/cmake --build /home/utec/humanoid_ws/build/unitree_ros2_example -- -j8 -l8
[3.860s] Invoking command in '/home/utec/humanoid_ws/build/unitree_ros2_example': AMENT_PREFIX_PATH=/home/utec/humanoid_ws/install/unitree_hg:/home/utec/humanoid_ws/install/unitree_go:/home/utec/humanoid_ws/install/unitree_api:${AMENT_PREFIX_PATH} CMAKE_PREFIX_PATH=/home/utec/humanoid_ws/install/unitree_hg:/home/utec/humanoid_ws/install/unitree_go:/home/utec/humanoid_ws/install/unitree_api:/opt/ros/humble LD_LIBRARY_PATH=/home/utec/humanoid_ws/install/unitree_hg/lib:/home/utec/humanoid_ws/install/unitree_go/lib:/home/utec/humanoid_ws/install/unitree_api/lib:${LD_LIBRARY_PATH} PYTHONPATH=/home/utec/humanoid_ws/install/unitree_hg/local/lib/python3.10/dist-packages:/home/utec/humanoid_ws/install/unitree_go/local/lib/python3.10/dist-packages:/home/utec/humanoid_ws/install/unitree_api/local/lib/python3.10/dist-packages:${PYTHONPATH} /usr/bin/cmake --install /home/utec/humanoid_ws/build/unitree_ros2_example
[3.866s] -- Install configuration: ""
[3.866s] -- Installing: /home/utec/humanoid_ws/install/unitree_ros2_example/lib/low_level_ctrl
[3.867s] -- Set runtime path of "/home/utec/humanoid_ws/install/unitree_ros2_example/lib/low_level_ctrl" to ""
[3.868s] -- Installing: /home/utec/humanoid_ws/install/unitree_ros2_example/lib/low_level_ctrl_hg
[3.870s] -- Set runtime path of "/home/utec/humanoid_ws/install/unitree_ros2_example/lib/low_level_ctrl_hg" to ""
[3.870s] -- Installing: /home/utec/humanoid_ws/install/unitree_ros2_example/lib/g1_low_level_example
[3.872s] -- Set runtime path of "/home/utec/humanoid_ws/install/unitree_ros2_example/lib/g1_low_level_example" to ""
[3.873s] -- Installing: /home/utec/humanoid_ws/install/unitree_ros2_example/lib/read_low_state
[3.874s] -- Set runtime path of "/home/utec/humanoid_ws/install/unitree_ros2_example/lib/read_low_state" to ""
[3.875s] -- Installing: /home/utec/humanoid_ws/install/unitree_ros2_example/lib/read_low_state_hg
[3.877s] -- Set runtime path of "/home/utec/humanoid_ws/install/unitree_ros2_example/lib/read_low_state_hg" to ""
[3.877s] -- Installing: /home/utec/humanoid_ws/install/unitree_ros2_example/lib/read_motion_state
[3.879s] -- Set runtime path of "/home/utec/humanoid_ws/install/unitree_ros2_example/lib/read_motion_state" to ""
[3.879s] -- Installing: /home/utec/humanoid_ws/install/unitree_ros2_example/lib/read_wireless_controller
[3.881s] -- Set runtime path of "/home/utec/humanoid_ws/install/unitree_ros2_example/lib/read_wireless_controller" to ""
[3.881s] -- Installing: /home/utec/humanoid_ws/install/unitree_ros2_example/lib/go2_sport_client
[3.884s] -- Set runtime path of "/home/utec/humanoid_ws/install/unitree_ros2_example/lib/go2_sport_client" to ""
[3.885s] -- Installing: /home/utec/humanoid_ws/install/unitree_ros2_example/lib/go2_stand_example
[3.887s] -- Set runtime path of "/home/utec/humanoid_ws/install/unitree_ros2_example/lib/go2_stand_example" to ""
[3.887s] -- Installing: /home/utec/humanoid_ws/install/unitree_ros2_example/bin/go2_robot_state_client
[3.889s] -- Set runtime path of "/home/utec/humanoid_ws/install/unitree_ros2_example/bin/go2_robot_state_client" to ""
[3.890s] -- Installing: /home/utec/humanoid_ws/install/unitree_ros2_example/bin/g1_arm_sdk_dds_example
[3.891s] -- Set runtime path of "/home/utec/humanoid_ws/install/unitree_ros2_example/bin/g1_arm_sdk_dds_example" to ""
[3.892s] -- Installing: /home/utec/humanoid_ws/install/unitree_ros2_example/bin/g1_arm_action_example
[3.894s] -- Set runtime path of "/home/utec/humanoid_ws/install/unitree_ros2_example/bin/g1_arm_action_example" to ""
[3.895s] -- Installing: /home/utec/humanoid_ws/install/unitree_ros2_example/bin/g1_dex3_example
[3.896s] -- Set runtime path of "/home/utec/humanoid_ws/install/unitree_ros2_example/bin/g1_dex3_example" to ""
[3.897s] -- Installing: /home/utec/humanoid_ws/install/unitree_ros2_example/bin/g1_loco_client_example
[3.899s] -- Set runtime path of "/home/utec/humanoid_ws/install/unitree_ros2_example/bin/g1_loco_client_example" to ""
[3.899s] -- Installing: /home/utec/humanoid_ws/install/unitree_ros2_example/bin/g1_ankle_swing_example
[3.902s] -- Set runtime path of "/home/utec/humanoid_ws/install/unitree_ros2_example/bin/g1_ankle_swing_example" to ""
[3.903s] -- Installing: /home/utec/humanoid_ws/install/unitree_ros2_example/bin/g1_dual_arm_example
[3.906s] -- Set runtime path of "/home/utec/humanoid_ws/install/unitree_ros2_example/bin/g1_dual_arm_example" to ""
[3.906s] -- Installing: /home/utec/humanoid_ws/install/unitree_ros2_example/bin/g1_audio_client_example
[3.909s] -- Set runtime path of "/home/utec/humanoid_ws/install/unitree_ros2_example/bin/g1_audio_client_example" to ""
[3.909s] -- Up-to-date: /home/utec/humanoid_ws/install/unitree_ros2_example/share/ament_index/resource_index/package_run_dependencies/unitree_ros2_example
[3.909s] -- Up-to-date: /home/utec/humanoid_ws/install/unitree_ros2_example/share/ament_index/resource_index/parent_prefix_path/unitree_ros2_example
[3.910s] -- Up-to-date: /home/utec/humanoid_ws/install/unitree_ros2_example/share/unitree_ros2_example/environment/ament_prefix_path.sh
[3.910s] -- Up-to-date: /home/utec/humanoid_ws/install/unitree_ros2_example/share/unitree_ros2_example/environment/ament_prefix_path.dsv
[3.910s] -- Up-to-date: /home/utec/humanoid_ws/install/unitree_ros2_example/share/unitree_ros2_example/environment/path.sh
[3.910s] -- Up-to-date: /home/utec/humanoid_ws/install/unitree_ros2_example/share/unitree_ros2_example/environment/path.dsv
[3.910s] -- Up-to-date: /home/utec/humanoid_ws/install/unitree_ros2_example/share/unitree_ros2_example/local_setup.bash
[3.910s] -- Up-to-date: /home/utec/humanoid_ws/install/unitree_ros2_example/share/unitree_ros2_example/local_setup.sh
[3.910s] -- Up-to-date: /home/utec/humanoid_ws/install/unitree_ros2_example/share/unitree_ros2_example/local_setup.zsh
[3.910s] -- Up-to-date: /home/utec/humanoid_ws/install/unitree_ros2_example/share/unitree_ros2_example/local_setup.dsv
[3.910s] -- Installing: /home/utec/humanoid_ws/install/unitree_ros2_example/share/unitree_ros2_example/package.dsv
[3.910s] -- Up-to-date: /home/utec/humanoid_ws/install/unitree_ros2_example/share/ament_index/resource_index/packages/unitree_ros2_example
[3.910s] -- Up-to-date: /home/utec/humanoid_ws/install/unitree_ros2_example/share/unitree_ros2_example/cmake/unitree_ros2_exampleConfig.cmake
[3.910s] -- Up-to-date: /home/utec/humanoid_ws/install/unitree_ros2_example/share/unitree_ros2_example/cmake/unitree_ros2_exampleConfig-version.cmake
[3.910s] -- Up-to-date: /home/utec/humanoid_ws/install/unitree_ros2_example/share/unitree_ros2_example/package.xml
[3.912s] Invoked command in '/home/utec/humanoid_ws/build/unitree_ros2_example' returned '0': AMENT_PREFIX_PATH=/home/utec/humanoid_ws/install/unitree_hg:/home/utec/humanoid_ws/install/unitree_go:/home/utec/humanoid_ws/install/unitree_api:${AMENT_PREFIX_PATH} CMAKE_PREFIX_PATH=/home/utec/humanoid_ws/install/unitree_hg:/home/utec/humanoid_ws/install/unitree_go:/home/utec/humanoid_ws/install/unitree_api:/opt/ros/humble LD_LIBRARY_PATH=/home/utec/humanoid_ws/install/unitree_hg/lib:/home/utec/humanoid_ws/install/unitree_go/lib:/home/utec/humanoid_ws/install/unitree_api/lib:${LD_LIBRARY_PATH} PYTHONPATH=/home/utec/humanoid_ws/install/unitree_hg/local/lib/python3.10/dist-packages:/home/utec/humanoid_ws/install/unitree_go/local/lib/python3.10/dist-packages:/home/utec/humanoid_ws/install/unitree_api/local/lib/python3.10/dist-packages:${PYTHONPATH} /usr/bin/cmake --install /home/utec/humanoid_ws/build/unitree_ros2_example
