running egg_info
writing ../../build/h1_2_algoritms/h1_2_algoritms.egg-info/PKG-INFO
writing dependency_links to ../../build/h1_2_algoritms/h1_2_algoritms.egg-info/dependency_links.txt
writing entry points to ../../build/h1_2_algoritms/h1_2_algoritms.egg-info/entry_points.txt
writing requirements to ../../build/h1_2_algoritms/h1_2_algoritms.egg-info/requires.txt
writing top-level names to ../../build/h1_2_algoritms/h1_2_algoritms.egg-info/top_level.txt
reading manifest file '../../build/h1_2_algoritms/h1_2_algoritms.egg-info/SOURCES.txt'
writing manifest file '../../build/h1_2_algoritms/h1_2_algoritms.egg-info/SOURCES.txt'
running build
running build_py
copying h1_2_algoritms/data_logger.py -> /home/utec/humanoid_ws/build/h1_2_algoritms/build/lib/h1_2_algoritms
copying h1_2_algoritms/kine_control_functions.py -> /home/utec/humanoid_ws/build/h1_2_algoritms/build/lib/h1_2_algoritms
copying h1_2_algoritms/metodo_parte1.py -> /home/utec/humanoid_ws/build/h1_2_algoritms/build/lib/h1_2_algoritms
running install
running install_lib
copying /home/utec/humanoid_ws/build/h1_2_algoritms/build/lib/h1_2_algoritms/data_logger.py -> /home/utec/humanoid_ws/install/h1_2_algoritms/lib/python3.10/site-packages/h1_2_algoritms
copying /home/utec/humanoid_ws/build/h1_2_algoritms/build/lib/h1_2_algoritms/kine_control_functions.py -> /home/utec/humanoid_ws/install/h1_2_algoritms/lib/python3.10/site-packages/h1_2_algoritms
copying /home/utec/humanoid_ws/build/h1_2_algoritms/build/lib/h1_2_algoritms/metodo_parte1.py -> /home/utec/humanoid_ws/install/h1_2_algoritms/lib/python3.10/site-packages/h1_2_algoritms
byte-compiling /home/utec/humanoid_ws/install/h1_2_algoritms/lib/python3.10/site-packages/h1_2_algoritms/data_logger.py to data_logger.cpython-310.pyc
byte-compiling /home/utec/humanoid_ws/install/h1_2_algoritms/lib/python3.10/site-packages/h1_2_algoritms/kine_control_functions.py to kine_control_functions.cpython-310.pyc
byte-compiling /home/utec/humanoid_ws/install/h1_2_algoritms/lib/python3.10/site-packages/h1_2_algoritms/metodo_parte1.py to metodo_parte1.cpython-310.pyc
running install_data
running install_egg_info
removing '/home/utec/humanoid_ws/install/h1_2_algoritms/lib/python3.10/site-packages/h1_2_algoritms-0.0.0-py3.10.egg-info' (and everything under it)
Copying ../../build/h1_2_algoritms/h1_2_algoritms.egg-info to /home/utec/humanoid_ws/install/h1_2_algoritms/lib/python3.10/site-packages/h1_2_algoritms-0.0.0-py3.10.egg-info
running install_scripts
Installing fk_whole_body_h1_2 script to /home/utec/humanoid_ws/install/h1_2_algoritms/lib/h1_2_algoritms
Installing ik_whole_body_h1_2 script to /home/utec/humanoid_ws/install/h1_2_algoritms/lib/h1_2_algoritms
Installing kine_control_whole_body script to /home/utec/humanoid_ws/install/h1_2_algoritms/lib/h1_2_algoritms
Installing metodo_parte1 script to /home/utec/humanoid_ws/install/h1_2_algoritms/lib/h1_2_algoritms
Installing null_control_whole_body script to /home/utec/humanoid_ws/install/h1_2_algoritms/lib/h1_2_algoritms
Installing telekeyop_whole_body script to /home/utec/humanoid_ws/install/h1_2_algoritms/lib/h1_2_algoritms
writing list of installed files to '/home/utec/humanoid_ws/build/h1_2_algoritms/install.log'
