[1.453s] Invoking command in '/home/utec/humanoid_ws/src/h1_2_algoritms': PYTHONPATH=/home/utec/humanoid_ws/build/h1_2_algoritms/prefix_override:/usr/lib/python3/dist-packages/colcon_core/task/python/colcon_distutils_commands:/home/utec/humanoid_ws/install/h1_2_algoritms/lib/python3.10/site-packages:${PYTHONPATH} /usr/bin/python3 -W ignore:setup.py install is deprecated -W ignore:easy_install command is deprecated setup.py egg_info --egg-base ../../build/h1_2_algoritms build --build-base /home/utec/humanoid_ws/build/h1_2_algoritms/build install --record /home/utec/humanoid_ws/build/h1_2_algoritms/install.log --single-version-externally-managed install_data
[2.006s] running egg_info
[2.007s] writing ../../build/h1_2_algoritms/h1_2_algoritms.egg-info/PKG-INFO
[2.007s] writing dependency_links to ../../build/h1_2_algoritms/h1_2_algoritms.egg-info/dependency_links.txt
[2.008s] writing entry points to ../../build/h1_2_algoritms/h1_2_algoritms.egg-info/entry_points.txt
[2.008s] writing requirements to ../../build/h1_2_algoritms/h1_2_algoritms.egg-info/requires.txt
[2.008s] writing top-level names to ../../build/h1_2_algoritms/h1_2_algoritms.egg-info/top_level.txt
[2.012s] reading manifest file '../../build/h1_2_algoritms/h1_2_algoritms.egg-info/SOURCES.txt'
[2.013s] writing manifest file '../../build/h1_2_algoritms/h1_2_algoritms.egg-info/SOURCES.txt'
[2.013s] running build
[2.013s] running build_py
[2.014s] copying h1_2_algoritms/null_control_whole_body.py -> /home/utec/humanoid_ws/build/h1_2_algoritms/build/lib/h1_2_algoritms
[2.015s] running install
[2.015s] running install_lib
[2.016s] copying /home/utec/humanoid_ws/build/h1_2_algoritms/build/lib/h1_2_algoritms/null_control_whole_body.py -> /home/utec/humanoid_ws/install/h1_2_algoritms/lib/python3.10/site-packages/h1_2_algoritms
[2.017s] byte-compiling /home/utec/humanoid_ws/install/h1_2_algoritms/lib/python3.10/site-packages/h1_2_algoritms/null_control_whole_body.py to null_control_whole_body.cpython-310.pyc
[2.020s] running install_data
[2.020s] running install_egg_info
[2.025s] removing '/home/utec/humanoid_ws/install/h1_2_algoritms/lib/python3.10/site-packages/h1_2_algoritms-0.0.0-py3.10.egg-info' (and everything under it)
[2.026s] Copying ../../build/h1_2_algoritms/h1_2_algoritms.egg-info to /home/utec/humanoid_ws/install/h1_2_algoritms/lib/python3.10/site-packages/h1_2_algoritms-0.0.0-py3.10.egg-info
[2.026s] running install_scripts
[2.063s] Installing fk_whole_body_h1_2 script to /home/utec/humanoid_ws/install/h1_2_algoritms/lib/h1_2_algoritms
[2.064s] Installing ik_whole_body_h1_2 script to /home/utec/humanoid_ws/install/h1_2_algoritms/lib/h1_2_algoritms
[2.064s] Installing kine_control_whole_body script to /home/utec/humanoid_ws/install/h1_2_algoritms/lib/h1_2_algoritms
[2.064s] Installing null_control_whole_body script to /home/utec/humanoid_ws/install/h1_2_algoritms/lib/h1_2_algoritms
[2.064s] Installing telekeyop_whole_body script to /home/utec/humanoid_ws/install/h1_2_algoritms/lib/h1_2_algoritms
[2.064s] writing list of installed files to '/home/utec/humanoid_ws/build/h1_2_algoritms/install.log'
[2.145s] Invoked command in '/home/utec/humanoid_ws/src/h1_2_algoritms' returned '0': PYTHONPATH=/home/utec/humanoid_ws/build/h1_2_algoritms/prefix_override:/usr/lib/python3/dist-packages/colcon_core/task/python/colcon_distutils_commands:/home/utec/humanoid_ws/install/h1_2_algoritms/lib/python3.10/site-packages:${PYTHONPATH} /usr/bin/python3 -W ignore:setup.py install is deprecated -W ignore:easy_install command is deprecated setup.py egg_info --egg-base ../../build/h1_2_algoritms build --build-base /home/utec/humanoid_ws/build/h1_2_algoritms/build install --record /home/utec/humanoid_ws/build/h1_2_algoritms/install.log --single-version-externally-managed install_data
