[0.023s] Invoking command in '/home/utec/humanoid_ws/build/h1_2_description': CMAKE_PREFIX_PATH=${CMAKE_PREFIX_PATH}:/home/utec/humanoid_ws/install/pycodes_h1:/home/utec/humanoid_ws/install/h1_2_model:/home/utec/humanoid_ws/install/h1_2_algoritms:/opt/ros/humble /usr/bin/cmake --build /home/utec/humanoid_ws/build/h1_2_description -- -j8 -l8
[0.517s] Invoked command in '/home/utec/humanoid_ws/build/h1_2_description' returned '0': CMAKE_PREFIX_PATH=${CMAKE_PREFIX_PATH}:/home/utec/humanoid_ws/install/pycodes_h1:/home/utec/humanoid_ws/install/h1_2_model:/home/utec/humanoid_ws/install/h1_2_algoritms:/opt/ros/humble /usr/bin/cmake --build /home/utec/humanoid_ws/build/h1_2_description -- -j8 -l8
[0.541s] Invoking command in '/home/utec/humanoid_ws/build/h1_2_description': CMAKE_PREFIX_PATH=${CMAKE_PREFIX_PATH}:/home/utec/humanoid_ws/install/pycodes_h1:/home/utec/humanoid_ws/install/h1_2_model:/home/utec/humanoid_ws/install/h1_2_algoritms:/opt/ros/humble /usr/bin/cmake --install /home/utec/humanoid_ws/build/h1_2_description
[0.556s] -- Install configuration: ""
[0.556s] -- Up-to-date: /home/utec/humanoid_ws/install/h1_2_description/share/h1_2_description/urdf
[0.556s] -- Up-to-date: /home/utec/humanoid_ws/install/h1_2_description/share/h1_2_description/urdf/h1_2.urdf
[0.557s] -- Up-to-date: /home/utec/humanoid_ws/install/h1_2_description/share/h1_2_description/urdf/h1_2_handless_bright.urdf
[0.558s] -- Up-to-date: /home/utec/humanoid_ws/install/h1_2_description/share/h1_2_description/urdf/h1_2_bright.urdf
[0.559s] -- Up-to-date: /home/utec/humanoid_ws/install/h1_2_description/share/h1_2_description/urdf/h1_2_handless.urdf
[0.559s] -- Up-to-date: /home/utec/humanoid_ws/install/h1_2_description/share/h1_2_description/meshes
[0.559s] -- Up-to-date: /home/utec/humanoid_ws/install/h1_2_description/share/h1_2_description/meshes/R_index_intermediate.STL
[0.559s] -- Up-to-date: /home/utec/humanoid_ws/install/h1_2_description/share/h1_2_description/meshes/pelvis.STL
[0.559s] -- Up-to-date: /home/utec/humanoid_ws/install/h1_2_description/share/h1_2_description/meshes/right_hip_yaw_link.STL
[0.559s] -- Up-to-date: /home/utec/humanoid_ws/install/h1_2_description/share/h1_2_description/meshes/left_ankle_A_rod_link.STL
[0.559s] -- Up-to-date: /home/utec/humanoid_ws/install/h1_2_description/share/h1_2_description/meshes/link12_L.STL
[0.559s] -- Up-to-date: /home/utec/humanoid_ws/install/h1_2_description/share/h1_2_description/meshes/R_ring_proximal.STL
[0.559s] -- Up-to-date: /home/utec/humanoid_ws/install/h1_2_description/share/h1_2_description/meshes/left_elbow_link.STL
[0.560s] -- Up-to-date: /home/utec/humanoid_ws/install/h1_2_description/share/h1_2_description/meshes/R_pinky_proximal.STL
[0.560s] -- Up-to-date: /home/utec/humanoid_ws/install/h1_2_description/share/h1_2_description/meshes/right_ankle_pitch_link.STL
[0.560s] -- Up-to-date: /home/utec/humanoid_ws/install/h1_2_description/share/h1_2_description/meshes/L_pinky_proximal.STL
[0.560s] -- Up-to-date: /home/utec/humanoid_ws/install/h1_2_description/share/h1_2_description/meshes/link20_L.STL
[0.560s] -- Up-to-date: /home/utec/humanoid_ws/install/h1_2_description/share/h1_2_description/meshes/L_thumb_intermediate.STL
[0.560s] -- Up-to-date: /home/utec/humanoid_ws/install/h1_2_description/share/h1_2_description/meshes/left_knee_link.STL
[0.560s] -- Up-to-date: /home/utec/humanoid_ws/install/h1_2_description/share/h1_2_description/meshes/R_hand_base_link.STL
[0.560s] -- Up-to-date: /home/utec/humanoid_ws/install/h1_2_description/share/h1_2_description/meshes/left_shoulder_roll_link.STL
[0.560s] -- Up-to-date: /home/utec/humanoid_ws/install/h1_2_description/share/h1_2_description/meshes/L_middle_proximal.STL
[0.560s] -- Up-to-date: /home/utec/humanoid_ws/install/h1_2_description/share/h1_2_description/meshes/R_thumb_proximal.STL
[0.563s] -- Up-to-date: /home/utec/humanoid_ws/install/h1_2_description/share/h1_2_description/meshes/right_ankle_B_rod_link.STL
[0.564s] -- Up-to-date: /home/utec/humanoid_ws/install/h1_2_description/share/h1_2_description/meshes/right_wrist_roll_link.STL
[0.564s] -- Up-to-date: /home/utec/humanoid_ws/install/h1_2_description/share/h1_2_description/meshes/L_ring_proximal.STL
[0.564s] -- Up-to-date: /home/utec/humanoid_ws/install/h1_2_description/share/h1_2_description/meshes/R_ring_intermediate.STL
[0.564s] -- Up-to-date: /home/utec/humanoid_ws/install/h1_2_description/share/h1_2_description/meshes/right_hand_link.STL
[0.564s] -- Up-to-date: /home/utec/humanoid_ws/install/h1_2_description/share/h1_2_description/meshes/right_wrist_pitch_link.STL
[0.564s] -- Up-to-date: /home/utec/humanoid_ws/install/h1_2_description/share/h1_2_description/meshes/L_ring_intermediate.STL
[0.564s] -- Up-to-date: /home/utec/humanoid_ws/install/h1_2_description/share/h1_2_description/meshes/left_hand_link.STL
[0.564s] -- Up-to-date: /home/utec/humanoid_ws/install/h1_2_description/share/h1_2_description/meshes/right_ankle_A_rod_link.STL
[0.564s] -- Up-to-date: /home/utec/humanoid_ws/install/h1_2_description/share/h1_2_description/meshes/link18_R.STL
[0.565s] -- Up-to-date: /home/utec/humanoid_ws/install/h1_2_description/share/h1_2_description/meshes/link16_R.STL
[0.565s] -- Up-to-date: /home/utec/humanoid_ws/install/h1_2_description/share/h1_2_description/meshes/link22_L.STL
[0.565s] -- Up-to-date: /home/utec/humanoid_ws/install/h1_2_description/share/h1_2_description/meshes/L_thumb_distal.STL
[0.567s] -- Up-to-date: /home/utec/humanoid_ws/install/h1_2_description/share/h1_2_description/meshes/left_hip_pitch_link.STL
[0.567s] -- Up-to-date: /home/utec/humanoid_ws/install/h1_2_description/share/h1_2_description/meshes/link12_R.STL
[0.567s] -- Up-to-date: /home/utec/humanoid_ws/install/h1_2_description/share/h1_2_description/meshes/left_ankle_B_link.STL
[0.567s] -- Up-to-date: /home/utec/humanoid_ws/install/h1_2_description/share/h1_2_description/meshes/link11_R.STL
[0.567s] -- Up-to-date: /home/utec/humanoid_ws/install/h1_2_description/share/h1_2_description/meshes/right_ankle_roll_link.STL
[0.567s] -- Up-to-date: /home/utec/humanoid_ws/install/h1_2_description/share/h1_2_description/meshes/link13_L.STL
[0.567s] -- Up-to-date: /home/utec/humanoid_ws/install/h1_2_description/share/h1_2_description/meshes/left_wrist_pitch_link.STL
[0.568s] -- Up-to-date: /home/utec/humanoid_ws/install/h1_2_description/share/h1_2_description/meshes/right_shoulder_pitch_link.STL
[0.568s] -- Up-to-date: /home/utec/humanoid_ws/install/h1_2_description/share/h1_2_description/meshes/right_ankle_link.STL
[0.568s] -- Up-to-date: /home/utec/humanoid_ws/install/h1_2_description/share/h1_2_description/meshes/right_ankle_B_link.STL
[0.568s] -- Up-to-date: /home/utec/humanoid_ws/install/h1_2_description/share/h1_2_description/meshes/link22_R.STL
[0.568s] -- Up-to-date: /home/utec/humanoid_ws/install/h1_2_description/share/h1_2_description/meshes/torso_link.STL
[0.568s] -- Up-to-date: /home/utec/humanoid_ws/install/h1_2_description/share/h1_2_description/meshes/right_shoulder_yaw_link.STL
[0.568s] -- Up-to-date: /home/utec/humanoid_ws/install/h1_2_description/share/h1_2_description/meshes/R_thumb_proximal_base.STL
[0.568s] -- Up-to-date: /home/utec/humanoid_ws/install/h1_2_description/share/h1_2_description/meshes/link14_L.STL
[0.568s] -- Up-to-date: /home/utec/humanoid_ws/install/h1_2_description/share/h1_2_description/meshes/link11_L.STL
[0.568s] -- Up-to-date: /home/utec/humanoid_ws/install/h1_2_description/share/h1_2_description/meshes/link18_L.STL
[0.569s] -- Up-to-date: /home/utec/humanoid_ws/install/h1_2_description/share/h1_2_description/meshes/left_shoulder_pitch_link.STL
[0.569s] -- Up-to-date: /home/utec/humanoid_ws/install/h1_2_description/share/h1_2_description/meshes/wrist_yaw_link.STL
[0.569s] -- Up-to-date: /home/utec/humanoid_ws/install/h1_2_description/share/h1_2_description/meshes/L_thumb_proximal_base.STL
[0.569s] -- Up-to-date: /home/utec/humanoid_ws/install/h1_2_description/share/h1_2_description/meshes/link15_L.STL
[0.569s] -- Up-to-date: /home/utec/humanoid_ws/install/h1_2_description/share/h1_2_description/meshes/link15_R.STL
[0.569s] -- Up-to-date: /home/utec/humanoid_ws/install/h1_2_description/share/h1_2_description/meshes/right_shoulder_roll_link.STL
[0.569s] -- Up-to-date: /home/utec/humanoid_ws/install/h1_2_description/share/h1_2_description/meshes/left_ankle_A_link.STL
[0.569s] -- Up-to-date: /home/utec/humanoid_ws/install/h1_2_description/share/h1_2_description/meshes/L_index_intermediate.STL
[0.569s] -- Up-to-date: /home/utec/humanoid_ws/install/h1_2_description/share/h1_2_description/meshes/link17_R.STL
[0.569s] -- Up-to-date: /home/utec/humanoid_ws/install/h1_2_description/share/h1_2_description/meshes/L_pinky_intermediate.STL
[0.570s] -- Up-to-date: /home/utec/humanoid_ws/install/h1_2_description/share/h1_2_description/meshes/link21_R.STL
[0.570s] -- Up-to-date: /home/utec/humanoid_ws/install/h1_2_description/share/h1_2_description/meshes/link20_R.STL
[0.570s] -- Up-to-date: /home/utec/humanoid_ws/install/h1_2_description/share/h1_2_description/meshes/right_elbow_link.STL
[0.570s] -- Up-to-date: /home/utec/humanoid_ws/install/h1_2_description/share/h1_2_description/meshes/left_ankle_roll_link.STL
[0.570s] -- Up-to-date: /home/utec/humanoid_ws/install/h1_2_description/share/h1_2_description/meshes/R_pinky_intermediate.STL
[0.570s] -- Up-to-date: /home/utec/humanoid_ws/install/h1_2_description/share/h1_2_description/meshes/R_thumb_intermediate.STL
[0.570s] -- Up-to-date: /home/utec/humanoid_ws/install/h1_2_description/share/h1_2_description/meshes/left_ankle_pitch_link.STL
[0.570s] -- Up-to-date: /home/utec/humanoid_ws/install/h1_2_description/share/h1_2_description/meshes/L_hand_base_link.STL
[0.570s] -- Up-to-date: /home/utec/humanoid_ws/install/h1_2_description/share/h1_2_description/meshes/left_shoulder_yaw_link.STL
[0.570s] -- Up-to-date: /home/utec/humanoid_ws/install/h1_2_description/share/h1_2_description/meshes/L_middle_intermediate.STL
[0.570s] -- Up-to-date: /home/utec/humanoid_ws/install/h1_2_description/share/h1_2_description/meshes/link19_L.STL
[0.573s] -- Up-to-date: /home/utec/humanoid_ws/install/h1_2_description/share/h1_2_description/meshes/right_ankle_A_link.STL
[0.573s] -- Up-to-date: /home/utec/humanoid_ws/install/h1_2_description/share/h1_2_description/meshes/link19_R.STL
[0.573s] -- Up-to-date: /home/utec/humanoid_ws/install/h1_2_description/share/h1_2_description/meshes/left_hip_yaw_link.STL
[0.573s] -- Up-to-date: /home/utec/humanoid_ws/install/h1_2_description/share/h1_2_description/meshes/L_index_proximal.STL
[0.573s] -- Up-to-date: /home/utec/humanoid_ws/install/h1_2_description/share/h1_2_description/meshes/link16_L.STL
[0.573s] -- Up-to-date: /home/utec/humanoid_ws/install/h1_2_description/share/h1_2_description/meshes/link21_L.STL
[0.573s] -- Up-to-date: /home/utec/humanoid_ws/install/h1_2_description/share/h1_2_description/meshes/logo_link.STL
[0.573s] -- Up-to-date: /home/utec/humanoid_ws/install/h1_2_description/share/h1_2_description/meshes/right_hip_roll_link.STL
[0.574s] -- Up-to-date: /home/utec/humanoid_ws/install/h1_2_description/share/h1_2_description/meshes/left_ankle_B_rod_link.STL
[0.574s] -- Up-to-date: /home/utec/humanoid_ws/install/h1_2_description/share/h1_2_description/meshes/left_hip_roll_link.STL
[0.578s] -- Up-to-date: /home/utec/humanoid_ws/install/h1_2_description/share/h1_2_description/meshes/L_thumb_proximal.STL
[0.578s] -- Up-to-date: /home/utec/humanoid_ws/install/h1_2_description/share/h1_2_description/meshes/R_thumb_distal.STL
[0.579s] -- Up-to-date: /home/utec/humanoid_ws/install/h1_2_description/share/h1_2_description/meshes/right_pitch_link.STL
[0.579s] -- Up-to-date: /home/utec/humanoid_ws/install/h1_2_description/share/h1_2_description/meshes/R_index_proximal.STL
[0.583s] -- Up-to-date: /home/utec/humanoid_ws/install/h1_2_description/share/h1_2_description/meshes/R_middle_intermediate.STL
[0.583s] -- Up-to-date: /home/utec/humanoid_ws/install/h1_2_description/share/h1_2_description/meshes/link14_R.STL
[0.583s] -- Up-to-date: /home/utec/humanoid_ws/install/h1_2_description/share/h1_2_description/meshes/link17_L.STL
[0.583s] -- Up-to-date: /home/utec/humanoid_ws/install/h1_2_description/share/h1_2_description/meshes/right_knee_link.STL
[0.583s] -- Up-to-date: /home/utec/humanoid_ws/install/h1_2_description/share/h1_2_description/meshes/right_hip_pitch_link.STL
[0.583s] -- Up-to-date: /home/utec/humanoid_ws/install/h1_2_description/share/h1_2_description/meshes/left_wrist_roll_link.STL
[0.584s] -- Up-to-date: /home/utec/humanoid_ws/install/h1_2_description/share/h1_2_description/meshes/link13_R.STL
[0.584s] -- Up-to-date: /home/utec/humanoid_ws/install/h1_2_description/share/h1_2_description/meshes/R_middle_proximal.STL
[0.584s] -- Up-to-date: /home/utec/humanoid_ws/install/h1_2_description/share/h1_2_description/launch
[0.584s] -- Up-to-date: /home/utec/humanoid_ws/install/h1_2_description/share/h1_2_description/launch/display_handless.launch.py
[0.584s] -- Up-to-date: /home/utec/humanoid_ws/install/h1_2_description/share/h1_2_description/launch/display_sliders.launch.py
[0.584s] -- Up-to-date: /home/utec/humanoid_ws/install/h1_2_description/share/h1_2_description/launch/display_handless_sliders.launch.py
[0.584s] -- Up-to-date: /home/utec/humanoid_ws/install/h1_2_description/share/h1_2_description/rviz
[0.584s] -- Up-to-date: /home/utec/humanoid_ws/install/h1_2_description/share/h1_2_description/rviz/h1_2_display.rviz
[0.584s] -- Up-to-date: /home/utec/humanoid_ws/install/h1_2_description/share/h1_2_description/rviz/h1_2_display_marker.rviz
[0.596s] -- Up-to-date: /home/utec/humanoid_ws/install/h1_2_description/share/ament_index/resource_index/package_run_dependencies/h1_2_description
[0.596s] -- Up-to-date: /home/utec/humanoid_ws/install/h1_2_description/share/ament_index/resource_index/parent_prefix_path/h1_2_description
[0.596s] -- Up-to-date: /home/utec/humanoid_ws/install/h1_2_description/share/h1_2_description/environment/ament_prefix_path.sh
[0.596s] -- Up-to-date: /home/utec/humanoid_ws/install/h1_2_description/share/h1_2_description/environment/ament_prefix_path.dsv
[0.596s] -- Up-to-date: /home/utec/humanoid_ws/install/h1_2_description/share/h1_2_description/environment/path.sh
[0.597s] -- Up-to-date: /home/utec/humanoid_ws/install/h1_2_description/share/h1_2_description/environment/path.dsv
[0.597s] -- Up-to-date: /home/utec/humanoid_ws/install/h1_2_description/share/h1_2_description/local_setup.bash
[0.597s] -- Up-to-date: /home/utec/humanoid_ws/install/h1_2_description/share/h1_2_description/local_setup.sh
[0.597s] -- Up-to-date: /home/utec/humanoid_ws/install/h1_2_description/share/h1_2_description/local_setup.zsh
[0.597s] -- Up-to-date: /home/utec/humanoid_ws/install/h1_2_description/share/h1_2_description/local_setup.dsv
[0.597s] -- Installing: /home/utec/humanoid_ws/install/h1_2_description/share/h1_2_description/package.dsv
[0.597s] -- Up-to-date: /home/utec/humanoid_ws/install/h1_2_description/share/ament_index/resource_index/packages/h1_2_description
[0.597s] -- Up-to-date: /home/utec/humanoid_ws/install/h1_2_description/share/h1_2_description/cmake/h1_2_descriptionConfig.cmake
[0.597s] -- Up-to-date: /home/utec/humanoid_ws/install/h1_2_description/share/h1_2_description/cmake/h1_2_descriptionConfig-version.cmake
[0.598s] -- Up-to-date: /home/utec/humanoid_ws/install/h1_2_description/share/h1_2_description/package.xml
[0.598s] Invoked command in '/home/utec/humanoid_ws/build/h1_2_description' returned '0': CMAKE_PREFIX_PATH=${CMAKE_PREFIX_PATH}:/home/utec/humanoid_ws/install/pycodes_h1:/home/utec/humanoid_ws/install/h1_2_model:/home/utec/humanoid_ws/install/h1_2_algoritms:/opt/ros/humble /usr/bin/cmake --install /home/utec/humanoid_ws/build/h1_2_description
