-- The C compiler identification is GNU 11.4.0
-- The CXX compiler identification is GNU 11.4.0
-- Detecting C compiler ABI info
-- Detecting C compiler ABI info - done
-- Check for working C compiler: /usr/bin/cc - skipped
-- Detecting C compile features
-- Detecting C compile features - done
-- Detecting CXX compiler ABI info
-- Detecting CXX compiler ABI info - done
-- Check for working CXX compiler: /usr/bin/c++ - skipped
-- Detecting CXX compile features
-- Detecting CXX compile features - done
-- Found ament_cmake: 1.3.12 (/opt/ros/humble/share/ament_cmake/cmake)
-- Found Python3: /usr/bin/python3 (found version "3.10.12") found components: Interpreter 
-- Configuring done
-- Generating done
-- Build files have been written to: /home/utec/humanoid_ws/build/h1_2_description
-- Install configuration: ""
-- Installing: /home/utec/humanoid_ws/install/h1_2_description/share/h1_2_description/urdf
-- Installing: /home/utec/humanoid_ws/install/h1_2_description/share/h1_2_description/urdf/h1_2.urdf
-- Installing: /home/utec/humanoid_ws/install/h1_2_description/share/h1_2_description/urdf/h1_2_handless_bright.urdf
-- Installing: /home/utec/humanoid_ws/install/h1_2_description/share/h1_2_description/urdf/h1_2_bright.urdf
-- Installing: /home/utec/humanoid_ws/install/h1_2_description/share/h1_2_description/urdf/h1_2_handless.urdf
-- Installing: /home/utec/humanoid_ws/install/h1_2_description/share/h1_2_description/meshes
-- Installing: /home/utec/humanoid_ws/install/h1_2_description/share/h1_2_description/meshes/R_index_intermediate.STL
-- Installing: /home/utec/humanoid_ws/install/h1_2_description/share/h1_2_description/meshes/pelvis.STL
-- Installing: /home/utec/humanoid_ws/install/h1_2_description/share/h1_2_description/meshes/right_hip_yaw_link.STL
-- Installing: /home/utec/humanoid_ws/install/h1_2_description/share/h1_2_description/meshes/left_ankle_A_rod_link.STL
-- Installing: /home/utec/humanoid_ws/install/h1_2_description/share/h1_2_description/meshes/link12_L.STL
-- Installing: /home/utec/humanoid_ws/install/h1_2_description/share/h1_2_description/meshes/R_ring_proximal.STL
-- Installing: /home/utec/humanoid_ws/install/h1_2_description/share/h1_2_description/meshes/left_elbow_link.STL
-- Installing: /home/utec/humanoid_ws/install/h1_2_description/share/h1_2_description/meshes/R_pinky_proximal.STL
-- Installing: /home/utec/humanoid_ws/install/h1_2_description/share/h1_2_description/meshes/right_ankle_pitch_link.STL
-- Installing: /home/utec/humanoid_ws/install/h1_2_description/share/h1_2_description/meshes/L_pinky_proximal.STL
-- Installing: /home/utec/humanoid_ws/install/h1_2_description/share/h1_2_description/meshes/link20_L.STL
-- Installing: /home/utec/humanoid_ws/install/h1_2_description/share/h1_2_description/meshes/L_thumb_intermediate.STL
-- Installing: /home/utec/humanoid_ws/install/h1_2_description/share/h1_2_description/meshes/left_knee_link.STL
-- Installing: /home/utec/humanoid_ws/install/h1_2_description/share/h1_2_description/meshes/R_hand_base_link.STL
-- Installing: /home/utec/humanoid_ws/install/h1_2_description/share/h1_2_description/meshes/left_shoulder_roll_link.STL
-- Installing: /home/utec/humanoid_ws/install/h1_2_description/share/h1_2_description/meshes/L_middle_proximal.STL
-- Installing: /home/utec/humanoid_ws/install/h1_2_description/share/h1_2_description/meshes/R_thumb_proximal.STL
-- Installing: /home/utec/humanoid_ws/install/h1_2_description/share/h1_2_description/meshes/right_ankle_B_rod_link.STL
-- Installing: /home/utec/humanoid_ws/install/h1_2_description/share/h1_2_description/meshes/right_wrist_roll_link.STL
-- Installing: /home/utec/humanoid_ws/install/h1_2_description/share/h1_2_description/meshes/L_ring_proximal.STL
-- Installing: /home/utec/humanoid_ws/install/h1_2_description/share/h1_2_description/meshes/R_ring_intermediate.STL
-- Installing: /home/utec/humanoid_ws/install/h1_2_description/share/h1_2_description/meshes/right_hand_link.STL
-- Installing: /home/utec/humanoid_ws/install/h1_2_description/share/h1_2_description/meshes/right_wrist_pitch_link.STL
-- Installing: /home/utec/humanoid_ws/install/h1_2_description/share/h1_2_description/meshes/L_ring_intermediate.STL
-- Installing: /home/utec/humanoid_ws/install/h1_2_description/share/h1_2_description/meshes/left_hand_link.STL
-- Installing: /home/utec/humanoid_ws/install/h1_2_description/share/h1_2_description/meshes/right_ankle_A_rod_link.STL
-- Installing: /home/utec/humanoid_ws/install/h1_2_description/share/h1_2_description/meshes/link18_R.STL
-- Installing: /home/utec/humanoid_ws/install/h1_2_description/share/h1_2_description/meshes/link16_R.STL
-- Installing: /home/utec/humanoid_ws/install/h1_2_description/share/h1_2_description/meshes/link22_L.STL
-- Installing: /home/utec/humanoid_ws/install/h1_2_description/share/h1_2_description/meshes/L_thumb_distal.STL
-- Installing: /home/utec/humanoid_ws/install/h1_2_description/share/h1_2_description/meshes/left_hip_pitch_link.STL
-- Installing: /home/utec/humanoid_ws/install/h1_2_description/share/h1_2_description/meshes/link12_R.STL
-- Installing: /home/utec/humanoid_ws/install/h1_2_description/share/h1_2_description/meshes/left_ankle_B_link.STL
-- Installing: /home/utec/humanoid_ws/install/h1_2_description/share/h1_2_description/meshes/link11_R.STL
-- Installing: /home/utec/humanoid_ws/install/h1_2_description/share/h1_2_description/meshes/right_ankle_roll_link.STL
-- Installing: /home/utec/humanoid_ws/install/h1_2_description/share/h1_2_description/meshes/link13_L.STL
-- Installing: /home/utec/humanoid_ws/install/h1_2_description/share/h1_2_description/meshes/left_wrist_pitch_link.STL
-- Installing: /home/utec/humanoid_ws/install/h1_2_description/share/h1_2_description/meshes/right_shoulder_pitch_link.STL
-- Installing: /home/utec/humanoid_ws/install/h1_2_description/share/h1_2_description/meshes/right_ankle_link.STL
-- Installing: /home/utec/humanoid_ws/install/h1_2_description/share/h1_2_description/meshes/right_ankle_B_link.STL
-- Installing: /home/utec/humanoid_ws/install/h1_2_description/share/h1_2_description/meshes/link22_R.STL
-- Installing: /home/utec/humanoid_ws/install/h1_2_description/share/h1_2_description/meshes/torso_link.STL
-- Installing: /home/utec/humanoid_ws/install/h1_2_description/share/h1_2_description/meshes/right_shoulder_yaw_link.STL
-- Installing: /home/utec/humanoid_ws/install/h1_2_description/share/h1_2_description/meshes/R_thumb_proximal_base.STL
-- Installing: /home/utec/humanoid_ws/install/h1_2_description/share/h1_2_description/meshes/link14_L.STL
-- Installing: /home/utec/humanoid_ws/install/h1_2_description/share/h1_2_description/meshes/link11_L.STL
-- Installing: /home/utec/humanoid_ws/install/h1_2_description/share/h1_2_description/meshes/link18_L.STL
-- Installing: /home/utec/humanoid_ws/install/h1_2_description/share/h1_2_description/meshes/left_shoulder_pitch_link.STL
-- Installing: /home/utec/humanoid_ws/install/h1_2_description/share/h1_2_description/meshes/wrist_yaw_link.STL
-- Installing: /home/utec/humanoid_ws/install/h1_2_description/share/h1_2_description/meshes/L_thumb_proximal_base.STL
-- Installing: /home/utec/humanoid_ws/install/h1_2_description/share/h1_2_description/meshes/link15_L.STL
-- Installing: /home/utec/humanoid_ws/install/h1_2_description/share/h1_2_description/meshes/link15_R.STL
-- Installing: /home/utec/humanoid_ws/install/h1_2_description/share/h1_2_description/meshes/right_shoulder_roll_link.STL
-- Installing: /home/utec/humanoid_ws/install/h1_2_description/share/h1_2_description/meshes/left_ankle_A_link.STL
-- Installing: /home/utec/humanoid_ws/install/h1_2_description/share/h1_2_description/meshes/L_index_intermediate.STL
-- Installing: /home/utec/humanoid_ws/install/h1_2_description/share/h1_2_description/meshes/link17_R.STL
-- Installing: /home/utec/humanoid_ws/install/h1_2_description/share/h1_2_description/meshes/L_pinky_intermediate.STL
-- Installing: /home/utec/humanoid_ws/install/h1_2_description/share/h1_2_description/meshes/link21_R.STL
-- Installing: /home/utec/humanoid_ws/install/h1_2_description/share/h1_2_description/meshes/link20_R.STL
-- Installing: /home/utec/humanoid_ws/install/h1_2_description/share/h1_2_description/meshes/right_elbow_link.STL
-- Installing: /home/utec/humanoid_ws/install/h1_2_description/share/h1_2_description/meshes/left_ankle_roll_link.STL
-- Installing: /home/utec/humanoid_ws/install/h1_2_description/share/h1_2_description/meshes/R_pinky_intermediate.STL
-- Installing: /home/utec/humanoid_ws/install/h1_2_description/share/h1_2_description/meshes/R_thumb_intermediate.STL
-- Installing: /home/utec/humanoid_ws/install/h1_2_description/share/h1_2_description/meshes/left_ankle_pitch_link.STL
-- Installing: /home/utec/humanoid_ws/install/h1_2_description/share/h1_2_description/meshes/L_hand_base_link.STL
-- Installing: /home/utec/humanoid_ws/install/h1_2_description/share/h1_2_description/meshes/left_shoulder_yaw_link.STL
-- Installing: /home/utec/humanoid_ws/install/h1_2_description/share/h1_2_description/meshes/L_middle_intermediate.STL
-- Installing: /home/utec/humanoid_ws/install/h1_2_description/share/h1_2_description/meshes/link19_L.STL
-- Installing: /home/utec/humanoid_ws/install/h1_2_description/share/h1_2_description/meshes/right_ankle_A_link.STL
-- Installing: /home/utec/humanoid_ws/install/h1_2_description/share/h1_2_description/meshes/link19_R.STL
-- Installing: /home/utec/humanoid_ws/install/h1_2_description/share/h1_2_description/meshes/left_hip_yaw_link.STL
-- Installing: /home/utec/humanoid_ws/install/h1_2_description/share/h1_2_description/meshes/L_index_proximal.STL
-- Installing: /home/utec/humanoid_ws/install/h1_2_description/share/h1_2_description/meshes/link16_L.STL
-- Installing: /home/utec/humanoid_ws/install/h1_2_description/share/h1_2_description/meshes/link21_L.STL
-- Installing: /home/utec/humanoid_ws/install/h1_2_description/share/h1_2_description/meshes/logo_link.STL
-- Installing: /home/utec/humanoid_ws/install/h1_2_description/share/h1_2_description/meshes/right_hip_roll_link.STL
-- Installing: /home/utec/humanoid_ws/install/h1_2_description/share/h1_2_description/meshes/left_ankle_B_rod_link.STL
-- Installing: /home/utec/humanoid_ws/install/h1_2_description/share/h1_2_description/meshes/left_hip_roll_link.STL
-- Installing: /home/utec/humanoid_ws/install/h1_2_description/share/h1_2_description/meshes/L_thumb_proximal.STL
-- Installing: /home/utec/humanoid_ws/install/h1_2_description/share/h1_2_description/meshes/R_thumb_distal.STL
-- Installing: /home/utec/humanoid_ws/install/h1_2_description/share/h1_2_description/meshes/right_pitch_link.STL
-- Installing: /home/utec/humanoid_ws/install/h1_2_description/share/h1_2_description/meshes/R_index_proximal.STL
-- Installing: /home/utec/humanoid_ws/install/h1_2_description/share/h1_2_description/meshes/R_middle_intermediate.STL
-- Installing: /home/utec/humanoid_ws/install/h1_2_description/share/h1_2_description/meshes/link14_R.STL
-- Installing: /home/utec/humanoid_ws/install/h1_2_description/share/h1_2_description/meshes/link17_L.STL
-- Installing: /home/utec/humanoid_ws/install/h1_2_description/share/h1_2_description/meshes/right_knee_link.STL
-- Installing: /home/utec/humanoid_ws/install/h1_2_description/share/h1_2_description/meshes/right_hip_pitch_link.STL
-- Installing: /home/utec/humanoid_ws/install/h1_2_description/share/h1_2_description/meshes/left_wrist_roll_link.STL
-- Installing: /home/utec/humanoid_ws/install/h1_2_description/share/h1_2_description/meshes/link13_R.STL
-- Installing: /home/utec/humanoid_ws/install/h1_2_description/share/h1_2_description/meshes/R_middle_proximal.STL
-- Installing: /home/utec/humanoid_ws/install/h1_2_description/share/h1_2_description/launch
-- Installing: /home/utec/humanoid_ws/install/h1_2_description/share/h1_2_description/launch/display_handless.launch.py
-- Installing: /home/utec/humanoid_ws/install/h1_2_description/share/h1_2_description/launch/display_sliders.launch.py
-- Installing: /home/utec/humanoid_ws/install/h1_2_description/share/h1_2_description/launch/display_handless_sliders.launch.py
-- Installing: /home/utec/humanoid_ws/install/h1_2_description/share/h1_2_description/rviz
-- Installing: /home/utec/humanoid_ws/install/h1_2_description/share/h1_2_description/rviz/h1_2_display.rviz
-- Installing: /home/utec/humanoid_ws/install/h1_2_description/share/h1_2_description/rviz/h1_2_display_marker.rviz
-- Installing: /home/utec/humanoid_ws/install/h1_2_description/share/ament_index/resource_index/package_run_dependencies/h1_2_description
-- Installing: /home/utec/humanoid_ws/install/h1_2_description/share/ament_index/resource_index/parent_prefix_path/h1_2_description
-- Installing: /home/utec/humanoid_ws/install/h1_2_description/share/h1_2_description/environment/ament_prefix_path.sh
-- Installing: /home/utec/humanoid_ws/install/h1_2_description/share/h1_2_description/environment/ament_prefix_path.dsv
-- Installing: /home/utec/humanoid_ws/install/h1_2_description/share/h1_2_description/environment/path.sh
-- Installing: /home/utec/humanoid_ws/install/h1_2_description/share/h1_2_description/environment/path.dsv
-- Installing: /home/utec/humanoid_ws/install/h1_2_description/share/h1_2_description/local_setup.bash
-- Installing: /home/utec/humanoid_ws/install/h1_2_description/share/h1_2_description/local_setup.sh
-- Installing: /home/utec/humanoid_ws/install/h1_2_description/share/h1_2_description/local_setup.zsh
-- Installing: /home/utec/humanoid_ws/install/h1_2_description/share/h1_2_description/local_setup.dsv
-- Installing: /home/utec/humanoid_ws/install/h1_2_description/share/h1_2_description/package.dsv
-- Installing: /home/utec/humanoid_ws/install/h1_2_description/share/ament_index/resource_index/packages/h1_2_description
-- Installing: /home/utec/humanoid_ws/install/h1_2_description/share/h1_2_description/cmake/h1_2_descriptionConfig.cmake
-- Installing: /home/utec/humanoid_ws/install/h1_2_description/share/h1_2_description/cmake/h1_2_descriptionConfig-version.cmake
-- Installing: /home/utec/humanoid_ws/install/h1_2_description/share/h1_2_description/package.xml
