[2.198s] Invoking command in '/home/utec/humanoid_ws/src/h1_2_algoritms': PS1=\[\e]0;\u@\h: \w\a\]${debian_chroot:+($debian_chroot)}\[\033[01;32m\]\u@\h\[\033[00m\]:\[\033[01;34m\]\w\[\033[00m\]\$ PYTHONPATH=/home/utec/humanoid_ws/build/h1_2_algoritms/prefix_override:/usr/lib/python3/dist-packages/colcon_core/task/python/colcon_distutils_commands:/home/utec/humanoid_ws/install/h1_2_algoritms/lib/python3.10/site-packages:${PYTHONPATH} /usr/bin/python3 -W ignore:setup.py install is deprecated -W ignore:easy_install command is deprecated setup.py egg_info --egg-base ../../build/h1_2_algoritms build --build-base /home/utec/humanoid_ws/build/h1_2_algoritms/build install --record /home/utec/humanoid_ws/build/h1_2_algoritms/install.log --single-version-externally-managed install_data
[2.853s] running egg_info
[2.856s] writing ../../build/h1_2_algoritms/h1_2_algoritms.egg-info/PKG-INFO
[2.856s] writing dependency_links to ../../build/h1_2_algoritms/h1_2_algoritms.egg-info/dependency_links.txt
[2.857s] writing entry points to ../../build/h1_2_algoritms/h1_2_algoritms.egg-info/entry_points.txt
[2.857s] writing requirements to ../../build/h1_2_algoritms/h1_2_algoritms.egg-info/requires.txt
[2.857s] writing top-level names to ../../build/h1_2_algoritms/h1_2_algoritms.egg-info/top_level.txt
[2.863s] reading manifest file '../../build/h1_2_algoritms/h1_2_algoritms.egg-info/SOURCES.txt'
[2.865s] writing manifest file '../../build/h1_2_algoritms/h1_2_algoritms.egg-info/SOURCES.txt'
[2.865s] running build
[2.865s] running build_py
[2.865s] copying h1_2_algoritms/fk_whole_body_h1_2.py -> /home/utec/humanoid_ws/build/h1_2_algoritms/build/lib/h1_2_algoritms
[2.866s] copying h1_2_algoritms/QP_whole_body.py -> /home/utec/humanoid_ws/build/h1_2_algoritms/build/lib/h1_2_algoritms
[2.866s] copying h1_2_algoritms/null_control_whole_body.py -> /home/utec/humanoid_ws/build/h1_2_algoritms/build/lib/h1_2_algoritms
[2.866s] copying h1_2_algoritms/null_control_functions.py -> /home/utec/humanoid_ws/build/h1_2_algoritms/build/lib/h1_2_algoritms
[2.867s] copying h1_2_algoritms/kine_control_functions.py -> /home/utec/humanoid_ws/build/h1_2_algoritms/build/lib/h1_2_algoritms
[2.867s] copying h1_2_algoritms/QP_functions.py -> /home/utec/humanoid_ws/build/h1_2_algoritms/build/lib/h1_2_algoritms
[2.868s] running install
[2.868s] running install_lib
[2.871s] copying /home/utec/humanoid_ws/build/h1_2_algoritms/build/lib/h1_2_algoritms/fk_whole_body_h1_2.py -> /home/utec/humanoid_ws/install/h1_2_algoritms/lib/python3.10/site-packages/h1_2_algoritms
[2.872s] copying /home/utec/humanoid_ws/build/h1_2_algoritms/build/lib/h1_2_algoritms/QP_whole_body.py -> /home/utec/humanoid_ws/install/h1_2_algoritms/lib/python3.10/site-packages/h1_2_algoritms
[2.872s] copying /home/utec/humanoid_ws/build/h1_2_algoritms/build/lib/h1_2_algoritms/null_control_whole_body.py -> /home/utec/humanoid_ws/install/h1_2_algoritms/lib/python3.10/site-packages/h1_2_algoritms
[2.873s] copying /home/utec/humanoid_ws/build/h1_2_algoritms/build/lib/h1_2_algoritms/null_control_functions.py -> /home/utec/humanoid_ws/install/h1_2_algoritms/lib/python3.10/site-packages/h1_2_algoritms
[2.873s] copying /home/utec/humanoid_ws/build/h1_2_algoritms/build/lib/h1_2_algoritms/kine_control_functions.py -> /home/utec/humanoid_ws/install/h1_2_algoritms/lib/python3.10/site-packages/h1_2_algoritms
[2.873s] copying /home/utec/humanoid_ws/build/h1_2_algoritms/build/lib/h1_2_algoritms/QP_functions.py -> /home/utec/humanoid_ws/install/h1_2_algoritms/lib/python3.10/site-packages/h1_2_algoritms
[2.874s] byte-compiling /home/utec/humanoid_ws/install/h1_2_algoritms/lib/python3.10/site-packages/h1_2_algoritms/fk_whole_body_h1_2.py to fk_whole_body_h1_2.cpython-310.pyc
[2.876s] byte-compiling /home/utec/humanoid_ws/install/h1_2_algoritms/lib/python3.10/site-packages/h1_2_algoritms/QP_whole_body.py to QP_whole_body.cpython-310.pyc
[2.880s] byte-compiling /home/utec/humanoid_ws/install/h1_2_algoritms/lib/python3.10/site-packages/h1_2_algoritms/null_control_whole_body.py to null_control_whole_body.cpython-310.pyc
[2.882s] byte-compiling /home/utec/humanoid_ws/install/h1_2_algoritms/lib/python3.10/site-packages/h1_2_algoritms/null_control_functions.py to null_control_functions.cpython-310.pyc
[2.883s] byte-compiling /home/utec/humanoid_ws/install/h1_2_algoritms/lib/python3.10/site-packages/h1_2_algoritms/kine_control_functions.py to kine_control_functions.cpython-310.pyc
[2.887s] byte-compiling /home/utec/humanoid_ws/install/h1_2_algoritms/lib/python3.10/site-packages/h1_2_algoritms/QP_functions.py to QP_functions.cpython-310.pyc
[2.888s] running install_data
[2.888s] running install_egg_info
[2.893s] removing '/home/utec/humanoid_ws/install/h1_2_algoritms/lib/python3.10/site-packages/h1_2_algoritms-0.0.0-py3.10.egg-info' (and everything under it)
[2.895s] Copying ../../build/h1_2_algoritms/h1_2_algoritms.egg-info to /home/utec/humanoid_ws/install/h1_2_algoritms/lib/python3.10/site-packages/h1_2_algoritms-0.0.0-py3.10.egg-info
[2.896s] running install_scripts
[2.937s] Installing fk_whole_body_h1_2 script to /home/utec/humanoid_ws/install/h1_2_algoritms/lib/h1_2_algoritms
[2.938s] Installing ik_whole_body_h1_2 script to /home/utec/humanoid_ws/install/h1_2_algoritms/lib/h1_2_algoritms
[2.939s] Installing kine_control_whole_body script to /home/utec/humanoid_ws/install/h1_2_algoritms/lib/h1_2_algoritms
[2.940s] Installing null_control_whole_body script to /home/utec/humanoid_ws/install/h1_2_algoritms/lib/h1_2_algoritms
[2.941s] Installing telekeyop_whole_body script to /home/utec/humanoid_ws/install/h1_2_algoritms/lib/h1_2_algoritms
[2.941s] writing list of installed files to '/home/utec/humanoid_ws/build/h1_2_algoritms/install.log'
[3.073s] Invoked command in '/home/utec/humanoid_ws/src/h1_2_algoritms' returned '0': PS1=\[\e]0;\u@\h: \w\a\]${debian_chroot:+($debian_chroot)}\[\033[01;32m\]\u@\h\[\033[00m\]:\[\033[01;34m\]\w\[\033[00m\]\$ PYTHONPATH=/home/utec/humanoid_ws/build/h1_2_algoritms/prefix_override:/usr/lib/python3/dist-packages/colcon_core/task/python/colcon_distutils_commands:/home/utec/humanoid_ws/install/h1_2_algoritms/lib/python3.10/site-packages:${PYTHONPATH} /usr/bin/python3 -W ignore:setup.py install is deprecated -W ignore:easy_install command is deprecated setup.py egg_info --egg-base ../../build/h1_2_algoritms build --build-base /home/utec/humanoid_ws/build/h1_2_algoritms/build install --record /home/utec/humanoid_ws/build/h1_2_algoritms/install.log --single-version-externally-managed install_data
