running egg_info
writing ../../build/pycodes_h1/pycodes_h1.egg-info/PKG-INFO
writing dependency_links to ../../build/pycodes_h1/pycodes_h1.egg-info/dependency_links.txt
writing entry points to ../../build/pycodes_h1/pycodes_h1.egg-info/entry_points.txt
writing requirements to ../../build/pycodes_h1/pycodes_h1.egg-info/requires.txt
writing top-level names to ../../build/pycodes_h1/pycodes_h1.egg-info/top_level.txt
reading manifest file '../../build/pycodes_h1/pycodes_h1.egg-info/SOURCES.txt'
writing manifest file '../../build/pycodes_h1/pycodes_h1.egg-info/SOURCES.txt'
running build
running build_py
copying pycodes_h1/functions.py -> /home/utec/humanoid_ws/build/pycodes_h1/build/lib/pycodes_h1
running install
running install_lib
copying /home/utec/humanoid_ws/build/pycodes_h1/build/lib/pycodes_h1/functions.py -> /home/utec/humanoid_ws/install/pycodes_h1/lib/python3.10/site-packages/pycodes_h1
byte-compiling /home/utec/humanoid_ws/install/pycodes_h1/lib/python3.10/site-packages/pycodes_h1/functions.py to functions.cpython-310.pyc
running install_data
running install_egg_info
removing '/home/utec/humanoid_ws/install/pycodes_h1/lib/python3.10/site-packages/pycodes_h1-0.0.0-py3.10.egg-info' (and everything under it)
Copying ../../build/pycodes_h1/pycodes_h1.egg-info to /home/utec/humanoid_ws/install/pycodes_h1/lib/python3.10/site-packages/pycodes_h1-0.0.0-py3.10.egg-info
running install_scripts
Installing R_read_states_h1 script to /home/utec/humanoid_ws/install/pycodes_h1/lib/pycodes_h1
Installing S_fk_arm_test script to /home/utec/humanoid_ws/install/pycodes_h1/lib/pycodes_h1
Installing S_fk_body_test script to /home/utec/humanoid_ws/install/pycodes_h1/lib/pycodes_h1
Installing S_ik_SE3_adv_arm_test script to /home/utec/humanoid_ws/install/pycodes_h1/lib/pycodes_h1
Installing S_ik_adv_arm_test script to /home/utec/humanoid_ws/install/pycodes_h1/lib/pycodes_h1
Installing S_ik_arm_test script to /home/utec/humanoid_ws/install/pycodes_h1/lib/pycodes_h1
Installing S_kine_control_QP_arm_test script to /home/utec/humanoid_ws/install/pycodes_h1/lib/pycodes_h1
Installing S_vision_humanoid script to /home/utec/humanoid_ws/install/pycodes_h1/lib/pycodes_h1
writing list of installed files to '/home/utec/humanoid_ws/build/pycodes_h1/install.log'
