[0.027s] Invoking command in '/home/utec/humanoid_ws/build/unitree_hg': CMAKE_PREFIX_PATH=${CMAKE_PREFIX_PATH}:/home/utec/humanoid_ws/install/pycodes_h1:/home/utec/humanoid_ws/install/h1_2_model:/opt/ros/humble /usr/bin/cmake --build /home/utec/humanoid_ws/build/unitree_hg -- -j8 -l8
[0.088s] [  0%] Built target unitree_hg__cpp
[0.110s] [ 12%] Built target unitree_hg__rosidl_generator_c
[0.124s] [ 13%] Built target unitree_hg__dds_connext_idl
[0.146s] [ 13%] Built target ament_cmake_python_copy_unitree_hg
[0.189s] [ 25%] Built target unitree_hg__rosidl_typesupport_fastrtps_cpp
[0.190s] [ 37%] Built target unitree_hg__rosidl_typesupport_cpp
[0.202s] [ 48%] Built target unitree_hg__rosidl_typesupport_c
[0.217s] [ 60%] Built target unitree_hg__rosidl_typesupport_introspection_cpp
[0.217s] [ 71%] Built target unitree_hg__rosidl_typesupport_introspection_c
[0.261s] [ 82%] Built target unitree_hg__rosidl_typesupport_fastrtps_c
[0.350s] [ 82%] Built target unitree_hg
[0.391s] [ 83%] Built target unitree_hg__py
[0.439s] [ 94%] Built target unitree_hg__rosidl_generator_py
[0.506s] [ 96%] Built target unitree_hg__rosidl_typesupport_fastrtps_c__pyext
[0.517s] [ 98%] Built target unitree_hg__rosidl_typesupport_introspection_c__pyext
[0.536s] [100%] Built target unitree_hg__rosidl_typesupport_c__pyext
[0.764s] running egg_info
[0.765s] writing unitree_hg.egg-info/PKG-INFO
[0.766s] writing dependency_links to unitree_hg.egg-info/dependency_links.txt
[0.768s] writing top-level names to unitree_hg.egg-info/top_level.txt
[0.771s] reading manifest file 'unitree_hg.egg-info/SOURCES.txt'
[0.773s] writing manifest file 'unitree_hg.egg-info/SOURCES.txt'
[0.828s] [100%] Built target ament_cmake_python_build_unitree_hg_egg
[0.862s] Invoked command in '/home/utec/humanoid_ws/build/unitree_hg' returned '0': CMAKE_PREFIX_PATH=${CMAKE_PREFIX_PATH}:/home/utec/humanoid_ws/install/pycodes_h1:/home/utec/humanoid_ws/install/h1_2_model:/opt/ros/humble /usr/bin/cmake --build /home/utec/humanoid_ws/build/unitree_hg -- -j8 -l8
[0.864s] Invoking command in '/home/utec/humanoid_ws/build/unitree_hg': CMAKE_PREFIX_PATH=${CMAKE_PREFIX_PATH}:/home/utec/humanoid_ws/install/pycodes_h1:/home/utec/humanoid_ws/install/h1_2_model:/opt/ros/humble /usr/bin/cmake --install /home/utec/humanoid_ws/build/unitree_hg
[0.870s] -- Install configuration: ""
[0.871s] -- Up-to-date: /home/utec/humanoid_ws/install/unitree_hg/share/ament_index/resource_index/rosidl_interfaces/unitree_hg
[0.871s] -- Up-to-date: /home/utec/humanoid_ws/install/unitree_hg/include/unitree_hg/unitree_hg
[0.872s] -- Up-to-date: /home/utec/humanoid_ws/install/unitree_hg/include/unitree_hg/unitree_hg/msg
[0.872s] -- Up-to-date: /home/utec/humanoid_ws/install/unitree_hg/include/unitree_hg/unitree_hg/msg/main_board_state.h
[0.872s] -- Up-to-date: /home/utec/humanoid_ws/install/unitree_hg/include/unitree_hg/unitree_hg/msg/press_sensor_state.h
[0.872s] -- Up-to-date: /home/utec/humanoid_ws/install/unitree_hg/include/unitree_hg/unitree_hg/msg/low_cmd.h
[0.873s] -- Up-to-date: /home/utec/humanoid_ws/install/unitree_hg/include/unitree_hg/unitree_hg/msg/bms_cmd.h
[0.873s] -- Up-to-date: /home/utec/humanoid_ws/install/unitree_hg/include/unitree_hg/unitree_hg/msg/motor_cmd.h
[0.873s] -- Up-to-date: /home/utec/humanoid_ws/install/unitree_hg/include/unitree_hg/unitree_hg/msg/hand_cmd.h
[0.873s] -- Up-to-date: /home/utec/humanoid_ws/install/unitree_hg/include/unitree_hg/unitree_hg/msg/imu_state.h
[0.873s] -- Up-to-date: /home/utec/humanoid_ws/install/unitree_hg/include/unitree_hg/unitree_hg/msg/detail
[0.874s] -- Up-to-date: /home/utec/humanoid_ws/install/unitree_hg/include/unitree_hg/unitree_hg/msg/detail/motor_cmd__functions.h
[0.874s] -- Up-to-date: /home/utec/humanoid_ws/install/unitree_hg/include/unitree_hg/unitree_hg/msg/detail/bms_state__functions.c
[0.874s] -- Up-to-date: /home/utec/humanoid_ws/install/unitree_hg/include/unitree_hg/unitree_hg/msg/detail/main_board_state__functions.c
[0.874s] -- Up-to-date: /home/utec/humanoid_ws/install/unitree_hg/include/unitree_hg/unitree_hg/msg/detail/imu_state__functions.c
[0.875s] -- Up-to-date: /home/utec/humanoid_ws/install/unitree_hg/include/unitree_hg/unitree_hg/msg/detail/low_cmd__struct.h
[0.875s] -- Up-to-date: /home/utec/humanoid_ws/install/unitree_hg/include/unitree_hg/unitree_hg/msg/detail/low_state__type_support.h
[0.875s] -- Up-to-date: /home/utec/humanoid_ws/install/unitree_hg/include/unitree_hg/unitree_hg/msg/detail/hand_state__type_support.h
[0.876s] -- Up-to-date: /home/utec/humanoid_ws/install/unitree_hg/include/unitree_hg/unitree_hg/msg/detail/hand_cmd__type_support.h
[0.876s] -- Up-to-date: /home/utec/humanoid_ws/install/unitree_hg/include/unitree_hg/unitree_hg/msg/detail/hand_state__struct.h
[0.876s] -- Up-to-date: /home/utec/humanoid_ws/install/unitree_hg/include/unitree_hg/unitree_hg/msg/detail/motor_state__type_support.h
[0.877s] -- Up-to-date: /home/utec/humanoid_ws/install/unitree_hg/include/unitree_hg/unitree_hg/msg/detail/imu_state__struct.h
[0.878s] -- Up-to-date: /home/utec/humanoid_ws/install/unitree_hg/include/unitree_hg/unitree_hg/msg/detail/motor_cmd__functions.c
[0.878s] -- Up-to-date: /home/utec/humanoid_ws/install/unitree_hg/include/unitree_hg/unitree_hg/msg/detail/low_state__functions.c
[0.878s] -- Up-to-date: /home/utec/humanoid_ws/install/unitree_hg/include/unitree_hg/unitree_hg/msg/detail/low_state__struct.h
[0.878s] -- Up-to-date: /home/utec/humanoid_ws/install/unitree_hg/include/unitree_hg/unitree_hg/msg/detail/motor_state__struct.h
[0.878s] -- Up-to-date: /home/utec/humanoid_ws/install/unitree_hg/include/unitree_hg/unitree_hg/msg/detail/press_sensor_state__functions.c
[0.878s] -- Up-to-date: /home/utec/humanoid_ws/install/unitree_hg/include/unitree_hg/unitree_hg/msg/detail/press_sensor_state__functions.h
[0.878s] -- Up-to-date: /home/utec/humanoid_ws/install/unitree_hg/include/unitree_hg/unitree_hg/msg/detail/main_board_state__struct.h
[0.878s] -- Up-to-date: /home/utec/humanoid_ws/install/unitree_hg/include/unitree_hg/unitree_hg/msg/detail/hand_cmd__functions.c
[0.878s] -- Up-to-date: /home/utec/humanoid_ws/install/unitree_hg/include/unitree_hg/unitree_hg/msg/detail/press_sensor_state__type_support.h
[0.878s] -- Up-to-date: /home/utec/humanoid_ws/install/unitree_hg/include/unitree_hg/unitree_hg/msg/detail/bms_cmd__struct.h
[0.878s] -- Up-to-date: /home/utec/humanoid_ws/install/unitree_hg/include/unitree_hg/unitree_hg/msg/detail/bms_cmd__type_support.h
[0.878s] -- Up-to-date: /home/utec/humanoid_ws/install/unitree_hg/include/unitree_hg/unitree_hg/msg/detail/bms_cmd__functions.c
[0.879s] -- Up-to-date: /home/utec/humanoid_ws/install/unitree_hg/include/unitree_hg/unitree_hg/msg/detail/imu_state__type_support.h
[0.879s] -- Up-to-date: /home/utec/humanoid_ws/install/unitree_hg/include/unitree_hg/unitree_hg/msg/detail/main_board_state__type_support.h
[0.879s] -- Up-to-date: /home/utec/humanoid_ws/install/unitree_hg/include/unitree_hg/unitree_hg/msg/detail/press_sensor_state__struct.h
[0.879s] -- Up-to-date: /home/utec/humanoid_ws/install/unitree_hg/include/unitree_hg/unitree_hg/msg/detail/low_state__functions.h
[0.881s] -- Up-to-date: /home/utec/humanoid_ws/install/unitree_hg/include/unitree_hg/unitree_hg/msg/detail/low_cmd__functions.h
[0.881s] -- Up-to-date: /home/utec/humanoid_ws/install/unitree_hg/include/unitree_hg/unitree_hg/msg/detail/motor_state__functions.h
[0.881s] -- Up-to-date: /home/utec/humanoid_ws/install/unitree_hg/include/unitree_hg/unitree_hg/msg/detail/hand_state__functions.h
[0.881s] -- Up-to-date: /home/utec/humanoid_ws/install/unitree_hg/include/unitree_hg/unitree_hg/msg/detail/low_cmd__type_support.h
[0.881s] -- Up-to-date: /home/utec/humanoid_ws/install/unitree_hg/include/unitree_hg/unitree_hg/msg/detail/bms_state__functions.h
[0.881s] -- Up-to-date: /home/utec/humanoid_ws/install/unitree_hg/include/unitree_hg/unitree_hg/msg/detail/hand_cmd__struct.h
[0.881s] -- Up-to-date: /home/utec/humanoid_ws/install/unitree_hg/include/unitree_hg/unitree_hg/msg/detail/hand_cmd__functions.h
[0.881s] -- Up-to-date: /home/utec/humanoid_ws/install/unitree_hg/include/unitree_hg/unitree_hg/msg/detail/main_board_state__functions.h
[0.881s] -- Up-to-date: /home/utec/humanoid_ws/install/unitree_hg/include/unitree_hg/unitree_hg/msg/detail/motor_cmd__struct.h
[0.882s] -- Up-to-date: /home/utec/humanoid_ws/install/unitree_hg/include/unitree_hg/unitree_hg/msg/detail/bms_state__type_support.h
[0.882s] -- Up-to-date: /home/utec/humanoid_ws/install/unitree_hg/include/unitree_hg/unitree_hg/msg/detail/bms_cmd__functions.h
[0.882s] -- Up-to-date: /home/utec/humanoid_ws/install/unitree_hg/include/unitree_hg/unitree_hg/msg/detail/low_cmd__functions.c
[0.882s] -- Up-to-date: /home/utec/humanoid_ws/install/unitree_hg/include/unitree_hg/unitree_hg/msg/detail/motor_state__functions.c
[0.882s] -- Up-to-date: /home/utec/humanoid_ws/install/unitree_hg/include/unitree_hg/unitree_hg/msg/detail/hand_state__functions.c
[0.882s] -- Up-to-date: /home/utec/humanoid_ws/install/unitree_hg/include/unitree_hg/unitree_hg/msg/detail/motor_cmd__type_support.h
[0.882s] -- Up-to-date: /home/utec/humanoid_ws/install/unitree_hg/include/unitree_hg/unitree_hg/msg/detail/bms_state__struct.h
[0.882s] -- Up-to-date: /home/utec/humanoid_ws/install/unitree_hg/include/unitree_hg/unitree_hg/msg/detail/imu_state__functions.h
[0.882s] -- Up-to-date: /home/utec/humanoid_ws/install/unitree_hg/include/unitree_hg/unitree_hg/msg/low_state.h
[0.882s] -- Up-to-date: /home/utec/humanoid_ws/install/unitree_hg/include/unitree_hg/unitree_hg/msg/bms_state.h
[0.882s] -- Up-to-date: /home/utec/humanoid_ws/install/unitree_hg/include/unitree_hg/unitree_hg/msg/rosidl_generator_c__visibility_control.h
[0.882s] -- Up-to-date: /home/utec/humanoid_ws/install/unitree_hg/include/unitree_hg/unitree_hg/msg/motor_state.h
[0.883s] -- Up-to-date: /home/utec/humanoid_ws/install/unitree_hg/include/unitree_hg/unitree_hg/msg/hand_state.h
[0.883s] -- Up-to-date: /home/utec/humanoid_ws/install/unitree_hg/share/unitree_hg/environment/library_path.sh
[0.883s] -- Up-to-date: /home/utec/humanoid_ws/install/unitree_hg/share/unitree_hg/environment/library_path.dsv
[0.885s] -- Up-to-date: /home/utec/humanoid_ws/install/unitree_hg/lib/libunitree_hg__rosidl_generator_c.so
[0.885s] -- Up-to-date: /home/utec/humanoid_ws/install/unitree_hg/include/unitree_hg/unitree_hg
[0.885s] -- Up-to-date: /home/utec/humanoid_ws/install/unitree_hg/include/unitree_hg/unitree_hg/msg
[0.885s] -- Up-to-date: /home/utec/humanoid_ws/install/unitree_hg/include/unitree_hg/unitree_hg/msg/rosidl_typesupport_fastrtps_c__visibility_control.h
[0.885s] -- Up-to-date: /home/utec/humanoid_ws/install/unitree_hg/include/unitree_hg/unitree_hg/msg/detail
[0.885s] -- Up-to-date: /home/utec/humanoid_ws/install/unitree_hg/include/unitree_hg/unitree_hg/msg/detail/low_cmd__rosidl_typesupport_fastrtps_c.h
[0.885s] -- Up-to-date: /home/utec/humanoid_ws/install/unitree_hg/include/unitree_hg/unitree_hg/msg/detail/motor_cmd__rosidl_typesupport_fastrtps_c.h
[0.885s] -- Up-to-date: /home/utec/humanoid_ws/install/unitree_hg/include/unitree_hg/unitree_hg/msg/detail/motor_state__rosidl_typesupport_fastrtps_c.h
[0.885s] -- Up-to-date: /home/utec/humanoid_ws/install/unitree_hg/include/unitree_hg/unitree_hg/msg/detail/bms_cmd__rosidl_typesupport_fastrtps_c.h
[0.885s] -- Up-to-date: /home/utec/humanoid_ws/install/unitree_hg/include/unitree_hg/unitree_hg/msg/detail/hand_cmd__rosidl_typesupport_fastrtps_c.h
[0.885s] -- Up-to-date: /home/utec/humanoid_ws/install/unitree_hg/include/unitree_hg/unitree_hg/msg/detail/main_board_state__rosidl_typesupport_fastrtps_c.h
[0.886s] -- Up-to-date: /home/utec/humanoid_ws/install/unitree_hg/include/unitree_hg/unitree_hg/msg/detail/low_state__rosidl_typesupport_fastrtps_c.h
[0.886s] -- Up-to-date: /home/utec/humanoid_ws/install/unitree_hg/include/unitree_hg/unitree_hg/msg/detail/bms_state__rosidl_typesupport_fastrtps_c.h
[0.886s] -- Up-to-date: /home/utec/humanoid_ws/install/unitree_hg/include/unitree_hg/unitree_hg/msg/detail/press_sensor_state__rosidl_typesupport_fastrtps_c.h
[0.886s] -- Up-to-date: /home/utec/humanoid_ws/install/unitree_hg/include/unitree_hg/unitree_hg/msg/detail/imu_state__rosidl_typesupport_fastrtps_c.h
[0.886s] -- Up-to-date: /home/utec/humanoid_ws/install/unitree_hg/include/unitree_hg/unitree_hg/msg/detail/hand_state__rosidl_typesupport_fastrtps_c.h
[0.888s] -- Up-to-date: /home/utec/humanoid_ws/install/unitree_hg/lib/libunitree_hg__rosidl_typesupport_fastrtps_c.so
[0.888s] -- Up-to-date: /home/utec/humanoid_ws/install/unitree_hg/include/unitree_hg/unitree_hg
[0.888s] -- Up-to-date: /home/utec/humanoid_ws/install/unitree_hg/include/unitree_hg/unitree_hg/msg
[0.889s] -- Up-to-date: /home/utec/humanoid_ws/install/unitree_hg/include/unitree_hg/unitree_hg/msg/hand_cmd.hpp
[0.889s] -- Up-to-date: /home/utec/humanoid_ws/install/unitree_hg/include/unitree_hg/unitree_hg/msg/main_board_state.hpp
[0.889s] -- Up-to-date: /home/utec/humanoid_ws/install/unitree_hg/include/unitree_hg/unitree_hg/msg/press_sensor_state.hpp
[0.889s] -- Up-to-date: /home/utec/humanoid_ws/install/unitree_hg/include/unitree_hg/unitree_hg/msg/detail
[0.889s] -- Up-to-date: /home/utec/humanoid_ws/install/unitree_hg/include/unitree_hg/unitree_hg/msg/detail/motor_cmd__type_support.hpp
[0.889s] -- Up-to-date: /home/utec/humanoid_ws/install/unitree_hg/include/unitree_hg/unitree_hg/msg/detail/imu_state__struct.hpp
[0.890s] -- Up-to-date: /home/utec/humanoid_ws/install/unitree_hg/include/unitree_hg/unitree_hg/msg/detail/press_sensor_state__builder.hpp
[0.890s] -- Up-to-date: /home/utec/humanoid_ws/install/unitree_hg/include/unitree_hg/unitree_hg/msg/detail/motor_state__struct.hpp
[0.890s] -- Up-to-date: /home/utec/humanoid_ws/install/unitree_hg/include/unitree_hg/unitree_hg/msg/detail/bms_state__type_support.hpp
[0.890s] -- Up-to-date: /home/utec/humanoid_ws/install/unitree_hg/include/unitree_hg/unitree_hg/msg/detail/main_board_state__traits.hpp
[0.890s] -- Up-to-date: /home/utec/humanoid_ws/install/unitree_hg/include/unitree_hg/unitree_hg/msg/detail/bms_cmd__type_support.hpp
[0.890s] -- Up-to-date: /home/utec/humanoid_ws/install/unitree_hg/include/unitree_hg/unitree_hg/msg/detail/imu_state__builder.hpp
[0.890s] -- Up-to-date: /home/utec/humanoid_ws/install/unitree_hg/include/unitree_hg/unitree_hg/msg/detail/hand_cmd__type_support.hpp
[0.891s] -- Up-to-date: /home/utec/humanoid_ws/install/unitree_hg/include/unitree_hg/unitree_hg/msg/detail/bms_cmd__traits.hpp
[0.891s] -- Up-to-date: /home/utec/humanoid_ws/install/unitree_hg/include/unitree_hg/unitree_hg/msg/detail/main_board_state__struct.hpp
[0.891s] -- Up-to-date: /home/utec/humanoid_ws/install/unitree_hg/include/unitree_hg/unitree_hg/msg/detail/low_cmd__builder.hpp
[0.891s] -- Up-to-date: /home/utec/humanoid_ws/install/unitree_hg/include/unitree_hg/unitree_hg/msg/detail/low_state__builder.hpp
[0.891s] -- Up-to-date: /home/utec/humanoid_ws/install/unitree_hg/include/unitree_hg/unitree_hg/msg/detail/hand_state__builder.hpp
[0.892s] -- Up-to-date: /home/utec/humanoid_ws/install/unitree_hg/include/unitree_hg/unitree_hg/msg/detail/hand_cmd__struct.hpp
[0.892s] -- Up-to-date: /home/utec/humanoid_ws/install/unitree_hg/include/unitree_hg/unitree_hg/msg/detail/press_sensor_state__type_support.hpp
[0.892s] -- Up-to-date: /home/utec/humanoid_ws/install/unitree_hg/include/unitree_hg/unitree_hg/msg/detail/low_cmd__type_support.hpp
[0.892s] -- Up-to-date: /home/utec/humanoid_ws/install/unitree_hg/include/unitree_hg/unitree_hg/msg/detail/motor_state__builder.hpp
[0.892s] -- Up-to-date: /home/utec/humanoid_ws/install/unitree_hg/include/unitree_hg/unitree_hg/msg/detail/motor_cmd__builder.hpp
[0.892s] -- Up-to-date: /home/utec/humanoid_ws/install/unitree_hg/include/unitree_hg/unitree_hg/msg/detail/bms_state__builder.hpp
[0.892s] -- Up-to-date: /home/utec/humanoid_ws/install/unitree_hg/include/unitree_hg/unitree_hg/msg/detail/imu_state__traits.hpp
[0.892s] -- Up-to-date: /home/utec/humanoid_ws/install/unitree_hg/include/unitree_hg/unitree_hg/msg/detail/bms_cmd__builder.hpp
[0.894s] -- Up-to-date: /home/utec/humanoid_ws/install/unitree_hg/include/unitree_hg/unitree_hg/msg/detail/hand_cmd__traits.hpp
[0.894s] -- Up-to-date: /home/utec/humanoid_ws/install/unitree_hg/include/unitree_hg/unitree_hg/msg/detail/low_state__struct.hpp
[0.894s] -- Up-to-date: /home/utec/humanoid_ws/install/unitree_hg/include/unitree_hg/unitree_hg/msg/detail/main_board_state__type_support.hpp
[0.894s] -- Up-to-date: /home/utec/humanoid_ws/install/unitree_hg/include/unitree_hg/unitree_hg/msg/detail/low_cmd__struct.hpp
[0.894s] -- Up-to-date: /home/utec/humanoid_ws/install/unitree_hg/include/unitree_hg/unitree_hg/msg/detail/bms_state__traits.hpp
[0.894s] -- Up-to-date: /home/utec/humanoid_ws/install/unitree_hg/include/unitree_hg/unitree_hg/msg/detail/motor_state__type_support.hpp
[0.894s] -- Up-to-date: /home/utec/humanoid_ws/install/unitree_hg/include/unitree_hg/unitree_hg/msg/detail/press_sensor_state__struct.hpp
[0.894s] -- Up-to-date: /home/utec/humanoid_ws/install/unitree_hg/include/unitree_hg/unitree_hg/msg/detail/hand_state__type_support.hpp
[0.895s] -- Up-to-date: /home/utec/humanoid_ws/install/unitree_hg/include/unitree_hg/unitree_hg/msg/detail/low_state__type_support.hpp
[0.895s] -- Up-to-date: /home/utec/humanoid_ws/install/unitree_hg/include/unitree_hg/unitree_hg/msg/detail/low_state__traits.hpp
[0.895s] -- Up-to-date: /home/utec/humanoid_ws/install/unitree_hg/include/unitree_hg/unitree_hg/msg/detail/motor_state__traits.hpp
[0.895s] -- Up-to-date: /home/utec/humanoid_ws/install/unitree_hg/include/unitree_hg/unitree_hg/msg/detail/motor_cmd__struct.hpp
[0.895s] -- Up-to-date: /home/utec/humanoid_ws/install/unitree_hg/include/unitree_hg/unitree_hg/msg/detail/low_cmd__traits.hpp
[0.895s] -- Up-to-date: /home/utec/humanoid_ws/install/unitree_hg/include/unitree_hg/unitree_hg/msg/detail/hand_cmd__builder.hpp
[0.895s] -- Up-to-date: /home/utec/humanoid_ws/install/unitree_hg/include/unitree_hg/unitree_hg/msg/detail/bms_state__struct.hpp
[0.895s] -- Up-to-date: /home/utec/humanoid_ws/install/unitree_hg/include/unitree_hg/unitree_hg/msg/detail/hand_state__traits.hpp
[0.896s] -- Up-to-date: /home/utec/humanoid_ws/install/unitree_hg/include/unitree_hg/unitree_hg/msg/detail/bms_cmd__struct.hpp
[0.896s] -- Up-to-date: /home/utec/humanoid_ws/install/unitree_hg/include/unitree_hg/unitree_hg/msg/detail/press_sensor_state__traits.hpp
[0.896s] -- Up-to-date: /home/utec/humanoid_ws/install/unitree_hg/include/unitree_hg/unitree_hg/msg/detail/main_board_state__builder.hpp
[0.896s] -- Up-to-date: /home/utec/humanoid_ws/install/unitree_hg/include/unitree_hg/unitree_hg/msg/detail/motor_cmd__traits.hpp
[0.896s] -- Up-to-date: /home/utec/humanoid_ws/install/unitree_hg/include/unitree_hg/unitree_hg/msg/detail/imu_state__type_support.hpp
[0.896s] -- Up-to-date: /home/utec/humanoid_ws/install/unitree_hg/include/unitree_hg/unitree_hg/msg/detail/hand_state__struct.hpp
[0.896s] -- Up-to-date: /home/utec/humanoid_ws/install/unitree_hg/include/unitree_hg/unitree_hg/msg/motor_state.hpp
[0.896s] -- Up-to-date: /home/utec/humanoid_ws/install/unitree_hg/include/unitree_hg/unitree_hg/msg/bms_state.hpp
[0.896s] -- Up-to-date: /home/utec/humanoid_ws/install/unitree_hg/include/unitree_hg/unitree_hg/msg/motor_cmd.hpp
[0.896s] -- Up-to-date: /home/utec/humanoid_ws/install/unitree_hg/include/unitree_hg/unitree_hg/msg/hand_state.hpp
[0.896s] -- Up-to-date: /home/utec/humanoid_ws/install/unitree_hg/include/unitree_hg/unitree_hg/msg/imu_state.hpp
[0.896s] -- Up-to-date: /home/utec/humanoid_ws/install/unitree_hg/include/unitree_hg/unitree_hg/msg/rosidl_generator_cpp__visibility_control.hpp
[0.897s] -- Up-to-date: /home/utec/humanoid_ws/install/unitree_hg/include/unitree_hg/unitree_hg/msg/low_cmd.hpp
[0.897s] -- Up-to-date: /home/utec/humanoid_ws/install/unitree_hg/include/unitree_hg/unitree_hg/msg/low_state.hpp
[0.897s] -- Up-to-date: /home/utec/humanoid_ws/install/unitree_hg/include/unitree_hg/unitree_hg/msg/bms_cmd.hpp
[0.897s] -- Up-to-date: /home/utec/humanoid_ws/install/unitree_hg/include/unitree_hg/unitree_hg
[0.897s] -- Up-to-date: /home/utec/humanoid_ws/install/unitree_hg/include/unitree_hg/unitree_hg/msg
[0.897s] -- Up-to-date: /home/utec/humanoid_ws/install/unitree_hg/include/unitree_hg/unitree_hg/msg/detail
[0.897s] -- Up-to-date: /home/utec/humanoid_ws/install/unitree_hg/include/unitree_hg/unitree_hg/msg/detail/motor_cmd__rosidl_typesupport_fastrtps_cpp.hpp
[0.897s] -- Up-to-date: /home/utec/humanoid_ws/install/unitree_hg/include/unitree_hg/unitree_hg/msg/detail/motor_state__rosidl_typesupport_fastrtps_cpp.hpp
[0.897s] -- Up-to-date: /home/utec/humanoid_ws/install/unitree_hg/include/unitree_hg/unitree_hg/msg/detail/bms_cmd__rosidl_typesupport_fastrtps_cpp.hpp
[0.897s] -- Up-to-date: /home/utec/humanoid_ws/install/unitree_hg/include/unitree_hg/unitree_hg/msg/detail/main_board_state__rosidl_typesupport_fastrtps_cpp.hpp
[0.897s] -- Up-to-date: /home/utec/humanoid_ws/install/unitree_hg/include/unitree_hg/unitree_hg/msg/detail/dds_fastrtps
[0.898s] -- Up-to-date: /home/utec/humanoid_ws/install/unitree_hg/include/unitree_hg/unitree_hg/msg/detail/low_cmd__rosidl_typesupport_fastrtps_cpp.hpp
[0.898s] -- Up-to-date: /home/utec/humanoid_ws/install/unitree_hg/include/unitree_hg/unitree_hg/msg/detail/bms_state__rosidl_typesupport_fastrtps_cpp.hpp
[0.898s] -- Up-to-date: /home/utec/humanoid_ws/install/unitree_hg/include/unitree_hg/unitree_hg/msg/detail/press_sensor_state__rosidl_typesupport_fastrtps_cpp.hpp
[0.898s] -- Up-to-date: /home/utec/humanoid_ws/install/unitree_hg/include/unitree_hg/unitree_hg/msg/detail/low_state__rosidl_typesupport_fastrtps_cpp.hpp
[0.898s] -- Up-to-date: /home/utec/humanoid_ws/install/unitree_hg/include/unitree_hg/unitree_hg/msg/detail/hand_state__rosidl_typesupport_fastrtps_cpp.hpp
[0.898s] -- Up-to-date: /home/utec/humanoid_ws/install/unitree_hg/include/unitree_hg/unitree_hg/msg/detail/imu_state__rosidl_typesupport_fastrtps_cpp.hpp
[0.898s] -- Up-to-date: /home/utec/humanoid_ws/install/unitree_hg/include/unitree_hg/unitree_hg/msg/detail/hand_cmd__rosidl_typesupport_fastrtps_cpp.hpp
[0.898s] -- Up-to-date: /home/utec/humanoid_ws/install/unitree_hg/include/unitree_hg/unitree_hg/msg/rosidl_typesupport_fastrtps_cpp__visibility_control.h
[0.898s] -- Up-to-date: /home/utec/humanoid_ws/install/unitree_hg/lib/libunitree_hg__rosidl_typesupport_fastrtps_cpp.so
[0.898s] -- Up-to-date: /home/utec/humanoid_ws/install/unitree_hg/include/unitree_hg/unitree_hg
[0.899s] -- Up-to-date: /home/utec/humanoid_ws/install/unitree_hg/include/unitree_hg/unitree_hg/msg
[0.899s] -- Up-to-date: /home/utec/humanoid_ws/install/unitree_hg/include/unitree_hg/unitree_hg/msg/detail
[0.902s] -- Up-to-date: /home/utec/humanoid_ws/install/unitree_hg/include/unitree_hg/unitree_hg/msg/detail/low_cmd__type_support.c
[0.902s] -- Up-to-date: /home/utec/humanoid_ws/install/unitree_hg/include/unitree_hg/unitree_hg/msg/detail/bms_state__rosidl_typesupport_introspection_c.h
[0.902s] -- Up-to-date: /home/utec/humanoid_ws/install/unitree_hg/include/unitree_hg/unitree_hg/msg/detail/bms_cmd__type_support.c
[0.902s] -- Up-to-date: /home/utec/humanoid_ws/install/unitree_hg/include/unitree_hg/unitree_hg/msg/detail/main_board_state__rosidl_typesupport_introspection_c.h
[0.902s] -- Up-to-date: /home/utec/humanoid_ws/install/unitree_hg/include/unitree_hg/unitree_hg/msg/detail/motor_cmd__type_support.c
[0.903s] -- Up-to-date: /home/utec/humanoid_ws/install/unitree_hg/include/unitree_hg/unitree_hg/msg/detail/hand_cmd__type_support.c
[0.903s] -- Up-to-date: /home/utec/humanoid_ws/install/unitree_hg/include/unitree_hg/unitree_hg/msg/detail/imu_state__rosidl_typesupport_introspection_c.h
[0.903s] -- Up-to-date: /home/utec/humanoid_ws/install/unitree_hg/include/unitree_hg/unitree_hg/msg/detail/motor_cmd__rosidl_typesupport_introspection_c.h
[0.903s] -- Up-to-date: /home/utec/humanoid_ws/install/unitree_hg/include/unitree_hg/unitree_hg/msg/detail/low_state__rosidl_typesupport_introspection_c.h
[0.903s] -- Up-to-date: /home/utec/humanoid_ws/install/unitree_hg/include/unitree_hg/unitree_hg/msg/detail/bms_cmd__rosidl_typesupport_introspection_c.h
[0.907s] -- Up-to-date: /home/utec/humanoid_ws/install/unitree_hg/include/unitree_hg/unitree_hg/msg/detail/low_state__type_support.c
[0.908s] -- Up-to-date: /home/utec/humanoid_ws/install/unitree_hg/include/unitree_hg/unitree_hg/msg/detail/hand_state__rosidl_typesupport_introspection_c.h
[0.908s] -- Up-to-date: /home/utec/humanoid_ws/install/unitree_hg/include/unitree_hg/unitree_hg/msg/detail/press_sensor_state__rosidl_typesupport_introspection_c.h
[0.908s] -- Up-to-date: /home/utec/humanoid_ws/install/unitree_hg/include/unitree_hg/unitree_hg/msg/detail/hand_cmd__rosidl_typesupport_introspection_c.h
[0.908s] -- Up-to-date: /home/utec/humanoid_ws/install/unitree_hg/include/unitree_hg/unitree_hg/msg/detail/motor_state__type_support.c
[0.908s] -- Up-to-date: /home/utec/humanoid_ws/install/unitree_hg/include/unitree_hg/unitree_hg/msg/detail/bms_state__type_support.c
[0.908s] -- Up-to-date: /home/utec/humanoid_ws/install/unitree_hg/include/unitree_hg/unitree_hg/msg/detail/hand_state__type_support.c
[0.908s] -- Up-to-date: /home/utec/humanoid_ws/install/unitree_hg/include/unitree_hg/unitree_hg/msg/detail/imu_state__type_support.c
[0.909s] -- Up-to-date: /home/utec/humanoid_ws/install/unitree_hg/include/unitree_hg/unitree_hg/msg/detail/press_sensor_state__type_support.c
[0.909s] -- Up-to-date: /home/utec/humanoid_ws/install/unitree_hg/include/unitree_hg/unitree_hg/msg/detail/motor_state__rosidl_typesupport_introspection_c.h
[0.909s] -- Up-to-date: /home/utec/humanoid_ws/install/unitree_hg/include/unitree_hg/unitree_hg/msg/detail/low_cmd__rosidl_typesupport_introspection_c.h
[0.909s] -- Up-to-date: /home/utec/humanoid_ws/install/unitree_hg/include/unitree_hg/unitree_hg/msg/detail/main_board_state__type_support.c
[0.909s] -- Up-to-date: /home/utec/humanoid_ws/install/unitree_hg/include/unitree_hg/unitree_hg/msg/rosidl_typesupport_introspection_c__visibility_control.h
[0.909s] -- Up-to-date: /home/utec/humanoid_ws/install/unitree_hg/lib/libunitree_hg__rosidl_typesupport_introspection_c.so
[0.909s] -- Up-to-date: /home/utec/humanoid_ws/install/unitree_hg/lib/libunitree_hg__rosidl_typesupport_c.so
[0.910s] -- Up-to-date: /home/utec/humanoid_ws/install/unitree_hg/include/unitree_hg/unitree_hg
[0.910s] -- Up-to-date: /home/utec/humanoid_ws/install/unitree_hg/include/unitree_hg/unitree_hg/msg
[0.910s] -- Up-to-date: /home/utec/humanoid_ws/install/unitree_hg/include/unitree_hg/unitree_hg/msg/detail
[0.910s] -- Up-to-date: /home/utec/humanoid_ws/install/unitree_hg/include/unitree_hg/unitree_hg/msg/detail/imu_state__type_support.cpp
[0.910s] -- Up-to-date: /home/utec/humanoid_ws/install/unitree_hg/include/unitree_hg/unitree_hg/msg/detail/hand_cmd__type_support.cpp
[0.910s] -- Up-to-date: /home/utec/humanoid_ws/install/unitree_hg/include/unitree_hg/unitree_hg/msg/detail/motor_state__type_support.cpp
[0.910s] -- Up-to-date: /home/utec/humanoid_ws/install/unitree_hg/include/unitree_hg/unitree_hg/msg/detail/motor_state__rosidl_typesupport_introspection_cpp.hpp
[0.910s] -- Up-to-date: /home/utec/humanoid_ws/install/unitree_hg/include/unitree_hg/unitree_hg/msg/detail/hand_state__rosidl_typesupport_introspection_cpp.hpp
[0.910s] -- Up-to-date: /home/utec/humanoid_ws/install/unitree_hg/include/unitree_hg/unitree_hg/msg/detail/low_cmd__rosidl_typesupport_introspection_cpp.hpp
[0.910s] -- Up-to-date: /home/utec/humanoid_ws/install/unitree_hg/include/unitree_hg/unitree_hg/msg/detail/bms_cmd__type_support.cpp
[0.911s] -- Up-to-date: /home/utec/humanoid_ws/install/unitree_hg/include/unitree_hg/unitree_hg/msg/detail/main_board_state__rosidl_typesupport_introspection_cpp.hpp
[0.911s] -- Up-to-date: /home/utec/humanoid_ws/install/unitree_hg/include/unitree_hg/unitree_hg/msg/detail/bms_state__rosidl_typesupport_introspection_cpp.hpp
[0.911s] -- Up-to-date: /home/utec/humanoid_ws/install/unitree_hg/include/unitree_hg/unitree_hg/msg/detail/press_sensor_state__rosidl_typesupport_introspection_cpp.hpp
[0.911s] -- Up-to-date: /home/utec/humanoid_ws/install/unitree_hg/include/unitree_hg/unitree_hg/msg/detail/motor_cmd__rosidl_typesupport_introspection_cpp.hpp
[0.911s] -- Up-to-date: /home/utec/humanoid_ws/install/unitree_hg/include/unitree_hg/unitree_hg/msg/detail/hand_state__type_support.cpp
[0.911s] -- Up-to-date: /home/utec/humanoid_ws/install/unitree_hg/include/unitree_hg/unitree_hg/msg/detail/hand_cmd__rosidl_typesupport_introspection_cpp.hpp
[0.911s] -- Up-to-date: /home/utec/humanoid_ws/install/unitree_hg/include/unitree_hg/unitree_hg/msg/detail/main_board_state__type_support.cpp
[0.911s] -- Up-to-date: /home/utec/humanoid_ws/install/unitree_hg/include/unitree_hg/unitree_hg/msg/detail/bms_state__type_support.cpp
[0.911s] -- Up-to-date: /home/utec/humanoid_ws/install/unitree_hg/include/unitree_hg/unitree_hg/msg/detail/low_cmd__type_support.cpp
[0.911s] -- Up-to-date: /home/utec/humanoid_ws/install/unitree_hg/include/unitree_hg/unitree_hg/msg/detail/imu_state__rosidl_typesupport_introspection_cpp.hpp
[0.911s] -- Up-to-date: /home/utec/humanoid_ws/install/unitree_hg/include/unitree_hg/unitree_hg/msg/detail/low_state__type_support.cpp
[0.912s] -- Up-to-date: /home/utec/humanoid_ws/install/unitree_hg/include/unitree_hg/unitree_hg/msg/detail/press_sensor_state__type_support.cpp
[0.912s] -- Up-to-date: /home/utec/humanoid_ws/install/unitree_hg/include/unitree_hg/unitree_hg/msg/detail/motor_cmd__type_support.cpp
[0.914s] -- Up-to-date: /home/utec/humanoid_ws/install/unitree_hg/include/unitree_hg/unitree_hg/msg/detail/low_state__rosidl_typesupport_introspection_cpp.hpp
[0.914s] -- Up-to-date: /home/utec/humanoid_ws/install/unitree_hg/include/unitree_hg/unitree_hg/msg/detail/bms_cmd__rosidl_typesupport_introspection_cpp.hpp
[0.914s] -- Up-to-date: /home/utec/humanoid_ws/install/unitree_hg/lib/libunitree_hg__rosidl_typesupport_introspection_cpp.so
[0.914s] -- Up-to-date: /home/utec/humanoid_ws/install/unitree_hg/lib/libunitree_hg__rosidl_typesupport_cpp.so
[0.914s] -- Up-to-date: /home/utec/humanoid_ws/install/unitree_hg/share/unitree_hg/environment/pythonpath.sh
[0.914s] -- Up-to-date: /home/utec/humanoid_ws/install/unitree_hg/share/unitree_hg/environment/pythonpath.dsv
[0.915s] -- Up-to-date: /home/utec/humanoid_ws/install/unitree_hg/local/lib/python3.10/dist-packages/unitree_hg-0.0.0-py3.10.egg-info
[0.917s] -- Installing: /home/utec/humanoid_ws/install/unitree_hg/local/lib/python3.10/dist-packages/unitree_hg-0.0.0-py3.10.egg-info/top_level.txt
[0.917s] -- Installing: /home/utec/humanoid_ws/install/unitree_hg/local/lib/python3.10/dist-packages/unitree_hg-0.0.0-py3.10.egg-info/PKG-INFO
[0.917s] -- Installing: /home/utec/humanoid_ws/install/unitree_hg/local/lib/python3.10/dist-packages/unitree_hg-0.0.0-py3.10.egg-info/dependency_links.txt
[0.917s] -- Installing: /home/utec/humanoid_ws/install/unitree_hg/local/lib/python3.10/dist-packages/unitree_hg-0.0.0-py3.10.egg-info/SOURCES.txt
[0.917s] -- Up-to-date: /home/utec/humanoid_ws/install/unitree_hg/local/lib/python3.10/dist-packages/unitree_hg
[0.918s] -- Up-to-date: /home/utec/humanoid_ws/install/unitree_hg/local/lib/python3.10/dist-packages/unitree_hg/unitree_hg_s__rosidl_typesupport_fastrtps_c.cpython-310-x86_64-linux-gnu.so
[0.918s] -- Up-to-date: /home/utec/humanoid_ws/install/unitree_hg/local/lib/python3.10/dist-packages/unitree_hg/__init__.py
[0.918s] -- Up-to-date: /home/utec/humanoid_ws/install/unitree_hg/local/lib/python3.10/dist-packages/unitree_hg/_unitree_hg_s.ep.rosidl_typesupport_introspection_c.c
[0.918s] -- Up-to-date: /home/utec/humanoid_ws/install/unitree_hg/local/lib/python3.10/dist-packages/unitree_hg/libunitree_hg__rosidl_generator_py.so
[0.918s] -- Up-to-date: /home/utec/humanoid_ws/install/unitree_hg/local/lib/python3.10/dist-packages/unitree_hg/_unitree_hg_s.ep.rosidl_typesupport_c.c
[0.918s] -- Up-to-date: /home/utec/humanoid_ws/install/unitree_hg/local/lib/python3.10/dist-packages/unitree_hg/_unitree_hg_s.ep.rosidl_typesupport_fastrtps_c.c
[0.918s] -- Up-to-date: /home/utec/humanoid_ws/install/unitree_hg/local/lib/python3.10/dist-packages/unitree_hg/msg
[0.918s] -- Up-to-date: /home/utec/humanoid_ws/install/unitree_hg/local/lib/python3.10/dist-packages/unitree_hg/msg/_imu_state.py
[0.918s] -- Up-to-date: /home/utec/humanoid_ws/install/unitree_hg/local/lib/python3.10/dist-packages/unitree_hg/msg/_main_board_state.py
[0.918s] -- Up-to-date: /home/utec/humanoid_ws/install/unitree_hg/local/lib/python3.10/dist-packages/unitree_hg/msg/_motor_state.py
[0.919s] -- Up-to-date: /home/utec/humanoid_ws/install/unitree_hg/local/lib/python3.10/dist-packages/unitree_hg/msg/_low_state_s.c
[0.919s] -- Up-to-date: /home/utec/humanoid_ws/install/unitree_hg/local/lib/python3.10/dist-packages/unitree_hg/msg/_imu_state_s.c
[0.919s] -- Up-to-date: /home/utec/humanoid_ws/install/unitree_hg/local/lib/python3.10/dist-packages/unitree_hg/msg/_motor_cmd.py
[0.919s] -- Up-to-date: /home/utec/humanoid_ws/install/unitree_hg/local/lib/python3.10/dist-packages/unitree_hg/msg/__init__.py
[0.919s] -- Up-to-date: /home/utec/humanoid_ws/install/unitree_hg/local/lib/python3.10/dist-packages/unitree_hg/msg/_hand_cmd.py
[0.919s] -- Up-to-date: /home/utec/humanoid_ws/install/unitree_hg/local/lib/python3.10/dist-packages/unitree_hg/msg/_low_cmd.py
[0.919s] -- Up-to-date: /home/utec/humanoid_ws/install/unitree_hg/local/lib/python3.10/dist-packages/unitree_hg/msg/_bms_cmd_s.c
[0.919s] -- Up-to-date: /home/utec/humanoid_ws/install/unitree_hg/local/lib/python3.10/dist-packages/unitree_hg/msg/_press_sensor_state.py
[0.919s] -- Up-to-date: /home/utec/humanoid_ws/install/unitree_hg/local/lib/python3.10/dist-packages/unitree_hg/msg/_motor_state_s.c
[0.919s] -- Up-to-date: /home/utec/humanoid_ws/install/unitree_hg/local/lib/python3.10/dist-packages/unitree_hg/msg/_hand_state.py
[0.919s] -- Up-to-date: /home/utec/humanoid_ws/install/unitree_hg/local/lib/python3.10/dist-packages/unitree_hg/msg/_hand_state_s.c
[0.920s] -- Up-to-date: /home/utec/humanoid_ws/install/unitree_hg/local/lib/python3.10/dist-packages/unitree_hg/msg/_press_sensor_state_s.c
[0.923s] -- Up-to-date: /home/utec/humanoid_ws/install/unitree_hg/local/lib/python3.10/dist-packages/unitree_hg/msg/_low_cmd_s.c
[0.923s] -- Up-to-date: /home/utec/humanoid_ws/install/unitree_hg/local/lib/python3.10/dist-packages/unitree_hg/msg/_low_state.py
[0.923s] -- Up-to-date: /home/utec/humanoid_ws/install/unitree_hg/local/lib/python3.10/dist-packages/unitree_hg/msg/_main_board_state_s.c
[0.923s] -- Up-to-date: /home/utec/humanoid_ws/install/unitree_hg/local/lib/python3.10/dist-packages/unitree_hg/msg/_bms_state_s.c
[0.923s] -- Up-to-date: /home/utec/humanoid_ws/install/unitree_hg/local/lib/python3.10/dist-packages/unitree_hg/msg/_hand_cmd_s.c
[0.923s] -- Up-to-date: /home/utec/humanoid_ws/install/unitree_hg/local/lib/python3.10/dist-packages/unitree_hg/msg/_bms_cmd.py
[0.923s] -- Up-to-date: /home/utec/humanoid_ws/install/unitree_hg/local/lib/python3.10/dist-packages/unitree_hg/msg/_bms_state.py
[0.923s] -- Up-to-date: /home/utec/humanoid_ws/install/unitree_hg/local/lib/python3.10/dist-packages/unitree_hg/msg/_motor_cmd_s.c
[0.924s] -- Up-to-date: /home/utec/humanoid_ws/install/unitree_hg/local/lib/python3.10/dist-packages/unitree_hg/unitree_hg_s__rosidl_typesupport_introspection_c.cpython-310-x86_64-linux-gnu.so
[0.924s] -- Up-to-date: /home/utec/humanoid_ws/install/unitree_hg/local/lib/python3.10/dist-packages/unitree_hg/unitree_hg_s__rosidl_typesupport_c.cpython-310-x86_64-linux-gnu.so
[0.953s] Listing '/home/utec/humanoid_ws/install/unitree_hg/local/lib/python3.10/dist-packages/unitree_hg'...
[0.953s] Listing '/home/utec/humanoid_ws/install/unitree_hg/local/lib/python3.10/dist-packages/unitree_hg/msg'...
[0.962s] -- Up-to-date: /home/utec/humanoid_ws/install/unitree_hg/local/lib/python3.10/dist-packages/unitree_hg/unitree_hg_s__rosidl_typesupport_fastrtps_c.cpython-310-x86_64-linux-gnu.so
[0.962s] -- Up-to-date: /home/utec/humanoid_ws/install/unitree_hg/local/lib/python3.10/dist-packages/unitree_hg/unitree_hg_s__rosidl_typesupport_introspection_c.cpython-310-x86_64-linux-gnu.so
[0.962s] -- Up-to-date: /home/utec/humanoid_ws/install/unitree_hg/local/lib/python3.10/dist-packages/unitree_hg/unitree_hg_s__rosidl_typesupport_c.cpython-310-x86_64-linux-gnu.so
[0.962s] -- Up-to-date: /home/utec/humanoid_ws/install/unitree_hg/lib/libunitree_hg__rosidl_generator_py.so
[0.962s] -- Up-to-date: /home/utec/humanoid_ws/install/unitree_hg/share/unitree_hg/msg/BmsCmd.idl
[0.963s] -- Up-to-date: /home/utec/humanoid_ws/install/unitree_hg/share/unitree_hg/msg/BmsState.idl
[0.963s] -- Up-to-date: /home/utec/humanoid_ws/install/unitree_hg/share/unitree_hg/msg/HandCmd.idl
[0.963s] -- Up-to-date: /home/utec/humanoid_ws/install/unitree_hg/share/unitree_hg/msg/HandState.idl
[0.963s] -- Up-to-date: /home/utec/humanoid_ws/install/unitree_hg/share/unitree_hg/msg/IMUState.idl
[0.963s] -- Up-to-date: /home/utec/humanoid_ws/install/unitree_hg/share/unitree_hg/msg/LowCmd.idl
[0.964s] -- Up-to-date: /home/utec/humanoid_ws/install/unitree_hg/share/unitree_hg/msg/LowState.idl
[0.964s] -- Up-to-date: /home/utec/humanoid_ws/install/unitree_hg/share/unitree_hg/msg/MainBoardState.idl
[0.964s] -- Up-to-date: /home/utec/humanoid_ws/install/unitree_hg/share/unitree_hg/msg/MotorCmd.idl
[0.964s] -- Up-to-date: /home/utec/humanoid_ws/install/unitree_hg/share/unitree_hg/msg/MotorState.idl
[0.964s] -- Up-to-date: /home/utec/humanoid_ws/install/unitree_hg/share/unitree_hg/msg/PressSensorState.idl
[0.965s] -- Up-to-date: /home/utec/humanoid_ws/install/unitree_hg/share/unitree_hg/msg/BmsCmd.msg
[0.965s] -- Up-to-date: /home/utec/humanoid_ws/install/unitree_hg/share/unitree_hg/msg/BmsState.msg
[0.965s] -- Up-to-date: /home/utec/humanoid_ws/install/unitree_hg/share/unitree_hg/msg/HandCmd.msg
[0.965s] -- Up-to-date: /home/utec/humanoid_ws/install/unitree_hg/share/unitree_hg/msg/HandState.msg
[0.966s] -- Up-to-date: /home/utec/humanoid_ws/install/unitree_hg/share/unitree_hg/msg/IMUState.msg
[0.966s] -- Up-to-date: /home/utec/humanoid_ws/install/unitree_hg/share/unitree_hg/msg/LowCmd.msg
[0.966s] -- Up-to-date: /home/utec/humanoid_ws/install/unitree_hg/share/unitree_hg/msg/LowState.msg
[0.966s] -- Up-to-date: /home/utec/humanoid_ws/install/unitree_hg/share/unitree_hg/msg/MainBoardState.msg
[0.967s] -- Up-to-date: /home/utec/humanoid_ws/install/unitree_hg/share/unitree_hg/msg/MotorCmd.msg
[0.967s] -- Up-to-date: /home/utec/humanoid_ws/install/unitree_hg/share/unitree_hg/msg/MotorState.msg
[0.967s] -- Up-to-date: /home/utec/humanoid_ws/install/unitree_hg/share/unitree_hg/msg/PressSensorState.msg
[0.967s] -- Up-to-date: /home/utec/humanoid_ws/install/unitree_hg/share/unitree_hg/msg/dds_connext
[0.968s] -- Up-to-date: /home/utec/humanoid_ws/install/unitree_hg/share/unitree_hg/msg/dds_connext/HandState_.idl
[0.968s] -- Up-to-date: /home/utec/humanoid_ws/install/unitree_hg/share/unitree_hg/msg/dds_connext/PressSensorState_.idl
[0.968s] -- Up-to-date: /home/utec/humanoid_ws/install/unitree_hg/share/unitree_hg/msg/dds_connext/MainBoardState_.idl
[0.968s] -- Up-to-date: /home/utec/humanoid_ws/install/unitree_hg/share/unitree_hg/msg/dds_connext/IMUState_.idl
[0.968s] -- Up-to-date: /home/utec/humanoid_ws/install/unitree_hg/share/unitree_hg/msg/dds_connext/HandCmd_.idl
[0.968s] -- Up-to-date: /home/utec/humanoid_ws/install/unitree_hg/share/unitree_hg/msg/dds_connext/MotorState_.idl
[0.969s] -- Up-to-date: /home/utec/humanoid_ws/install/unitree_hg/share/unitree_hg/msg/dds_connext/BmsCmd_.idl
[0.969s] -- Up-to-date: /home/utec/humanoid_ws/install/unitree_hg/share/unitree_hg/msg/dds_connext/LowCmd_.idl
[0.969s] -- Up-to-date: /home/utec/humanoid_ws/install/unitree_hg/share/unitree_hg/msg/dds_connext/BmsState_.idl
[0.969s] -- Up-to-date: /home/utec/humanoid_ws/install/unitree_hg/share/unitree_hg/msg/dds_connext/MotorCmd_.idl
[0.969s] -- Up-to-date: /home/utec/humanoid_ws/install/unitree_hg/share/unitree_hg/msg/dds_connext/LowState_.idl
[0.970s] -- Up-to-date: /home/utec/humanoid_ws/install/unitree_hg/share/ament_index/resource_index/package_run_dependencies/unitree_hg
[0.970s] -- Up-to-date: /home/utec/humanoid_ws/install/unitree_hg/share/ament_index/resource_index/parent_prefix_path/unitree_hg
[0.970s] -- Up-to-date: /home/utec/humanoid_ws/install/unitree_hg/share/unitree_hg/environment/ament_prefix_path.sh
[0.971s] -- Up-to-date: /home/utec/humanoid_ws/install/unitree_hg/share/unitree_hg/environment/ament_prefix_path.dsv
[0.971s] -- Up-to-date: /home/utec/humanoid_ws/install/unitree_hg/share/unitree_hg/environment/path.sh
[0.971s] -- Up-to-date: /home/utec/humanoid_ws/install/unitree_hg/share/unitree_hg/environment/path.dsv
[0.971s] -- Up-to-date: /home/utec/humanoid_ws/install/unitree_hg/share/unitree_hg/local_setup.bash
[0.972s] -- Up-to-date: /home/utec/humanoid_ws/install/unitree_hg/share/unitree_hg/local_setup.sh
[0.972s] -- Up-to-date: /home/utec/humanoid_ws/install/unitree_hg/share/unitree_hg/local_setup.zsh
[0.972s] -- Up-to-date: /home/utec/humanoid_ws/install/unitree_hg/share/unitree_hg/local_setup.dsv
[0.972s] -- Installing: /home/utec/humanoid_ws/install/unitree_hg/share/unitree_hg/package.dsv
[0.973s] -- Up-to-date: /home/utec/humanoid_ws/install/unitree_hg/share/ament_index/resource_index/packages/unitree_hg
[0.973s] -- Up-to-date: /home/utec/humanoid_ws/install/unitree_hg/share/unitree_hg/cmake/export_unitree_hg__rosidl_generator_cExport.cmake
[0.974s] -- Up-to-date: /home/utec/humanoid_ws/install/unitree_hg/share/unitree_hg/cmake/export_unitree_hg__rosidl_generator_cExport-noconfig.cmake
[0.974s] -- Up-to-date: /home/utec/humanoid_ws/install/unitree_hg/share/unitree_hg/cmake/export_unitree_hg__rosidl_typesupport_fastrtps_cExport.cmake
[0.974s] -- Up-to-date: /home/utec/humanoid_ws/install/unitree_hg/share/unitree_hg/cmake/export_unitree_hg__rosidl_typesupport_fastrtps_cExport-noconfig.cmake
[0.975s] -- Up-to-date: /home/utec/humanoid_ws/install/unitree_hg/share/unitree_hg/cmake/export_unitree_hg__rosidl_generator_cppExport.cmake
[0.975s] -- Up-to-date: /home/utec/humanoid_ws/install/unitree_hg/share/unitree_hg/cmake/export_unitree_hg__rosidl_typesupport_fastrtps_cppExport.cmake
[0.975s] -- Up-to-date: /home/utec/humanoid_ws/install/unitree_hg/share/unitree_hg/cmake/export_unitree_hg__rosidl_typesupport_fastrtps_cppExport-noconfig.cmake
[0.976s] -- Up-to-date: /home/utec/humanoid_ws/install/unitree_hg/share/unitree_hg/cmake/unitree_hg__rosidl_typesupport_introspection_cExport.cmake
[0.976s] -- Up-to-date: /home/utec/humanoid_ws/install/unitree_hg/share/unitree_hg/cmake/unitree_hg__rosidl_typesupport_introspection_cExport-noconfig.cmake
[0.976s] -- Up-to-date: /home/utec/humanoid_ws/install/unitree_hg/share/unitree_hg/cmake/unitree_hg__rosidl_typesupport_cExport.cmake
[0.977s] -- Up-to-date: /home/utec/humanoid_ws/install/unitree_hg/share/unitree_hg/cmake/unitree_hg__rosidl_typesupport_cExport-noconfig.cmake
[0.977s] -- Up-to-date: /home/utec/humanoid_ws/install/unitree_hg/share/unitree_hg/cmake/unitree_hg__rosidl_typesupport_introspection_cppExport.cmake
[0.977s] -- Up-to-date: /home/utec/humanoid_ws/install/unitree_hg/share/unitree_hg/cmake/unitree_hg__rosidl_typesupport_introspection_cppExport-noconfig.cmake
[0.978s] -- Up-to-date: /home/utec/humanoid_ws/install/unitree_hg/share/unitree_hg/cmake/unitree_hg__rosidl_typesupport_cppExport.cmake
[0.978s] -- Up-to-date: /home/utec/humanoid_ws/install/unitree_hg/share/unitree_hg/cmake/unitree_hg__rosidl_typesupport_cppExport-noconfig.cmake
[0.978s] -- Up-to-date: /home/utec/humanoid_ws/install/unitree_hg/share/unitree_hg/cmake/export_unitree_hg__rosidl_generator_pyExport.cmake
[0.979s] -- Up-to-date: /home/utec/humanoid_ws/install/unitree_hg/share/unitree_hg/cmake/export_unitree_hg__rosidl_generator_pyExport-noconfig.cmake
[0.979s] -- Up-to-date: /home/utec/humanoid_ws/install/unitree_hg/share/unitree_hg/cmake/rosidl_cmake-extras.cmake
[0.979s] -- Up-to-date: /home/utec/humanoid_ws/install/unitree_hg/share/unitree_hg/cmake/ament_cmake_export_dependencies-extras.cmake
[0.980s] -- Up-to-date: /home/utec/humanoid_ws/install/unitree_hg/share/unitree_hg/cmake/ament_cmake_export_include_directories-extras.cmake
[0.980s] -- Up-to-date: /home/utec/humanoid_ws/install/unitree_hg/share/unitree_hg/cmake/ament_cmake_export_libraries-extras.cmake
[0.980s] -- Up-to-date: /home/utec/humanoid_ws/install/unitree_hg/share/unitree_hg/cmake/ament_cmake_export_targets-extras.cmake
[0.980s] -- Up-to-date: /home/utec/humanoid_ws/install/unitree_hg/share/unitree_hg/cmake/rosidl_cmake_export_typesupport_targets-extras.cmake
[0.980s] -- Up-to-date: /home/utec/humanoid_ws/install/unitree_hg/share/unitree_hg/cmake/rosidl_cmake_export_typesupport_libraries-extras.cmake
[0.991s] -- Up-to-date: /home/utec/humanoid_ws/install/unitree_hg/share/unitree_hg/cmake/unitree_hgConfig.cmake
[0.991s] -- Up-to-date: /home/utec/humanoid_ws/install/unitree_hg/share/unitree_hg/cmake/unitree_hgConfig-version.cmake
[0.991s] -- Up-to-date: /home/utec/humanoid_ws/install/unitree_hg/share/unitree_hg/package.xml
[1.025s] Invoked command in '/home/utec/humanoid_ws/build/unitree_hg' returned '0': CMAKE_PREFIX_PATH=${CMAKE_PREFIX_PATH}:/home/utec/humanoid_ws/install/pycodes_h1:/home/utec/humanoid_ws/install/h1_2_model:/opt/ros/humble /usr/bin/cmake --install /home/utec/humanoid_ws/build/unitree_hg
