[0.034s] Invoking command in '/home/utec/humanoid_ws/build/unitree_api': CMAKE_PREFIX_PATH=${CMAKE_PREFIX_PATH}:/home/utec/humanoid_ws/install/pycodes_h1:/home/utec/humanoid_ws/install/h1_2_model:/opt/ros/humble /usr/bin/cmake --build /home/utec/humanoid_ws/build/unitree_api -- -j8 -l8
[0.164s] [  1%] Built target unitree_api__dds_connext_idl
[0.204s] [  2%] Built target unitree_api__cpp
[0.204s] [  2%] Built target ament_cmake_python_copy_unitree_api
[0.330s] [ 13%] Built target unitree_api__rosidl_generator_c
[0.438s] [ 25%] Built target unitree_api__rosidl_typesupport_fastrtps_cpp
[0.487s] [ 36%] Built target unitree_api__rosidl_typesupport_introspection_cpp
[0.498s] [ 47%] Built target unitree_api__rosidl_typesupport_cpp
[0.572s] [ 59%] Built target unitree_api__rosidl_typesupport_introspection_c
[0.588s] [ 70%] Built target unitree_api__rosidl_typesupport_fastrtps_c
[0.691s] [ 81%] Built target unitree_api__rosidl_typesupport_c
[0.765s] [ 81%] Built target unitree_api
[0.859s] [ 82%] Built target unitree_api__py
[0.941s] [ 93%] Built target unitree_api__rosidl_generator_py
[1.058s] [ 95%] Built target unitree_api__rosidl_typesupport_fastrtps_c__pyext
[1.071s] [ 97%] Built target unitree_api__rosidl_typesupport_introspection_c__pyext
[1.101s] [100%] Built target unitree_api__rosidl_typesupport_c__pyext
[1.425s] running egg_info
[1.433s] writing unitree_api.egg-info/PKG-INFO
[1.434s] writing dependency_links to unitree_api.egg-info/dependency_links.txt
[1.434s] writing top-level names to unitree_api.egg-info/top_level.txt
[1.434s] reading manifest file 'unitree_api.egg-info/SOURCES.txt'
[1.436s] writing manifest file 'unitree_api.egg-info/SOURCES.txt'
[1.528s] [100%] Built target ament_cmake_python_build_unitree_api_egg
[1.622s] Invoked command in '/home/utec/humanoid_ws/build/unitree_api' returned '0': CMAKE_PREFIX_PATH=${CMAKE_PREFIX_PATH}:/home/utec/humanoid_ws/install/pycodes_h1:/home/utec/humanoid_ws/install/h1_2_model:/opt/ros/humble /usr/bin/cmake --build /home/utec/humanoid_ws/build/unitree_api -- -j8 -l8
[1.636s] Invoking command in '/home/utec/humanoid_ws/build/unitree_api': CMAKE_PREFIX_PATH=${CMAKE_PREFIX_PATH}:/home/utec/humanoid_ws/install/pycodes_h1:/home/utec/humanoid_ws/install/h1_2_model:/opt/ros/humble /usr/bin/cmake --install /home/utec/humanoid_ws/build/unitree_api
[1.675s] -- Install configuration: ""
[1.675s] -- Up-to-date: /home/utec/humanoid_ws/install/unitree_api/share/ament_index/resource_index/rosidl_interfaces/unitree_api
[1.675s] -- Up-to-date: /home/utec/humanoid_ws/install/unitree_api/include/unitree_api/unitree_api
[1.675s] -- Up-to-date: /home/utec/humanoid_ws/install/unitree_api/include/unitree_api/unitree_api/msg
[1.675s] -- Up-to-date: /home/utec/humanoid_ws/install/unitree_api/include/unitree_api/unitree_api/msg/response_header.h
[1.675s] -- Up-to-date: /home/utec/humanoid_ws/install/unitree_api/include/unitree_api/unitree_api/msg/request_header.h
[1.676s] -- Up-to-date: /home/utec/humanoid_ws/install/unitree_api/include/unitree_api/unitree_api/msg/request_identity.h
[1.676s] -- Up-to-date: /home/utec/humanoid_ws/install/unitree_api/include/unitree_api/unitree_api/msg/detail
[1.676s] -- Up-to-date: /home/utec/humanoid_ws/install/unitree_api/include/unitree_api/unitree_api/msg/detail/request_header__struct.h
[1.676s] -- Up-to-date: /home/utec/humanoid_ws/install/unitree_api/include/unitree_api/unitree_api/msg/detail/response__type_support.h
[1.676s] -- Up-to-date: /home/utec/humanoid_ws/install/unitree_api/include/unitree_api/unitree_api/msg/detail/response__struct.h
[1.676s] -- Up-to-date: /home/utec/humanoid_ws/install/unitree_api/include/unitree_api/unitree_api/msg/detail/request_identity__struct.h
[1.676s] -- Up-to-date: /home/utec/humanoid_ws/install/unitree_api/include/unitree_api/unitree_api/msg/detail/response_status__type_support.h
[1.676s] -- Up-to-date: /home/utec/humanoid_ws/install/unitree_api/include/unitree_api/unitree_api/msg/detail/response_header__functions.h
[1.676s] -- Up-to-date: /home/utec/humanoid_ws/install/unitree_api/include/unitree_api/unitree_api/msg/detail/response_status__functions.c
[1.677s] -- Up-to-date: /home/utec/humanoid_ws/install/unitree_api/include/unitree_api/unitree_api/msg/detail/request_lease__type_support.h
[1.677s] -- Up-to-date: /home/utec/humanoid_ws/install/unitree_api/include/unitree_api/unitree_api/msg/detail/request_identity__type_support.h
[1.677s] -- Up-to-date: /home/utec/humanoid_ws/install/unitree_api/include/unitree_api/unitree_api/msg/detail/request__functions.c
[1.677s] -- Up-to-date: /home/utec/humanoid_ws/install/unitree_api/include/unitree_api/unitree_api/msg/detail/request_lease__functions.h
[1.677s] -- Up-to-date: /home/utec/humanoid_ws/install/unitree_api/include/unitree_api/unitree_api/msg/detail/response_status__functions.h
[1.677s] -- Up-to-date: /home/utec/humanoid_ws/install/unitree_api/include/unitree_api/unitree_api/msg/detail/request_policy__type_support.h
[1.677s] -- Up-to-date: /home/utec/humanoid_ws/install/unitree_api/include/unitree_api/unitree_api/msg/detail/request_identity__functions.c
[1.677s] -- Up-to-date: /home/utec/humanoid_ws/install/unitree_api/include/unitree_api/unitree_api/msg/detail/response_header__functions.c
[1.677s] -- Up-to-date: /home/utec/humanoid_ws/install/unitree_api/include/unitree_api/unitree_api/msg/detail/request_header__functions.c
[1.678s] -- Up-to-date: /home/utec/humanoid_ws/install/unitree_api/include/unitree_api/unitree_api/msg/detail/response_header__type_support.h
[1.678s] -- Up-to-date: /home/utec/humanoid_ws/install/unitree_api/include/unitree_api/unitree_api/msg/detail/request_identity__functions.h
[1.678s] -- Up-to-date: /home/utec/humanoid_ws/install/unitree_api/include/unitree_api/unitree_api/msg/detail/request_policy__struct.h
[1.678s] -- Up-to-date: /home/utec/humanoid_ws/install/unitree_api/include/unitree_api/unitree_api/msg/detail/request_policy__functions.h
[1.678s] -- Up-to-date: /home/utec/humanoid_ws/install/unitree_api/include/unitree_api/unitree_api/msg/detail/response__functions.h
[1.678s] -- Up-to-date: /home/utec/humanoid_ws/install/unitree_api/include/unitree_api/unitree_api/msg/detail/request_lease__functions.c
[1.678s] -- Up-to-date: /home/utec/humanoid_ws/install/unitree_api/include/unitree_api/unitree_api/msg/detail/request__type_support.h
[1.678s] -- Up-to-date: /home/utec/humanoid_ws/install/unitree_api/include/unitree_api/unitree_api/msg/detail/request_policy__functions.c
[1.678s] -- Up-to-date: /home/utec/humanoid_ws/install/unitree_api/include/unitree_api/unitree_api/msg/detail/request_header__type_support.h
[1.679s] -- Up-to-date: /home/utec/humanoid_ws/install/unitree_api/include/unitree_api/unitree_api/msg/detail/request_header__functions.h
[1.679s] -- Up-to-date: /home/utec/humanoid_ws/install/unitree_api/include/unitree_api/unitree_api/msg/detail/response__functions.c
[1.679s] -- Up-to-date: /home/utec/humanoid_ws/install/unitree_api/include/unitree_api/unitree_api/msg/detail/request__functions.h
[1.679s] -- Up-to-date: /home/utec/humanoid_ws/install/unitree_api/include/unitree_api/unitree_api/msg/detail/request_lease__struct.h
[1.679s] -- Up-to-date: /home/utec/humanoid_ws/install/unitree_api/include/unitree_api/unitree_api/msg/detail/response_status__struct.h
[1.679s] -- Up-to-date: /home/utec/humanoid_ws/install/unitree_api/include/unitree_api/unitree_api/msg/detail/request__struct.h
[1.679s] -- Up-to-date: /home/utec/humanoid_ws/install/unitree_api/include/unitree_api/unitree_api/msg/detail/response_header__struct.h
[1.679s] -- Up-to-date: /home/utec/humanoid_ws/install/unitree_api/include/unitree_api/unitree_api/msg/response.h
[1.680s] -- Up-to-date: /home/utec/humanoid_ws/install/unitree_api/include/unitree_api/unitree_api/msg/request_policy.h
[1.680s] -- Up-to-date: /home/utec/humanoid_ws/install/unitree_api/include/unitree_api/unitree_api/msg/request_lease.h
[1.680s] -- Up-to-date: /home/utec/humanoid_ws/install/unitree_api/include/unitree_api/unitree_api/msg/rosidl_generator_c__visibility_control.h
[1.680s] -- Up-to-date: /home/utec/humanoid_ws/install/unitree_api/include/unitree_api/unitree_api/msg/response_status.h
[1.680s] -- Up-to-date: /home/utec/humanoid_ws/install/unitree_api/include/unitree_api/unitree_api/msg/request.h
[1.680s] -- Up-to-date: /home/utec/humanoid_ws/install/unitree_api/share/unitree_api/environment/library_path.sh
[1.681s] -- Up-to-date: /home/utec/humanoid_ws/install/unitree_api/share/unitree_api/environment/library_path.dsv
[1.681s] -- Up-to-date: /home/utec/humanoid_ws/install/unitree_api/lib/libunitree_api__rosidl_generator_c.so
[1.681s] -- Up-to-date: /home/utec/humanoid_ws/install/unitree_api/include/unitree_api/unitree_api
[1.681s] -- Up-to-date: /home/utec/humanoid_ws/install/unitree_api/include/unitree_api/unitree_api/msg
[1.681s] -- Up-to-date: /home/utec/humanoid_ws/install/unitree_api/include/unitree_api/unitree_api/msg/rosidl_typesupport_fastrtps_c__visibility_control.h
[1.681s] -- Up-to-date: /home/utec/humanoid_ws/install/unitree_api/include/unitree_api/unitree_api/msg/detail
[1.681s] -- Up-to-date: /home/utec/humanoid_ws/install/unitree_api/include/unitree_api/unitree_api/msg/detail/response__rosidl_typesupport_fastrtps_c.h
[1.681s] -- Up-to-date: /home/utec/humanoid_ws/install/unitree_api/include/unitree_api/unitree_api/msg/detail/response_header__rosidl_typesupport_fastrtps_c.h
[1.682s] -- Up-to-date: /home/utec/humanoid_ws/install/unitree_api/include/unitree_api/unitree_api/msg/detail/request_policy__rosidl_typesupport_fastrtps_c.h
[1.682s] -- Up-to-date: /home/utec/humanoid_ws/install/unitree_api/include/unitree_api/unitree_api/msg/detail/request_lease__rosidl_typesupport_fastrtps_c.h
[1.682s] -- Up-to-date: /home/utec/humanoid_ws/install/unitree_api/include/unitree_api/unitree_api/msg/detail/response_status__rosidl_typesupport_fastrtps_c.h
[1.682s] -- Up-to-date: /home/utec/humanoid_ws/install/unitree_api/include/unitree_api/unitree_api/msg/detail/request_header__rosidl_typesupport_fastrtps_c.h
[1.682s] -- Up-to-date: /home/utec/humanoid_ws/install/unitree_api/include/unitree_api/unitree_api/msg/detail/request_identity__rosidl_typesupport_fastrtps_c.h
[1.682s] -- Up-to-date: /home/utec/humanoid_ws/install/unitree_api/include/unitree_api/unitree_api/msg/detail/request__rosidl_typesupport_fastrtps_c.h
[1.682s] -- Up-to-date: /home/utec/humanoid_ws/install/unitree_api/lib/libunitree_api__rosidl_typesupport_fastrtps_c.so
[1.682s] -- Up-to-date: /home/utec/humanoid_ws/install/unitree_api/include/unitree_api/unitree_api
[1.683s] -- Up-to-date: /home/utec/humanoid_ws/install/unitree_api/include/unitree_api/unitree_api/msg
[1.684s] -- Up-to-date: /home/utec/humanoid_ws/install/unitree_api/include/unitree_api/unitree_api/msg/response_status.hpp
[1.684s] -- Up-to-date: /home/utec/humanoid_ws/install/unitree_api/include/unitree_api/unitree_api/msg/request_identity.hpp
[1.684s] -- Up-to-date: /home/utec/humanoid_ws/install/unitree_api/include/unitree_api/unitree_api/msg/request.hpp
[1.684s] -- Up-to-date: /home/utec/humanoid_ws/install/unitree_api/include/unitree_api/unitree_api/msg/detail
[1.685s] -- Up-to-date: /home/utec/humanoid_ws/install/unitree_api/include/unitree_api/unitree_api/msg/detail/response__traits.hpp
[1.686s] -- Up-to-date: /home/utec/humanoid_ws/install/unitree_api/include/unitree_api/unitree_api/msg/detail/request_identity__traits.hpp
[1.686s] -- Up-to-date: /home/utec/humanoid_ws/install/unitree_api/include/unitree_api/unitree_api/msg/detail/request__traits.hpp
[1.686s] -- Up-to-date: /home/utec/humanoid_ws/install/unitree_api/include/unitree_api/unitree_api/msg/detail/request__builder.hpp
[1.686s] -- Up-to-date: /home/utec/humanoid_ws/install/unitree_api/include/unitree_api/unitree_api/msg/detail/response_status__builder.hpp
[1.687s] -- Up-to-date: /home/utec/humanoid_ws/install/unitree_api/include/unitree_api/unitree_api/msg/detail/request_policy__struct.hpp
[1.687s] -- Up-to-date: /home/utec/humanoid_ws/install/unitree_api/include/unitree_api/unitree_api/msg/detail/response__builder.hpp
[1.687s] -- Up-to-date: /home/utec/humanoid_ws/install/unitree_api/include/unitree_api/unitree_api/msg/detail/request_lease__traits.hpp
[1.687s] -- Up-to-date: /home/utec/humanoid_ws/install/unitree_api/include/unitree_api/unitree_api/msg/detail/request_header__type_support.hpp
[1.687s] -- Up-to-date: /home/utec/humanoid_ws/install/unitree_api/include/unitree_api/unitree_api/msg/detail/response_status__struct.hpp
[1.687s] -- Up-to-date: /home/utec/humanoid_ws/install/unitree_api/include/unitree_api/unitree_api/msg/detail/request_header__traits.hpp
[1.687s] -- Up-to-date: /home/utec/humanoid_ws/install/unitree_api/include/unitree_api/unitree_api/msg/detail/request_lease__struct.hpp
[1.688s] -- Up-to-date: /home/utec/humanoid_ws/install/unitree_api/include/unitree_api/unitree_api/msg/detail/request_policy__type_support.hpp
[1.688s] -- Up-to-date: /home/utec/humanoid_ws/install/unitree_api/include/unitree_api/unitree_api/msg/detail/request_identity__type_support.hpp
[1.688s] -- Up-to-date: /home/utec/humanoid_ws/install/unitree_api/include/unitree_api/unitree_api/msg/detail/request__struct.hpp
[1.688s] -- Up-to-date: /home/utec/humanoid_ws/install/unitree_api/include/unitree_api/unitree_api/msg/detail/request_lease__builder.hpp
[1.688s] -- Up-to-date: /home/utec/humanoid_ws/install/unitree_api/include/unitree_api/unitree_api/msg/detail/response_header__type_support.hpp
[1.688s] -- Up-to-date: /home/utec/humanoid_ws/install/unitree_api/include/unitree_api/unitree_api/msg/detail/request_header__builder.hpp
[1.688s] -- Up-to-date: /home/utec/humanoid_ws/install/unitree_api/include/unitree_api/unitree_api/msg/detail/request_identity__struct.hpp
[1.688s] -- Up-to-date: /home/utec/humanoid_ws/install/unitree_api/include/unitree_api/unitree_api/msg/detail/request__type_support.hpp
[1.688s] -- Up-to-date: /home/utec/humanoid_ws/install/unitree_api/include/unitree_api/unitree_api/msg/detail/request_policy__traits.hpp
[1.689s] -- Up-to-date: /home/utec/humanoid_ws/install/unitree_api/include/unitree_api/unitree_api/msg/detail/request_identity__builder.hpp
[1.689s] -- Up-to-date: /home/utec/humanoid_ws/install/unitree_api/include/unitree_api/unitree_api/msg/detail/response_header__builder.hpp
[1.689s] -- Up-to-date: /home/utec/humanoid_ws/install/unitree_api/include/unitree_api/unitree_api/msg/detail/response__type_support.hpp
[1.689s] -- Up-to-date: /home/utec/humanoid_ws/install/unitree_api/include/unitree_api/unitree_api/msg/detail/response_status__traits.hpp
[1.689s] -- Up-to-date: /home/utec/humanoid_ws/install/unitree_api/include/unitree_api/unitree_api/msg/detail/request_lease__type_support.hpp
[1.689s] -- Up-to-date: /home/utec/humanoid_ws/install/unitree_api/include/unitree_api/unitree_api/msg/detail/request_header__struct.hpp
[1.689s] -- Up-to-date: /home/utec/humanoid_ws/install/unitree_api/include/unitree_api/unitree_api/msg/detail/response_status__type_support.hpp
[1.689s] -- Up-to-date: /home/utec/humanoid_ws/install/unitree_api/include/unitree_api/unitree_api/msg/detail/response__struct.hpp
[1.689s] -- Up-to-date: /home/utec/humanoid_ws/install/unitree_api/include/unitree_api/unitree_api/msg/detail/request_policy__builder.hpp
[1.690s] -- Up-to-date: /home/utec/humanoid_ws/install/unitree_api/include/unitree_api/unitree_api/msg/detail/response_header__struct.hpp
[1.690s] -- Up-to-date: /home/utec/humanoid_ws/install/unitree_api/include/unitree_api/unitree_api/msg/detail/response_header__traits.hpp
[1.690s] -- Up-to-date: /home/utec/humanoid_ws/install/unitree_api/include/unitree_api/unitree_api/msg/request_lease.hpp
[1.690s] -- Up-to-date: /home/utec/humanoid_ws/install/unitree_api/include/unitree_api/unitree_api/msg/request_policy.hpp
[1.690s] -- Up-to-date: /home/utec/humanoid_ws/install/unitree_api/include/unitree_api/unitree_api/msg/rosidl_generator_cpp__visibility_control.hpp
[1.690s] -- Up-to-date: /home/utec/humanoid_ws/install/unitree_api/include/unitree_api/unitree_api/msg/request_header.hpp
[1.690s] -- Up-to-date: /home/utec/humanoid_ws/install/unitree_api/include/unitree_api/unitree_api/msg/response_header.hpp
[1.690s] -- Up-to-date: /home/utec/humanoid_ws/install/unitree_api/include/unitree_api/unitree_api/msg/response.hpp
[1.691s] -- Up-to-date: /home/utec/humanoid_ws/install/unitree_api/include/unitree_api/unitree_api
[1.691s] -- Up-to-date: /home/utec/humanoid_ws/install/unitree_api/include/unitree_api/unitree_api/msg
[1.691s] -- Up-to-date: /home/utec/humanoid_ws/install/unitree_api/include/unitree_api/unitree_api/msg/detail
[1.691s] -- Up-to-date: /home/utec/humanoid_ws/install/unitree_api/include/unitree_api/unitree_api/msg/detail/request_identity__rosidl_typesupport_fastrtps_cpp.hpp
[1.691s] -- Up-to-date: /home/utec/humanoid_ws/install/unitree_api/include/unitree_api/unitree_api/msg/detail/response_status__rosidl_typesupport_fastrtps_cpp.hpp
[1.691s] -- Up-to-date: /home/utec/humanoid_ws/install/unitree_api/include/unitree_api/unitree_api/msg/detail/request_policy__rosidl_typesupport_fastrtps_cpp.hpp
[1.691s] -- Up-to-date: /home/utec/humanoid_ws/install/unitree_api/include/unitree_api/unitree_api/msg/detail/response_header__rosidl_typesupport_fastrtps_cpp.hpp
[1.691s] -- Up-to-date: /home/utec/humanoid_ws/install/unitree_api/include/unitree_api/unitree_api/msg/detail/dds_fastrtps
[1.691s] -- Up-to-date: /home/utec/humanoid_ws/install/unitree_api/include/unitree_api/unitree_api/msg/detail/request__rosidl_typesupport_fastrtps_cpp.hpp
[1.692s] -- Up-to-date: /home/utec/humanoid_ws/install/unitree_api/include/unitree_api/unitree_api/msg/detail/request_lease__rosidl_typesupport_fastrtps_cpp.hpp
[1.692s] -- Up-to-date: /home/utec/humanoid_ws/install/unitree_api/include/unitree_api/unitree_api/msg/detail/request_header__rosidl_typesupport_fastrtps_cpp.hpp
[1.692s] -- Up-to-date: /home/utec/humanoid_ws/install/unitree_api/include/unitree_api/unitree_api/msg/detail/response__rosidl_typesupport_fastrtps_cpp.hpp
[1.692s] -- Up-to-date: /home/utec/humanoid_ws/install/unitree_api/include/unitree_api/unitree_api/msg/rosidl_typesupport_fastrtps_cpp__visibility_control.h
[1.692s] -- Up-to-date: /home/utec/humanoid_ws/install/unitree_api/lib/libunitree_api__rosidl_typesupport_fastrtps_cpp.so
[1.692s] -- Up-to-date: /home/utec/humanoid_ws/install/unitree_api/include/unitree_api/unitree_api
[1.692s] -- Up-to-date: /home/utec/humanoid_ws/install/unitree_api/include/unitree_api/unitree_api/msg
[1.692s] -- Up-to-date: /home/utec/humanoid_ws/install/unitree_api/include/unitree_api/unitree_api/msg/detail
[1.692s] -- Up-to-date: /home/utec/humanoid_ws/install/unitree_api/include/unitree_api/unitree_api/msg/detail/request_header__type_support.c
[1.694s] -- Up-to-date: /home/utec/humanoid_ws/install/unitree_api/include/unitree_api/unitree_api/msg/detail/request__type_support.c
[1.694s] -- Up-to-date: /home/utec/humanoid_ws/install/unitree_api/include/unitree_api/unitree_api/msg/detail/request_policy__type_support.c
[1.694s] -- Up-to-date: /home/utec/humanoid_ws/install/unitree_api/include/unitree_api/unitree_api/msg/detail/request_lease__type_support.c
[1.694s] -- Up-to-date: /home/utec/humanoid_ws/install/unitree_api/include/unitree_api/unitree_api/msg/detail/request_policy__rosidl_typesupport_introspection_c.h
[1.694s] -- Up-to-date: /home/utec/humanoid_ws/install/unitree_api/include/unitree_api/unitree_api/msg/detail/response__rosidl_typesupport_introspection_c.h
[1.695s] -- Up-to-date: /home/utec/humanoid_ws/install/unitree_api/include/unitree_api/unitree_api/msg/detail/response_header__type_support.c
[1.695s] -- Up-to-date: /home/utec/humanoid_ws/install/unitree_api/include/unitree_api/unitree_api/msg/detail/response_status__rosidl_typesupport_introspection_c.h
[1.695s] -- Up-to-date: /home/utec/humanoid_ws/install/unitree_api/include/unitree_api/unitree_api/msg/detail/response_status__type_support.c
[1.695s] -- Up-to-date: /home/utec/humanoid_ws/install/unitree_api/include/unitree_api/unitree_api/msg/detail/request_lease__rosidl_typesupport_introspection_c.h
[1.695s] -- Up-to-date: /home/utec/humanoid_ws/install/unitree_api/include/unitree_api/unitree_api/msg/detail/request_identity__type_support.c
[1.695s] -- Up-to-date: /home/utec/humanoid_ws/install/unitree_api/include/unitree_api/unitree_api/msg/detail/request_identity__rosidl_typesupport_introspection_c.h
[1.695s] -- Up-to-date: /home/utec/humanoid_ws/install/unitree_api/include/unitree_api/unitree_api/msg/detail/response_header__rosidl_typesupport_introspection_c.h
[1.695s] -- Up-to-date: /home/utec/humanoid_ws/install/unitree_api/include/unitree_api/unitree_api/msg/detail/request__rosidl_typesupport_introspection_c.h
[1.696s] -- Up-to-date: /home/utec/humanoid_ws/install/unitree_api/include/unitree_api/unitree_api/msg/detail/response__type_support.c
[1.696s] -- Up-to-date: /home/utec/humanoid_ws/install/unitree_api/include/unitree_api/unitree_api/msg/detail/request_header__rosidl_typesupport_introspection_c.h
[1.696s] -- Up-to-date: /home/utec/humanoid_ws/install/unitree_api/include/unitree_api/unitree_api/msg/rosidl_typesupport_introspection_c__visibility_control.h
[1.696s] -- Up-to-date: /home/utec/humanoid_ws/install/unitree_api/lib/libunitree_api__rosidl_typesupport_introspection_c.so
[1.699s] -- Up-to-date: /home/utec/humanoid_ws/install/unitree_api/lib/libunitree_api__rosidl_typesupport_c.so
[1.699s] -- Up-to-date: /home/utec/humanoid_ws/install/unitree_api/include/unitree_api/unitree_api
[1.700s] -- Up-to-date: /home/utec/humanoid_ws/install/unitree_api/include/unitree_api/unitree_api/msg
[1.700s] -- Up-to-date: /home/utec/humanoid_ws/install/unitree_api/include/unitree_api/unitree_api/msg/detail
[1.700s] -- Up-to-date: /home/utec/humanoid_ws/install/unitree_api/include/unitree_api/unitree_api/msg/detail/request_lease__rosidl_typesupport_introspection_cpp.hpp
[1.700s] -- Up-to-date: /home/utec/humanoid_ws/install/unitree_api/include/unitree_api/unitree_api/msg/detail/response_header__rosidl_typesupport_introspection_cpp.hpp
[1.700s] -- Up-to-date: /home/utec/humanoid_ws/install/unitree_api/include/unitree_api/unitree_api/msg/detail/request_policy__type_support.cpp
[1.700s] -- Up-to-date: /home/utec/humanoid_ws/install/unitree_api/include/unitree_api/unitree_api/msg/detail/response_status__rosidl_typesupport_introspection_cpp.hpp
[1.700s] -- Up-to-date: /home/utec/humanoid_ws/install/unitree_api/include/unitree_api/unitree_api/msg/detail/request_header__rosidl_typesupport_introspection_cpp.hpp
[1.700s] -- Up-to-date: /home/utec/humanoid_ws/install/unitree_api/include/unitree_api/unitree_api/msg/detail/response__rosidl_typesupport_introspection_cpp.hpp
[1.701s] -- Up-to-date: /home/utec/humanoid_ws/install/unitree_api/include/unitree_api/unitree_api/msg/detail/request__type_support.cpp
[1.701s] -- Up-to-date: /home/utec/humanoid_ws/install/unitree_api/include/unitree_api/unitree_api/msg/detail/request__rosidl_typesupport_introspection_cpp.hpp
[1.701s] -- Up-to-date: /home/utec/humanoid_ws/install/unitree_api/include/unitree_api/unitree_api/msg/detail/request_identity__rosidl_typesupport_introspection_cpp.hpp
[1.701s] -- Up-to-date: /home/utec/humanoid_ws/install/unitree_api/include/unitree_api/unitree_api/msg/detail/request_policy__rosidl_typesupport_introspection_cpp.hpp
[1.701s] -- Up-to-date: /home/utec/humanoid_ws/install/unitree_api/include/unitree_api/unitree_api/msg/detail/request_lease__type_support.cpp
[1.701s] -- Up-to-date: /home/utec/humanoid_ws/install/unitree_api/include/unitree_api/unitree_api/msg/detail/response_status__type_support.cpp
[1.701s] -- Up-to-date: /home/utec/humanoid_ws/install/unitree_api/include/unitree_api/unitree_api/msg/detail/response_header__type_support.cpp
[1.701s] -- Up-to-date: /home/utec/humanoid_ws/install/unitree_api/include/unitree_api/unitree_api/msg/detail/request_identity__type_support.cpp
[1.702s] -- Up-to-date: /home/utec/humanoid_ws/install/unitree_api/include/unitree_api/unitree_api/msg/detail/request_header__type_support.cpp
[1.702s] -- Up-to-date: /home/utec/humanoid_ws/install/unitree_api/include/unitree_api/unitree_api/msg/detail/response__type_support.cpp
[1.702s] -- Up-to-date: /home/utec/humanoid_ws/install/unitree_api/lib/libunitree_api__rosidl_typesupport_introspection_cpp.so
[1.702s] -- Up-to-date: /home/utec/humanoid_ws/install/unitree_api/lib/libunitree_api__rosidl_typesupport_cpp.so
[1.702s] -- Up-to-date: /home/utec/humanoid_ws/install/unitree_api/share/unitree_api/environment/pythonpath.sh
[1.702s] -- Up-to-date: /home/utec/humanoid_ws/install/unitree_api/share/unitree_api/environment/pythonpath.dsv
[1.702s] -- Up-to-date: /home/utec/humanoid_ws/install/unitree_api/local/lib/python3.10/dist-packages/unitree_api-0.0.0-py3.10.egg-info
[1.702s] -- Installing: /home/utec/humanoid_ws/install/unitree_api/local/lib/python3.10/dist-packages/unitree_api-0.0.0-py3.10.egg-info/top_level.txt
[1.703s] -- Installing: /home/utec/humanoid_ws/install/unitree_api/local/lib/python3.10/dist-packages/unitree_api-0.0.0-py3.10.egg-info/PKG-INFO
[1.703s] -- Installing: /home/utec/humanoid_ws/install/unitree_api/local/lib/python3.10/dist-packages/unitree_api-0.0.0-py3.10.egg-info/dependency_links.txt
[1.703s] -- Installing: /home/utec/humanoid_ws/install/unitree_api/local/lib/python3.10/dist-packages/unitree_api-0.0.0-py3.10.egg-info/SOURCES.txt
[1.703s] -- Up-to-date: /home/utec/humanoid_ws/install/unitree_api/local/lib/python3.10/dist-packages/unitree_api
[1.703s] -- Up-to-date: /home/utec/humanoid_ws/install/unitree_api/local/lib/python3.10/dist-packages/unitree_api/_unitree_api_s.ep.rosidl_typesupport_introspection_c.c
[1.703s] -- Up-to-date: /home/utec/humanoid_ws/install/unitree_api/local/lib/python3.10/dist-packages/unitree_api/__init__.py
[1.703s] -- Up-to-date: /home/utec/humanoid_ws/install/unitree_api/local/lib/python3.10/dist-packages/unitree_api/_unitree_api_s.ep.rosidl_typesupport_fastrtps_c.c
[1.703s] -- Up-to-date: /home/utec/humanoid_ws/install/unitree_api/local/lib/python3.10/dist-packages/unitree_api/unitree_api_s__rosidl_typesupport_c.cpython-310-x86_64-linux-gnu.so
[1.704s] -- Up-to-date: /home/utec/humanoid_ws/install/unitree_api/local/lib/python3.10/dist-packages/unitree_api/libunitree_api__rosidl_generator_py.so
[1.704s] -- Up-to-date: /home/utec/humanoid_ws/install/unitree_api/local/lib/python3.10/dist-packages/unitree_api/unitree_api_s__rosidl_typesupport_fastrtps_c.cpython-310-x86_64-linux-gnu.so
[1.704s] -- Up-to-date: /home/utec/humanoid_ws/install/unitree_api/local/lib/python3.10/dist-packages/unitree_api/msg
[1.704s] -- Up-to-date: /home/utec/humanoid_ws/install/unitree_api/local/lib/python3.10/dist-packages/unitree_api/msg/_response_status.py
[1.704s] -- Up-to-date: /home/utec/humanoid_ws/install/unitree_api/local/lib/python3.10/dist-packages/unitree_api/msg/_response.py
[1.704s] -- Up-to-date: /home/utec/humanoid_ws/install/unitree_api/local/lib/python3.10/dist-packages/unitree_api/msg/_response_header_s.c
[1.704s] -- Up-to-date: /home/utec/humanoid_ws/install/unitree_api/local/lib/python3.10/dist-packages/unitree_api/msg/_request_s.c
[1.704s] -- Up-to-date: /home/utec/humanoid_ws/install/unitree_api/local/lib/python3.10/dist-packages/unitree_api/msg/__init__.py
[1.704s] -- Up-to-date: /home/utec/humanoid_ws/install/unitree_api/local/lib/python3.10/dist-packages/unitree_api/msg/_request_header.py
[1.705s] -- Up-to-date: /home/utec/humanoid_ws/install/unitree_api/local/lib/python3.10/dist-packages/unitree_api/msg/_request.py
[1.705s] -- Up-to-date: /home/utec/humanoid_ws/install/unitree_api/local/lib/python3.10/dist-packages/unitree_api/msg/_request_lease_s.c
[1.705s] -- Up-to-date: /home/utec/humanoid_ws/install/unitree_api/local/lib/python3.10/dist-packages/unitree_api/msg/_request_policy_s.c
[1.705s] -- Up-to-date: /home/utec/humanoid_ws/install/unitree_api/local/lib/python3.10/dist-packages/unitree_api/msg/_request_policy.py
[1.705s] -- Up-to-date: /home/utec/humanoid_ws/install/unitree_api/local/lib/python3.10/dist-packages/unitree_api/msg/_response_header.py
[1.705s] -- Up-to-date: /home/utec/humanoid_ws/install/unitree_api/local/lib/python3.10/dist-packages/unitree_api/msg/_request_lease.py
[1.705s] -- Up-to-date: /home/utec/humanoid_ws/install/unitree_api/local/lib/python3.10/dist-packages/unitree_api/msg/_response_s.c
[1.705s] -- Up-to-date: /home/utec/humanoid_ws/install/unitree_api/local/lib/python3.10/dist-packages/unitree_api/msg/_request_header_s.c
[1.706s] -- Up-to-date: /home/utec/humanoid_ws/install/unitree_api/local/lib/python3.10/dist-packages/unitree_api/msg/_response_status_s.c
[1.706s] -- Up-to-date: /home/utec/humanoid_ws/install/unitree_api/local/lib/python3.10/dist-packages/unitree_api/msg/_request_identity.py
[1.706s] -- Up-to-date: /home/utec/humanoid_ws/install/unitree_api/local/lib/python3.10/dist-packages/unitree_api/msg/_request_identity_s.c
[1.706s] -- Up-to-date: /home/utec/humanoid_ws/install/unitree_api/local/lib/python3.10/dist-packages/unitree_api/_unitree_api_s.ep.rosidl_typesupport_c.c
[1.706s] -- Up-to-date: /home/utec/humanoid_ws/install/unitree_api/local/lib/python3.10/dist-packages/unitree_api/unitree_api_s__rosidl_typesupport_introspection_c.cpython-310-x86_64-linux-gnu.so
[1.844s] Listing '/home/utec/humanoid_ws/install/unitree_api/local/lib/python3.10/dist-packages/unitree_api'...
[1.844s] Listing '/home/utec/humanoid_ws/install/unitree_api/local/lib/python3.10/dist-packages/unitree_api/msg'...
[1.844s] -- Up-to-date: /home/utec/humanoid_ws/install/unitree_api/local/lib/python3.10/dist-packages/unitree_api/unitree_api_s__rosidl_typesupport_fastrtps_c.cpython-310-x86_64-linux-gnu.so
[1.844s] -- Up-to-date: /home/utec/humanoid_ws/install/unitree_api/local/lib/python3.10/dist-packages/unitree_api/unitree_api_s__rosidl_typesupport_introspection_c.cpython-310-x86_64-linux-gnu.so
[1.844s] -- Up-to-date: /home/utec/humanoid_ws/install/unitree_api/local/lib/python3.10/dist-packages/unitree_api/unitree_api_s__rosidl_typesupport_c.cpython-310-x86_64-linux-gnu.so
[1.844s] -- Up-to-date: /home/utec/humanoid_ws/install/unitree_api/lib/libunitree_api__rosidl_generator_py.so
[1.844s] -- Up-to-date: /home/utec/humanoid_ws/install/unitree_api/share/unitree_api/msg/Request.idl
[1.844s] -- Up-to-date: /home/utec/humanoid_ws/install/unitree_api/share/unitree_api/msg/RequestHeader.idl
[1.844s] -- Up-to-date: /home/utec/humanoid_ws/install/unitree_api/share/unitree_api/msg/RequestIdentity.idl
[1.845s] -- Up-to-date: /home/utec/humanoid_ws/install/unitree_api/share/unitree_api/msg/RequestLease.idl
[1.845s] -- Up-to-date: /home/utec/humanoid_ws/install/unitree_api/share/unitree_api/msg/RequestPolicy.idl
[1.845s] -- Up-to-date: /home/utec/humanoid_ws/install/unitree_api/share/unitree_api/msg/Response.idl
[1.845s] -- Up-to-date: /home/utec/humanoid_ws/install/unitree_api/share/unitree_api/msg/ResponseHeader.idl
[1.845s] -- Up-to-date: /home/utec/humanoid_ws/install/unitree_api/share/unitree_api/msg/ResponseStatus.idl
[1.845s] -- Up-to-date: /home/utec/humanoid_ws/install/unitree_api/share/unitree_api/msg/Request.msg
[1.845s] -- Up-to-date: /home/utec/humanoid_ws/install/unitree_api/share/unitree_api/msg/RequestHeader.msg
[1.845s] -- Up-to-date: /home/utec/humanoid_ws/install/unitree_api/share/unitree_api/msg/RequestIdentity.msg
[1.845s] -- Up-to-date: /home/utec/humanoid_ws/install/unitree_api/share/unitree_api/msg/RequestLease.msg
[1.846s] -- Up-to-date: /home/utec/humanoid_ws/install/unitree_api/share/unitree_api/msg/RequestPolicy.msg
[1.846s] -- Up-to-date: /home/utec/humanoid_ws/install/unitree_api/share/unitree_api/msg/Response.msg
[1.851s] -- Up-to-date: /home/utec/humanoid_ws/install/unitree_api/share/unitree_api/msg/ResponseHeader.msg
[1.852s] -- Up-to-date: /home/utec/humanoid_ws/install/unitree_api/share/unitree_api/msg/ResponseStatus.msg
[1.852s] -- Up-to-date: /home/utec/humanoid_ws/install/unitree_api/share/unitree_api/msg/dds_connext
[1.852s] -- Up-to-date: /home/utec/humanoid_ws/install/unitree_api/share/unitree_api/msg/dds_connext/Request_.idl
[1.852s] -- Up-to-date: /home/utec/humanoid_ws/install/unitree_api/share/unitree_api/msg/dds_connext/ResponseStatus_.idl
[1.853s] -- Up-to-date: /home/utec/humanoid_ws/install/unitree_api/share/unitree_api/msg/dds_connext/RequestIdentity_.idl
[1.853s] -- Up-to-date: /home/utec/humanoid_ws/install/unitree_api/share/unitree_api/msg/dds_connext/RequestPolicy_.idl
[1.853s] -- Up-to-date: /home/utec/humanoid_ws/install/unitree_api/share/unitree_api/msg/dds_connext/RequestHeader_.idl
[1.854s] -- Up-to-date: /home/utec/humanoid_ws/install/unitree_api/share/unitree_api/msg/dds_connext/ResponseHeader_.idl
[1.854s] -- Up-to-date: /home/utec/humanoid_ws/install/unitree_api/share/unitree_api/msg/dds_connext/Response_.idl
[1.854s] -- Up-to-date: /home/utec/humanoid_ws/install/unitree_api/share/unitree_api/msg/dds_connext/RequestLease_.idl
[1.854s] -- Up-to-date: /home/utec/humanoid_ws/install/unitree_api/share/ament_index/resource_index/package_run_dependencies/unitree_api
[1.854s] -- Up-to-date: /home/utec/humanoid_ws/install/unitree_api/share/ament_index/resource_index/parent_prefix_path/unitree_api
[1.854s] -- Up-to-date: /home/utec/humanoid_ws/install/unitree_api/share/unitree_api/environment/ament_prefix_path.sh
[1.855s] -- Up-to-date: /home/utec/humanoid_ws/install/unitree_api/share/unitree_api/environment/ament_prefix_path.dsv
[1.855s] -- Up-to-date: /home/utec/humanoid_ws/install/unitree_api/share/unitree_api/environment/path.sh
[1.858s] -- Up-to-date: /home/utec/humanoid_ws/install/unitree_api/share/unitree_api/environment/path.dsv
[1.859s] -- Up-to-date: /home/utec/humanoid_ws/install/unitree_api/share/unitree_api/local_setup.bash
[1.859s] -- Up-to-date: /home/utec/humanoid_ws/install/unitree_api/share/unitree_api/local_setup.sh
[1.860s] -- Up-to-date: /home/utec/humanoid_ws/install/unitree_api/share/unitree_api/local_setup.zsh
[1.861s] -- Up-to-date: /home/utec/humanoid_ws/install/unitree_api/share/unitree_api/local_setup.dsv
[1.861s] -- Installing: /home/utec/humanoid_ws/install/unitree_api/share/unitree_api/package.dsv
[1.862s] -- Up-to-date: /home/utec/humanoid_ws/install/unitree_api/share/ament_index/resource_index/packages/unitree_api
[1.862s] -- Up-to-date: /home/utec/humanoid_ws/install/unitree_api/share/unitree_api/cmake/export_unitree_api__rosidl_generator_cExport.cmake
[1.862s] -- Up-to-date: /home/utec/humanoid_ws/install/unitree_api/share/unitree_api/cmake/export_unitree_api__rosidl_generator_cExport-noconfig.cmake
[1.862s] -- Up-to-date: /home/utec/humanoid_ws/install/unitree_api/share/unitree_api/cmake/export_unitree_api__rosidl_typesupport_fastrtps_cExport.cmake
[1.862s] -- Up-to-date: /home/utec/humanoid_ws/install/unitree_api/share/unitree_api/cmake/export_unitree_api__rosidl_typesupport_fastrtps_cExport-noconfig.cmake
[1.862s] -- Up-to-date: /home/utec/humanoid_ws/install/unitree_api/share/unitree_api/cmake/export_unitree_api__rosidl_generator_cppExport.cmake
[1.863s] -- Up-to-date: /home/utec/humanoid_ws/install/unitree_api/share/unitree_api/cmake/export_unitree_api__rosidl_typesupport_fastrtps_cppExport.cmake
[1.863s] -- Up-to-date: /home/utec/humanoid_ws/install/unitree_api/share/unitree_api/cmake/export_unitree_api__rosidl_typesupport_fastrtps_cppExport-noconfig.cmake
[1.863s] -- Up-to-date: /home/utec/humanoid_ws/install/unitree_api/share/unitree_api/cmake/unitree_api__rosidl_typesupport_introspection_cExport.cmake
[1.863s] -- Up-to-date: /home/utec/humanoid_ws/install/unitree_api/share/unitree_api/cmake/unitree_api__rosidl_typesupport_introspection_cExport-noconfig.cmake
[1.863s] -- Up-to-date: /home/utec/humanoid_ws/install/unitree_api/share/unitree_api/cmake/unitree_api__rosidl_typesupport_cExport.cmake
[1.863s] -- Up-to-date: /home/utec/humanoid_ws/install/unitree_api/share/unitree_api/cmake/unitree_api__rosidl_typesupport_cExport-noconfig.cmake
[1.863s] -- Up-to-date: /home/utec/humanoid_ws/install/unitree_api/share/unitree_api/cmake/unitree_api__rosidl_typesupport_introspection_cppExport.cmake
[1.863s] -- Up-to-date: /home/utec/humanoid_ws/install/unitree_api/share/unitree_api/cmake/unitree_api__rosidl_typesupport_introspection_cppExport-noconfig.cmake
[1.863s] -- Up-to-date: /home/utec/humanoid_ws/install/unitree_api/share/unitree_api/cmake/unitree_api__rosidl_typesupport_cppExport.cmake
[1.863s] -- Up-to-date: /home/utec/humanoid_ws/install/unitree_api/share/unitree_api/cmake/unitree_api__rosidl_typesupport_cppExport-noconfig.cmake
[1.864s] -- Up-to-date: /home/utec/humanoid_ws/install/unitree_api/share/unitree_api/cmake/export_unitree_api__rosidl_generator_pyExport.cmake
[1.864s] -- Up-to-date: /home/utec/humanoid_ws/install/unitree_api/share/unitree_api/cmake/export_unitree_api__rosidl_generator_pyExport-noconfig.cmake
[1.866s] -- Up-to-date: /home/utec/humanoid_ws/install/unitree_api/share/unitree_api/cmake/rosidl_cmake-extras.cmake
[1.866s] -- Up-to-date: /home/utec/humanoid_ws/install/unitree_api/share/unitree_api/cmake/ament_cmake_export_dependencies-extras.cmake
[1.867s] -- Up-to-date: /home/utec/humanoid_ws/install/unitree_api/share/unitree_api/cmake/ament_cmake_export_include_directories-extras.cmake
[1.867s] -- Up-to-date: /home/utec/humanoid_ws/install/unitree_api/share/unitree_api/cmake/ament_cmake_export_libraries-extras.cmake
[1.867s] -- Up-to-date: /home/utec/humanoid_ws/install/unitree_api/share/unitree_api/cmake/ament_cmake_export_targets-extras.cmake
[1.867s] -- Up-to-date: /home/utec/humanoid_ws/install/unitree_api/share/unitree_api/cmake/rosidl_cmake_export_typesupport_targets-extras.cmake
[1.867s] -- Up-to-date: /home/utec/humanoid_ws/install/unitree_api/share/unitree_api/cmake/rosidl_cmake_export_typesupport_libraries-extras.cmake
[1.867s] -- Up-to-date: /home/utec/humanoid_ws/install/unitree_api/share/unitree_api/cmake/unitree_apiConfig.cmake
[1.867s] -- Up-to-date: /home/utec/humanoid_ws/install/unitree_api/share/unitree_api/cmake/unitree_apiConfig-version.cmake
[1.867s] -- Up-to-date: /home/utec/humanoid_ws/install/unitree_api/share/unitree_api/package.xml
[1.990s] Invoked command in '/home/utec/humanoid_ws/build/unitree_api' returned '0': CMAKE_PREFIX_PATH=${CMAKE_PREFIX_PATH}:/home/utec/humanoid_ws/install/pycodes_h1:/home/utec/humanoid_ws/install/h1_2_model:/opt/ros/humble /usr/bin/cmake --install /home/utec/humanoid_ws/build/unitree_api
