[0.238s] Invoking command in '/home/utec/humanoid_ws/build/unitree_ros2_example': AMENT_PREFIX_PATH=/home/utec/humanoid_ws/install/unitree_hg:/home/utec/humanoid_ws/install/unitree_go:/home/utec/humanoid_ws/install/unitree_api:${AMENT_PREFIX_PATH} CMAKE_PREFIX_PATH=/home/utec/humanoid_ws/install/unitree_hg:/home/utec/humanoid_ws/install/unitree_go:/home/utec/humanoid_ws/install/unitree_api:/opt/ros/humble LD_LIBRARY_PATH=/home/utec/humanoid_ws/install/unitree_hg/lib:/home/utec/humanoid_ws/install/unitree_go/lib:/home/utec/humanoid_ws/install/unitree_api/lib:${LD_LIBRARY_PATH} PYTHONPATH=/home/utec/humanoid_ws/install/unitree_hg/local/lib/python3.10/dist-packages:/home/utec/humanoid_ws/install/unitree_go/local/lib/python3.10/dist-packages:/home/utec/humanoid_ws/install/unitree_api/local/lib/python3.10/dist-packages:${PYTHONPATH} /usr/bin/cmake --build /home/utec/humanoid_ws/build/unitree_ros2_example -- -j8 -l8
[0.306s] [  5%] Built target low_level_ctrl
[0.308s] [ 10%] Built target low_level_ctrl_hg
[0.314s] [ 15%] Built target g1_low_level_example
[0.315s] [ 20%] Built target go2_sport_client
[0.316s] [ 24%] Built target read_low_state
[0.317s] [ 27%] Built target read_wireless_controller
[0.318s] [ 31%] Built target read_low_state_hg
[0.324s] [ 34%] Built target read_motion_state
[0.374s] [ 39%] Built target go2_stand_example
[0.376s] [ 44%] Built target g1_arm_sdk_dds_example
[0.380s] [ 50%] Built target go2_robot_state_client
[0.390s] [ 55%] Built target g1_arm_action_example
[0.390s] [ 60%] Built target g1_dex3_example
[0.398s] [ 65%] Built target g1_ankle_swing_example
[0.402s] [ 68%] Built target g1_audio_client_example
[0.404s] [ 74%] Built target g1_loco_client_example
[0.431s] [ 79%] Built target b2_stand_example
[0.440s] [ 84%] Built target b2w_sport_client
[0.444s] [ 94%] Built target g1_dual_arm_example
[0.444s] [ 94%] Built target b2_sport_client
[0.447s] [100%] Built target b2w_stand_example
[0.458s] Invoked command in '/home/utec/humanoid_ws/build/unitree_ros2_example' returned '0': AMENT_PREFIX_PATH=/home/utec/humanoid_ws/install/unitree_hg:/home/utec/humanoid_ws/install/unitree_go:/home/utec/humanoid_ws/install/unitree_api:${AMENT_PREFIX_PATH} CMAKE_PREFIX_PATH=/home/utec/humanoid_ws/install/unitree_hg:/home/utec/humanoid_ws/install/unitree_go:/home/utec/humanoid_ws/install/unitree_api:/opt/ros/humble LD_LIBRARY_PATH=/home/utec/humanoid_ws/install/unitree_hg/lib:/home/utec/humanoid_ws/install/unitree_go/lib:/home/utec/humanoid_ws/install/unitree_api/lib:${LD_LIBRARY_PATH} PYTHONPATH=/home/utec/humanoid_ws/install/unitree_hg/local/lib/python3.10/dist-packages:/home/utec/humanoid_ws/install/unitree_go/local/lib/python3.10/dist-packages:/home/utec/humanoid_ws/install/unitree_api/local/lib/python3.10/dist-packages:${PYTHONPATH} /usr/bin/cmake --build /home/utec/humanoid_ws/build/unitree_ros2_example -- -j8 -l8
[0.460s] Invoking command in '/home/utec/humanoid_ws/build/unitree_ros2_example': AMENT_PREFIX_PATH=/home/utec/humanoid_ws/install/unitree_hg:/home/utec/humanoid_ws/install/unitree_go:/home/utec/humanoid_ws/install/unitree_api:${AMENT_PREFIX_PATH} CMAKE_PREFIX_PATH=/home/utec/humanoid_ws/install/unitree_hg:/home/utec/humanoid_ws/install/unitree_go:/home/utec/humanoid_ws/install/unitree_api:/opt/ros/humble LD_LIBRARY_PATH=/home/utec/humanoid_ws/install/unitree_hg/lib:/home/utec/humanoid_ws/install/unitree_go/lib:/home/utec/humanoid_ws/install/unitree_api/lib:${LD_LIBRARY_PATH} PYTHONPATH=/home/utec/humanoid_ws/install/unitree_hg/local/lib/python3.10/dist-packages:/home/utec/humanoid_ws/install/unitree_go/local/lib/python3.10/dist-packages:/home/utec/humanoid_ws/install/unitree_api/local/lib/python3.10/dist-packages:${PYTHONPATH} /usr/bin/cmake --install /home/utec/humanoid_ws/build/unitree_ros2_example
[0.467s] -- Install configuration: ""
[0.468s] -- Up-to-date: /home/utec/humanoid_ws/install/unitree_ros2_example/lib/low_level_ctrl
[0.468s] -- Up-to-date: /home/utec/humanoid_ws/install/unitree_ros2_example/lib/low_level_ctrl_hg
[0.468s] -- Up-to-date: /home/utec/humanoid_ws/install/unitree_ros2_example/lib/g1_low_level_example
[0.468s] -- Up-to-date: /home/utec/humanoid_ws/install/unitree_ros2_example/lib/read_low_state
[0.468s] -- Up-to-date: /home/utec/humanoid_ws/install/unitree_ros2_example/lib/read_low_state_hg
[0.469s] -- Up-to-date: /home/utec/humanoid_ws/install/unitree_ros2_example/lib/read_motion_state
[0.469s] -- Up-to-date: /home/utec/humanoid_ws/install/unitree_ros2_example/lib/read_wireless_controller
[0.469s] -- Up-to-date: /home/utec/humanoid_ws/install/unitree_ros2_example/lib/go2_sport_client
[0.469s] -- Up-to-date: /home/utec/humanoid_ws/install/unitree_ros2_example/lib/go2_stand_example
[0.470s] -- Up-to-date: /home/utec/humanoid_ws/install/unitree_ros2_example/bin/go2_robot_state_client
[0.470s] -- Up-to-date: /home/utec/humanoid_ws/install/unitree_ros2_example/bin/g1_arm_sdk_dds_example
[0.470s] -- Up-to-date: /home/utec/humanoid_ws/install/unitree_ros2_example/bin/g1_arm_action_example
[0.470s] -- Up-to-date: /home/utec/humanoid_ws/install/unitree_ros2_example/bin/g1_dex3_example
[0.471s] -- Up-to-date: /home/utec/humanoid_ws/install/unitree_ros2_example/bin/g1_loco_client_example
[0.471s] -- Up-to-date: /home/utec/humanoid_ws/install/unitree_ros2_example/bin/g1_ankle_swing_example
[0.471s] -- Up-to-date: /home/utec/humanoid_ws/install/unitree_ros2_example/bin/g1_dual_arm_example
[0.471s] -- Up-to-date: /home/utec/humanoid_ws/install/unitree_ros2_example/bin/g1_audio_client_example
[0.471s] -- Up-to-date: /home/utec/humanoid_ws/install/unitree_ros2_example/share/ament_index/resource_index/package_run_dependencies/unitree_ros2_example
[0.471s] -- Up-to-date: /home/utec/humanoid_ws/install/unitree_ros2_example/share/ament_index/resource_index/parent_prefix_path/unitree_ros2_example
[0.472s] -- Up-to-date: /home/utec/humanoid_ws/install/unitree_ros2_example/share/unitree_ros2_example/environment/ament_prefix_path.sh
[0.472s] -- Up-to-date: /home/utec/humanoid_ws/install/unitree_ros2_example/share/unitree_ros2_example/environment/ament_prefix_path.dsv
[0.472s] -- Up-to-date: /home/utec/humanoid_ws/install/unitree_ros2_example/share/unitree_ros2_example/environment/path.sh
[0.472s] -- Up-to-date: /home/utec/humanoid_ws/install/unitree_ros2_example/share/unitree_ros2_example/environment/path.dsv
[0.472s] -- Up-to-date: /home/utec/humanoid_ws/install/unitree_ros2_example/share/unitree_ros2_example/local_setup.bash
[0.472s] -- Up-to-date: /home/utec/humanoid_ws/install/unitree_ros2_example/share/unitree_ros2_example/local_setup.sh
[0.472s] -- Up-to-date: /home/utec/humanoid_ws/install/unitree_ros2_example/share/unitree_ros2_example/local_setup.zsh
[0.472s] -- Up-to-date: /home/utec/humanoid_ws/install/unitree_ros2_example/share/unitree_ros2_example/local_setup.dsv
[0.472s] -- Installing: /home/utec/humanoid_ws/install/unitree_ros2_example/share/unitree_ros2_example/package.dsv
[0.473s] -- Up-to-date: /home/utec/humanoid_ws/install/unitree_ros2_example/share/ament_index/resource_index/packages/unitree_ros2_example
[0.473s] -- Up-to-date: /home/utec/humanoid_ws/install/unitree_ros2_example/share/unitree_ros2_example/cmake/unitree_ros2_exampleConfig.cmake
[0.473s] -- Up-to-date: /home/utec/humanoid_ws/install/unitree_ros2_example/share/unitree_ros2_example/cmake/unitree_ros2_exampleConfig-version.cmake
[0.473s] -- Up-to-date: /home/utec/humanoid_ws/install/unitree_ros2_example/share/unitree_ros2_example/package.xml
[0.475s] Invoked command in '/home/utec/humanoid_ws/build/unitree_ros2_example' returned '0': AMENT_PREFIX_PATH=/home/utec/humanoid_ws/install/unitree_hg:/home/utec/humanoid_ws/install/unitree_go:/home/utec/humanoid_ws/install/unitree_api:${AMENT_PREFIX_PATH} CMAKE_PREFIX_PATH=/home/utec/humanoid_ws/install/unitree_hg:/home/utec/humanoid_ws/install/unitree_go:/home/utec/humanoid_ws/install/unitree_api:/opt/ros/humble LD_LIBRARY_PATH=/home/utec/humanoid_ws/install/unitree_hg/lib:/home/utec/humanoid_ws/install/unitree_go/lib:/home/utec/humanoid_ws/install/unitree_api/lib:${LD_LIBRARY_PATH} PYTHONPATH=/home/utec/humanoid_ws/install/unitree_hg/local/lib/python3.10/dist-packages:/home/utec/humanoid_ws/install/unitree_go/local/lib/python3.10/dist-packages:/home/utec/humanoid_ws/install/unitree_api/local/lib/python3.10/dist-packages:${PYTHONPATH} /usr/bin/cmake --install /home/utec/humanoid_ws/build/unitree_ros2_example
