[0.036s] Invoking command in '/home/utec/humanoid_ws/build/unitree_hg': CMAKE_PREFIX_PATH=${CMAKE_PREFIX_PATH}:/home/utec/humanoid_ws/install/pycodes_h1:/home/utec/humanoid_ws/install/h1_2_model:/home/utec/humanoid_ws/install/h1_2_algoritms:/home/utec/barirobot_ws/install/ur5_algoritmos:/home/utec/barirobot_ws/install/cam_code:/home/utec/barirobot_ws/install/bringup_bar:/opt/ros/humble PS1=\[\e]0;\u@\h: \w\a\]${debian_chroot:+($debian_chroot)}\[\033[01;32m\]\u@\h\[\033[00m\]:\[\033[01;34m\]\w\[\033[00m\]\$ /usr/bin/cmake --build /home/utec/humanoid_ws/build/unitree_hg -- -j8 -l8
[0.143s] [  1%] Built target unitree_hg__dds_connext_idl
[0.157s] [  1%] Built target unitree_hg__cpp
[0.168s] [ 13%] Built target unitree_hg__rosidl_generator_c
[0.279s] [ 13%] Built target ament_cmake_python_copy_unitree_hg
[0.299s] [ 25%] Built target unitree_hg__rosidl_typesupport_fastrtps_cpp
[0.334s] [ 37%] Built target unitree_hg__rosidl_typesupport_cpp
[0.355s] [ 48%] Built target unitree_hg__rosidl_typesupport_c
[0.363s] [ 64%] Built target unitree_hg__rosidl_typesupport_introspection_c
[0.363s] [ 71%] Built target unitree_hg__rosidl_typesupport_introspection_cpp
[0.368s] [ 82%] Built target unitree_hg__rosidl_typesupport_fastrtps_c
[0.465s] [ 82%] Built target unitree_hg
[0.523s] [ 83%] Built target unitree_hg__py
[0.604s] [ 94%] Built target unitree_hg__rosidl_generator_py
[0.686s] [ 96%] Built target unitree_hg__rosidl_typesupport_introspection_c__pyext
[0.692s] [ 98%] Built target unitree_hg__rosidl_typesupport_fastrtps_c__pyext
[0.699s] [100%] Built target unitree_hg__rosidl_typesupport_c__pyext
[0.968s] running egg_info
[0.971s] writing unitree_hg.egg-info/PKG-INFO
[0.973s] writing dependency_links to unitree_hg.egg-info/dependency_links.txt
[0.975s] writing top-level names to unitree_hg.egg-info/top_level.txt
[0.976s] reading manifest file 'unitree_hg.egg-info/SOURCES.txt'
[0.978s] writing manifest file 'unitree_hg.egg-info/SOURCES.txt'
[1.035s] [100%] Built target ament_cmake_python_build_unitree_hg_egg
[1.476s] Invoked command in '/home/utec/humanoid_ws/build/unitree_hg' returned '0': CMAKE_PREFIX_PATH=${CMAKE_PREFIX_PATH}:/home/utec/humanoid_ws/install/pycodes_h1:/home/utec/humanoid_ws/install/h1_2_model:/home/utec/humanoid_ws/install/h1_2_algoritms:/home/utec/barirobot_ws/install/ur5_algoritmos:/home/utec/barirobot_ws/install/cam_code:/home/utec/barirobot_ws/install/bringup_bar:/opt/ros/humble PS1=\[\e]0;\u@\h: \w\a\]${debian_chroot:+($debian_chroot)}\[\033[01;32m\]\u@\h\[\033[00m\]:\[\033[01;34m\]\w\[\033[00m\]\$ /usr/bin/cmake --build /home/utec/humanoid_ws/build/unitree_hg -- -j8 -l8
[1.478s] Invoking command in '/home/utec/humanoid_ws/build/unitree_hg': CMAKE_PREFIX_PATH=${CMAKE_PREFIX_PATH}:/home/utec/humanoid_ws/install/pycodes_h1:/home/utec/humanoid_ws/install/h1_2_model:/home/utec/humanoid_ws/install/h1_2_algoritms:/home/utec/barirobot_ws/install/ur5_algoritmos:/home/utec/barirobot_ws/install/cam_code:/home/utec/barirobot_ws/install/bringup_bar:/opt/ros/humble PS1=\[\e]0;\u@\h: \w\a\]${debian_chroot:+($debian_chroot)}\[\033[01;32m\]\u@\h\[\033[00m\]:\[\033[01;34m\]\w\[\033[00m\]\$ /usr/bin/cmake --install /home/utec/humanoid_ws/build/unitree_hg
[1.512s] -- Install configuration: ""
[1.512s] -- Up-to-date: /home/utec/humanoid_ws/install/unitree_hg/share/ament_index/resource_index/rosidl_interfaces/unitree_hg
[1.513s] -- Up-to-date: /home/utec/humanoid_ws/install/unitree_hg/include/unitree_hg/unitree_hg
[1.513s] -- Up-to-date: /home/utec/humanoid_ws/install/unitree_hg/include/unitree_hg/unitree_hg/msg
[1.513s] -- Up-to-date: /home/utec/humanoid_ws/install/unitree_hg/include/unitree_hg/unitree_hg/msg/main_board_state.h
[1.513s] -- Up-to-date: /home/utec/humanoid_ws/install/unitree_hg/include/unitree_hg/unitree_hg/msg/press_sensor_state.h
[1.513s] -- Up-to-date: /home/utec/humanoid_ws/install/unitree_hg/include/unitree_hg/unitree_hg/msg/low_cmd.h
[1.513s] -- Up-to-date: /home/utec/humanoid_ws/install/unitree_hg/include/unitree_hg/unitree_hg/msg/bms_cmd.h
[1.513s] -- Up-to-date: /home/utec/humanoid_ws/install/unitree_hg/include/unitree_hg/unitree_hg/msg/motor_cmd.h
[1.513s] -- Up-to-date: /home/utec/humanoid_ws/install/unitree_hg/include/unitree_hg/unitree_hg/msg/hand_cmd.h
[1.513s] -- Up-to-date: /home/utec/humanoid_ws/install/unitree_hg/include/unitree_hg/unitree_hg/msg/imu_state.h
[1.513s] -- Up-to-date: /home/utec/humanoid_ws/install/unitree_hg/include/unitree_hg/unitree_hg/msg/detail
[1.513s] -- Up-to-date: /home/utec/humanoid_ws/install/unitree_hg/include/unitree_hg/unitree_hg/msg/detail/motor_cmd__functions.h
[1.513s] -- Up-to-date: /home/utec/humanoid_ws/install/unitree_hg/include/unitree_hg/unitree_hg/msg/detail/bms_state__functions.c
[1.513s] -- Up-to-date: /home/utec/humanoid_ws/install/unitree_hg/include/unitree_hg/unitree_hg/msg/detail/main_board_state__functions.c
[1.513s] -- Up-to-date: /home/utec/humanoid_ws/install/unitree_hg/include/unitree_hg/unitree_hg/msg/detail/imu_state__functions.c
[1.514s] -- Up-to-date: /home/utec/humanoid_ws/install/unitree_hg/include/unitree_hg/unitree_hg/msg/detail/low_cmd__struct.h
[1.514s] -- Up-to-date: /home/utec/humanoid_ws/install/unitree_hg/include/unitree_hg/unitree_hg/msg/detail/low_state__type_support.h
[1.514s] -- Up-to-date: /home/utec/humanoid_ws/install/unitree_hg/include/unitree_hg/unitree_hg/msg/detail/hand_state__type_support.h
[1.514s] -- Up-to-date: /home/utec/humanoid_ws/install/unitree_hg/include/unitree_hg/unitree_hg/msg/detail/hand_cmd__type_support.h
[1.514s] -- Up-to-date: /home/utec/humanoid_ws/install/unitree_hg/include/unitree_hg/unitree_hg/msg/detail/hand_state__struct.h
[1.514s] -- Up-to-date: /home/utec/humanoid_ws/install/unitree_hg/include/unitree_hg/unitree_hg/msg/detail/motor_state__type_support.h
[1.514s] -- Up-to-date: /home/utec/humanoid_ws/install/unitree_hg/include/unitree_hg/unitree_hg/msg/detail/imu_state__struct.h
[1.514s] -- Up-to-date: /home/utec/humanoid_ws/install/unitree_hg/include/unitree_hg/unitree_hg/msg/detail/motor_cmd__functions.c
[1.514s] -- Up-to-date: /home/utec/humanoid_ws/install/unitree_hg/include/unitree_hg/unitree_hg/msg/detail/low_state__functions.c
[1.514s] -- Up-to-date: /home/utec/humanoid_ws/install/unitree_hg/include/unitree_hg/unitree_hg/msg/detail/low_state__struct.h
[1.514s] -- Up-to-date: /home/utec/humanoid_ws/install/unitree_hg/include/unitree_hg/unitree_hg/msg/detail/motor_state__struct.h
[1.514s] -- Up-to-date: /home/utec/humanoid_ws/install/unitree_hg/include/unitree_hg/unitree_hg/msg/detail/press_sensor_state__functions.c
[1.514s] -- Up-to-date: /home/utec/humanoid_ws/install/unitree_hg/include/unitree_hg/unitree_hg/msg/detail/press_sensor_state__functions.h
[1.514s] -- Up-to-date: /home/utec/humanoid_ws/install/unitree_hg/include/unitree_hg/unitree_hg/msg/detail/main_board_state__struct.h
[1.515s] -- Up-to-date: /home/utec/humanoid_ws/install/unitree_hg/include/unitree_hg/unitree_hg/msg/detail/hand_cmd__functions.c
[1.515s] -- Up-to-date: /home/utec/humanoid_ws/install/unitree_hg/include/unitree_hg/unitree_hg/msg/detail/press_sensor_state__type_support.h
[1.515s] -- Up-to-date: /home/utec/humanoid_ws/install/unitree_hg/include/unitree_hg/unitree_hg/msg/detail/bms_cmd__struct.h
[1.515s] -- Up-to-date: /home/utec/humanoid_ws/install/unitree_hg/include/unitree_hg/unitree_hg/msg/detail/bms_cmd__type_support.h
[1.515s] -- Up-to-date: /home/utec/humanoid_ws/install/unitree_hg/include/unitree_hg/unitree_hg/msg/detail/bms_cmd__functions.c
[1.515s] -- Up-to-date: /home/utec/humanoid_ws/install/unitree_hg/include/unitree_hg/unitree_hg/msg/detail/imu_state__type_support.h
[1.515s] -- Up-to-date: /home/utec/humanoid_ws/install/unitree_hg/include/unitree_hg/unitree_hg/msg/detail/main_board_state__type_support.h
[1.515s] -- Up-to-date: /home/utec/humanoid_ws/install/unitree_hg/include/unitree_hg/unitree_hg/msg/detail/press_sensor_state__struct.h
[1.515s] -- Up-to-date: /home/utec/humanoid_ws/install/unitree_hg/include/unitree_hg/unitree_hg/msg/detail/low_state__functions.h
[1.517s] -- Up-to-date: /home/utec/humanoid_ws/install/unitree_hg/include/unitree_hg/unitree_hg/msg/detail/low_cmd__functions.h
[1.517s] -- Up-to-date: /home/utec/humanoid_ws/install/unitree_hg/include/unitree_hg/unitree_hg/msg/detail/motor_state__functions.h
[1.517s] -- Up-to-date: /home/utec/humanoid_ws/install/unitree_hg/include/unitree_hg/unitree_hg/msg/detail/hand_state__functions.h
[1.517s] -- Up-to-date: /home/utec/humanoid_ws/install/unitree_hg/include/unitree_hg/unitree_hg/msg/detail/low_cmd__type_support.h
[1.517s] -- Up-to-date: /home/utec/humanoid_ws/install/unitree_hg/include/unitree_hg/unitree_hg/msg/detail/bms_state__functions.h
[1.517s] -- Up-to-date: /home/utec/humanoid_ws/install/unitree_hg/include/unitree_hg/unitree_hg/msg/detail/hand_cmd__struct.h
[1.517s] -- Up-to-date: /home/utec/humanoid_ws/install/unitree_hg/include/unitree_hg/unitree_hg/msg/detail/hand_cmd__functions.h
[1.517s] -- Up-to-date: /home/utec/humanoid_ws/install/unitree_hg/include/unitree_hg/unitree_hg/msg/detail/main_board_state__functions.h
[1.517s] -- Up-to-date: /home/utec/humanoid_ws/install/unitree_hg/include/unitree_hg/unitree_hg/msg/detail/motor_cmd__struct.h
[1.517s] -- Up-to-date: /home/utec/humanoid_ws/install/unitree_hg/include/unitree_hg/unitree_hg/msg/detail/bms_state__type_support.h
[1.518s] -- Up-to-date: /home/utec/humanoid_ws/install/unitree_hg/include/unitree_hg/unitree_hg/msg/detail/bms_cmd__functions.h
[1.518s] -- Up-to-date: /home/utec/humanoid_ws/install/unitree_hg/include/unitree_hg/unitree_hg/msg/detail/low_cmd__functions.c
[1.518s] -- Up-to-date: /home/utec/humanoid_ws/install/unitree_hg/include/unitree_hg/unitree_hg/msg/detail/motor_state__functions.c
[1.518s] -- Up-to-date: /home/utec/humanoid_ws/install/unitree_hg/include/unitree_hg/unitree_hg/msg/detail/hand_state__functions.c
[1.518s] -- Up-to-date: /home/utec/humanoid_ws/install/unitree_hg/include/unitree_hg/unitree_hg/msg/detail/motor_cmd__type_support.h
[1.518s] -- Up-to-date: /home/utec/humanoid_ws/install/unitree_hg/include/unitree_hg/unitree_hg/msg/detail/bms_state__struct.h
[1.518s] -- Up-to-date: /home/utec/humanoid_ws/install/unitree_hg/include/unitree_hg/unitree_hg/msg/detail/imu_state__functions.h
[1.518s] -- Up-to-date: /home/utec/humanoid_ws/install/unitree_hg/include/unitree_hg/unitree_hg/msg/low_state.h
[1.518s] -- Up-to-date: /home/utec/humanoid_ws/install/unitree_hg/include/unitree_hg/unitree_hg/msg/bms_state.h
[1.518s] -- Up-to-date: /home/utec/humanoid_ws/install/unitree_hg/include/unitree_hg/unitree_hg/msg/rosidl_generator_c__visibility_control.h
[1.518s] -- Up-to-date: /home/utec/humanoid_ws/install/unitree_hg/include/unitree_hg/unitree_hg/msg/motor_state.h
[1.518s] -- Up-to-date: /home/utec/humanoid_ws/install/unitree_hg/include/unitree_hg/unitree_hg/msg/hand_state.h
[1.518s] -- Up-to-date: /home/utec/humanoid_ws/install/unitree_hg/share/unitree_hg/environment/library_path.sh
[1.519s] -- Up-to-date: /home/utec/humanoid_ws/install/unitree_hg/share/unitree_hg/environment/library_path.dsv
[1.519s] -- Up-to-date: /home/utec/humanoid_ws/install/unitree_hg/lib/libunitree_hg__rosidl_generator_c.so
[1.519s] -- Up-to-date: /home/utec/humanoid_ws/install/unitree_hg/include/unitree_hg/unitree_hg
[1.519s] -- Up-to-date: /home/utec/humanoid_ws/install/unitree_hg/include/unitree_hg/unitree_hg/msg
[1.519s] -- Up-to-date: /home/utec/humanoid_ws/install/unitree_hg/include/unitree_hg/unitree_hg/msg/rosidl_typesupport_fastrtps_c__visibility_control.h
[1.519s] -- Up-to-date: /home/utec/humanoid_ws/install/unitree_hg/include/unitree_hg/unitree_hg/msg/detail
[1.519s] -- Up-to-date: /home/utec/humanoid_ws/install/unitree_hg/include/unitree_hg/unitree_hg/msg/detail/low_cmd__rosidl_typesupport_fastrtps_c.h
[1.519s] -- Up-to-date: /home/utec/humanoid_ws/install/unitree_hg/include/unitree_hg/unitree_hg/msg/detail/motor_cmd__rosidl_typesupport_fastrtps_c.h
[1.520s] -- Up-to-date: /home/utec/humanoid_ws/install/unitree_hg/include/unitree_hg/unitree_hg/msg/detail/motor_state__rosidl_typesupport_fastrtps_c.h
[1.520s] -- Up-to-date: /home/utec/humanoid_ws/install/unitree_hg/include/unitree_hg/unitree_hg/msg/detail/bms_cmd__rosidl_typesupport_fastrtps_c.h
[1.520s] -- Up-to-date: /home/utec/humanoid_ws/install/unitree_hg/include/unitree_hg/unitree_hg/msg/detail/hand_cmd__rosidl_typesupport_fastrtps_c.h
[1.520s] -- Up-to-date: /home/utec/humanoid_ws/install/unitree_hg/include/unitree_hg/unitree_hg/msg/detail/main_board_state__rosidl_typesupport_fastrtps_c.h
[1.520s] -- Up-to-date: /home/utec/humanoid_ws/install/unitree_hg/include/unitree_hg/unitree_hg/msg/detail/low_state__rosidl_typesupport_fastrtps_c.h
[1.520s] -- Up-to-date: /home/utec/humanoid_ws/install/unitree_hg/include/unitree_hg/unitree_hg/msg/detail/bms_state__rosidl_typesupport_fastrtps_c.h
[1.520s] -- Up-to-date: /home/utec/humanoid_ws/install/unitree_hg/include/unitree_hg/unitree_hg/msg/detail/press_sensor_state__rosidl_typesupport_fastrtps_c.h
[1.520s] -- Up-to-date: /home/utec/humanoid_ws/install/unitree_hg/include/unitree_hg/unitree_hg/msg/detail/imu_state__rosidl_typesupport_fastrtps_c.h
[1.520s] -- Up-to-date: /home/utec/humanoid_ws/install/unitree_hg/include/unitree_hg/unitree_hg/msg/detail/hand_state__rosidl_typesupport_fastrtps_c.h
[1.521s] -- Up-to-date: /home/utec/humanoid_ws/install/unitree_hg/lib/libunitree_hg__rosidl_typesupport_fastrtps_c.so
[1.521s] -- Up-to-date: /home/utec/humanoid_ws/install/unitree_hg/include/unitree_hg/unitree_hg
[1.521s] -- Up-to-date: /home/utec/humanoid_ws/install/unitree_hg/include/unitree_hg/unitree_hg/msg
[1.521s] -- Up-to-date: /home/utec/humanoid_ws/install/unitree_hg/include/unitree_hg/unitree_hg/msg/hand_cmd.hpp
[1.521s] -- Up-to-date: /home/utec/humanoid_ws/install/unitree_hg/include/unitree_hg/unitree_hg/msg/main_board_state.hpp
[1.521s] -- Up-to-date: /home/utec/humanoid_ws/install/unitree_hg/include/unitree_hg/unitree_hg/msg/press_sensor_state.hpp
[1.521s] -- Up-to-date: /home/utec/humanoid_ws/install/unitree_hg/include/unitree_hg/unitree_hg/msg/detail
[1.521s] -- Up-to-date: /home/utec/humanoid_ws/install/unitree_hg/include/unitree_hg/unitree_hg/msg/detail/motor_cmd__type_support.hpp
[1.521s] -- Up-to-date: /home/utec/humanoid_ws/install/unitree_hg/include/unitree_hg/unitree_hg/msg/detail/imu_state__struct.hpp
[1.521s] -- Up-to-date: /home/utec/humanoid_ws/install/unitree_hg/include/unitree_hg/unitree_hg/msg/detail/press_sensor_state__builder.hpp
[1.521s] -- Up-to-date: /home/utec/humanoid_ws/install/unitree_hg/include/unitree_hg/unitree_hg/msg/detail/motor_state__struct.hpp
[1.521s] -- Up-to-date: /home/utec/humanoid_ws/install/unitree_hg/include/unitree_hg/unitree_hg/msg/detail/bms_state__type_support.hpp
[1.521s] -- Up-to-date: /home/utec/humanoid_ws/install/unitree_hg/include/unitree_hg/unitree_hg/msg/detail/main_board_state__traits.hpp
[1.521s] -- Up-to-date: /home/utec/humanoid_ws/install/unitree_hg/include/unitree_hg/unitree_hg/msg/detail/bms_cmd__type_support.hpp
[1.521s] -- Up-to-date: /home/utec/humanoid_ws/install/unitree_hg/include/unitree_hg/unitree_hg/msg/detail/imu_state__builder.hpp
[1.522s] -- Up-to-date: /home/utec/humanoid_ws/install/unitree_hg/include/unitree_hg/unitree_hg/msg/detail/hand_cmd__type_support.hpp
[1.522s] -- Up-to-date: /home/utec/humanoid_ws/install/unitree_hg/include/unitree_hg/unitree_hg/msg/detail/bms_cmd__traits.hpp
[1.522s] -- Up-to-date: /home/utec/humanoid_ws/install/unitree_hg/include/unitree_hg/unitree_hg/msg/detail/main_board_state__struct.hpp
[1.522s] -- Up-to-date: /home/utec/humanoid_ws/install/unitree_hg/include/unitree_hg/unitree_hg/msg/detail/low_cmd__builder.hpp
[1.522s] -- Up-to-date: /home/utec/humanoid_ws/install/unitree_hg/include/unitree_hg/unitree_hg/msg/detail/low_state__builder.hpp
[1.522s] -- Up-to-date: /home/utec/humanoid_ws/install/unitree_hg/include/unitree_hg/unitree_hg/msg/detail/hand_state__builder.hpp
[1.522s] -- Up-to-date: /home/utec/humanoid_ws/install/unitree_hg/include/unitree_hg/unitree_hg/msg/detail/hand_cmd__struct.hpp
[1.522s] -- Up-to-date: /home/utec/humanoid_ws/install/unitree_hg/include/unitree_hg/unitree_hg/msg/detail/press_sensor_state__type_support.hpp
[1.522s] -- Up-to-date: /home/utec/humanoid_ws/install/unitree_hg/include/unitree_hg/unitree_hg/msg/detail/low_cmd__type_support.hpp
[1.522s] -- Up-to-date: /home/utec/humanoid_ws/install/unitree_hg/include/unitree_hg/unitree_hg/msg/detail/motor_state__builder.hpp
[1.523s] -- Up-to-date: /home/utec/humanoid_ws/install/unitree_hg/include/unitree_hg/unitree_hg/msg/detail/motor_cmd__builder.hpp
[1.525s] -- Up-to-date: /home/utec/humanoid_ws/install/unitree_hg/include/unitree_hg/unitree_hg/msg/detail/bms_state__builder.hpp
[1.525s] -- Up-to-date: /home/utec/humanoid_ws/install/unitree_hg/include/unitree_hg/unitree_hg/msg/detail/imu_state__traits.hpp
[1.525s] -- Up-to-date: /home/utec/humanoid_ws/install/unitree_hg/include/unitree_hg/unitree_hg/msg/detail/bms_cmd__builder.hpp
[1.526s] -- Up-to-date: /home/utec/humanoid_ws/install/unitree_hg/include/unitree_hg/unitree_hg/msg/detail/hand_cmd__traits.hpp
[1.526s] -- Up-to-date: /home/utec/humanoid_ws/install/unitree_hg/include/unitree_hg/unitree_hg/msg/detail/low_state__struct.hpp
[1.526s] -- Up-to-date: /home/utec/humanoid_ws/install/unitree_hg/include/unitree_hg/unitree_hg/msg/detail/main_board_state__type_support.hpp
[1.526s] -- Up-to-date: /home/utec/humanoid_ws/install/unitree_hg/include/unitree_hg/unitree_hg/msg/detail/low_cmd__struct.hpp
[1.526s] -- Up-to-date: /home/utec/humanoid_ws/install/unitree_hg/include/unitree_hg/unitree_hg/msg/detail/bms_state__traits.hpp
[1.526s] -- Up-to-date: /home/utec/humanoid_ws/install/unitree_hg/include/unitree_hg/unitree_hg/msg/detail/motor_state__type_support.hpp
[1.526s] -- Up-to-date: /home/utec/humanoid_ws/install/unitree_hg/include/unitree_hg/unitree_hg/msg/detail/press_sensor_state__struct.hpp
[1.526s] -- Up-to-date: /home/utec/humanoid_ws/install/unitree_hg/include/unitree_hg/unitree_hg/msg/detail/hand_state__type_support.hpp
[1.526s] -- Up-to-date: /home/utec/humanoid_ws/install/unitree_hg/include/unitree_hg/unitree_hg/msg/detail/low_state__type_support.hpp
[1.526s] -- Up-to-date: /home/utec/humanoid_ws/install/unitree_hg/include/unitree_hg/unitree_hg/msg/detail/low_state__traits.hpp
[1.526s] -- Up-to-date: /home/utec/humanoid_ws/install/unitree_hg/include/unitree_hg/unitree_hg/msg/detail/motor_state__traits.hpp
[1.526s] -- Up-to-date: /home/utec/humanoid_ws/install/unitree_hg/include/unitree_hg/unitree_hg/msg/detail/motor_cmd__struct.hpp
[1.526s] -- Up-to-date: /home/utec/humanoid_ws/install/unitree_hg/include/unitree_hg/unitree_hg/msg/detail/low_cmd__traits.hpp
[1.526s] -- Up-to-date: /home/utec/humanoid_ws/install/unitree_hg/include/unitree_hg/unitree_hg/msg/detail/hand_cmd__builder.hpp
[1.527s] -- Up-to-date: /home/utec/humanoid_ws/install/unitree_hg/include/unitree_hg/unitree_hg/msg/detail/bms_state__struct.hpp
[1.527s] -- Up-to-date: /home/utec/humanoid_ws/install/unitree_hg/include/unitree_hg/unitree_hg/msg/detail/hand_state__traits.hpp
[1.527s] -- Up-to-date: /home/utec/humanoid_ws/install/unitree_hg/include/unitree_hg/unitree_hg/msg/detail/bms_cmd__struct.hpp
[1.527s] -- Up-to-date: /home/utec/humanoid_ws/install/unitree_hg/include/unitree_hg/unitree_hg/msg/detail/press_sensor_state__traits.hpp
[1.527s] -- Up-to-date: /home/utec/humanoid_ws/install/unitree_hg/include/unitree_hg/unitree_hg/msg/detail/main_board_state__builder.hpp
[1.527s] -- Up-to-date: /home/utec/humanoid_ws/install/unitree_hg/include/unitree_hg/unitree_hg/msg/detail/motor_cmd__traits.hpp
[1.527s] -- Up-to-date: /home/utec/humanoid_ws/install/unitree_hg/include/unitree_hg/unitree_hg/msg/detail/imu_state__type_support.hpp
[1.527s] -- Up-to-date: /home/utec/humanoid_ws/install/unitree_hg/include/unitree_hg/unitree_hg/msg/detail/hand_state__struct.hpp
[1.527s] -- Up-to-date: /home/utec/humanoid_ws/install/unitree_hg/include/unitree_hg/unitree_hg/msg/motor_state.hpp
[1.527s] -- Up-to-date: /home/utec/humanoid_ws/install/unitree_hg/include/unitree_hg/unitree_hg/msg/bms_state.hpp
[1.527s] -- Up-to-date: /home/utec/humanoid_ws/install/unitree_hg/include/unitree_hg/unitree_hg/msg/motor_cmd.hpp
[1.528s] -- Up-to-date: /home/utec/humanoid_ws/install/unitree_hg/include/unitree_hg/unitree_hg/msg/hand_state.hpp
[1.528s] -- Up-to-date: /home/utec/humanoid_ws/install/unitree_hg/include/unitree_hg/unitree_hg/msg/imu_state.hpp
[1.528s] -- Up-to-date: /home/utec/humanoid_ws/install/unitree_hg/include/unitree_hg/unitree_hg/msg/rosidl_generator_cpp__visibility_control.hpp
[1.528s] -- Up-to-date: /home/utec/humanoid_ws/install/unitree_hg/include/unitree_hg/unitree_hg/msg/low_cmd.hpp
[1.528s] -- Up-to-date: /home/utec/humanoid_ws/install/unitree_hg/include/unitree_hg/unitree_hg/msg/low_state.hpp
[1.528s] -- Up-to-date: /home/utec/humanoid_ws/install/unitree_hg/include/unitree_hg/unitree_hg/msg/bms_cmd.hpp
[1.528s] -- Up-to-date: /home/utec/humanoid_ws/install/unitree_hg/include/unitree_hg/unitree_hg
[1.528s] -- Up-to-date: /home/utec/humanoid_ws/install/unitree_hg/include/unitree_hg/unitree_hg/msg
[1.528s] -- Up-to-date: /home/utec/humanoid_ws/install/unitree_hg/include/unitree_hg/unitree_hg/msg/detail
[1.529s] -- Up-to-date: /home/utec/humanoid_ws/install/unitree_hg/include/unitree_hg/unitree_hg/msg/detail/motor_cmd__rosidl_typesupport_fastrtps_cpp.hpp
[1.529s] -- Up-to-date: /home/utec/humanoid_ws/install/unitree_hg/include/unitree_hg/unitree_hg/msg/detail/motor_state__rosidl_typesupport_fastrtps_cpp.hpp
[1.529s] -- Up-to-date: /home/utec/humanoid_ws/install/unitree_hg/include/unitree_hg/unitree_hg/msg/detail/bms_cmd__rosidl_typesupport_fastrtps_cpp.hpp
[1.530s] -- Up-to-date: /home/utec/humanoid_ws/install/unitree_hg/include/unitree_hg/unitree_hg/msg/detail/main_board_state__rosidl_typesupport_fastrtps_cpp.hpp
[1.530s] -- Up-to-date: /home/utec/humanoid_ws/install/unitree_hg/include/unitree_hg/unitree_hg/msg/detail/dds_fastrtps
[1.532s] -- Up-to-date: /home/utec/humanoid_ws/install/unitree_hg/include/unitree_hg/unitree_hg/msg/detail/low_cmd__rosidl_typesupport_fastrtps_cpp.hpp
[1.532s] -- Up-to-date: /home/utec/humanoid_ws/install/unitree_hg/include/unitree_hg/unitree_hg/msg/detail/bms_state__rosidl_typesupport_fastrtps_cpp.hpp
[1.533s] -- Up-to-date: /home/utec/humanoid_ws/install/unitree_hg/include/unitree_hg/unitree_hg/msg/detail/press_sensor_state__rosidl_typesupport_fastrtps_cpp.hpp
[1.533s] -- Up-to-date: /home/utec/humanoid_ws/install/unitree_hg/include/unitree_hg/unitree_hg/msg/detail/low_state__rosidl_typesupport_fastrtps_cpp.hpp
[1.533s] -- Up-to-date: /home/utec/humanoid_ws/install/unitree_hg/include/unitree_hg/unitree_hg/msg/detail/hand_state__rosidl_typesupport_fastrtps_cpp.hpp
[1.533s] -- Up-to-date: /home/utec/humanoid_ws/install/unitree_hg/include/unitree_hg/unitree_hg/msg/detail/imu_state__rosidl_typesupport_fastrtps_cpp.hpp
[1.533s] -- Up-to-date: /home/utec/humanoid_ws/install/unitree_hg/include/unitree_hg/unitree_hg/msg/detail/hand_cmd__rosidl_typesupport_fastrtps_cpp.hpp
[1.533s] -- Up-to-date: /home/utec/humanoid_ws/install/unitree_hg/include/unitree_hg/unitree_hg/msg/rosidl_typesupport_fastrtps_cpp__visibility_control.h
[1.533s] -- Up-to-date: /home/utec/humanoid_ws/install/unitree_hg/lib/libunitree_hg__rosidl_typesupport_fastrtps_cpp.so
[1.533s] -- Up-to-date: /home/utec/humanoid_ws/install/unitree_hg/include/unitree_hg/unitree_hg
[1.533s] -- Up-to-date: /home/utec/humanoid_ws/install/unitree_hg/include/unitree_hg/unitree_hg/msg
[1.534s] -- Up-to-date: /home/utec/humanoid_ws/install/unitree_hg/include/unitree_hg/unitree_hg/msg/detail
[1.537s] -- Up-to-date: /home/utec/humanoid_ws/install/unitree_hg/include/unitree_hg/unitree_hg/msg/detail/low_cmd__type_support.c
[1.537s] -- Up-to-date: /home/utec/humanoid_ws/install/unitree_hg/include/unitree_hg/unitree_hg/msg/detail/bms_state__rosidl_typesupport_introspection_c.h
[1.537s] -- Up-to-date: /home/utec/humanoid_ws/install/unitree_hg/include/unitree_hg/unitree_hg/msg/detail/bms_cmd__type_support.c
[1.537s] -- Up-to-date: /home/utec/humanoid_ws/install/unitree_hg/include/unitree_hg/unitree_hg/msg/detail/main_board_state__rosidl_typesupport_introspection_c.h
[1.541s] -- Up-to-date: /home/utec/humanoid_ws/install/unitree_hg/include/unitree_hg/unitree_hg/msg/detail/motor_cmd__type_support.c
[1.541s] -- Up-to-date: /home/utec/humanoid_ws/install/unitree_hg/include/unitree_hg/unitree_hg/msg/detail/hand_cmd__type_support.c
[1.541s] -- Up-to-date: /home/utec/humanoid_ws/install/unitree_hg/include/unitree_hg/unitree_hg/msg/detail/imu_state__rosidl_typesupport_introspection_c.h
[1.545s] -- Up-to-date: /home/utec/humanoid_ws/install/unitree_hg/include/unitree_hg/unitree_hg/msg/detail/motor_cmd__rosidl_typesupport_introspection_c.h
[1.546s] -- Up-to-date: /home/utec/humanoid_ws/install/unitree_hg/include/unitree_hg/unitree_hg/msg/detail/low_state__rosidl_typesupport_introspection_c.h
[1.546s] -- Up-to-date: /home/utec/humanoid_ws/install/unitree_hg/include/unitree_hg/unitree_hg/msg/detail/bms_cmd__rosidl_typesupport_introspection_c.h
[1.546s] -- Up-to-date: /home/utec/humanoid_ws/install/unitree_hg/include/unitree_hg/unitree_hg/msg/detail/low_state__type_support.c
[1.546s] -- Up-to-date: /home/utec/humanoid_ws/install/unitree_hg/include/unitree_hg/unitree_hg/msg/detail/hand_state__rosidl_typesupport_introspection_c.h
[1.546s] -- Up-to-date: /home/utec/humanoid_ws/install/unitree_hg/include/unitree_hg/unitree_hg/msg/detail/press_sensor_state__rosidl_typesupport_introspection_c.h
[1.547s] -- Up-to-date: /home/utec/humanoid_ws/install/unitree_hg/include/unitree_hg/unitree_hg/msg/detail/hand_cmd__rosidl_typesupport_introspection_c.h
[1.547s] -- Up-to-date: /home/utec/humanoid_ws/install/unitree_hg/include/unitree_hg/unitree_hg/msg/detail/motor_state__type_support.c
[1.547s] -- Up-to-date: /home/utec/humanoid_ws/install/unitree_hg/include/unitree_hg/unitree_hg/msg/detail/bms_state__type_support.c
[1.547s] -- Up-to-date: /home/utec/humanoid_ws/install/unitree_hg/include/unitree_hg/unitree_hg/msg/detail/hand_state__type_support.c
[1.547s] -- Up-to-date: /home/utec/humanoid_ws/install/unitree_hg/include/unitree_hg/unitree_hg/msg/detail/imu_state__type_support.c
[1.547s] -- Up-to-date: /home/utec/humanoid_ws/install/unitree_hg/include/unitree_hg/unitree_hg/msg/detail/press_sensor_state__type_support.c
[1.547s] -- Up-to-date: /home/utec/humanoid_ws/install/unitree_hg/include/unitree_hg/unitree_hg/msg/detail/motor_state__rosidl_typesupport_introspection_c.h
[1.547s] -- Up-to-date: /home/utec/humanoid_ws/install/unitree_hg/include/unitree_hg/unitree_hg/msg/detail/low_cmd__rosidl_typesupport_introspection_c.h
[1.547s] -- Up-to-date: /home/utec/humanoid_ws/install/unitree_hg/include/unitree_hg/unitree_hg/msg/detail/main_board_state__type_support.c
[1.547s] -- Up-to-date: /home/utec/humanoid_ws/install/unitree_hg/include/unitree_hg/unitree_hg/msg/rosidl_typesupport_introspection_c__visibility_control.h
[1.547s] -- Up-to-date: /home/utec/humanoid_ws/install/unitree_hg/lib/libunitree_hg__rosidl_typesupport_introspection_c.so
[1.547s] -- Up-to-date: /home/utec/humanoid_ws/install/unitree_hg/lib/libunitree_hg__rosidl_typesupport_c.so
[1.551s] -- Up-to-date: /home/utec/humanoid_ws/install/unitree_hg/include/unitree_hg/unitree_hg
[1.551s] -- Up-to-date: /home/utec/humanoid_ws/install/unitree_hg/include/unitree_hg/unitree_hg/msg
[1.551s] -- Up-to-date: /home/utec/humanoid_ws/install/unitree_hg/include/unitree_hg/unitree_hg/msg/detail
[1.551s] -- Up-to-date: /home/utec/humanoid_ws/install/unitree_hg/include/unitree_hg/unitree_hg/msg/detail/imu_state__type_support.cpp
[1.551s] -- Up-to-date: /home/utec/humanoid_ws/install/unitree_hg/include/unitree_hg/unitree_hg/msg/detail/hand_cmd__type_support.cpp
[1.551s] -- Up-to-date: /home/utec/humanoid_ws/install/unitree_hg/include/unitree_hg/unitree_hg/msg/detail/motor_state__type_support.cpp
[1.552s] -- Up-to-date: /home/utec/humanoid_ws/install/unitree_hg/include/unitree_hg/unitree_hg/msg/detail/motor_state__rosidl_typesupport_introspection_cpp.hpp
[1.552s] -- Up-to-date: /home/utec/humanoid_ws/install/unitree_hg/include/unitree_hg/unitree_hg/msg/detail/hand_state__rosidl_typesupport_introspection_cpp.hpp
[1.552s] -- Up-to-date: /home/utec/humanoid_ws/install/unitree_hg/include/unitree_hg/unitree_hg/msg/detail/low_cmd__rosidl_typesupport_introspection_cpp.hpp
[1.552s] -- Up-to-date: /home/utec/humanoid_ws/install/unitree_hg/include/unitree_hg/unitree_hg/msg/detail/bms_cmd__type_support.cpp
[1.552s] -- Up-to-date: /home/utec/humanoid_ws/install/unitree_hg/include/unitree_hg/unitree_hg/msg/detail/main_board_state__rosidl_typesupport_introspection_cpp.hpp
[1.552s] -- Up-to-date: /home/utec/humanoid_ws/install/unitree_hg/include/unitree_hg/unitree_hg/msg/detail/bms_state__rosidl_typesupport_introspection_cpp.hpp
[1.552s] -- Up-to-date: /home/utec/humanoid_ws/install/unitree_hg/include/unitree_hg/unitree_hg/msg/detail/press_sensor_state__rosidl_typesupport_introspection_cpp.hpp
[1.552s] -- Up-to-date: /home/utec/humanoid_ws/install/unitree_hg/include/unitree_hg/unitree_hg/msg/detail/motor_cmd__rosidl_typesupport_introspection_cpp.hpp
[1.552s] -- Up-to-date: /home/utec/humanoid_ws/install/unitree_hg/include/unitree_hg/unitree_hg/msg/detail/hand_state__type_support.cpp
[1.552s] -- Up-to-date: /home/utec/humanoid_ws/install/unitree_hg/include/unitree_hg/unitree_hg/msg/detail/hand_cmd__rosidl_typesupport_introspection_cpp.hpp
[1.552s] -- Up-to-date: /home/utec/humanoid_ws/install/unitree_hg/include/unitree_hg/unitree_hg/msg/detail/main_board_state__type_support.cpp
[1.553s] -- Up-to-date: /home/utec/humanoid_ws/install/unitree_hg/include/unitree_hg/unitree_hg/msg/detail/bms_state__type_support.cpp
[1.553s] -- Up-to-date: /home/utec/humanoid_ws/install/unitree_hg/include/unitree_hg/unitree_hg/msg/detail/low_cmd__type_support.cpp
[1.553s] -- Up-to-date: /home/utec/humanoid_ws/install/unitree_hg/include/unitree_hg/unitree_hg/msg/detail/imu_state__rosidl_typesupport_introspection_cpp.hpp
[1.553s] -- Up-to-date: /home/utec/humanoid_ws/install/unitree_hg/include/unitree_hg/unitree_hg/msg/detail/low_state__type_support.cpp
[1.554s] -- Up-to-date: /home/utec/humanoid_ws/install/unitree_hg/include/unitree_hg/unitree_hg/msg/detail/press_sensor_state__type_support.cpp
[1.554s] -- Up-to-date: /home/utec/humanoid_ws/install/unitree_hg/include/unitree_hg/unitree_hg/msg/detail/motor_cmd__type_support.cpp
[1.554s] -- Up-to-date: /home/utec/humanoid_ws/install/unitree_hg/include/unitree_hg/unitree_hg/msg/detail/low_state__rosidl_typesupport_introspection_cpp.hpp
[1.554s] -- Up-to-date: /home/utec/humanoid_ws/install/unitree_hg/include/unitree_hg/unitree_hg/msg/detail/bms_cmd__rosidl_typesupport_introspection_cpp.hpp
[1.554s] -- Up-to-date: /home/utec/humanoid_ws/install/unitree_hg/lib/libunitree_hg__rosidl_typesupport_introspection_cpp.so
[1.554s] -- Up-to-date: /home/utec/humanoid_ws/install/unitree_hg/lib/libunitree_hg__rosidl_typesupport_cpp.so
[1.555s] -- Up-to-date: /home/utec/humanoid_ws/install/unitree_hg/share/unitree_hg/environment/pythonpath.sh
[1.555s] -- Up-to-date: /home/utec/humanoid_ws/install/unitree_hg/share/unitree_hg/environment/pythonpath.dsv
[1.555s] -- Up-to-date: /home/utec/humanoid_ws/install/unitree_hg/local/lib/python3.10/dist-packages/unitree_hg-0.0.0-py3.10.egg-info
[1.555s] -- Installing: /home/utec/humanoid_ws/install/unitree_hg/local/lib/python3.10/dist-packages/unitree_hg-0.0.0-py3.10.egg-info/top_level.txt
[1.560s] -- Installing: /home/utec/humanoid_ws/install/unitree_hg/local/lib/python3.10/dist-packages/unitree_hg-0.0.0-py3.10.egg-info/PKG-INFO
[1.560s] -- Installing: /home/utec/humanoid_ws/install/unitree_hg/local/lib/python3.10/dist-packages/unitree_hg-0.0.0-py3.10.egg-info/dependency_links.txt
[1.565s] -- Installing: /home/utec/humanoid_ws/install/unitree_hg/local/lib/python3.10/dist-packages/unitree_hg-0.0.0-py3.10.egg-info/SOURCES.txt
[1.566s] -- Up-to-date: /home/utec/humanoid_ws/install/unitree_hg/local/lib/python3.10/dist-packages/unitree_hg
[1.566s] -- Up-to-date: /home/utec/humanoid_ws/install/unitree_hg/local/lib/python3.10/dist-packages/unitree_hg/unitree_hg_s__rosidl_typesupport_fastrtps_c.cpython-310-x86_64-linux-gnu.so
[1.566s] -- Up-to-date: /home/utec/humanoid_ws/install/unitree_hg/local/lib/python3.10/dist-packages/unitree_hg/__init__.py
[1.566s] -- Up-to-date: /home/utec/humanoid_ws/install/unitree_hg/local/lib/python3.10/dist-packages/unitree_hg/_unitree_hg_s.ep.rosidl_typesupport_introspection_c.c
[1.567s] -- Up-to-date: /home/utec/humanoid_ws/install/unitree_hg/local/lib/python3.10/dist-packages/unitree_hg/libunitree_hg__rosidl_generator_py.so
[1.567s] -- Up-to-date: /home/utec/humanoid_ws/install/unitree_hg/local/lib/python3.10/dist-packages/unitree_hg/_unitree_hg_s.ep.rosidl_typesupport_c.c
[1.567s] -- Up-to-date: /home/utec/humanoid_ws/install/unitree_hg/local/lib/python3.10/dist-packages/unitree_hg/_unitree_hg_s.ep.rosidl_typesupport_fastrtps_c.c
[1.567s] -- Up-to-date: /home/utec/humanoid_ws/install/unitree_hg/local/lib/python3.10/dist-packages/unitree_hg/msg
[1.572s] -- Up-to-date: /home/utec/humanoid_ws/install/unitree_hg/local/lib/python3.10/dist-packages/unitree_hg/msg/_imu_state.py
[1.572s] -- Up-to-date: /home/utec/humanoid_ws/install/unitree_hg/local/lib/python3.10/dist-packages/unitree_hg/msg/_main_board_state.py
[1.572s] -- Up-to-date: /home/utec/humanoid_ws/install/unitree_hg/local/lib/python3.10/dist-packages/unitree_hg/msg/_motor_state.py
[1.572s] -- Up-to-date: /home/utec/humanoid_ws/install/unitree_hg/local/lib/python3.10/dist-packages/unitree_hg/msg/_low_state_s.c
[1.572s] -- Up-to-date: /home/utec/humanoid_ws/install/unitree_hg/local/lib/python3.10/dist-packages/unitree_hg/msg/_imu_state_s.c
[1.572s] -- Up-to-date: /home/utec/humanoid_ws/install/unitree_hg/local/lib/python3.10/dist-packages/unitree_hg/msg/_motor_cmd.py
[1.572s] -- Up-to-date: /home/utec/humanoid_ws/install/unitree_hg/local/lib/python3.10/dist-packages/unitree_hg/msg/__init__.py
[1.573s] -- Up-to-date: /home/utec/humanoid_ws/install/unitree_hg/local/lib/python3.10/dist-packages/unitree_hg/msg/_hand_cmd.py
[1.573s] -- Up-to-date: /home/utec/humanoid_ws/install/unitree_hg/local/lib/python3.10/dist-packages/unitree_hg/msg/_low_cmd.py
[1.573s] -- Up-to-date: /home/utec/humanoid_ws/install/unitree_hg/local/lib/python3.10/dist-packages/unitree_hg/msg/_bms_cmd_s.c
[1.573s] -- Up-to-date: /home/utec/humanoid_ws/install/unitree_hg/local/lib/python3.10/dist-packages/unitree_hg/msg/_press_sensor_state.py
[1.573s] -- Up-to-date: /home/utec/humanoid_ws/install/unitree_hg/local/lib/python3.10/dist-packages/unitree_hg/msg/_motor_state_s.c
[1.573s] -- Up-to-date: /home/utec/humanoid_ws/install/unitree_hg/local/lib/python3.10/dist-packages/unitree_hg/msg/_hand_state.py
[1.573s] -- Up-to-date: /home/utec/humanoid_ws/install/unitree_hg/local/lib/python3.10/dist-packages/unitree_hg/msg/_hand_state_s.c
[1.574s] -- Up-to-date: /home/utec/humanoid_ws/install/unitree_hg/local/lib/python3.10/dist-packages/unitree_hg/msg/_press_sensor_state_s.c
[1.574s] -- Up-to-date: /home/utec/humanoid_ws/install/unitree_hg/local/lib/python3.10/dist-packages/unitree_hg/msg/_low_cmd_s.c
[1.574s] -- Up-to-date: /home/utec/humanoid_ws/install/unitree_hg/local/lib/python3.10/dist-packages/unitree_hg/msg/_low_state.py
[1.574s] -- Up-to-date: /home/utec/humanoid_ws/install/unitree_hg/local/lib/python3.10/dist-packages/unitree_hg/msg/_main_board_state_s.c
[1.574s] -- Up-to-date: /home/utec/humanoid_ws/install/unitree_hg/local/lib/python3.10/dist-packages/unitree_hg/msg/_bms_state_s.c
[1.574s] -- Up-to-date: /home/utec/humanoid_ws/install/unitree_hg/local/lib/python3.10/dist-packages/unitree_hg/msg/_hand_cmd_s.c
[1.574s] -- Up-to-date: /home/utec/humanoid_ws/install/unitree_hg/local/lib/python3.10/dist-packages/unitree_hg/msg/_bms_cmd.py
[1.574s] -- Up-to-date: /home/utec/humanoid_ws/install/unitree_hg/local/lib/python3.10/dist-packages/unitree_hg/msg/_bms_state.py
[1.575s] -- Up-to-date: /home/utec/humanoid_ws/install/unitree_hg/local/lib/python3.10/dist-packages/unitree_hg/msg/_motor_cmd_s.c
[1.575s] -- Up-to-date: /home/utec/humanoid_ws/install/unitree_hg/local/lib/python3.10/dist-packages/unitree_hg/unitree_hg_s__rosidl_typesupport_introspection_c.cpython-310-x86_64-linux-gnu.so
[1.575s] -- Up-to-date: /home/utec/humanoid_ws/install/unitree_hg/local/lib/python3.10/dist-packages/unitree_hg/unitree_hg_s__rosidl_typesupport_c.cpython-310-x86_64-linux-gnu.so
[1.621s] Listing '/home/utec/humanoid_ws/install/unitree_hg/local/lib/python3.10/dist-packages/unitree_hg'...
[1.621s] Listing '/home/utec/humanoid_ws/install/unitree_hg/local/lib/python3.10/dist-packages/unitree_hg/msg'...
[1.621s] -- Up-to-date: /home/utec/humanoid_ws/install/unitree_hg/local/lib/python3.10/dist-packages/unitree_hg/unitree_hg_s__rosidl_typesupport_fastrtps_c.cpython-310-x86_64-linux-gnu.so
[1.621s] -- Up-to-date: /home/utec/humanoid_ws/install/unitree_hg/local/lib/python3.10/dist-packages/unitree_hg/unitree_hg_s__rosidl_typesupport_introspection_c.cpython-310-x86_64-linux-gnu.so
[1.622s] -- Up-to-date: /home/utec/humanoid_ws/install/unitree_hg/local/lib/python3.10/dist-packages/unitree_hg/unitree_hg_s__rosidl_typesupport_c.cpython-310-x86_64-linux-gnu.so
[1.624s] -- Up-to-date: /home/utec/humanoid_ws/install/unitree_hg/lib/libunitree_hg__rosidl_generator_py.so
[1.624s] -- Up-to-date: /home/utec/humanoid_ws/install/unitree_hg/share/unitree_hg/msg/BmsCmd.idl
[1.624s] -- Up-to-date: /home/utec/humanoid_ws/install/unitree_hg/share/unitree_hg/msg/BmsState.idl
[1.624s] -- Up-to-date: /home/utec/humanoid_ws/install/unitree_hg/share/unitree_hg/msg/HandCmd.idl
[1.624s] -- Up-to-date: /home/utec/humanoid_ws/install/unitree_hg/share/unitree_hg/msg/HandState.idl
[1.625s] -- Up-to-date: /home/utec/humanoid_ws/install/unitree_hg/share/unitree_hg/msg/IMUState.idl
[1.625s] -- Up-to-date: /home/utec/humanoid_ws/install/unitree_hg/share/unitree_hg/msg/LowCmd.idl
[1.625s] -- Up-to-date: /home/utec/humanoid_ws/install/unitree_hg/share/unitree_hg/msg/LowState.idl
[1.625s] -- Up-to-date: /home/utec/humanoid_ws/install/unitree_hg/share/unitree_hg/msg/MainBoardState.idl
[1.625s] -- Up-to-date: /home/utec/humanoid_ws/install/unitree_hg/share/unitree_hg/msg/MotorCmd.idl
[1.625s] -- Up-to-date: /home/utec/humanoid_ws/install/unitree_hg/share/unitree_hg/msg/MotorState.idl
[1.625s] -- Up-to-date: /home/utec/humanoid_ws/install/unitree_hg/share/unitree_hg/msg/PressSensorState.idl
[1.625s] -- Up-to-date: /home/utec/humanoid_ws/install/unitree_hg/share/unitree_hg/msg/BmsCmd.msg
[1.625s] -- Up-to-date: /home/utec/humanoid_ws/install/unitree_hg/share/unitree_hg/msg/BmsState.msg
[1.626s] -- Up-to-date: /home/utec/humanoid_ws/install/unitree_hg/share/unitree_hg/msg/HandCmd.msg
[1.626s] -- Up-to-date: /home/utec/humanoid_ws/install/unitree_hg/share/unitree_hg/msg/HandState.msg
[1.626s] -- Up-to-date: /home/utec/humanoid_ws/install/unitree_hg/share/unitree_hg/msg/IMUState.msg
[1.626s] -- Up-to-date: /home/utec/humanoid_ws/install/unitree_hg/share/unitree_hg/msg/LowCmd.msg
[1.626s] -- Up-to-date: /home/utec/humanoid_ws/install/unitree_hg/share/unitree_hg/msg/LowState.msg
[1.626s] -- Up-to-date: /home/utec/humanoid_ws/install/unitree_hg/share/unitree_hg/msg/MainBoardState.msg
[1.626s] -- Up-to-date: /home/utec/humanoid_ws/install/unitree_hg/share/unitree_hg/msg/MotorCmd.msg
[1.626s] -- Up-to-date: /home/utec/humanoid_ws/install/unitree_hg/share/unitree_hg/msg/MotorState.msg
[1.626s] -- Up-to-date: /home/utec/humanoid_ws/install/unitree_hg/share/unitree_hg/msg/PressSensorState.msg
[1.626s] -- Up-to-date: /home/utec/humanoid_ws/install/unitree_hg/share/unitree_hg/msg/dds_connext
[1.626s] -- Up-to-date: /home/utec/humanoid_ws/install/unitree_hg/share/unitree_hg/msg/dds_connext/HandState_.idl
[1.626s] -- Up-to-date: /home/utec/humanoid_ws/install/unitree_hg/share/unitree_hg/msg/dds_connext/PressSensorState_.idl
[1.626s] -- Up-to-date: /home/utec/humanoid_ws/install/unitree_hg/share/unitree_hg/msg/dds_connext/MainBoardState_.idl
[1.627s] -- Up-to-date: /home/utec/humanoid_ws/install/unitree_hg/share/unitree_hg/msg/dds_connext/IMUState_.idl
[1.627s] -- Up-to-date: /home/utec/humanoid_ws/install/unitree_hg/share/unitree_hg/msg/dds_connext/HandCmd_.idl
[1.627s] -- Up-to-date: /home/utec/humanoid_ws/install/unitree_hg/share/unitree_hg/msg/dds_connext/MotorState_.idl
[1.627s] -- Up-to-date: /home/utec/humanoid_ws/install/unitree_hg/share/unitree_hg/msg/dds_connext/BmsCmd_.idl
[1.627s] -- Up-to-date: /home/utec/humanoid_ws/install/unitree_hg/share/unitree_hg/msg/dds_connext/LowCmd_.idl
[1.627s] -- Up-to-date: /home/utec/humanoid_ws/install/unitree_hg/share/unitree_hg/msg/dds_connext/BmsState_.idl
[1.627s] -- Up-to-date: /home/utec/humanoid_ws/install/unitree_hg/share/unitree_hg/msg/dds_connext/MotorCmd_.idl
[1.627s] -- Up-to-date: /home/utec/humanoid_ws/install/unitree_hg/share/unitree_hg/msg/dds_connext/LowState_.idl
[1.627s] -- Up-to-date: /home/utec/humanoid_ws/install/unitree_hg/share/ament_index/resource_index/package_run_dependencies/unitree_hg
[1.628s] -- Up-to-date: /home/utec/humanoid_ws/install/unitree_hg/share/ament_index/resource_index/parent_prefix_path/unitree_hg
[1.628s] -- Up-to-date: /home/utec/humanoid_ws/install/unitree_hg/share/unitree_hg/environment/ament_prefix_path.sh
[1.628s] -- Up-to-date: /home/utec/humanoid_ws/install/unitree_hg/share/unitree_hg/environment/ament_prefix_path.dsv
[1.628s] -- Up-to-date: /home/utec/humanoid_ws/install/unitree_hg/share/unitree_hg/environment/path.sh
[1.628s] -- Up-to-date: /home/utec/humanoid_ws/install/unitree_hg/share/unitree_hg/environment/path.dsv
[1.628s] -- Up-to-date: /home/utec/humanoid_ws/install/unitree_hg/share/unitree_hg/local_setup.bash
[1.628s] -- Up-to-date: /home/utec/humanoid_ws/install/unitree_hg/share/unitree_hg/local_setup.sh
[1.628s] -- Up-to-date: /home/utec/humanoid_ws/install/unitree_hg/share/unitree_hg/local_setup.zsh
[1.628s] -- Up-to-date: /home/utec/humanoid_ws/install/unitree_hg/share/unitree_hg/local_setup.dsv
[1.628s] -- Installing: /home/utec/humanoid_ws/install/unitree_hg/share/unitree_hg/package.dsv
[1.629s] -- Up-to-date: /home/utec/humanoid_ws/install/unitree_hg/share/ament_index/resource_index/packages/unitree_hg
[1.629s] -- Up-to-date: /home/utec/humanoid_ws/install/unitree_hg/share/unitree_hg/cmake/export_unitree_hg__rosidl_generator_cExport.cmake
[1.629s] -- Up-to-date: /home/utec/humanoid_ws/install/unitree_hg/share/unitree_hg/cmake/export_unitree_hg__rosidl_generator_cExport-noconfig.cmake
[1.629s] -- Up-to-date: /home/utec/humanoid_ws/install/unitree_hg/share/unitree_hg/cmake/export_unitree_hg__rosidl_typesupport_fastrtps_cExport.cmake
[1.629s] -- Up-to-date: /home/utec/humanoid_ws/install/unitree_hg/share/unitree_hg/cmake/export_unitree_hg__rosidl_typesupport_fastrtps_cExport-noconfig.cmake
[1.629s] -- Up-to-date: /home/utec/humanoid_ws/install/unitree_hg/share/unitree_hg/cmake/export_unitree_hg__rosidl_generator_cppExport.cmake
[1.629s] -- Up-to-date: /home/utec/humanoid_ws/install/unitree_hg/share/unitree_hg/cmake/export_unitree_hg__rosidl_typesupport_fastrtps_cppExport.cmake
[1.629s] -- Up-to-date: /home/utec/humanoid_ws/install/unitree_hg/share/unitree_hg/cmake/export_unitree_hg__rosidl_typesupport_fastrtps_cppExport-noconfig.cmake
[1.629s] -- Up-to-date: /home/utec/humanoid_ws/install/unitree_hg/share/unitree_hg/cmake/unitree_hg__rosidl_typesupport_introspection_cExport.cmake
[1.630s] -- Up-to-date: /home/utec/humanoid_ws/install/unitree_hg/share/unitree_hg/cmake/unitree_hg__rosidl_typesupport_introspection_cExport-noconfig.cmake
[1.630s] -- Up-to-date: /home/utec/humanoid_ws/install/unitree_hg/share/unitree_hg/cmake/unitree_hg__rosidl_typesupport_cExport.cmake
[1.632s] -- Up-to-date: /home/utec/humanoid_ws/install/unitree_hg/share/unitree_hg/cmake/unitree_hg__rosidl_typesupport_cExport-noconfig.cmake
[1.632s] -- Up-to-date: /home/utec/humanoid_ws/install/unitree_hg/share/unitree_hg/cmake/unitree_hg__rosidl_typesupport_introspection_cppExport.cmake
[1.632s] -- Up-to-date: /home/utec/humanoid_ws/install/unitree_hg/share/unitree_hg/cmake/unitree_hg__rosidl_typesupport_introspection_cppExport-noconfig.cmake
[1.634s] -- Up-to-date: /home/utec/humanoid_ws/install/unitree_hg/share/unitree_hg/cmake/unitree_hg__rosidl_typesupport_cppExport.cmake
[1.634s] -- Up-to-date: /home/utec/humanoid_ws/install/unitree_hg/share/unitree_hg/cmake/unitree_hg__rosidl_typesupport_cppExport-noconfig.cmake
[1.634s] -- Up-to-date: /home/utec/humanoid_ws/install/unitree_hg/share/unitree_hg/cmake/export_unitree_hg__rosidl_generator_pyExport.cmake
[1.634s] -- Up-to-date: /home/utec/humanoid_ws/install/unitree_hg/share/unitree_hg/cmake/export_unitree_hg__rosidl_generator_pyExport-noconfig.cmake
[1.634s] -- Up-to-date: /home/utec/humanoid_ws/install/unitree_hg/share/unitree_hg/cmake/rosidl_cmake-extras.cmake
[1.634s] -- Up-to-date: /home/utec/humanoid_ws/install/unitree_hg/share/unitree_hg/cmake/ament_cmake_export_dependencies-extras.cmake
[1.635s] -- Up-to-date: /home/utec/humanoid_ws/install/unitree_hg/share/unitree_hg/cmake/ament_cmake_export_include_directories-extras.cmake
[1.635s] -- Up-to-date: /home/utec/humanoid_ws/install/unitree_hg/share/unitree_hg/cmake/ament_cmake_export_libraries-extras.cmake
[1.635s] -- Up-to-date: /home/utec/humanoid_ws/install/unitree_hg/share/unitree_hg/cmake/ament_cmake_export_targets-extras.cmake
[1.635s] -- Up-to-date: /home/utec/humanoid_ws/install/unitree_hg/share/unitree_hg/cmake/rosidl_cmake_export_typesupport_targets-extras.cmake
[1.636s] -- Up-to-date: /home/utec/humanoid_ws/install/unitree_hg/share/unitree_hg/cmake/rosidl_cmake_export_typesupport_libraries-extras.cmake
[1.636s] -- Up-to-date: /home/utec/humanoid_ws/install/unitree_hg/share/unitree_hg/cmake/unitree_hgConfig.cmake
[1.636s] -- Up-to-date: /home/utec/humanoid_ws/install/unitree_hg/share/unitree_hg/cmake/unitree_hgConfig-version.cmake
[1.636s] -- Up-to-date: /home/utec/humanoid_ws/install/unitree_hg/share/unitree_hg/package.xml
[1.657s] Invoked command in '/home/utec/humanoid_ws/build/unitree_hg' returned '0': CMAKE_PREFIX_PATH=${CMAKE_PREFIX_PATH}:/home/utec/humanoid_ws/install/pycodes_h1:/home/utec/humanoid_ws/install/h1_2_model:/home/utec/humanoid_ws/install/h1_2_algoritms:/home/utec/barirobot_ws/install/ur5_algoritmos:/home/utec/barirobot_ws/install/cam_code:/home/utec/barirobot_ws/install/bringup_bar:/opt/ros/humble PS1=\[\e]0;\u@\h: \w\a\]${debian_chroot:+($debian_chroot)}\[\033[01;32m\]\u@\h\[\033[00m\]:\[\033[01;34m\]\w\[\033[00m\]\$ /usr/bin/cmake --install /home/utec/humanoid_ws/build/unitree_hg
