[0.791s] Invoking command in '/home/utec/humanoid_ws/build/unitree_ros2_example': CMAKE_PREFIX_PATH=/home/utec/humanoid_ws/install/unitree_hg:/home/utec/humanoid_ws/install/unitree_go:/home/utec/humanoid_ws/install/unitree_api:/home/utec/humanoid_ws/install/unitree_ros2_example:/home/utec/humanoid_ws/install/h1_2_interface:/home/utec/humanoid_ws/install/h1_2_description:/home/utec/barirobot_ws/install/ur5_move:/home/utec/humanoid_ws/install/pycodes_h1:/home/utec/humanoid_ws/install/h1_2_model:/home/utec/humanoid_ws/install/h1_2_algoritms:/home/utec/barirobot_ws/install/ur5_algoritmos:/home/utec/barirobot_ws/install/cam_code:/home/utec/barirobot_ws/install/bringup_bar:/opt/ros/humble PS1=\[\e]0;\u@\h: \w\a\]${debian_chroot:+($debian_chroot)}\[\033[01;32m\]\u@\h\[\033[00m\]:\[\033[01;34m\]\w\[\033[00m\]\$ /usr/bin/cmake --build /home/utec/humanoid_ws/build/unitree_ros2_example -- -j8 -l8
[0.844s] -- Found ament_cmake: 1.3.14 (/opt/ros/humble/share/ament_cmake/cmake)
[1.230s] -- Found unitree_go: 0.0.0 (/home/utec/humanoid_ws/install/unitree_go/share/unitree_go/cmake)
[1.316s] -- Found rosidl_generator_c: 3.1.8 (/opt/ros/humble/share/rosidl_generator_c/cmake)
[1.323s] -- Found rosidl_adapter: 3.1.8 (/opt/ros/humble/share/rosidl_adapter/cmake)
[1.338s] -- Found rosidl_generator_cpp: 3.1.8 (/opt/ros/humble/share/rosidl_generator_cpp/cmake)
[1.369s] -- Using all available rosidl_typesupport_c: rosidl_typesupport_fastrtps_c;rosidl_typesupport_introspection_c
[1.400s] -- Using all available rosidl_typesupport_cpp: rosidl_typesupport_fastrtps_cpp;rosidl_typesupport_introspection_cpp
[1.520s] -- Found unitree_hg: 0.0.0 (/home/utec/humanoid_ws/install/unitree_hg/share/unitree_hg/cmake)
[1.557s] -- Found unitree_api: 0.0.0 (/home/utec/humanoid_ws/install/unitree_api/share/unitree_api/cmake)
[1.606s] -- Found rclcpp: 16.0.19 (/opt/ros/humble/share/rclcpp/cmake)
[1.680s] -- Found rmw_implementation_cmake: 6.1.2 (/opt/ros/humble/share/rmw_implementation_cmake/cmake)
[1.685s] -- Found rmw_fastrtps_cpp: 6.2.10 (/opt/ros/humble/share/rmw_fastrtps_cpp/cmake)
[1.953s] -- Using RMW implementation 'rmw_fastrtps_cpp' as default
[2.037s] -- Found rosbag2_cpp: 0.15.16 (/opt/ros/humble/share/rosbag2_cpp/cmake)
[2.234s] -- Found yaml-cpp version 0.7.0
[2.247s] -- Found ament_lint_auto: 0.12.15 (/opt/ros/humble/share/ament_lint_auto/cmake)
[2.408s] -- Added test 'copyright' to check source files copyright and LICENSE
[2.420s] -- Added test 'cppcheck' to perform static code analysis on C / C++ code
[2.428s] -- Configured cppcheck include dirs: /home/utec/humanoid_ws/src/unitree_ros2/example/src/include;/home/utec/humanoid_ws/src/unitree_ros2/example/src/include/common;/home/utec/humanoid_ws/src/unitree_ros2/example/src/include/nlohmann
[2.429s] -- Configured cppcheck exclude dirs and/or files: 
[2.440s] -- Added test 'cpplint' to check C / C++ code against the Google style
[2.441s] -- Configured cpplint exclude dirs and/or files: 
[2.446s] -- Added test 'lint_cmake' to check CMake code style
[2.459s] -- Added test 'uncrustify' to check C / C++ code style
[2.459s] -- Configured uncrustify additional arguments: 
[2.461s] -- Added test 'xmllint' to check XML markup files
[2.463s] -- Configuring done
[2.740s] -- Generating done
[2.842s] -- Build files have been written to: /home/utec/humanoid_ws/build/unitree_ros2_example
[2.937s] [35m[1mConsolidate compiler generated dependencies of target g1_low_level_example[0m
[2.938s] [35m[1mConsolidate compiler generated dependencies of target low_level_ctrl[0m
[2.939s] [35m[1mConsolidate compiler generated dependencies of target low_level_ctrl_hg[0m
[2.948s] [35m[1mConsolidate compiler generated dependencies of target read_low_state_hg[0m
[2.964s] [35m[1mConsolidate compiler generated dependencies of target read_low_state[0m
[2.972s] [35m[1mConsolidate compiler generated dependencies of target read_motion_state[0m
[2.974s] [35m[1mConsolidate compiler generated dependencies of target go2_sport_client[0m
[2.975s] [35m[1mConsolidate compiler generated dependencies of target read_wireless_controller[0m
[3.031s] [  1%] [32mBuilding CXX object CMakeFiles/g1_low_level_example.dir/src/g1/lowlevel/g1_low_level_example.cpp.o[0m
[3.032s] [  3%] [32mBuilding CXX object CMakeFiles/low_level_ctrl_hg.dir/src/h1-2/lowlevel/low_level_ctrl_hg.cpp.o[0m
[3.052s] [  5%] [32mBuilding CXX object CMakeFiles/read_low_state_hg.dir/src/read_low_state_hg.cpp.o[0m
[3.053s] [  6%] [32mBuilding CXX object CMakeFiles/low_level_ctrl.dir/src/low_level_ctrl.cpp.o[0m
[3.077s] [  8%] [32mBuilding CXX object CMakeFiles/go2_sport_client.dir/src/go2/go2_sport_client.cpp.o[0m
[3.084s] [ 10%] [32mBuilding CXX object CMakeFiles/read_motion_state.dir/src/read_motion_state.cpp.o[0m
[3.092s] [ 12%] [32mBuilding CXX object CMakeFiles/read_wireless_controller.dir/src/read_wireless_controller.cpp.o[0m
[3.144s] [ 13%] [32mBuilding CXX object CMakeFiles/read_low_state.dir/src/read_low_state.cpp.o[0m
[22.270s] [ 15%] [32mBuilding CXX object CMakeFiles/low_level_ctrl.dir/src/common/motor_crc.cpp.o[0m
[30.556s] [ 17%] [32m[1mLinking CXX executable read_motion_state[0m
[32.363s] [ 18%] [32mBuilding CXX object CMakeFiles/low_level_ctrl_hg.dir/src/common/motor_crc_hg.cpp.o[0m
[32.365s] [ 20%] [32mBuilding CXX object CMakeFiles/g1_low_level_example.dir/src/common/motor_crc_hg.cpp.o[0m
[32.691s] [ 22%] [32m[1mLinking CXX executable read_low_state[0m
[32.882s] [ 24%] [32m[1mLinking CXX executable low_level_ctrl[0m
[32.952s] [ 24%] Built target read_motion_state
[32.989s] [ 25%] [32mBuilding CXX object CMakeFiles/go2_sport_client.dir/src/common/ros2_sport_client.cpp.o[0m
[33.632s] [ 25%] Built target low_level_ctrl
[33.691s] [35m[1mConsolidate compiler generated dependencies of target go2_stand_example[0m
[33.797s] [ 27%] [32mBuilding CXX object CMakeFiles/go2_stand_example.dir/src/go2/go2_stand_example.cpp.o[0m
[34.214s] [ 27%] Built target read_low_state
[34.222s] [ 29%] [32m[1mLinking CXX executable read_low_state_hg[0m
[34.243s] [ 31%] [32mBuilding CXX object CMakeFiles/go2_stand_example.dir/src/common/motor_crc.cpp.o[0m
[34.983s] [ 32%] [32m[1mLinking CXX executable read_wireless_controller[0m
[35.680s] [ 32%] Built target read_low_state_hg
[35.715s] [35m[1mConsolidate compiler generated dependencies of target go2_robot_state_client[0m
[35.779s] [ 34%] [32mBuilding CXX object CMakeFiles/go2_robot_state_client.dir/src/go2/go2_robot_state_client.cpp.o[0m
[36.254s] [ 34%] Built target read_wireless_controller
[36.283s] [ 36%] [32mBuilding CXX object CMakeFiles/go2_robot_state_client.dir/src/common/motor_crc.cpp.o[0m
[40.112s] [ 37%] [32m[1mLinking CXX executable g1_low_level_example[0m
[41.269s] [ 37%] Built target g1_low_level_example
[41.397s] [ 39%] [32m[1mLinking CXX executable low_level_ctrl_hg[0m
[42.388s] [ 39%] Built target low_level_ctrl_hg
[44.017s] [35m[1mConsolidate compiler generated dependencies of target g1_ankle_swing_example[0m
[44.047s] [ 41%] [32mBuilding CXX object CMakeFiles/g1_ankle_swing_example.dir/src/g1/lowlevel/g1_ankle_swing_example.cpp.o[0m
[46.060s] [35m[1mConsolidate compiler generated dependencies of target g1_loco_client_example[0m
[46.105s] [ 43%] [32mBuilding CXX object CMakeFiles/g1_loco_client_example.dir/src/g1/high_level/loco_client_example.cpp.o[0m
[46.849s] In file included from [01m[K/home/utec/humanoid_ws/src/unitree_ros2/example/src/include/common/base_client.hpp:11[m[K,
[46.849s]                  from [01m[K/home/utec/humanoid_ws/src/unitree_ros2/example/src/include/g1/g1_loco_client.hpp:10[m[K,
[46.849s]                  from [01m[K/home/utec/humanoid_ws/src/unitree_ros2/example/src/src/g1/high_level/loco_client_example.cpp:3[m[K:
[46.849s] [01m[K/home/utec/humanoid_ws/src/unitree_ros2/example/src/include/common/ut_errror.hpp:13:59:[m[K [01;35m[Kwarning: [m[Kbackslash-newline at end of file
[46.850s]    13 | #define UT_PRINT_ERR(code, error)                         \
[46.850s]       |                                                            
[48.106s] [35m[1mConsolidate compiler generated dependencies of target g1_dex3_example[0m
[48.174s] [ 44%] [32mBuilding CXX object CMakeFiles/g1_dex3_example.dir/src/g1/dex3/g1_dex3_example.cpp.o[0m
[49.157s] [35m[1mConsolidate compiler generated dependencies of target g1_arm_action_example[0m
[49.229s] [ 46%] [32mBuilding CXX object CMakeFiles/g1_arm_action_example.dir/src/g1/high_level/g1_arm_action_example.cpp.o[0m
[49.614s] In file included from [01m[K/home/utec/humanoid_ws/src/unitree_ros2/example/src/src/g1/high_level/g1_arm_action_example.cpp:11[m[K:
[49.614s] [01m[K/home/utec/humanoid_ws/src/unitree_ros2/example/src/include/common/ut_errror.hpp:13:59:[m[K [01;35m[Kwarning: [m[Kbackslash-newline at end of file
[49.614s]    13 | #define UT_PRINT_ERR(code, error)                         \
[49.614s]       |                                                            
[50.239s] [35m[1mConsolidate compiler generated dependencies of target g1_arm_sdk_dds_example[0m
[50.360s] [ 48%] [32mBuilding CXX object CMakeFiles/g1_arm_sdk_dds_example.dir/src/g1/high_level/g1_arm_sdk_dds_example.cpp.o[0m
[56.644s] [ 50%] [32m[1mLinking CXX executable go2_stand_example[0m
[58.053s] [ 50%] Built target go2_stand_example
[58.076s] [ 51%] [32mBuilding CXX object CMakeFiles/g1_arm_sdk_dds_example.dir/src/common/motor_crc.cpp.o[0m
[61.174s] [ 53%] [32m[1mLinking CXX executable go2_sport_client[0m
[63.448s] [ 53%] Built target go2_sport_client
[63.690s] [ 55%] [32m[1mLinking CXX executable go2_robot_state_client[0m
[65.518s] [ 55%] Built target go2_robot_state_client
[72.500s] [ 56%] [32mBuilding CXX object CMakeFiles/g1_ankle_swing_example.dir/src/common/motor_crc_hg.cpp.o[0m
[74.036s] [ 58%] [32mBuilding CXX object CMakeFiles/g1_dex3_example.dir/src/common/motor_crc.cpp.o[0m
[74.080s] [35m[1mConsolidate compiler generated dependencies of target b2w_sport_client[0m
[74.148s] [ 60%] [32mBuilding CXX object CMakeFiles/b2w_sport_client.dir/src/b2w/b2w_sport_client.cpp.o[0m
[74.595s] [ 62%] [32mBuilding CXX object CMakeFiles/b2w_sport_client.dir/src/common/ros2_b2_sport_client.cpp.o[0m
[74.600s] [ 63%] [32mBuilding CXX object CMakeFiles/g1_loco_client_example.dir/src/common/motor_crc.cpp.o[0m
[75.401s] [ 65%] [32m[1mLinking CXX executable g1_arm_sdk_dds_example[0m
[76.169s] [35m[1mConsolidate compiler generated dependencies of target g1_audio_client_example[0m
[76.259s] [ 67%] [32mBuilding CXX object CMakeFiles/g1_audio_client_example.dir/src/g1/audio_client/g1_audio_client_example.cpp.o[0m
[76.593s] [ 67%] Built target g1_arm_sdk_dds_example
[76.633s] [35m[1mConsolidate compiler generated dependencies of target b2w_stand_example[0m
[76.747s] [ 68%] [32mBuilding CXX object CMakeFiles/b2w_stand_example.dir/src/b2w/b2w_stand_example.cpp.o[0m
[77.331s] In file included from [01m[K/home/utec/humanoid_ws/src/unitree_ros2/example/src/include/common/base_client.hpp:11[m[K,
[77.331s]                  from [01m[K/home/utec/humanoid_ws/src/unitree_ros2/example/src/include/g1/g1_audio_client.hpp:6[m[K,
[77.331s]                  from [01m[K/home/utec/humanoid_ws/src/unitree_ros2/example/src/src/g1/audio_client/g1_audio_client_example.cpp:11[m[K:
[77.332s] [01m[K/home/utec/humanoid_ws/src/unitree_ros2/example/src/include/common/ut_errror.hpp:13:59:[m[K [01;35m[Kwarning: [m[Kbackslash-newline at end of file
[77.332s]    13 | #define UT_PRINT_ERR(code, error)                         \
[77.332s]       |                                                            
[77.840s] In file included from [01m[K/home/utec/humanoid_ws/src/unitree_ros2/example/src/include/common/b2_base_client.hpp:16[m[K,
[77.841s]                  from [01m[K/home/utec/humanoid_ws/src/unitree_ros2/example/src/include/b2/b2_motion_switch_client.hpp:11[m[K,
[77.841s]                  from [01m[K/home/utec/humanoid_ws/src/unitree_ros2/example/src/src/b2w/b2w_stand_example.cpp:11[m[K:
[77.841s] [01m[K/home/utec/humanoid_ws/src/unitree_ros2/example/src/include/common/ut_errror.hpp:13:59:[m[K [01;35m[Kwarning: [m[Kbackslash-newline at end of file
[77.842s]    13 | #define UT_PRINT_ERR(code, error)                         \
[77.843s]       |                                                            
[80.280s] [ 70%] [32mBuilding CXX object CMakeFiles/g1_arm_action_example.dir/src/common/motor_crc.cpp.o[0m
[81.007s] [ 72%] [32m[1mLinking CXX executable g1_ankle_swing_example[0m
[82.823s] [ 72%] Built target g1_ankle_swing_example
[83.565s] [ 74%] [32m[1mLinking CXX executable g1_dex3_example[0m
[84.209s] [ 75%] [32m[1mLinking CXX executable g1_loco_client_example[0m
[84.831s] [ 75%] Built target g1_dex3_example
[85.379s] [ 75%] Built target g1_loco_client_example
[88.573s] [ 77%] [32m[1mLinking CXX executable g1_arm_action_example[0m
[89.225s] [ 79%] [32m[1mLinking CXX executable b2w_sport_client[0m
[89.442s] [ 79%] Built target g1_arm_action_example
[89.578s] [ 79%] Built target b2w_sport_client
[96.480s] [ 81%] [32m[1mLinking CXX executable g1_audio_client_example[0m
[97.133s] [ 81%] Built target g1_audio_client_example
[97.154s] [35m[1mConsolidate compiler generated dependencies of target g1_dual_arm_example[0m
[97.155s] [35m[1mConsolidate compiler generated dependencies of target b2_sport_client[0m
[97.192s] [ 82%] [32mBuilding CXX object CMakeFiles/b2_sport_client.dir/src/common/ros2_b2_sport_client.cpp.o[0m
[97.193s] [ 84%] [32mBuilding CXX object CMakeFiles/g1_dual_arm_example.dir/src/g1/lowlevel/g1_dual_arm_example.cpp.o[0m
[97.194s] [ 86%] [32mBuilding CXX object CMakeFiles/b2_sport_client.dir/src/b2/b2_sport_client.cpp.o[0m
[97.197s] [ 87%] [32mBuilding CXX object CMakeFiles/g1_dual_arm_example.dir/src/common/motor_crc_hg.cpp.o[0m
[97.830s] In file included from [01m[K/home/utec/humanoid_ws/src/unitree_ros2/example/src/include/common/base_client.hpp:11[m[K,
[97.830s]                  from [01m[K/home/utec/humanoid_ws/src/unitree_ros2/example/src/include/g1/g1_motion_switch_client.hpp:11[m[K,
[97.830s]                  from [01m[K/home/utec/humanoid_ws/src/unitree_ros2/example/src/src/g1/lowlevel/g1_dual_arm_example.cpp:18[m[K:
[97.830s] [01m[K/home/utec/humanoid_ws/src/unitree_ros2/example/src/include/common/ut_errror.hpp:13:59:[m[K [01;35m[Kwarning: [m[Kbackslash-newline at end of file
[97.830s]    13 | #define UT_PRINT_ERR(code, error)                         \
[97.830s]       |                                                            
[102.540s] [ 89%] [32mBuilding CXX object CMakeFiles/b2w_stand_example.dir/src/common/motor_crc.cpp.o[0m
[107.534s] [ 91%] [32m[1mLinking CXX executable b2_sport_client[0m
[107.850s] [ 91%] Built target b2_sport_client
[107.870s] [35m[1mConsolidate compiler generated dependencies of target b2_stand_example[0m
[107.898s] [ 93%] [32m[1mLinking CXX executable b2w_stand_example[0m
[107.902s] [ 94%] [32mBuilding CXX object CMakeFiles/b2_stand_example.dir/src/b2/b2_stand_example.cpp.o[0m
[107.903s] [ 96%] [32mBuilding CXX object CMakeFiles/b2_stand_example.dir/src/common/motor_crc.cpp.o[0m
[108.397s] In file included from [01m[K/home/utec/humanoid_ws/src/unitree_ros2/example/src/include/common/b2_base_client.hpp:16[m[K,
[108.397s]                  from [01m[K/home/utec/humanoid_ws/src/unitree_ros2/example/src/include/b2/b2_motion_switch_client.hpp:11[m[K,
[108.397s]                  from [01m[K/home/utec/humanoid_ws/src/unitree_ros2/example/src/src/b2/b2_stand_example.cpp:11[m[K:
[108.397s] [01m[K/home/utec/humanoid_ws/src/unitree_ros2/example/src/include/common/ut_errror.hpp:13:59:[m[K [01;35m[Kwarning: [m[Kbackslash-newline at end of file
[108.397s]    13 | #define UT_PRINT_ERR(code, error)                         \
[108.397s]       |                                                            
[109.083s] [ 96%] Built target b2w_stand_example
[120.046s] [ 98%] [32m[1mLinking CXX executable g1_dual_arm_example[0m
[121.135s] [ 98%] Built target g1_dual_arm_example
[126.493s] [100%] [32m[1mLinking CXX executable b2_stand_example[0m
[127.328s] [100%] Built target b2_stand_example
[127.341s] Invoked command in '/home/utec/humanoid_ws/build/unitree_ros2_example' returned '0': CMAKE_PREFIX_PATH=/home/utec/humanoid_ws/install/unitree_hg:/home/utec/humanoid_ws/install/unitree_go:/home/utec/humanoid_ws/install/unitree_api:/home/utec/humanoid_ws/install/unitree_ros2_example:/home/utec/humanoid_ws/install/h1_2_interface:/home/utec/humanoid_ws/install/h1_2_description:/home/utec/barirobot_ws/install/ur5_move:/home/utec/humanoid_ws/install/pycodes_h1:/home/utec/humanoid_ws/install/h1_2_model:/home/utec/humanoid_ws/install/h1_2_algoritms:/home/utec/barirobot_ws/install/ur5_algoritmos:/home/utec/barirobot_ws/install/cam_code:/home/utec/barirobot_ws/install/bringup_bar:/opt/ros/humble PS1=\[\e]0;\u@\h: \w\a\]${debian_chroot:+($debian_chroot)}\[\033[01;32m\]\u@\h\[\033[00m\]:\[\033[01;34m\]\w\[\033[00m\]\$ /usr/bin/cmake --build /home/utec/humanoid_ws/build/unitree_ros2_example -- -j8 -l8
[127.343s] Invoking command in '/home/utec/humanoid_ws/build/unitree_ros2_example': CMAKE_PREFIX_PATH=/home/utec/humanoid_ws/install/unitree_hg:/home/utec/humanoid_ws/install/unitree_go:/home/utec/humanoid_ws/install/unitree_api:/home/utec/humanoid_ws/install/unitree_ros2_example:/home/utec/humanoid_ws/install/h1_2_interface:/home/utec/humanoid_ws/install/h1_2_description:/home/utec/barirobot_ws/install/ur5_move:/home/utec/humanoid_ws/install/pycodes_h1:/home/utec/humanoid_ws/install/h1_2_model:/home/utec/humanoid_ws/install/h1_2_algoritms:/home/utec/barirobot_ws/install/ur5_algoritmos:/home/utec/barirobot_ws/install/cam_code:/home/utec/barirobot_ws/install/bringup_bar:/opt/ros/humble PS1=\[\e]0;\u@\h: \w\a\]${debian_chroot:+($debian_chroot)}\[\033[01;32m\]\u@\h\[\033[00m\]:\[\033[01;34m\]\w\[\033[00m\]\$ /usr/bin/cmake --install /home/utec/humanoid_ws/build/unitree_ros2_example
[127.350s] -- Install configuration: ""
[127.351s] -- Installing: /home/utec/humanoid_ws/install/unitree_ros2_example/lib/low_level_ctrl
[127.352s] -- Set runtime path of "/home/utec/humanoid_ws/install/unitree_ros2_example/lib/low_level_ctrl" to ""
[127.353s] -- Installing: /home/utec/humanoid_ws/install/unitree_ros2_example/lib/low_level_ctrl_hg
[127.357s] -- Set runtime path of "/home/utec/humanoid_ws/install/unitree_ros2_example/lib/low_level_ctrl_hg" to ""
[127.357s] -- Installing: /home/utec/humanoid_ws/install/unitree_ros2_example/lib/g1_low_level_example
[127.361s] -- Set runtime path of "/home/utec/humanoid_ws/install/unitree_ros2_example/lib/g1_low_level_example" to ""
[127.362s] -- Installing: /home/utec/humanoid_ws/install/unitree_ros2_example/lib/read_low_state
[127.365s] -- Set runtime path of "/home/utec/humanoid_ws/install/unitree_ros2_example/lib/read_low_state" to ""
[127.366s] -- Installing: /home/utec/humanoid_ws/install/unitree_ros2_example/lib/read_low_state_hg
[127.369s] -- Set runtime path of "/home/utec/humanoid_ws/install/unitree_ros2_example/lib/read_low_state_hg" to ""
[127.370s] -- Installing: /home/utec/humanoid_ws/install/unitree_ros2_example/lib/read_motion_state
[127.373s] -- Set runtime path of "/home/utec/humanoid_ws/install/unitree_ros2_example/lib/read_motion_state" to ""
[127.374s] -- Installing: /home/utec/humanoid_ws/install/unitree_ros2_example/lib/read_wireless_controller
[127.378s] -- Set runtime path of "/home/utec/humanoid_ws/install/unitree_ros2_example/lib/read_wireless_controller" to ""
[127.379s] -- Installing: /home/utec/humanoid_ws/install/unitree_ros2_example/lib/go2_sport_client
[127.385s] -- Set runtime path of "/home/utec/humanoid_ws/install/unitree_ros2_example/lib/go2_sport_client" to ""
[127.385s] -- Installing: /home/utec/humanoid_ws/install/unitree_ros2_example/lib/go2_stand_example
[127.389s] -- Set runtime path of "/home/utec/humanoid_ws/install/unitree_ros2_example/lib/go2_stand_example" to ""
[127.389s] -- Installing: /home/utec/humanoid_ws/install/unitree_ros2_example/bin/go2_robot_state_client
[127.395s] -- Set runtime path of "/home/utec/humanoid_ws/install/unitree_ros2_example/bin/go2_robot_state_client" to ""
[127.395s] -- Installing: /home/utec/humanoid_ws/install/unitree_ros2_example/bin/g1_arm_sdk_dds_example
[127.401s] -- Set runtime path of "/home/utec/humanoid_ws/install/unitree_ros2_example/bin/g1_arm_sdk_dds_example" to ""
[127.402s] -- Installing: /home/utec/humanoid_ws/install/unitree_ros2_example/bin/g1_arm_action_example
[127.409s] -- Set runtime path of "/home/utec/humanoid_ws/install/unitree_ros2_example/bin/g1_arm_action_example" to ""
[127.410s] -- Installing: /home/utec/humanoid_ws/install/unitree_ros2_example/bin/g1_dex3_example
[127.417s] -- Set runtime path of "/home/utec/humanoid_ws/install/unitree_ros2_example/bin/g1_dex3_example" to ""
[127.417s] -- Installing: /home/utec/humanoid_ws/install/unitree_ros2_example/bin/g1_loco_client_example
[127.426s] -- Set runtime path of "/home/utec/humanoid_ws/install/unitree_ros2_example/bin/g1_loco_client_example" to ""
[127.426s] -- Installing: /home/utec/humanoid_ws/install/unitree_ros2_example/bin/g1_ankle_swing_example
[127.436s] -- Set runtime path of "/home/utec/humanoid_ws/install/unitree_ros2_example/bin/g1_ankle_swing_example" to ""
[127.437s] -- Installing: /home/utec/humanoid_ws/install/unitree_ros2_example/bin/g1_dual_arm_example
[127.449s] -- Set runtime path of "/home/utec/humanoid_ws/install/unitree_ros2_example/bin/g1_dual_arm_example" to ""
[127.449s] -- Installing: /home/utec/humanoid_ws/install/unitree_ros2_example/bin/g1_audio_client_example
[127.458s] -- Set runtime path of "/home/utec/humanoid_ws/install/unitree_ros2_example/bin/g1_audio_client_example" to ""
[127.458s] -- Up-to-date: /home/utec/humanoid_ws/install/unitree_ros2_example/share/ament_index/resource_index/package_run_dependencies/unitree_ros2_example
[127.458s] -- Installing: /home/utec/humanoid_ws/install/unitree_ros2_example/share/ament_index/resource_index/parent_prefix_path/unitree_ros2_example
[127.458s] -- Installing: /home/utec/humanoid_ws/install/unitree_ros2_example/share/unitree_ros2_example/environment/ament_prefix_path.sh
[127.458s] -- Installing: /home/utec/humanoid_ws/install/unitree_ros2_example/share/unitree_ros2_example/environment/ament_prefix_path.dsv
[127.459s] -- Installing: /home/utec/humanoid_ws/install/unitree_ros2_example/share/unitree_ros2_example/environment/path.sh
[127.459s] -- Installing: /home/utec/humanoid_ws/install/unitree_ros2_example/share/unitree_ros2_example/environment/path.dsv
[127.459s] -- Up-to-date: /home/utec/humanoid_ws/install/unitree_ros2_example/share/unitree_ros2_example/local_setup.bash
[127.459s] -- Up-to-date: /home/utec/humanoid_ws/install/unitree_ros2_example/share/unitree_ros2_example/local_setup.sh
[127.460s] -- Up-to-date: /home/utec/humanoid_ws/install/unitree_ros2_example/share/unitree_ros2_example/local_setup.zsh
[127.460s] -- Installing: /home/utec/humanoid_ws/install/unitree_ros2_example/share/unitree_ros2_example/local_setup.dsv
[127.460s] -- Installing: /home/utec/humanoid_ws/install/unitree_ros2_example/share/unitree_ros2_example/package.dsv
[127.460s] -- Up-to-date: /home/utec/humanoid_ws/install/unitree_ros2_example/share/ament_index/resource_index/packages/unitree_ros2_example
[127.460s] -- Up-to-date: /home/utec/humanoid_ws/install/unitree_ros2_example/share/unitree_ros2_example/cmake/unitree_ros2_exampleConfig.cmake
[127.461s] -- Up-to-date: /home/utec/humanoid_ws/install/unitree_ros2_example/share/unitree_ros2_example/cmake/unitree_ros2_exampleConfig-version.cmake
[127.461s] -- Up-to-date: /home/utec/humanoid_ws/install/unitree_ros2_example/share/unitree_ros2_example/package.xml
[127.465s] Invoked command in '/home/utec/humanoid_ws/build/unitree_ros2_example' returned '0': CMAKE_PREFIX_PATH=/home/utec/humanoid_ws/install/unitree_hg:/home/utec/humanoid_ws/install/unitree_go:/home/utec/humanoid_ws/install/unitree_api:/home/utec/humanoid_ws/install/unitree_ros2_example:/home/utec/humanoid_ws/install/h1_2_interface:/home/utec/humanoid_ws/install/h1_2_description:/home/utec/barirobot_ws/install/ur5_move:/home/utec/humanoid_ws/install/pycodes_h1:/home/utec/humanoid_ws/install/h1_2_model:/home/utec/humanoid_ws/install/h1_2_algoritms:/home/utec/barirobot_ws/install/ur5_algoritmos:/home/utec/barirobot_ws/install/cam_code:/home/utec/barirobot_ws/install/bringup_bar:/opt/ros/humble PS1=\[\e]0;\u@\h: \w\a\]${debian_chroot:+($debian_chroot)}\[\033[01;32m\]\u@\h\[\033[00m\]:\[\033[01;34m\]\w\[\033[00m\]\$ /usr/bin/cmake --install /home/utec/humanoid_ws/build/unitree_ros2_example
