/home/utec/humanoid_ws/install/h1_2_algoritms/lib/python3.10/site-packages/h1_2_algoritms/kine_control_whole_body.py
/home/utec/humanoid_ws/install/h1_2_algoritms/lib/python3.10/site-packages/h1_2_algoritms/fk_whole_body_h1_2.py
/home/utec/humanoid_ws/install/h1_2_algoritms/lib/python3.10/site-packages/h1_2_algoritms/QP_whole_body.py
/home/utec/humanoid_ws/install/h1_2_algoritms/lib/python3.10/site-packages/h1_2_algoritms/__init__.py
/home/utec/humanoid_ws/install/h1_2_algoritms/lib/python3.10/site-packages/h1_2_algoritms/fk_functions.py
/home/utec/humanoid_ws/install/h1_2_algoritms/lib/python3.10/site-packages/h1_2_algoritms/markers.py
/home/utec/humanoid_ws/install/h1_2_algoritms/lib/python3.10/site-packages/h1_2_algoritms/ik_whole_body_h1_2.py
/home/utec/humanoid_ws/install/h1_2_algoritms/lib/python3.10/site-packages/h1_2_algoritms/telekeyop_whole_body.py
/home/utec/humanoid_ws/install/h1_2_algoritms/lib/python3.10/site-packages/h1_2_algoritms/null_control_whole_body.py
/home/utec/humanoid_ws/install/h1_2_algoritms/lib/python3.10/site-packages/h1_2_algoritms/ik_functions.py
/home/utec/humanoid_ws/install/h1_2_algoritms/lib/python3.10/site-packages/h1_2_algoritms/null_control_functions.py
/home/utec/humanoid_ws/install/h1_2_algoritms/lib/python3.10/site-packages/h1_2_algoritms/kine_control_functions.py
/home/utec/humanoid_ws/install/h1_2_algoritms/lib/python3.10/site-packages/h1_2_algoritms/QP_functions.py
/home/utec/humanoid_ws/install/h1_2_algoritms/lib/python3.10/site-packages/h1_2_algoritms/__pycache__/kine_control_whole_body.cpython-310.pyc
/home/utec/humanoid_ws/install/h1_2_algoritms/lib/python3.10/site-packages/h1_2_algoritms/__pycache__/fk_whole_body_h1_2.cpython-310.pyc
/home/utec/humanoid_ws/install/h1_2_algoritms/lib/python3.10/site-packages/h1_2_algoritms/__pycache__/QP_whole_body.cpython-310.pyc
/home/utec/humanoid_ws/install/h1_2_algoritms/lib/python3.10/site-packages/h1_2_algoritms/__pycache__/__init__.cpython-310.pyc
/home/utec/humanoid_ws/install/h1_2_algoritms/lib/python3.10/site-packages/h1_2_algoritms/__pycache__/fk_functions.cpython-310.pyc
/home/utec/humanoid_ws/install/h1_2_algoritms/lib/python3.10/site-packages/h1_2_algoritms/__pycache__/markers.cpython-310.pyc
/home/utec/humanoid_ws/install/h1_2_algoritms/lib/python3.10/site-packages/h1_2_algoritms/__pycache__/ik_whole_body_h1_2.cpython-310.pyc
/home/utec/humanoid_ws/install/h1_2_algoritms/lib/python3.10/site-packages/h1_2_algoritms/__pycache__/telekeyop_whole_body.cpython-310.pyc
/home/utec/humanoid_ws/install/h1_2_algoritms/lib/python3.10/site-packages/h1_2_algoritms/__pycache__/null_control_whole_body.cpython-310.pyc
/home/utec/humanoid_ws/install/h1_2_algoritms/lib/python3.10/site-packages/h1_2_algoritms/__pycache__/ik_functions.cpython-310.pyc
/home/utec/humanoid_ws/install/h1_2_algoritms/lib/python3.10/site-packages/h1_2_algoritms/__pycache__/null_control_functions.cpython-310.pyc
/home/utec/humanoid_ws/install/h1_2_algoritms/lib/python3.10/site-packages/h1_2_algoritms/__pycache__/kine_control_functions.cpython-310.pyc
/home/utec/humanoid_ws/install/h1_2_algoritms/lib/python3.10/site-packages/h1_2_algoritms/__pycache__/QP_functions.cpython-310.pyc
/home/utec/humanoid_ws/install/h1_2_algoritms/share/ament_index/resource_index/packages/h1_2_algoritms
/home/utec/humanoid_ws/install/h1_2_algoritms/share/h1_2_algoritms/package.xml
/home/utec/humanoid_ws/install/h1_2_algoritms/lib/python3.10/site-packages/h1_2_algoritms-0.0.0-py3.10.egg-info/top_level.txt
/home/utec/humanoid_ws/install/h1_2_algoritms/lib/python3.10/site-packages/h1_2_algoritms-0.0.0-py3.10.egg-info/entry_points.txt
/home/utec/humanoid_ws/install/h1_2_algoritms/lib/python3.10/site-packages/h1_2_algoritms-0.0.0-py3.10.egg-info/PKG-INFO
/home/utec/humanoid_ws/install/h1_2_algoritms/lib/python3.10/site-packages/h1_2_algoritms-0.0.0-py3.10.egg-info/zip-safe
/home/utec/humanoid_ws/install/h1_2_algoritms/lib/python3.10/site-packages/h1_2_algoritms-0.0.0-py3.10.egg-info/requires.txt
/home/utec/humanoid_ws/install/h1_2_algoritms/lib/python3.10/site-packages/h1_2_algoritms-0.0.0-py3.10.egg-info/dependency_links.txt
/home/utec/humanoid_ws/install/h1_2_algoritms/lib/python3.10/site-packages/h1_2_algoritms-0.0.0-py3.10.egg-info/SOURCES.txt
/home/utec/humanoid_ws/install/h1_2_algoritms/lib/h1_2_algoritms/QP_whole_body
/home/utec/humanoid_ws/install/h1_2_algoritms/lib/h1_2_algoritms/fk_whole_body_h1_2
/home/utec/humanoid_ws/install/h1_2_algoritms/lib/h1_2_algoritms/ik_whole_body_h1_2
/home/utec/humanoid_ws/install/h1_2_algoritms/lib/h1_2_algoritms/kine_control_whole_body
/home/utec/humanoid_ws/install/h1_2_algoritms/lib/h1_2_algoritms/null_control_whole_body
/home/utec/humanoid_ws/install/h1_2_algoritms/lib/h1_2_algoritms/telekeyop_whole_body
