-- The C compiler identification is GNU 11.4.0
-- The CXX compiler identification is GNU 11.4.0
-- Detecting C compiler ABI info
-- Detecting C compiler ABI info - done
-- Check for working C compiler: /usr/bin/cc - skipped
-- Detecting C compile features
-- Detecting C compile features - done
-- Detecting CXX compiler ABI info
-- Detecting CXX compiler ABI info - done
-- Check for working CXX compiler: /usr/bin/c++ - skipped
-- Detecting CXX compile features
-- Detecting CXX compile features - done
-- Found ament_cmake: 1.3.12 (/opt/ros/humble/share/ament_cmake/cmake)
-- Found Python3: /usr/bin/python3 (found version "3.10.12") found components: Interpreter 
-- Found rclcpp: 16.0.15 (/opt/ros/humble/share/rclcpp/cmake)
-- Found rosidl_generator_c: 3.1.7 (/opt/ros/humble/share/rosidl_generator_c/cmake)
-- Found rosidl_adapter: 3.1.7 (/opt/ros/humble/share/rosidl_adapter/cmake)
-- Found rosidl_generator_cpp: 3.1.7 (/opt/ros/humble/share/rosidl_generator_cpp/cmake)
-- Using all available rosidl_typesupport_c: rosidl_typesupport_fastrtps_c;rosidl_typesupport_introspection_c
-- Using all available rosidl_typesupport_cpp: rosidl_typesupport_fastrtps_cpp;rosidl_typesupport_introspection_cpp
-- Found rmw_implementation_cmake: 6.1.2 (/opt/ros/humble/share/rmw_implementation_cmake/cmake)
-- Found rmw_fastrtps_cpp: 6.2.9 (/opt/ros/humble/share/rmw_fastrtps_cpp/cmake)
-- Found OpenSSL: /usr/lib/x86_64-linux-gnu/libcrypto.so (found version "3.0.2")  
-- Found FastRTPS: /opt/ros/humble/include  
-- Using RMW implementation 'rmw_fastrtps_cpp' as default
-- Looking for pthread.h
-- Looking for pthread.h - found
-- Performing Test CMAKE_HAVE_LIBC_PTHREAD
-- Performing Test CMAKE_HAVE_LIBC_PTHREAD - Success
-- Found Threads: TRUE  
-- Found sensor_msgs: 4.9.0 (/opt/ros/humble/share/sensor_msgs/cmake)
-- Found unitree_hg: 0.0.0 (/home/utec/humanoid_ws/install/unitree_hg/share/unitree_hg/cmake)
-- Configuring done
-- Generating done
-- Build files have been written to: /home/utec/humanoid_ws/build/h1_2_interface
[ 50%] [32mBuilding CXX object CMakeFiles/lowstate_to_jointstates.dir/src/lowstate_to_jointstates.cpp.o[0m
[100%] [32m[1mLinking CXX executable lowstate_to_jointstates[0m
[100%] Built target lowstate_to_jointstates
-- Install configuration: ""
-- Installing: /home/utec/humanoid_ws/install/h1_2_interface/lib/h1_2_interface/lowstate_to_jointstates
-- Set runtime path of "/home/utec/humanoid_ws/install/h1_2_interface/lib/h1_2_interface/lowstate_to_jointstates" to ""
-- Installing: /home/utec/humanoid_ws/install/h1_2_interface/share/ament_index/resource_index/package_run_dependencies/h1_2_interface
-- Installing: /home/utec/humanoid_ws/install/h1_2_interface/share/ament_index/resource_index/parent_prefix_path/h1_2_interface
-- Installing: /home/utec/humanoid_ws/install/h1_2_interface/share/h1_2_interface/environment/ament_prefix_path.sh
-- Installing: /home/utec/humanoid_ws/install/h1_2_interface/share/h1_2_interface/environment/ament_prefix_path.dsv
-- Installing: /home/utec/humanoid_ws/install/h1_2_interface/share/h1_2_interface/environment/path.sh
-- Installing: /home/utec/humanoid_ws/install/h1_2_interface/share/h1_2_interface/environment/path.dsv
-- Installing: /home/utec/humanoid_ws/install/h1_2_interface/share/h1_2_interface/local_setup.bash
-- Installing: /home/utec/humanoid_ws/install/h1_2_interface/share/h1_2_interface/local_setup.sh
-- Installing: /home/utec/humanoid_ws/install/h1_2_interface/share/h1_2_interface/local_setup.zsh
-- Installing: /home/utec/humanoid_ws/install/h1_2_interface/share/h1_2_interface/local_setup.dsv
-- Installing: /home/utec/humanoid_ws/install/h1_2_interface/share/h1_2_interface/package.dsv
-- Installing: /home/utec/humanoid_ws/install/h1_2_interface/share/ament_index/resource_index/packages/h1_2_interface
-- Installing: /home/utec/humanoid_ws/install/h1_2_interface/share/h1_2_interface/cmake/h1_2_interfaceConfig.cmake
-- Installing: /home/utec/humanoid_ws/install/h1_2_interface/share/h1_2_interface/cmake/h1_2_interfaceConfig-version.cmake
-- Installing: /home/utec/humanoid_ws/install/h1_2_interface/share/h1_2_interface/package.xml
