[0.312s] Invoking command in '/home/utec/humanoid_ws/build/unitree_ros2_example': AMENT_PREFIX_PATH=/home/utec/humanoid_ws/install/unitree_hg:/home/utec/humanoid_ws/install/unitree_go:/home/utec/humanoid_ws/install/unitree_api:${AMENT_PREFIX_PATH} CMAKE_PREFIX_PATH=/home/utec/humanoid_ws/install/unitree_hg:/home/utec/humanoid_ws/install/unitree_go:/home/utec/humanoid_ws/install/unitree_api:/opt/ros/humble LD_LIBRARY_PATH=/home/utec/humanoid_ws/install/unitree_hg/lib:/home/utec/humanoid_ws/install/unitree_go/lib:/home/utec/humanoid_ws/install/unitree_api/lib:${LD_LIBRARY_PATH} PYTHONPATH=/home/utec/humanoid_ws/install/unitree_hg/local/lib/python3.10/dist-packages:/home/utec/humanoid_ws/install/unitree_go/local/lib/python3.10/dist-packages:/home/utec/humanoid_ws/install/unitree_api/local/lib/python3.10/dist-packages:${PYTHONPATH} /usr/bin/cmake --build /home/utec/humanoid_ws/build/unitree_ros2_example -- -j8 -l8
[0.403s] [  3%] Built target read_low_state_hg
[0.407s] [  6%] Built target read_low_state
[0.417s] [ 12%] Built target low_level_ctrl
[0.418s] [ 15%] Built target read_motion_state
[0.428s] [ 20%] Built target g1_low_level_example
[0.429s] [ 25%] Built target low_level_ctrl_hg
[0.447s] [ 29%] Built target read_wireless_controller
[0.454s] [ 34%] Built target go2_sport_client
[0.467s] [ 39%] Built target go2_stand_example
[0.481s] [ 44%] Built target g1_arm_action_example
[0.486s] [ 50%] Built target g1_arm_sdk_dds_example
[0.495s] [ 55%] Built target go2_robot_state_client
[0.512s] [ 60%] Built target g1_loco_client_example
[0.523s] [ 65%] Built target g1_ankle_swing_example
[0.530s] [ 70%] Built target g1_dex3_example
[0.535s] [ 74%] Built target g1_audio_client_example
[0.535s] [ 79%] Built target b2w_sport_client
[0.541s] [ 84%] Built target b2_stand_example
[0.546s] [ 89%] Built target b2w_stand_example
[0.562s] [ 94%] Built target b2_sport_client
[0.564s] [100%] Built target g1_dual_arm_example
[0.576s] Invoked command in '/home/utec/humanoid_ws/build/unitree_ros2_example' returned '0': AMENT_PREFIX_PATH=/home/utec/humanoid_ws/install/unitree_hg:/home/utec/humanoid_ws/install/unitree_go:/home/utec/humanoid_ws/install/unitree_api:${AMENT_PREFIX_PATH} CMAKE_PREFIX_PATH=/home/utec/humanoid_ws/install/unitree_hg:/home/utec/humanoid_ws/install/unitree_go:/home/utec/humanoid_ws/install/unitree_api:/opt/ros/humble LD_LIBRARY_PATH=/home/utec/humanoid_ws/install/unitree_hg/lib:/home/utec/humanoid_ws/install/unitree_go/lib:/home/utec/humanoid_ws/install/unitree_api/lib:${LD_LIBRARY_PATH} PYTHONPATH=/home/utec/humanoid_ws/install/unitree_hg/local/lib/python3.10/dist-packages:/home/utec/humanoid_ws/install/unitree_go/local/lib/python3.10/dist-packages:/home/utec/humanoid_ws/install/unitree_api/local/lib/python3.10/dist-packages:${PYTHONPATH} /usr/bin/cmake --build /home/utec/humanoid_ws/build/unitree_ros2_example -- -j8 -l8
[0.579s] Invoking command in '/home/utec/humanoid_ws/build/unitree_ros2_example': AMENT_PREFIX_PATH=/home/utec/humanoid_ws/install/unitree_hg:/home/utec/humanoid_ws/install/unitree_go:/home/utec/humanoid_ws/install/unitree_api:${AMENT_PREFIX_PATH} CMAKE_PREFIX_PATH=/home/utec/humanoid_ws/install/unitree_hg:/home/utec/humanoid_ws/install/unitree_go:/home/utec/humanoid_ws/install/unitree_api:/opt/ros/humble LD_LIBRARY_PATH=/home/utec/humanoid_ws/install/unitree_hg/lib:/home/utec/humanoid_ws/install/unitree_go/lib:/home/utec/humanoid_ws/install/unitree_api/lib:${LD_LIBRARY_PATH} PYTHONPATH=/home/utec/humanoid_ws/install/unitree_hg/local/lib/python3.10/dist-packages:/home/utec/humanoid_ws/install/unitree_go/local/lib/python3.10/dist-packages:/home/utec/humanoid_ws/install/unitree_api/local/lib/python3.10/dist-packages:${PYTHONPATH} /usr/bin/cmake --install /home/utec/humanoid_ws/build/unitree_ros2_example
[0.587s] -- Install configuration: ""
[0.588s] -- Up-to-date: /home/utec/humanoid_ws/install/unitree_ros2_example/lib/low_level_ctrl
[0.589s] -- Up-to-date: /home/utec/humanoid_ws/install/unitree_ros2_example/lib/low_level_ctrl_hg
[0.589s] -- Up-to-date: /home/utec/humanoid_ws/install/unitree_ros2_example/lib/g1_low_level_example
[0.590s] -- Up-to-date: /home/utec/humanoid_ws/install/unitree_ros2_example/lib/read_low_state
[0.591s] -- Up-to-date: /home/utec/humanoid_ws/install/unitree_ros2_example/lib/read_low_state_hg
[0.592s] -- Up-to-date: /home/utec/humanoid_ws/install/unitree_ros2_example/lib/read_motion_state
[0.596s] -- Up-to-date: /home/utec/humanoid_ws/install/unitree_ros2_example/lib/read_wireless_controller
[0.596s] -- Up-to-date: /home/utec/humanoid_ws/install/unitree_ros2_example/lib/go2_sport_client
[0.596s] -- Up-to-date: /home/utec/humanoid_ws/install/unitree_ros2_example/lib/go2_stand_example
[0.596s] -- Up-to-date: /home/utec/humanoid_ws/install/unitree_ros2_example/bin/go2_robot_state_client
[0.596s] -- Up-to-date: /home/utec/humanoid_ws/install/unitree_ros2_example/bin/g1_arm_sdk_dds_example
[0.597s] -- Up-to-date: /home/utec/humanoid_ws/install/unitree_ros2_example/bin/g1_arm_action_example
[0.598s] -- Up-to-date: /home/utec/humanoid_ws/install/unitree_ros2_example/bin/g1_dex3_example
[0.598s] -- Up-to-date: /home/utec/humanoid_ws/install/unitree_ros2_example/bin/g1_loco_client_example
[0.599s] -- Up-to-date: /home/utec/humanoid_ws/install/unitree_ros2_example/bin/g1_ankle_swing_example
[0.600s] -- Up-to-date: /home/utec/humanoid_ws/install/unitree_ros2_example/bin/g1_dual_arm_example
[0.601s] -- Up-to-date: /home/utec/humanoid_ws/install/unitree_ros2_example/bin/g1_audio_client_example
[0.601s] -- Up-to-date: /home/utec/humanoid_ws/install/unitree_ros2_example/share/ament_index/resource_index/package_run_dependencies/unitree_ros2_example
[0.601s] -- Up-to-date: /home/utec/humanoid_ws/install/unitree_ros2_example/share/ament_index/resource_index/parent_prefix_path/unitree_ros2_example
[0.601s] -- Up-to-date: /home/utec/humanoid_ws/install/unitree_ros2_example/share/unitree_ros2_example/environment/ament_prefix_path.sh
[0.601s] -- Up-to-date: /home/utec/humanoid_ws/install/unitree_ros2_example/share/unitree_ros2_example/environment/ament_prefix_path.dsv
[0.602s] -- Up-to-date: /home/utec/humanoid_ws/install/unitree_ros2_example/share/unitree_ros2_example/environment/path.sh
[0.602s] -- Up-to-date: /home/utec/humanoid_ws/install/unitree_ros2_example/share/unitree_ros2_example/environment/path.dsv
[0.605s] -- Up-to-date: /home/utec/humanoid_ws/install/unitree_ros2_example/share/unitree_ros2_example/local_setup.bash
[0.605s] -- Up-to-date: /home/utec/humanoid_ws/install/unitree_ros2_example/share/unitree_ros2_example/local_setup.sh
[0.605s] -- Up-to-date: /home/utec/humanoid_ws/install/unitree_ros2_example/share/unitree_ros2_example/local_setup.zsh
[0.605s] -- Up-to-date: /home/utec/humanoid_ws/install/unitree_ros2_example/share/unitree_ros2_example/local_setup.dsv
[0.605s] -- Installing: /home/utec/humanoid_ws/install/unitree_ros2_example/share/unitree_ros2_example/package.dsv
[0.605s] -- Up-to-date: /home/utec/humanoid_ws/install/unitree_ros2_example/share/ament_index/resource_index/packages/unitree_ros2_example
[0.605s] -- Up-to-date: /home/utec/humanoid_ws/install/unitree_ros2_example/share/unitree_ros2_example/cmake/unitree_ros2_exampleConfig.cmake
[0.605s] -- Up-to-date: /home/utec/humanoid_ws/install/unitree_ros2_example/share/unitree_ros2_example/cmake/unitree_ros2_exampleConfig-version.cmake
[0.605s] -- Up-to-date: /home/utec/humanoid_ws/install/unitree_ros2_example/share/unitree_ros2_example/package.xml
[0.608s] Invoked command in '/home/utec/humanoid_ws/build/unitree_ros2_example' returned '0': AMENT_PREFIX_PATH=/home/utec/humanoid_ws/install/unitree_hg:/home/utec/humanoid_ws/install/unitree_go:/home/utec/humanoid_ws/install/unitree_api:${AMENT_PREFIX_PATH} CMAKE_PREFIX_PATH=/home/utec/humanoid_ws/install/unitree_hg:/home/utec/humanoid_ws/install/unitree_go:/home/utec/humanoid_ws/install/unitree_api:/opt/ros/humble LD_LIBRARY_PATH=/home/utec/humanoid_ws/install/unitree_hg/lib:/home/utec/humanoid_ws/install/unitree_go/lib:/home/utec/humanoid_ws/install/unitree_api/lib:${LD_LIBRARY_PATH} PYTHONPATH=/home/utec/humanoid_ws/install/unitree_hg/local/lib/python3.10/dist-packages:/home/utec/humanoid_ws/install/unitree_go/local/lib/python3.10/dist-packages:/home/utec/humanoid_ws/install/unitree_api/local/lib/python3.10/dist-packages:${PYTHONPATH} /usr/bin/cmake --install /home/utec/humanoid_ws/build/unitree_ros2_example
