[0.124s] Invoking command in '/home/utec/humanoid_ws/build/h1_2_interface': CMAKE_PREFIX_PATH=/home/utec/humanoid_ws/install/unitree_hg:/home/utec/humanoid_ws/install/unitree_ros2_example:/home/utec/humanoid_ws/install/h1_2_interface:/home/utec/humanoid_ws/install/unitree_go:/home/utec/humanoid_ws/install/unitree_api:/home/utec/humanoid_ws/install/h1_2_description:/home/utec/barirobot_ws/install/ur5_move:/home/utec/humanoid_ws/install/pycodes_h1:/home/utec/humanoid_ws/install/h1_2_model:/home/utec/humanoid_ws/install/h1_2_algoritms:/home/utec/barirobot_ws/install/ur5_algoritmos:/home/utec/barirobot_ws/install/cam_code:/home/utec/barirobot_ws/install/bringup_bar:/opt/ros/humble PS1=\[\e]0;\u@\h: \w\a\]${debian_chroot:+($debian_chroot)}\[\033[01;32m\]\u@\h\[\033[00m\]:\[\033[01;34m\]\w\[\033[00m\]\$ /usr/bin/cmake --build /home/utec/humanoid_ws/build/h1_2_interface -- -j8 -l8
[0.820s] [100%] Built target lowstate_to_jointstates
[0.834s] Invoked command in '/home/utec/humanoid_ws/build/h1_2_interface' returned '0': CMAKE_PREFIX_PATH=/home/utec/humanoid_ws/install/unitree_hg:/home/utec/humanoid_ws/install/unitree_ros2_example:/home/utec/humanoid_ws/install/h1_2_interface:/home/utec/humanoid_ws/install/unitree_go:/home/utec/humanoid_ws/install/unitree_api:/home/utec/humanoid_ws/install/h1_2_description:/home/utec/barirobot_ws/install/ur5_move:/home/utec/humanoid_ws/install/pycodes_h1:/home/utec/humanoid_ws/install/h1_2_model:/home/utec/humanoid_ws/install/h1_2_algoritms:/home/utec/barirobot_ws/install/ur5_algoritmos:/home/utec/barirobot_ws/install/cam_code:/home/utec/barirobot_ws/install/bringup_bar:/opt/ros/humble PS1=\[\e]0;\u@\h: \w\a\]${debian_chroot:+($debian_chroot)}\[\033[01;32m\]\u@\h\[\033[00m\]:\[\033[01;34m\]\w\[\033[00m\]\$ /usr/bin/cmake --build /home/utec/humanoid_ws/build/h1_2_interface -- -j8 -l8
[0.835s] Invoking command in '/home/utec/humanoid_ws/build/h1_2_interface': CMAKE_PREFIX_PATH=/home/utec/humanoid_ws/install/unitree_hg:/home/utec/humanoid_ws/install/unitree_ros2_example:/home/utec/humanoid_ws/install/h1_2_interface:/home/utec/humanoid_ws/install/unitree_go:/home/utec/humanoid_ws/install/unitree_api:/home/utec/humanoid_ws/install/h1_2_description:/home/utec/barirobot_ws/install/ur5_move:/home/utec/humanoid_ws/install/pycodes_h1:/home/utec/humanoid_ws/install/h1_2_model:/home/utec/humanoid_ws/install/h1_2_algoritms:/home/utec/barirobot_ws/install/ur5_algoritmos:/home/utec/barirobot_ws/install/cam_code:/home/utec/barirobot_ws/install/bringup_bar:/opt/ros/humble PS1=\[\e]0;\u@\h: \w\a\]${debian_chroot:+($debian_chroot)}\[\033[01;32m\]\u@\h\[\033[00m\]:\[\033[01;34m\]\w\[\033[00m\]\$ /usr/bin/cmake --install /home/utec/humanoid_ws/build/h1_2_interface
[0.849s] -- Install configuration: ""
[0.850s] -- Up-to-date: /home/utec/humanoid_ws/install/h1_2_interface/lib/h1_2_interface/lowstate_to_jointstates
[0.852s] -- Up-to-date: /home/utec/humanoid_ws/install/h1_2_interface/share/ament_index/resource_index/package_run_dependencies/h1_2_interface
[0.852s] -- Up-to-date: /home/utec/humanoid_ws/install/h1_2_interface/share/ament_index/resource_index/parent_prefix_path/h1_2_interface
[0.852s] -- Up-to-date: /home/utec/humanoid_ws/install/h1_2_interface/share/h1_2_interface/environment/ament_prefix_path.sh
[0.852s] -- Up-to-date: /home/utec/humanoid_ws/install/h1_2_interface/share/h1_2_interface/environment/ament_prefix_path.dsv
[0.853s] -- Up-to-date: /home/utec/humanoid_ws/install/h1_2_interface/share/h1_2_interface/environment/path.sh
[0.854s] -- Up-to-date: /home/utec/humanoid_ws/install/h1_2_interface/share/h1_2_interface/environment/path.dsv
[0.855s] -- Up-to-date: /home/utec/humanoid_ws/install/h1_2_interface/share/h1_2_interface/local_setup.bash
[0.856s] -- Up-to-date: /home/utec/humanoid_ws/install/h1_2_interface/share/h1_2_interface/local_setup.sh
[0.856s] -- Up-to-date: /home/utec/humanoid_ws/install/h1_2_interface/share/h1_2_interface/local_setup.zsh
[0.856s] -- Up-to-date: /home/utec/humanoid_ws/install/h1_2_interface/share/h1_2_interface/local_setup.dsv
[0.856s] -- Installing: /home/utec/humanoid_ws/install/h1_2_interface/share/h1_2_interface/package.dsv
[0.858s] -- Up-to-date: /home/utec/humanoid_ws/install/h1_2_interface/share/ament_index/resource_index/packages/h1_2_interface
[0.858s] -- Up-to-date: /home/utec/humanoid_ws/install/h1_2_interface/share/h1_2_interface/cmake/h1_2_interfaceConfig.cmake
[0.858s] -- Up-to-date: /home/utec/humanoid_ws/install/h1_2_interface/share/h1_2_interface/cmake/h1_2_interfaceConfig-version.cmake
[0.858s] -- Up-to-date: /home/utec/humanoid_ws/install/h1_2_interface/share/h1_2_interface/package.xml
[0.858s] Invoked command in '/home/utec/humanoid_ws/build/h1_2_interface' returned '0': CMAKE_PREFIX_PATH=/home/utec/humanoid_ws/install/unitree_hg:/home/utec/humanoid_ws/install/unitree_ros2_example:/home/utec/humanoid_ws/install/h1_2_interface:/home/utec/humanoid_ws/install/unitree_go:/home/utec/humanoid_ws/install/unitree_api:/home/utec/humanoid_ws/install/h1_2_description:/home/utec/barirobot_ws/install/ur5_move:/home/utec/humanoid_ws/install/pycodes_h1:/home/utec/humanoid_ws/install/h1_2_model:/home/utec/humanoid_ws/install/h1_2_algoritms:/home/utec/barirobot_ws/install/ur5_algoritmos:/home/utec/barirobot_ws/install/cam_code:/home/utec/barirobot_ws/install/bringup_bar:/opt/ros/humble PS1=\[\e]0;\u@\h: \w\a\]${debian_chroot:+($debian_chroot)}\[\033[01;32m\]\u@\h\[\033[00m\]:\[\033[01;34m\]\w\[\033[00m\]\$ /usr/bin/cmake --install /home/utec/humanoid_ws/build/h1_2_interface
