/home/utec/humanoid_ws/install/h1_2_model/lib/python3.10/site-packages/h1_2_model/kinematic_controller_fixed.py
/home/utec/humanoid_ws/install/h1_2_model/lib/python3.10/site-packages/h1_2_model/kinematic_controller_wb1.py
/home/utec/humanoid_ws/install/h1_2_model/lib/python3.10/site-packages/h1_2_model/__init__.py
/home/utec/humanoid_ws/install/h1_2_model/lib/python3.10/site-packages/h1_2_model/joint_publisher.py
/home/utec/humanoid_ws/install/h1_2_model/lib/python3.10/site-packages/h1_2_model/jacobian_test.py
/home/utec/humanoid_ws/install/h1_2_model/lib/python3.10/site-packages/h1_2_model/fk_test_pose.py
/home/utec/humanoid_ws/install/h1_2_model/lib/python3.10/site-packages/h1_2_model/kinematic_controller_wb2.py
/home/utec/humanoid_ws/install/h1_2_model/lib/python3.10/site-packages/h1_2_model/jacobian_numeric_test.py
/home/utec/humanoid_ws/install/h1_2_model/lib/python3.10/site-packages/h1_2_model/fk_test_position.py
/home/utec/humanoid_ws/install/h1_2_model/lib/python3.10/site-packages/h1_2_model/__pycache__/kinematic_controller_fixed.cpython-310.pyc
/home/utec/humanoid_ws/install/h1_2_model/lib/python3.10/site-packages/h1_2_model/__pycache__/kinematic_controller_wb1.cpython-310.pyc
/home/utec/humanoid_ws/install/h1_2_model/lib/python3.10/site-packages/h1_2_model/__pycache__/__init__.cpython-310.pyc
/home/utec/humanoid_ws/install/h1_2_model/lib/python3.10/site-packages/h1_2_model/__pycache__/joint_publisher.cpython-310.pyc
/home/utec/humanoid_ws/install/h1_2_model/lib/python3.10/site-packages/h1_2_model/__pycache__/jacobian_test.cpython-310.pyc
/home/utec/humanoid_ws/install/h1_2_model/lib/python3.10/site-packages/h1_2_model/__pycache__/fk_test_pose.cpython-310.pyc
/home/utec/humanoid_ws/install/h1_2_model/lib/python3.10/site-packages/h1_2_model/__pycache__/kinematic_controller_wb2.cpython-310.pyc
/home/utec/humanoid_ws/install/h1_2_model/lib/python3.10/site-packages/h1_2_model/__pycache__/jacobian_numeric_test.cpython-310.pyc
/home/utec/humanoid_ws/install/h1_2_model/lib/python3.10/site-packages/h1_2_model/__pycache__/fk_test_position.cpython-310.pyc
/home/utec/humanoid_ws/install/h1_2_model/share/ament_index/resource_index/packages/h1_2_model
/home/utec/humanoid_ws/install/h1_2_model/share/h1_2_model/package.xml
/home/utec/humanoid_ws/install/h1_2_model/share/h1_2_model/launch/display_handless_jacobian.launch.py
/home/utec/humanoid_ws/install/h1_2_model/share/h1_2_model/launch/display_handless_kinecontrol.launch.py
/home/utec/humanoid_ws/install/h1_2_model/share/h1_2_model/launch/display_handless_fk.launch.py
/home/utec/humanoid_ws/install/h1_2_model/share/h1_2_model/rviz/h1_2_display_marker_fk.rviz
/home/utec/humanoid_ws/install/h1_2_model/share/h1_2_model/rviz/h1_2_display_marker_kinecontrol.rviz
/home/utec/humanoid_ws/install/h1_2_model/share/h1_2_model/rviz/h1_2_display_marker_jacobian.rviz
/home/utec/humanoid_ws/install/h1_2_model/lib/python3.10/site-packages/h1_2_model-0.0.1-py3.10.egg-info/top_level.txt
/home/utec/humanoid_ws/install/h1_2_model/lib/python3.10/site-packages/h1_2_model-0.0.1-py3.10.egg-info/entry_points.txt
/home/utec/humanoid_ws/install/h1_2_model/lib/python3.10/site-packages/h1_2_model-0.0.1-py3.10.egg-info/PKG-INFO
/home/utec/humanoid_ws/install/h1_2_model/lib/python3.10/site-packages/h1_2_model-0.0.1-py3.10.egg-info/zip-safe
/home/utec/humanoid_ws/install/h1_2_model/lib/python3.10/site-packages/h1_2_model-0.0.1-py3.10.egg-info/requires.txt
/home/utec/humanoid_ws/install/h1_2_model/lib/python3.10/site-packages/h1_2_model-0.0.1-py3.10.egg-info/dependency_links.txt
/home/utec/humanoid_ws/install/h1_2_model/lib/python3.10/site-packages/h1_2_model-0.0.1-py3.10.egg-info/SOURCES.txt
/home/utec/humanoid_ws/install/h1_2_model/lib/h1_2_model/fk_test_pose
/home/utec/humanoid_ws/install/h1_2_model/lib/h1_2_model/fk_test_position
/home/utec/humanoid_ws/install/h1_2_model/lib/h1_2_model/jacobian_numeric_test
/home/utec/humanoid_ws/install/h1_2_model/lib/h1_2_model/jacobian_test
/home/utec/humanoid_ws/install/h1_2_model/lib/h1_2_model/joint_publisher
/home/utec/humanoid_ws/install/h1_2_model/lib/h1_2_model/kinematic_controller_fixed
/home/utec/humanoid_ws/install/h1_2_model/lib/h1_2_model/kinematic_controller_wb1
/home/utec/humanoid_ws/install/h1_2_model/lib/h1_2_model/kinematic_controller_wb2
