[0.014s] Invoking command in '/home/utec/humanoid_ws/build/unitree_ros2_example': CMAKE_PREFIX_PATH=/home/utec/humanoid_ws/install/unitree_hg:/home/utec/humanoid_ws/install/unitree_go:/home/utec/humanoid_ws/install/unitree_api:/home/utec/humanoid_ws/install/unitree_ros2_example:/home/utec/humanoid_ws/install/h1_2_interface:/home/utec/humanoid_ws/install/h1_2_description:/home/utec/humanoid_ws/install/pycodes_h1:/home/utec/humanoid_ws/install/h1_2_model:/opt/ros/humble /usr/bin/cmake /home/utec/humanoid_ws/src/unitree_ros2/example/src -DCMAKE_INSTALL_PREFIX=/home/utec/humanoid_ws/install/unitree_ros2_example
[0.076s] -- The C compiler identification is GNU 11.4.0
[0.134s] -- The CXX compiler identification is GNU 11.4.0
[0.141s] -- Detecting C compiler ABI info
[0.215s] -- Detecting C compiler ABI info - done
[0.227s] -- Check for working C compiler: /usr/bin/cc - skipped
[0.227s] -- Detecting C compile features
[0.228s] -- Detecting C compile features - done
[0.232s] -- Detecting CXX compiler ABI info
[0.326s] -- Detecting CXX compiler ABI info - done
[0.340s] -- Check for working CXX compiler: /usr/bin/c++ - skipped
[0.340s] -- Detecting CXX compile features
[0.341s] -- Detecting CXX compile features - done
[0.346s] -- Found ament_cmake: 1.3.12 (/opt/ros/humble/share/ament_cmake/cmake)
[0.537s] -- Found Python3: /usr/bin/python3 (found version "3.10.12") found components: Interpreter 
[0.657s] -- Found unitree_go: 0.0.0 (/home/utec/humanoid_ws/install/unitree_go/share/unitree_go/cmake)
[0.715s] -- Found rosidl_generator_c: 3.1.7 (/opt/ros/humble/share/rosidl_generator_c/cmake)
[0.722s] -- Found rosidl_adapter: 3.1.7 (/opt/ros/humble/share/rosidl_adapter/cmake)
[0.732s] -- Found rosidl_generator_cpp: 3.1.7 (/opt/ros/humble/share/rosidl_generator_cpp/cmake)
[0.747s] -- Using all available rosidl_typesupport_c: rosidl_typesupport_fastrtps_c;rosidl_typesupport_introspection_c
[0.766s] -- Using all available rosidl_typesupport_cpp: rosidl_typesupport_fastrtps_cpp;rosidl_typesupport_introspection_cpp
[0.827s] -- Found unitree_hg: 0.0.0 (/home/utec/humanoid_ws/install/unitree_hg/share/unitree_hg/cmake)
[0.840s] -- Found unitree_api: 0.0.0 (/home/utec/humanoid_ws/install/unitree_api/share/unitree_api/cmake)
[0.856s] -- Found rclcpp: 16.0.15 (/opt/ros/humble/share/rclcpp/cmake)
[0.904s] -- Found rmw_implementation_cmake: 6.1.2 (/opt/ros/humble/share/rmw_implementation_cmake/cmake)
[0.908s] -- Found rmw_fastrtps_cpp: 6.2.9 (/opt/ros/humble/share/rmw_fastrtps_cpp/cmake)
[1.013s] -- Found OpenSSL: /usr/lib/x86_64-linux-gnu/libcrypto.so (found version "3.0.2")  
[1.053s] -- Found FastRTPS: /opt/ros/humble/include  
[1.099s] -- Using RMW implementation 'rmw_fastrtps_cpp' as default
[1.110s] -- Looking for pthread.h
[1.183s] -- Looking for pthread.h - found
[1.183s] -- Performing Test CMAKE_HAVE_LIBC_PTHREAD
[1.259s] -- Performing Test CMAKE_HAVE_LIBC_PTHREAD - Success
[1.260s] -- Found Threads: TRUE  
[1.303s] -- Found rosbag2_cpp: 0.15.15 (/opt/ros/humble/share/rosbag2_cpp/cmake)
[1.407s] -- Found yaml-cpp version 0.7.0
[1.415s] -- Found ament_lint_auto: 0.12.14 (/opt/ros/humble/share/ament_lint_auto/cmake)
[1.505s] -- Added test 'copyright' to check source files copyright and LICENSE
[1.509s] -- Added test 'cppcheck' to perform static code analysis on C / C++ code
[1.511s] -- Configured cppcheck include dirs: /home/utec/humanoid_ws/src/unitree_ros2/example/src/include;/home/utec/humanoid_ws/src/unitree_ros2/example/src/include/common;/home/utec/humanoid_ws/src/unitree_ros2/example/src/include/nlohmann
[1.512s] -- Configured cppcheck exclude dirs and/or files: 
[1.516s] -- Added test 'cpplint' to check C / C++ code against the Google style
[1.516s] -- Configured cpplint exclude dirs and/or files: 
[1.518s] -- Added test 'lint_cmake' to check CMake code style
[1.523s] -- Added test 'uncrustify' to check C / C++ code style
[1.523s] -- Configured uncrustify additional arguments: 
[1.524s] -- Added test 'xmllint' to check XML markup files
[1.525s] -- Configuring done
[1.634s] -- Generating done
[1.675s] -- Build files have been written to: /home/utec/humanoid_ws/build/unitree_ros2_example
[1.688s] Invoked command in '/home/utec/humanoid_ws/build/unitree_ros2_example' returned '0': CMAKE_PREFIX_PATH=/home/utec/humanoid_ws/install/unitree_hg:/home/utec/humanoid_ws/install/unitree_go:/home/utec/humanoid_ws/install/unitree_api:/home/utec/humanoid_ws/install/unitree_ros2_example:/home/utec/humanoid_ws/install/h1_2_interface:/home/utec/humanoid_ws/install/h1_2_description:/home/utec/humanoid_ws/install/pycodes_h1:/home/utec/humanoid_ws/install/h1_2_model:/opt/ros/humble /usr/bin/cmake /home/utec/humanoid_ws/src/unitree_ros2/example/src -DCMAKE_INSTALL_PREFIX=/home/utec/humanoid_ws/install/unitree_ros2_example
[1.689s] Invoking command in '/home/utec/humanoid_ws/build/unitree_ros2_example': CMAKE_PREFIX_PATH=/home/utec/humanoid_ws/install/unitree_hg:/home/utec/humanoid_ws/install/unitree_go:/home/utec/humanoid_ws/install/unitree_api:/home/utec/humanoid_ws/install/unitree_ros2_example:/home/utec/humanoid_ws/install/h1_2_interface:/home/utec/humanoid_ws/install/h1_2_description:/home/utec/humanoid_ws/install/pycodes_h1:/home/utec/humanoid_ws/install/h1_2_model:/opt/ros/humble /usr/bin/cmake --build /home/utec/humanoid_ws/build/unitree_ros2_example -- -j8 -l8
[1.741s] [  1%] [32mBuilding CXX object CMakeFiles/read_low_state.dir/src/read_low_state.cpp.o[0m
[1.742s] [  3%] [32mBuilding CXX object CMakeFiles/g1_low_level_example.dir/src/g1/lowlevel/g1_low_level_example.cpp.o[0m
[1.742s] [  5%] [32mBuilding CXX object CMakeFiles/low_level_ctrl.dir/src/low_level_ctrl.cpp.o[0m
[1.743s] [  6%] [32mBuilding CXX object CMakeFiles/low_level_ctrl_hg.dir/src/h1-2/lowlevel/low_level_ctrl_hg.cpp.o[0m
[1.746s] [  8%] [32mBuilding CXX object CMakeFiles/read_low_state_hg.dir/src/read_low_state_hg.cpp.o[0m
[2.791s] [ 10%] [32mBuilding CXX object CMakeFiles/go2_sport_client.dir/src/go2/go2_sport_client.cpp.o[0m
[2.812s] [ 12%] [32mBuilding CXX object CMakeFiles/read_motion_state.dir/src/read_motion_state.cpp.o[0m
[2.814s] [ 13%] [32mBuilding CXX object CMakeFiles/read_wireless_controller.dir/src/read_wireless_controller.cpp.o[0m
[10.779s] [ 15%] [32mBuilding CXX object CMakeFiles/low_level_ctrl.dir/src/common/motor_crc.cpp.o[0m
[16.964s] [ 17%] [32m[1mLinking CXX executable low_level_ctrl[0m
[17.413s] [ 17%] Built target low_level_ctrl
[19.057s] [ 18%] [32m[1mLinking CXX executable read_low_state_hg[0m
[19.647s] [ 20%] [32m[1mLinking CXX executable read_wireless_controller[0m
[19.741s] [ 22%] [32m[1mLinking CXX executable read_low_state[0m
[19.895s] [ 22%] Built target read_low_state_hg
[20.180s] [ 24%] [32m[1mLinking CXX executable read_motion_state[0m
[20.198s] [ 25%] [32mBuilding CXX object CMakeFiles/g1_low_level_example.dir/src/common/motor_crc_hg.cpp.o[0m
[20.439s] [ 25%] Built target read_wireless_controller
[20.480s] [ 27%] [32mBuilding CXX object CMakeFiles/low_level_ctrl_hg.dir/src/common/motor_crc_hg.cpp.o[0m
[20.516s] [ 27%] Built target read_low_state
[20.817s] [ 27%] Built target read_motion_state
[22.149s] [ 29%] [32mBuilding CXX object CMakeFiles/go2_sport_client.dir/src/common/ros2_sport_client.cpp.o[0m
[23.658s] [ 31%] [32m[1mLinking CXX executable g1_low_level_example[0m
[23.758s] [ 32%] [32m[1mLinking CXX executable low_level_ctrl_hg[0m
[24.251s] [ 32%] Built target g1_low_level_example
[24.316s] [ 32%] Built target low_level_ctrl_hg
[25.339s] [ 34%] [32mBuilding CXX object CMakeFiles/g1_ankle_swing_example.dir/src/g1/lowlevel/g1_ankle_swing_example.cpp.o[0m
[26.351s] [ 36%] [32mBuilding CXX object CMakeFiles/g1_loco_client_example.dir/src/g1/high_level/loco_client_example.cpp.o[0m
[26.664s] In file included from [01m[K/home/utec/humanoid_ws/src/unitree_ros2/example/src/include/common/base_client.hpp:11[m[K,
[26.665s]                  from [01m[K/home/utec/humanoid_ws/src/unitree_ros2/example/src/include/g1/g1_loco_client.hpp:10[m[K,
[26.665s]                  from [01m[K/home/utec/humanoid_ws/src/unitree_ros2/example/src/src/g1/high_level/loco_client_example.cpp:3[m[K:
[26.665s] [01m[K/home/utec/humanoid_ws/src/unitree_ros2/example/src/include/common/ut_errror.hpp:13:59:[m[K [01;35m[Kwarning: [m[Kbackslash-newline at end of file
[26.665s]    13 | #define UT_PRINT_ERR(code, error)                         \
[26.665s]       |                                                            
[27.363s] [ 37%] [32mBuilding CXX object CMakeFiles/g1_dex3_example.dir/src/g1/dex3/g1_dex3_example.cpp.o[0m
[28.385s] [ 39%] [32mBuilding CXX object CMakeFiles/g1_arm_action_example.dir/src/g1/high_level/g1_arm_action_example.cpp.o[0m
[28.588s] In file included from [01m[K/home/utec/humanoid_ws/src/unitree_ros2/example/src/src/g1/high_level/g1_arm_action_example.cpp:11[m[K:
[28.588s] [01m[K/home/utec/humanoid_ws/src/unitree_ros2/example/src/include/common/ut_errror.hpp:13:59:[m[K [01;35m[Kwarning: [m[Kbackslash-newline at end of file
[28.588s]    13 | #define UT_PRINT_ERR(code, error)                         \
[28.588s]       |                                                            
[29.405s] [ 41%] [32mBuilding CXX object CMakeFiles/g1_arm_sdk_dds_example.dir/src/g1/high_level/g1_arm_sdk_dds_example.cpp.o[0m
[37.313s] [ 43%] [32m[1mLinking CXX executable go2_sport_client[0m
[38.492s] [ 43%] Built target go2_sport_client
[42.037s] [ 44%] [32mBuilding CXX object CMakeFiles/g1_ankle_swing_example.dir/src/common/motor_crc_hg.cpp.o[0m
[42.821s] [ 46%] [32mBuilding CXX object CMakeFiles/g1_dex3_example.dir/src/common/motor_crc.cpp.o[0m
[43.009s] [ 48%] [32mBuilding CXX object CMakeFiles/g1_loco_client_example.dir/src/common/motor_crc.cpp.o[0m
[44.374s] [ 50%] [32mBuilding CXX object CMakeFiles/g1_arm_sdk_dds_example.dir/src/common/motor_crc.cpp.o[0m
[45.541s] [ 51%] [32mBuilding CXX object CMakeFiles/go2_robot_state_client.dir/src/go2/go2_robot_state_client.cpp.o[0m
[45.893s] [ 53%] [32mBuilding CXX object CMakeFiles/g1_arm_action_example.dir/src/common/motor_crc.cpp.o[0m
[46.935s] [ 55%] [32mBuilding CXX object CMakeFiles/g1_audio_client_example.dir/src/g1/audio_client/g1_audio_client_example.cpp.o[0m
[47.080s] [ 56%] [32m[1mLinking CXX executable g1_ankle_swing_example[0m
[47.579s] In file included from [01m[K/home/utec/humanoid_ws/src/unitree_ros2/example/src/include/common/base_client.hpp:11[m[K,
[47.580s]                  from [01m[K/home/utec/humanoid_ws/src/unitree_ros2/example/src/include/g1/g1_audio_client.hpp:6[m[K,
[47.580s]                  from [01m[K/home/utec/humanoid_ws/src/unitree_ros2/example/src/src/g1/audio_client/g1_audio_client_example.cpp:11[m[K:
[47.580s] [01m[K/home/utec/humanoid_ws/src/unitree_ros2/example/src/include/common/ut_errror.hpp:13:59:[m[K [01;35m[Kwarning: [m[Kbackslash-newline at end of file
[47.580s]    13 | #define UT_PRINT_ERR(code, error)                         \
[47.580s]       |                                                            
[48.133s] [ 58%] [32m[1mLinking CXX executable g1_dex3_example[0m
[48.569s] [ 58%] Built target g1_ankle_swing_example
[48.588s] [ 60%] [32mBuilding CXX object CMakeFiles/go2_robot_state_client.dir/src/common/motor_crc.cpp.o[0m
[49.401s] [ 60%] Built target g1_dex3_example
[49.525s] [ 62%] [32m[1mLinking CXX executable g1_loco_client_example[0m
[50.795s] [ 63%] [32m[1mLinking CXX executable g1_arm_sdk_dds_example[0m
[50.812s] [ 63%] Built target g1_loco_client_example
[51.639s] [ 63%] Built target g1_arm_sdk_dds_example
[52.634s] [ 65%] [32m[1mLinking CXX executable g1_arm_action_example[0m
[53.379s] [ 65%] Built target g1_arm_action_example
[62.120s] [ 67%] [32m[1mLinking CXX executable go2_robot_state_client[0m
[62.694s] [ 68%] [32m[1mLinking CXX executable g1_audio_client_example[0m
[62.877s] [ 68%] Built target go2_robot_state_client
[62.914s] [ 70%] [32mBuilding CXX object CMakeFiles/g1_dual_arm_example.dir/src/g1/lowlevel/g1_dual_arm_example.cpp.o[0m
[62.922s] [ 72%] [32mBuilding CXX object CMakeFiles/g1_dual_arm_example.dir/src/common/motor_crc_hg.cpp.o[0m
[63.338s] In file included from [01m[K/home/utec/humanoid_ws/src/unitree_ros2/example/src/include/common/base_client.hpp:11[m[K,
[63.339s]                  from [01m[K/home/utec/humanoid_ws/src/unitree_ros2/example/src/include/g1/g1_motion_switch_client.hpp:11[m[K,
[63.339s]                  from [01m[K/home/utec/humanoid_ws/src/unitree_ros2/example/src/src/g1/lowlevel/g1_dual_arm_example.cpp:18[m[K:
[63.339s] [01m[K/home/utec/humanoid_ws/src/unitree_ros2/example/src/include/common/ut_errror.hpp:13:59:[m[K [01;35m[Kwarning: [m[Kbackslash-newline at end of file
[63.339s]    13 | #define UT_PRINT_ERR(code, error)                         \
[63.339s]       |                                                            
[63.444s] [ 72%] Built target g1_audio_client_example
[63.467s] [ 74%] [32mBuilding CXX object CMakeFiles/b2_sport_client.dir/src/common/ros2_b2_sport_client.cpp.o[0m
[63.467s] [ 75%] [32mBuilding CXX object CMakeFiles/b2_sport_client.dir/src/b2/b2_sport_client.cpp.o[0m
[70.893s] [ 77%] [32m[1mLinking CXX executable b2_sport_client[0m
[71.161s] [ 77%] Built target b2_sport_client
[71.189s] [ 79%] [32mBuilding CXX object CMakeFiles/b2_stand_example.dir/src/b2/b2_stand_example.cpp.o[0m
[71.191s] [ 81%] [32mBuilding CXX object CMakeFiles/b2w_stand_example.dir/src/common/motor_crc.cpp.o[0m
[71.194s] [ 82%] [32mBuilding CXX object CMakeFiles/b2_stand_example.dir/src/common/motor_crc.cpp.o[0m
[71.202s] [ 84%] [32mBuilding CXX object CMakeFiles/b2w_sport_client.dir/src/common/ros2_b2_sport_client.cpp.o[0m
[71.202s] [ 86%] [32mBuilding CXX object CMakeFiles/b2w_sport_client.dir/src/b2w/b2w_sport_client.cpp.o[0m
[71.202s] [ 87%] [32mBuilding CXX object CMakeFiles/b2w_stand_example.dir/src/b2w/b2w_stand_example.cpp.o[0m
[71.801s] In file included from [01m[K/home/utec/humanoid_ws/src/unitree_ros2/example/src/include/common/b2_base_client.hpp:16[m[K,
[71.802s]                  from [01m[K/home/utec/humanoid_ws/src/unitree_ros2/example/src/include/b2/b2_motion_switch_client.hpp:11[m[K,
[71.802s]                  from [01m[K/home/utec/humanoid_ws/src/unitree_ros2/example/src/src/b2/b2_stand_example.cpp:11[m[K:
[71.802s] [01m[K/home/utec/humanoid_ws/src/unitree_ros2/example/src/include/common/ut_errror.hpp:13:59:[m[K [01;35m[Kwarning: [m[Kbackslash-newline at end of file
[71.802s]    13 | #define UT_PRINT_ERR(code, error)                         \
[71.802s]       |                                                            
[71.826s] In file included from [01m[K/home/utec/humanoid_ws/src/unitree_ros2/example/src/include/common/b2_base_client.hpp:16[m[K,
[71.826s]                  from [01m[K/home/utec/humanoid_ws/src/unitree_ros2/example/src/include/b2/b2_motion_switch_client.hpp:11[m[K,
[71.826s]                  from [01m[K/home/utec/humanoid_ws/src/unitree_ros2/example/src/src/b2w/b2w_stand_example.cpp:11[m[K:
[71.826s] [01m[K/home/utec/humanoid_ws/src/unitree_ros2/example/src/include/common/ut_errror.hpp:13:59:[m[K [01;35m[Kwarning: [m[Kbackslash-newline at end of file
[71.826s]    13 | #define UT_PRINT_ERR(code, error)                         \
[71.826s]       |                                                            
[80.858s] [ 89%] [32m[1mLinking CXX executable b2w_sport_client[0m
[81.116s] [ 89%] Built target b2w_sport_client
[81.143s] [ 91%] [32mBuilding CXX object CMakeFiles/go2_stand_example.dir/src/go2/go2_stand_example.cpp.o[0m
[81.143s] [ 93%] [32mBuilding CXX object CMakeFiles/go2_stand_example.dir/src/common/motor_crc.cpp.o[0m
[84.671s] [ 94%] [32m[1mLinking CXX executable g1_dual_arm_example[0m
[85.794s] [ 94%] Built target g1_dual_arm_example
[92.056s] [ 96%] [32m[1mLinking CXX executable b2w_stand_example[0m
[92.266s] [ 98%] [32m[1mLinking CXX executable go2_stand_example[0m
[92.756s] [ 98%] Built target go2_stand_example
[92.850s] [ 98%] Built target b2w_stand_example
[93.043s] [100%] [32m[1mLinking CXX executable b2_stand_example[0m
[93.774s] [100%] Built target b2_stand_example
[93.785s] Invoked command in '/home/utec/humanoid_ws/build/unitree_ros2_example' returned '0': CMAKE_PREFIX_PATH=/home/utec/humanoid_ws/install/unitree_hg:/home/utec/humanoid_ws/install/unitree_go:/home/utec/humanoid_ws/install/unitree_api:/home/utec/humanoid_ws/install/unitree_ros2_example:/home/utec/humanoid_ws/install/h1_2_interface:/home/utec/humanoid_ws/install/h1_2_description:/home/utec/humanoid_ws/install/pycodes_h1:/home/utec/humanoid_ws/install/h1_2_model:/opt/ros/humble /usr/bin/cmake --build /home/utec/humanoid_ws/build/unitree_ros2_example -- -j8 -l8
[93.786s] Invoking command in '/home/utec/humanoid_ws/build/unitree_ros2_example': CMAKE_PREFIX_PATH=/home/utec/humanoid_ws/install/unitree_hg:/home/utec/humanoid_ws/install/unitree_go:/home/utec/humanoid_ws/install/unitree_api:/home/utec/humanoid_ws/install/unitree_ros2_example:/home/utec/humanoid_ws/install/h1_2_interface:/home/utec/humanoid_ws/install/h1_2_description:/home/utec/humanoid_ws/install/pycodes_h1:/home/utec/humanoid_ws/install/h1_2_model:/opt/ros/humble /usr/bin/cmake --install /home/utec/humanoid_ws/build/unitree_ros2_example
[93.793s] -- Install configuration: ""
[93.793s] -- Installing: /home/utec/humanoid_ws/install/unitree_ros2_example/lib/low_level_ctrl
[93.794s] -- Set runtime path of "/home/utec/humanoid_ws/install/unitree_ros2_example/lib/low_level_ctrl" to ""
[93.794s] -- Installing: /home/utec/humanoid_ws/install/unitree_ros2_example/lib/low_level_ctrl_hg
[93.796s] -- Set runtime path of "/home/utec/humanoid_ws/install/unitree_ros2_example/lib/low_level_ctrl_hg" to ""
[93.796s] -- Installing: /home/utec/humanoid_ws/install/unitree_ros2_example/lib/g1_low_level_example
[93.799s] -- Set runtime path of "/home/utec/humanoid_ws/install/unitree_ros2_example/lib/g1_low_level_example" to ""
[93.799s] -- Installing: /home/utec/humanoid_ws/install/unitree_ros2_example/lib/read_low_state
[93.801s] -- Set runtime path of "/home/utec/humanoid_ws/install/unitree_ros2_example/lib/read_low_state" to ""
[93.801s] -- Installing: /home/utec/humanoid_ws/install/unitree_ros2_example/lib/read_low_state_hg
[93.803s] -- Set runtime path of "/home/utec/humanoid_ws/install/unitree_ros2_example/lib/read_low_state_hg" to ""
[93.803s] -- Installing: /home/utec/humanoid_ws/install/unitree_ros2_example/lib/read_motion_state
[93.805s] -- Set runtime path of "/home/utec/humanoid_ws/install/unitree_ros2_example/lib/read_motion_state" to ""
[93.805s] -- Installing: /home/utec/humanoid_ws/install/unitree_ros2_example/lib/read_wireless_controller
[93.807s] -- Set runtime path of "/home/utec/humanoid_ws/install/unitree_ros2_example/lib/read_wireless_controller" to ""
[93.807s] -- Installing: /home/utec/humanoid_ws/install/unitree_ros2_example/lib/go2_sport_client
[93.810s] -- Set runtime path of "/home/utec/humanoid_ws/install/unitree_ros2_example/lib/go2_sport_client" to ""
[93.810s] -- Installing: /home/utec/humanoid_ws/install/unitree_ros2_example/lib/go2_stand_example
[93.812s] -- Set runtime path of "/home/utec/humanoid_ws/install/unitree_ros2_example/lib/go2_stand_example" to ""
[93.812s] -- Installing: /home/utec/humanoid_ws/install/unitree_ros2_example/bin/go2_robot_state_client
[93.816s] -- Set runtime path of "/home/utec/humanoid_ws/install/unitree_ros2_example/bin/go2_robot_state_client" to ""
[93.816s] -- Installing: /home/utec/humanoid_ws/install/unitree_ros2_example/bin/g1_arm_sdk_dds_example
[93.819s] -- Set runtime path of "/home/utec/humanoid_ws/install/unitree_ros2_example/bin/g1_arm_sdk_dds_example" to ""
[93.819s] -- Installing: /home/utec/humanoid_ws/install/unitree_ros2_example/bin/g1_arm_action_example
[93.823s] -- Set runtime path of "/home/utec/humanoid_ws/install/unitree_ros2_example/bin/g1_arm_action_example" to ""
[93.823s] -- Installing: /home/utec/humanoid_ws/install/unitree_ros2_example/bin/g1_dex3_example
[93.826s] -- Set runtime path of "/home/utec/humanoid_ws/install/unitree_ros2_example/bin/g1_dex3_example" to ""
[93.826s] -- Installing: /home/utec/humanoid_ws/install/unitree_ros2_example/bin/g1_loco_client_example
[93.831s] -- Set runtime path of "/home/utec/humanoid_ws/install/unitree_ros2_example/bin/g1_loco_client_example" to ""
[93.831s] -- Installing: /home/utec/humanoid_ws/install/unitree_ros2_example/bin/g1_ankle_swing_example
[93.836s] -- Set runtime path of "/home/utec/humanoid_ws/install/unitree_ros2_example/bin/g1_ankle_swing_example" to ""
[93.836s] -- Installing: /home/utec/humanoid_ws/install/unitree_ros2_example/bin/g1_dual_arm_example
[93.843s] -- Set runtime path of "/home/utec/humanoid_ws/install/unitree_ros2_example/bin/g1_dual_arm_example" to ""
[93.843s] -- Installing: /home/utec/humanoid_ws/install/unitree_ros2_example/bin/g1_audio_client_example
[93.847s] -- Set runtime path of "/home/utec/humanoid_ws/install/unitree_ros2_example/bin/g1_audio_client_example" to ""
[93.848s] -- Installing: /home/utec/humanoid_ws/install/unitree_ros2_example/share/ament_index/resource_index/package_run_dependencies/unitree_ros2_example
[93.848s] -- Installing: /home/utec/humanoid_ws/install/unitree_ros2_example/share/ament_index/resource_index/parent_prefix_path/unitree_ros2_example
[93.848s] -- Installing: /home/utec/humanoid_ws/install/unitree_ros2_example/share/unitree_ros2_example/environment/ament_prefix_path.sh
[93.848s] -- Installing: /home/utec/humanoid_ws/install/unitree_ros2_example/share/unitree_ros2_example/environment/ament_prefix_path.dsv
[93.848s] -- Installing: /home/utec/humanoid_ws/install/unitree_ros2_example/share/unitree_ros2_example/environment/path.sh
[93.848s] -- Installing: /home/utec/humanoid_ws/install/unitree_ros2_example/share/unitree_ros2_example/environment/path.dsv
[93.849s] -- Installing: /home/utec/humanoid_ws/install/unitree_ros2_example/share/unitree_ros2_example/local_setup.bash
[93.849s] -- Installing: /home/utec/humanoid_ws/install/unitree_ros2_example/share/unitree_ros2_example/local_setup.sh
[93.849s] -- Installing: /home/utec/humanoid_ws/install/unitree_ros2_example/share/unitree_ros2_example/local_setup.zsh
[93.849s] -- Installing: /home/utec/humanoid_ws/install/unitree_ros2_example/share/unitree_ros2_example/local_setup.dsv
[93.849s] -- Installing: /home/utec/humanoid_ws/install/unitree_ros2_example/share/unitree_ros2_example/package.dsv
[93.849s] -- Installing: /home/utec/humanoid_ws/install/unitree_ros2_example/share/ament_index/resource_index/packages/unitree_ros2_example
[93.850s] -- Installing: /home/utec/humanoid_ws/install/unitree_ros2_example/share/unitree_ros2_example/cmake/unitree_ros2_exampleConfig.cmake
[93.850s] -- Installing: /home/utec/humanoid_ws/install/unitree_ros2_example/share/unitree_ros2_example/cmake/unitree_ros2_exampleConfig-version.cmake
[93.850s] -- Installing: /home/utec/humanoid_ws/install/unitree_ros2_example/share/unitree_ros2_example/package.xml
[93.853s] Invoked command in '/home/utec/humanoid_ws/build/unitree_ros2_example' returned '0': CMAKE_PREFIX_PATH=/home/utec/humanoid_ws/install/unitree_hg:/home/utec/humanoid_ws/install/unitree_go:/home/utec/humanoid_ws/install/unitree_api:/home/utec/humanoid_ws/install/unitree_ros2_example:/home/utec/humanoid_ws/install/h1_2_interface:/home/utec/humanoid_ws/install/h1_2_description:/home/utec/humanoid_ws/install/pycodes_h1:/home/utec/humanoid_ws/install/h1_2_model:/opt/ros/humble /usr/bin/cmake --install /home/utec/humanoid_ws/build/unitree_ros2_example
