[0.018s] Invoking command in '/home/utec/humanoid_ws/build/unitree_hg': CMAKE_PREFIX_PATH=${CMAKE_PREFIX_PATH}:/home/utec/humanoid_ws/install/pycodes_h1:/home/utec/humanoid_ws/install/h1_2_model:/opt/ros/humble /usr/bin/cmake --build /home/utec/humanoid_ws/build/unitree_hg -- -j8 -l8
[0.093s] [ 12%] Built target unitree_hg__dds_connext_idl
[0.093s] [ 13%] Built target unitree_hg__rosidl_generator_c
[0.093s] [ 13%] Built target unitree_hg__cpp
[0.123s] [ 13%] Built target ament_cmake_python_copy_unitree_hg
[0.156s] [ 24%] Built target unitree_hg__rosidl_typesupport_introspection_c
[0.178s] [ 35%] Built target unitree_hg__rosidl_typesupport_c
[0.178s] [ 46%] Built target unitree_hg__rosidl_typesupport_fastrtps_c
[0.192s] [ 58%] Built target unitree_hg__rosidl_typesupport_cpp
[0.193s] [ 70%] Built target unitree_hg__rosidl_typesupport_introspection_cpp
[0.208s] [ 82%] Built target unitree_hg__rosidl_typesupport_fastrtps_cpp
[0.237s] [ 82%] Built target unitree_hg
[0.267s] [ 83%] Built target unitree_hg__py
[0.306s] [ 94%] Built target unitree_hg__rosidl_generator_py
[0.345s] [ 96%] Built target unitree_hg__rosidl_typesupport_introspection_c__pyext
[0.349s] [ 98%] Built target unitree_hg__rosidl_typesupport_c__pyext
[0.359s] [100%] Built target unitree_hg__rosidl_typesupport_fastrtps_c__pyext
[0.491s] running egg_info
[0.491s] writing unitree_hg.egg-info/PKG-INFO
[0.491s] writing dependency_links to unitree_hg.egg-info/dependency_links.txt
[0.491s] writing top-level names to unitree_hg.egg-info/top_level.txt
[0.495s] reading manifest file 'unitree_hg.egg-info/SOURCES.txt'
[0.495s] writing manifest file 'unitree_hg.egg-info/SOURCES.txt'
[0.526s] [100%] Built target ament_cmake_python_build_unitree_hg_egg
[0.539s] Invoked command in '/home/utec/humanoid_ws/build/unitree_hg' returned '0': CMAKE_PREFIX_PATH=${CMAKE_PREFIX_PATH}:/home/utec/humanoid_ws/install/pycodes_h1:/home/utec/humanoid_ws/install/h1_2_model:/opt/ros/humble /usr/bin/cmake --build /home/utec/humanoid_ws/build/unitree_hg -- -j8 -l8
[0.541s] Invoking command in '/home/utec/humanoid_ws/build/unitree_hg': CMAKE_PREFIX_PATH=${CMAKE_PREFIX_PATH}:/home/utec/humanoid_ws/install/pycodes_h1:/home/utec/humanoid_ws/install/h1_2_model:/opt/ros/humble /usr/bin/cmake --install /home/utec/humanoid_ws/build/unitree_hg
[0.548s] -- Install configuration: ""
[0.548s] -- Up-to-date: /home/utec/humanoid_ws/install/unitree_hg/share/ament_index/resource_index/rosidl_interfaces/unitree_hg
[0.548s] -- Up-to-date: /home/utec/humanoid_ws/install/unitree_hg/include/unitree_hg/unitree_hg
[0.548s] -- Up-to-date: /home/utec/humanoid_ws/install/unitree_hg/include/unitree_hg/unitree_hg/msg
[0.548s] -- Up-to-date: /home/utec/humanoid_ws/install/unitree_hg/include/unitree_hg/unitree_hg/msg/main_board_state.h
[0.548s] -- Up-to-date: /home/utec/humanoid_ws/install/unitree_hg/include/unitree_hg/unitree_hg/msg/press_sensor_state.h
[0.548s] -- Up-to-date: /home/utec/humanoid_ws/install/unitree_hg/include/unitree_hg/unitree_hg/msg/low_cmd.h
[0.548s] -- Up-to-date: /home/utec/humanoid_ws/install/unitree_hg/include/unitree_hg/unitree_hg/msg/bms_cmd.h
[0.548s] -- Up-to-date: /home/utec/humanoid_ws/install/unitree_hg/include/unitree_hg/unitree_hg/msg/motor_cmd.h
[0.548s] -- Up-to-date: /home/utec/humanoid_ws/install/unitree_hg/include/unitree_hg/unitree_hg/msg/hand_cmd.h
[0.548s] -- Up-to-date: /home/utec/humanoid_ws/install/unitree_hg/include/unitree_hg/unitree_hg/msg/imu_state.h
[0.549s] -- Up-to-date: /home/utec/humanoid_ws/install/unitree_hg/include/unitree_hg/unitree_hg/msg/detail
[0.549s] -- Up-to-date: /home/utec/humanoid_ws/install/unitree_hg/include/unitree_hg/unitree_hg/msg/detail/motor_cmd__functions.h
[0.549s] -- Up-to-date: /home/utec/humanoid_ws/install/unitree_hg/include/unitree_hg/unitree_hg/msg/detail/bms_state__functions.c
[0.549s] -- Up-to-date: /home/utec/humanoid_ws/install/unitree_hg/include/unitree_hg/unitree_hg/msg/detail/main_board_state__functions.c
[0.549s] -- Up-to-date: /home/utec/humanoid_ws/install/unitree_hg/include/unitree_hg/unitree_hg/msg/detail/imu_state__functions.c
[0.549s] -- Up-to-date: /home/utec/humanoid_ws/install/unitree_hg/include/unitree_hg/unitree_hg/msg/detail/low_cmd__struct.h
[0.549s] -- Up-to-date: /home/utec/humanoid_ws/install/unitree_hg/include/unitree_hg/unitree_hg/msg/detail/low_state__type_support.h
[0.549s] -- Up-to-date: /home/utec/humanoid_ws/install/unitree_hg/include/unitree_hg/unitree_hg/msg/detail/hand_state__type_support.h
[0.549s] -- Up-to-date: /home/utec/humanoid_ws/install/unitree_hg/include/unitree_hg/unitree_hg/msg/detail/hand_cmd__type_support.h
[0.549s] -- Up-to-date: /home/utec/humanoid_ws/install/unitree_hg/include/unitree_hg/unitree_hg/msg/detail/hand_state__struct.h
[0.550s] -- Up-to-date: /home/utec/humanoid_ws/install/unitree_hg/include/unitree_hg/unitree_hg/msg/detail/motor_state__type_support.h
[0.550s] -- Up-to-date: /home/utec/humanoid_ws/install/unitree_hg/include/unitree_hg/unitree_hg/msg/detail/imu_state__struct.h
[0.550s] -- Up-to-date: /home/utec/humanoid_ws/install/unitree_hg/include/unitree_hg/unitree_hg/msg/detail/motor_cmd__functions.c
[0.550s] -- Up-to-date: /home/utec/humanoid_ws/install/unitree_hg/include/unitree_hg/unitree_hg/msg/detail/low_state__functions.c
[0.550s] -- Up-to-date: /home/utec/humanoid_ws/install/unitree_hg/include/unitree_hg/unitree_hg/msg/detail/low_state__struct.h
[0.550s] -- Up-to-date: /home/utec/humanoid_ws/install/unitree_hg/include/unitree_hg/unitree_hg/msg/detail/motor_state__struct.h
[0.550s] -- Up-to-date: /home/utec/humanoid_ws/install/unitree_hg/include/unitree_hg/unitree_hg/msg/detail/press_sensor_state__functions.c
[0.550s] -- Up-to-date: /home/utec/humanoid_ws/install/unitree_hg/include/unitree_hg/unitree_hg/msg/detail/press_sensor_state__functions.h
[0.550s] -- Up-to-date: /home/utec/humanoid_ws/install/unitree_hg/include/unitree_hg/unitree_hg/msg/detail/main_board_state__struct.h
[0.550s] -- Up-to-date: /home/utec/humanoid_ws/install/unitree_hg/include/unitree_hg/unitree_hg/msg/detail/hand_cmd__functions.c
[0.551s] -- Up-to-date: /home/utec/humanoid_ws/install/unitree_hg/include/unitree_hg/unitree_hg/msg/detail/press_sensor_state__type_support.h
[0.551s] -- Up-to-date: /home/utec/humanoid_ws/install/unitree_hg/include/unitree_hg/unitree_hg/msg/detail/bms_cmd__struct.h
[0.551s] -- Up-to-date: /home/utec/humanoid_ws/install/unitree_hg/include/unitree_hg/unitree_hg/msg/detail/bms_cmd__type_support.h
[0.551s] -- Up-to-date: /home/utec/humanoid_ws/install/unitree_hg/include/unitree_hg/unitree_hg/msg/detail/bms_cmd__functions.c
[0.551s] -- Up-to-date: /home/utec/humanoid_ws/install/unitree_hg/include/unitree_hg/unitree_hg/msg/detail/imu_state__type_support.h
[0.551s] -- Up-to-date: /home/utec/humanoid_ws/install/unitree_hg/include/unitree_hg/unitree_hg/msg/detail/main_board_state__type_support.h
[0.552s] -- Up-to-date: /home/utec/humanoid_ws/install/unitree_hg/include/unitree_hg/unitree_hg/msg/detail/press_sensor_state__struct.h
[0.552s] -- Up-to-date: /home/utec/humanoid_ws/install/unitree_hg/include/unitree_hg/unitree_hg/msg/detail/low_state__functions.h
[0.553s] -- Up-to-date: /home/utec/humanoid_ws/install/unitree_hg/include/unitree_hg/unitree_hg/msg/detail/low_cmd__functions.h
[0.553s] -- Up-to-date: /home/utec/humanoid_ws/install/unitree_hg/include/unitree_hg/unitree_hg/msg/detail/motor_state__functions.h
[0.553s] -- Up-to-date: /home/utec/humanoid_ws/install/unitree_hg/include/unitree_hg/unitree_hg/msg/detail/hand_state__functions.h
[0.553s] -- Up-to-date: /home/utec/humanoid_ws/install/unitree_hg/include/unitree_hg/unitree_hg/msg/detail/low_cmd__type_support.h
[0.553s] -- Up-to-date: /home/utec/humanoid_ws/install/unitree_hg/include/unitree_hg/unitree_hg/msg/detail/bms_state__functions.h
[0.553s] -- Up-to-date: /home/utec/humanoid_ws/install/unitree_hg/include/unitree_hg/unitree_hg/msg/detail/hand_cmd__struct.h
[0.553s] -- Up-to-date: /home/utec/humanoid_ws/install/unitree_hg/include/unitree_hg/unitree_hg/msg/detail/hand_cmd__functions.h
[0.553s] -- Up-to-date: /home/utec/humanoid_ws/install/unitree_hg/include/unitree_hg/unitree_hg/msg/detail/main_board_state__functions.h
[0.553s] -- Up-to-date: /home/utec/humanoid_ws/install/unitree_hg/include/unitree_hg/unitree_hg/msg/detail/motor_cmd__struct.h
[0.554s] -- Up-to-date: /home/utec/humanoid_ws/install/unitree_hg/include/unitree_hg/unitree_hg/msg/detail/bms_state__type_support.h
[0.554s] -- Up-to-date: /home/utec/humanoid_ws/install/unitree_hg/include/unitree_hg/unitree_hg/msg/detail/bms_cmd__functions.h
[0.555s] -- Up-to-date: /home/utec/humanoid_ws/install/unitree_hg/include/unitree_hg/unitree_hg/msg/detail/low_cmd__functions.c
[0.555s] -- Up-to-date: /home/utec/humanoid_ws/install/unitree_hg/include/unitree_hg/unitree_hg/msg/detail/motor_state__functions.c
[0.556s] -- Up-to-date: /home/utec/humanoid_ws/install/unitree_hg/include/unitree_hg/unitree_hg/msg/detail/hand_state__functions.c
[0.556s] -- Up-to-date: /home/utec/humanoid_ws/install/unitree_hg/include/unitree_hg/unitree_hg/msg/detail/motor_cmd__type_support.h
[0.556s] -- Up-to-date: /home/utec/humanoid_ws/install/unitree_hg/include/unitree_hg/unitree_hg/msg/detail/bms_state__struct.h
[0.556s] -- Up-to-date: /home/utec/humanoid_ws/install/unitree_hg/include/unitree_hg/unitree_hg/msg/detail/imu_state__functions.h
[0.556s] -- Up-to-date: /home/utec/humanoid_ws/install/unitree_hg/include/unitree_hg/unitree_hg/msg/low_state.h
[0.556s] -- Up-to-date: /home/utec/humanoid_ws/install/unitree_hg/include/unitree_hg/unitree_hg/msg/bms_state.h
[0.556s] -- Up-to-date: /home/utec/humanoid_ws/install/unitree_hg/include/unitree_hg/unitree_hg/msg/rosidl_generator_c__visibility_control.h
[0.556s] -- Up-to-date: /home/utec/humanoid_ws/install/unitree_hg/include/unitree_hg/unitree_hg/msg/motor_state.h
[0.556s] -- Up-to-date: /home/utec/humanoid_ws/install/unitree_hg/include/unitree_hg/unitree_hg/msg/hand_state.h
[0.556s] -- Up-to-date: /home/utec/humanoid_ws/install/unitree_hg/share/unitree_hg/environment/library_path.sh
[0.556s] -- Up-to-date: /home/utec/humanoid_ws/install/unitree_hg/share/unitree_hg/environment/library_path.dsv
[0.556s] -- Up-to-date: /home/utec/humanoid_ws/install/unitree_hg/lib/libunitree_hg__rosidl_generator_c.so
[0.556s] -- Up-to-date: /home/utec/humanoid_ws/install/unitree_hg/include/unitree_hg/unitree_hg
[0.557s] -- Up-to-date: /home/utec/humanoid_ws/install/unitree_hg/include/unitree_hg/unitree_hg/msg
[0.557s] -- Up-to-date: /home/utec/humanoid_ws/install/unitree_hg/include/unitree_hg/unitree_hg/msg/rosidl_typesupport_fastrtps_c__visibility_control.h
[0.557s] -- Up-to-date: /home/utec/humanoid_ws/install/unitree_hg/include/unitree_hg/unitree_hg/msg/detail
[0.557s] -- Up-to-date: /home/utec/humanoid_ws/install/unitree_hg/include/unitree_hg/unitree_hg/msg/detail/low_cmd__rosidl_typesupport_fastrtps_c.h
[0.557s] -- Up-to-date: /home/utec/humanoid_ws/install/unitree_hg/include/unitree_hg/unitree_hg/msg/detail/motor_cmd__rosidl_typesupport_fastrtps_c.h
[0.557s] -- Up-to-date: /home/utec/humanoid_ws/install/unitree_hg/include/unitree_hg/unitree_hg/msg/detail/motor_state__rosidl_typesupport_fastrtps_c.h
[0.557s] -- Up-to-date: /home/utec/humanoid_ws/install/unitree_hg/include/unitree_hg/unitree_hg/msg/detail/bms_cmd__rosidl_typesupport_fastrtps_c.h
[0.557s] -- Up-to-date: /home/utec/humanoid_ws/install/unitree_hg/include/unitree_hg/unitree_hg/msg/detail/hand_cmd__rosidl_typesupport_fastrtps_c.h
[0.557s] -- Up-to-date: /home/utec/humanoid_ws/install/unitree_hg/include/unitree_hg/unitree_hg/msg/detail/main_board_state__rosidl_typesupport_fastrtps_c.h
[0.557s] -- Up-to-date: /home/utec/humanoid_ws/install/unitree_hg/include/unitree_hg/unitree_hg/msg/detail/low_state__rosidl_typesupport_fastrtps_c.h
[0.557s] -- Up-to-date: /home/utec/humanoid_ws/install/unitree_hg/include/unitree_hg/unitree_hg/msg/detail/bms_state__rosidl_typesupport_fastrtps_c.h
[0.557s] -- Up-to-date: /home/utec/humanoid_ws/install/unitree_hg/include/unitree_hg/unitree_hg/msg/detail/press_sensor_state__rosidl_typesupport_fastrtps_c.h
[0.557s] -- Up-to-date: /home/utec/humanoid_ws/install/unitree_hg/include/unitree_hg/unitree_hg/msg/detail/imu_state__rosidl_typesupport_fastrtps_c.h
[0.557s] -- Up-to-date: /home/utec/humanoid_ws/install/unitree_hg/include/unitree_hg/unitree_hg/msg/detail/hand_state__rosidl_typesupport_fastrtps_c.h
[0.558s] -- Up-to-date: /home/utec/humanoid_ws/install/unitree_hg/lib/libunitree_hg__rosidl_typesupport_fastrtps_c.so
[0.558s] -- Up-to-date: /home/utec/humanoid_ws/install/unitree_hg/include/unitree_hg/unitree_hg
[0.558s] -- Up-to-date: /home/utec/humanoid_ws/install/unitree_hg/include/unitree_hg/unitree_hg/msg
[0.558s] -- Up-to-date: /home/utec/humanoid_ws/install/unitree_hg/include/unitree_hg/unitree_hg/msg/hand_cmd.hpp
[0.558s] -- Up-to-date: /home/utec/humanoid_ws/install/unitree_hg/include/unitree_hg/unitree_hg/msg/main_board_state.hpp
[0.558s] -- Up-to-date: /home/utec/humanoid_ws/install/unitree_hg/include/unitree_hg/unitree_hg/msg/press_sensor_state.hpp
[0.558s] -- Up-to-date: /home/utec/humanoid_ws/install/unitree_hg/include/unitree_hg/unitree_hg/msg/detail
[0.558s] -- Up-to-date: /home/utec/humanoid_ws/install/unitree_hg/include/unitree_hg/unitree_hg/msg/detail/motor_cmd__type_support.hpp
[0.558s] -- Up-to-date: /home/utec/humanoid_ws/install/unitree_hg/include/unitree_hg/unitree_hg/msg/detail/imu_state__struct.hpp
[0.558s] -- Up-to-date: /home/utec/humanoid_ws/install/unitree_hg/include/unitree_hg/unitree_hg/msg/detail/press_sensor_state__builder.hpp
[0.558s] -- Up-to-date: /home/utec/humanoid_ws/install/unitree_hg/include/unitree_hg/unitree_hg/msg/detail/motor_state__struct.hpp
[0.558s] -- Up-to-date: /home/utec/humanoid_ws/install/unitree_hg/include/unitree_hg/unitree_hg/msg/detail/bms_state__type_support.hpp
[0.558s] -- Up-to-date: /home/utec/humanoid_ws/install/unitree_hg/include/unitree_hg/unitree_hg/msg/detail/main_board_state__traits.hpp
[0.558s] -- Up-to-date: /home/utec/humanoid_ws/install/unitree_hg/include/unitree_hg/unitree_hg/msg/detail/bms_cmd__type_support.hpp
[0.559s] -- Up-to-date: /home/utec/humanoid_ws/install/unitree_hg/include/unitree_hg/unitree_hg/msg/detail/imu_state__builder.hpp
[0.559s] -- Up-to-date: /home/utec/humanoid_ws/install/unitree_hg/include/unitree_hg/unitree_hg/msg/detail/hand_cmd__type_support.hpp
[0.559s] -- Up-to-date: /home/utec/humanoid_ws/install/unitree_hg/include/unitree_hg/unitree_hg/msg/detail/bms_cmd__traits.hpp
[0.559s] -- Up-to-date: /home/utec/humanoid_ws/install/unitree_hg/include/unitree_hg/unitree_hg/msg/detail/main_board_state__struct.hpp
[0.559s] -- Up-to-date: /home/utec/humanoid_ws/install/unitree_hg/include/unitree_hg/unitree_hg/msg/detail/low_cmd__builder.hpp
[0.559s] -- Up-to-date: /home/utec/humanoid_ws/install/unitree_hg/include/unitree_hg/unitree_hg/msg/detail/low_state__builder.hpp
[0.559s] -- Up-to-date: /home/utec/humanoid_ws/install/unitree_hg/include/unitree_hg/unitree_hg/msg/detail/hand_state__builder.hpp
[0.559s] -- Up-to-date: /home/utec/humanoid_ws/install/unitree_hg/include/unitree_hg/unitree_hg/msg/detail/hand_cmd__struct.hpp
[0.559s] -- Up-to-date: /home/utec/humanoid_ws/install/unitree_hg/include/unitree_hg/unitree_hg/msg/detail/press_sensor_state__type_support.hpp
[0.559s] -- Up-to-date: /home/utec/humanoid_ws/install/unitree_hg/include/unitree_hg/unitree_hg/msg/detail/low_cmd__type_support.hpp
[0.559s] -- Up-to-date: /home/utec/humanoid_ws/install/unitree_hg/include/unitree_hg/unitree_hg/msg/detail/motor_state__builder.hpp
[0.559s] -- Up-to-date: /home/utec/humanoid_ws/install/unitree_hg/include/unitree_hg/unitree_hg/msg/detail/motor_cmd__builder.hpp
[0.559s] -- Up-to-date: /home/utec/humanoid_ws/install/unitree_hg/include/unitree_hg/unitree_hg/msg/detail/bms_state__builder.hpp
[0.559s] -- Up-to-date: /home/utec/humanoid_ws/install/unitree_hg/include/unitree_hg/unitree_hg/msg/detail/imu_state__traits.hpp
[0.559s] -- Up-to-date: /home/utec/humanoid_ws/install/unitree_hg/include/unitree_hg/unitree_hg/msg/detail/bms_cmd__builder.hpp
[0.559s] -- Up-to-date: /home/utec/humanoid_ws/install/unitree_hg/include/unitree_hg/unitree_hg/msg/detail/hand_cmd__traits.hpp
[0.559s] -- Up-to-date: /home/utec/humanoid_ws/install/unitree_hg/include/unitree_hg/unitree_hg/msg/detail/low_state__struct.hpp
[0.559s] -- Up-to-date: /home/utec/humanoid_ws/install/unitree_hg/include/unitree_hg/unitree_hg/msg/detail/main_board_state__type_support.hpp
[0.560s] -- Up-to-date: /home/utec/humanoid_ws/install/unitree_hg/include/unitree_hg/unitree_hg/msg/detail/low_cmd__struct.hpp
[0.560s] -- Up-to-date: /home/utec/humanoid_ws/install/unitree_hg/include/unitree_hg/unitree_hg/msg/detail/bms_state__traits.hpp
[0.560s] -- Up-to-date: /home/utec/humanoid_ws/install/unitree_hg/include/unitree_hg/unitree_hg/msg/detail/motor_state__type_support.hpp
[0.560s] -- Up-to-date: /home/utec/humanoid_ws/install/unitree_hg/include/unitree_hg/unitree_hg/msg/detail/press_sensor_state__struct.hpp
[0.560s] -- Up-to-date: /home/utec/humanoid_ws/install/unitree_hg/include/unitree_hg/unitree_hg/msg/detail/hand_state__type_support.hpp
[0.560s] -- Up-to-date: /home/utec/humanoid_ws/install/unitree_hg/include/unitree_hg/unitree_hg/msg/detail/low_state__type_support.hpp
[0.560s] -- Up-to-date: /home/utec/humanoid_ws/install/unitree_hg/include/unitree_hg/unitree_hg/msg/detail/low_state__traits.hpp
[0.560s] -- Up-to-date: /home/utec/humanoid_ws/install/unitree_hg/include/unitree_hg/unitree_hg/msg/detail/motor_state__traits.hpp
[0.560s] -- Up-to-date: /home/utec/humanoid_ws/install/unitree_hg/include/unitree_hg/unitree_hg/msg/detail/motor_cmd__struct.hpp
[0.560s] -- Up-to-date: /home/utec/humanoid_ws/install/unitree_hg/include/unitree_hg/unitree_hg/msg/detail/low_cmd__traits.hpp
[0.560s] -- Up-to-date: /home/utec/humanoid_ws/install/unitree_hg/include/unitree_hg/unitree_hg/msg/detail/hand_cmd__builder.hpp
[0.560s] -- Up-to-date: /home/utec/humanoid_ws/install/unitree_hg/include/unitree_hg/unitree_hg/msg/detail/bms_state__struct.hpp
[0.560s] -- Up-to-date: /home/utec/humanoid_ws/install/unitree_hg/include/unitree_hg/unitree_hg/msg/detail/hand_state__traits.hpp
[0.560s] -- Up-to-date: /home/utec/humanoid_ws/install/unitree_hg/include/unitree_hg/unitree_hg/msg/detail/bms_cmd__struct.hpp
[0.560s] -- Up-to-date: /home/utec/humanoid_ws/install/unitree_hg/include/unitree_hg/unitree_hg/msg/detail/press_sensor_state__traits.hpp
[0.561s] -- Up-to-date: /home/utec/humanoid_ws/install/unitree_hg/include/unitree_hg/unitree_hg/msg/detail/main_board_state__builder.hpp
[0.561s] -- Up-to-date: /home/utec/humanoid_ws/install/unitree_hg/include/unitree_hg/unitree_hg/msg/detail/motor_cmd__traits.hpp
[0.561s] -- Up-to-date: /home/utec/humanoid_ws/install/unitree_hg/include/unitree_hg/unitree_hg/msg/detail/imu_state__type_support.hpp
[0.561s] -- Up-to-date: /home/utec/humanoid_ws/install/unitree_hg/include/unitree_hg/unitree_hg/msg/detail/hand_state__struct.hpp
[0.561s] -- Up-to-date: /home/utec/humanoid_ws/install/unitree_hg/include/unitree_hg/unitree_hg/msg/motor_state.hpp
[0.561s] -- Up-to-date: /home/utec/humanoid_ws/install/unitree_hg/include/unitree_hg/unitree_hg/msg/bms_state.hpp
[0.561s] -- Up-to-date: /home/utec/humanoid_ws/install/unitree_hg/include/unitree_hg/unitree_hg/msg/motor_cmd.hpp
[0.561s] -- Up-to-date: /home/utec/humanoid_ws/install/unitree_hg/include/unitree_hg/unitree_hg/msg/hand_state.hpp
[0.561s] -- Up-to-date: /home/utec/humanoid_ws/install/unitree_hg/include/unitree_hg/unitree_hg/msg/imu_state.hpp
[0.562s] -- Up-to-date: /home/utec/humanoid_ws/install/unitree_hg/include/unitree_hg/unitree_hg/msg/rosidl_generator_cpp__visibility_control.hpp
[0.562s] -- Up-to-date: /home/utec/humanoid_ws/install/unitree_hg/include/unitree_hg/unitree_hg/msg/low_cmd.hpp
[0.562s] -- Up-to-date: /home/utec/humanoid_ws/install/unitree_hg/include/unitree_hg/unitree_hg/msg/low_state.hpp
[0.562s] -- Up-to-date: /home/utec/humanoid_ws/install/unitree_hg/include/unitree_hg/unitree_hg/msg/bms_cmd.hpp
[0.562s] -- Up-to-date: /home/utec/humanoid_ws/install/unitree_hg/include/unitree_hg/unitree_hg
[0.562s] -- Up-to-date: /home/utec/humanoid_ws/install/unitree_hg/include/unitree_hg/unitree_hg/msg
[0.562s] -- Up-to-date: /home/utec/humanoid_ws/install/unitree_hg/include/unitree_hg/unitree_hg/msg/detail
[0.562s] -- Up-to-date: /home/utec/humanoid_ws/install/unitree_hg/include/unitree_hg/unitree_hg/msg/detail/motor_cmd__rosidl_typesupport_fastrtps_cpp.hpp
[0.563s] -- Up-to-date: /home/utec/humanoid_ws/install/unitree_hg/include/unitree_hg/unitree_hg/msg/detail/motor_state__rosidl_typesupport_fastrtps_cpp.hpp
[0.563s] -- Up-to-date: /home/utec/humanoid_ws/install/unitree_hg/include/unitree_hg/unitree_hg/msg/detail/bms_cmd__rosidl_typesupport_fastrtps_cpp.hpp
[0.563s] -- Up-to-date: /home/utec/humanoid_ws/install/unitree_hg/include/unitree_hg/unitree_hg/msg/detail/main_board_state__rosidl_typesupport_fastrtps_cpp.hpp
[0.563s] -- Up-to-date: /home/utec/humanoid_ws/install/unitree_hg/include/unitree_hg/unitree_hg/msg/detail/dds_fastrtps
[0.563s] -- Up-to-date: /home/utec/humanoid_ws/install/unitree_hg/include/unitree_hg/unitree_hg/msg/detail/low_cmd__rosidl_typesupport_fastrtps_cpp.hpp
[0.563s] -- Up-to-date: /home/utec/humanoid_ws/install/unitree_hg/include/unitree_hg/unitree_hg/msg/detail/bms_state__rosidl_typesupport_fastrtps_cpp.hpp
[0.563s] -- Up-to-date: /home/utec/humanoid_ws/install/unitree_hg/include/unitree_hg/unitree_hg/msg/detail/press_sensor_state__rosidl_typesupport_fastrtps_cpp.hpp
[0.563s] -- Up-to-date: /home/utec/humanoid_ws/install/unitree_hg/include/unitree_hg/unitree_hg/msg/detail/low_state__rosidl_typesupport_fastrtps_cpp.hpp
[0.563s] -- Up-to-date: /home/utec/humanoid_ws/install/unitree_hg/include/unitree_hg/unitree_hg/msg/detail/hand_state__rosidl_typesupport_fastrtps_cpp.hpp
[0.563s] -- Up-to-date: /home/utec/humanoid_ws/install/unitree_hg/include/unitree_hg/unitree_hg/msg/detail/imu_state__rosidl_typesupport_fastrtps_cpp.hpp
[0.563s] -- Up-to-date: /home/utec/humanoid_ws/install/unitree_hg/include/unitree_hg/unitree_hg/msg/detail/hand_cmd__rosidl_typesupport_fastrtps_cpp.hpp
[0.563s] -- Up-to-date: /home/utec/humanoid_ws/install/unitree_hg/include/unitree_hg/unitree_hg/msg/rosidl_typesupport_fastrtps_cpp__visibility_control.h
[0.563s] -- Up-to-date: /home/utec/humanoid_ws/install/unitree_hg/lib/libunitree_hg__rosidl_typesupport_fastrtps_cpp.so
[0.563s] -- Up-to-date: /home/utec/humanoid_ws/install/unitree_hg/include/unitree_hg/unitree_hg
[0.563s] -- Up-to-date: /home/utec/humanoid_ws/install/unitree_hg/include/unitree_hg/unitree_hg/msg
[0.564s] -- Up-to-date: /home/utec/humanoid_ws/install/unitree_hg/include/unitree_hg/unitree_hg/msg/detail
[0.564s] -- Up-to-date: /home/utec/humanoid_ws/install/unitree_hg/include/unitree_hg/unitree_hg/msg/detail/low_cmd__type_support.c
[0.564s] -- Up-to-date: /home/utec/humanoid_ws/install/unitree_hg/include/unitree_hg/unitree_hg/msg/detail/bms_state__rosidl_typesupport_introspection_c.h
[0.564s] -- Up-to-date: /home/utec/humanoid_ws/install/unitree_hg/include/unitree_hg/unitree_hg/msg/detail/bms_cmd__type_support.c
[0.564s] -- Up-to-date: /home/utec/humanoid_ws/install/unitree_hg/include/unitree_hg/unitree_hg/msg/detail/main_board_state__rosidl_typesupport_introspection_c.h
[0.564s] -- Up-to-date: /home/utec/humanoid_ws/install/unitree_hg/include/unitree_hg/unitree_hg/msg/detail/motor_cmd__type_support.c
[0.564s] -- Up-to-date: /home/utec/humanoid_ws/install/unitree_hg/include/unitree_hg/unitree_hg/msg/detail/hand_cmd__type_support.c
[0.564s] -- Up-to-date: /home/utec/humanoid_ws/install/unitree_hg/include/unitree_hg/unitree_hg/msg/detail/imu_state__rosidl_typesupport_introspection_c.h
[0.565s] -- Up-to-date: /home/utec/humanoid_ws/install/unitree_hg/include/unitree_hg/unitree_hg/msg/detail/motor_cmd__rosidl_typesupport_introspection_c.h
[0.565s] -- Up-to-date: /home/utec/humanoid_ws/install/unitree_hg/include/unitree_hg/unitree_hg/msg/detail/low_state__rosidl_typesupport_introspection_c.h
[0.565s] -- Up-to-date: /home/utec/humanoid_ws/install/unitree_hg/include/unitree_hg/unitree_hg/msg/detail/bms_cmd__rosidl_typesupport_introspection_c.h
[0.565s] -- Up-to-date: /home/utec/humanoid_ws/install/unitree_hg/include/unitree_hg/unitree_hg/msg/detail/low_state__type_support.c
[0.565s] -- Up-to-date: /home/utec/humanoid_ws/install/unitree_hg/include/unitree_hg/unitree_hg/msg/detail/hand_state__rosidl_typesupport_introspection_c.h
[0.565s] -- Up-to-date: /home/utec/humanoid_ws/install/unitree_hg/include/unitree_hg/unitree_hg/msg/detail/press_sensor_state__rosidl_typesupport_introspection_c.h
[0.565s] -- Up-to-date: /home/utec/humanoid_ws/install/unitree_hg/include/unitree_hg/unitree_hg/msg/detail/hand_cmd__rosidl_typesupport_introspection_c.h
[0.565s] -- Up-to-date: /home/utec/humanoid_ws/install/unitree_hg/include/unitree_hg/unitree_hg/msg/detail/motor_state__type_support.c
[0.565s] -- Up-to-date: /home/utec/humanoid_ws/install/unitree_hg/include/unitree_hg/unitree_hg/msg/detail/bms_state__type_support.c
[0.565s] -- Up-to-date: /home/utec/humanoid_ws/install/unitree_hg/include/unitree_hg/unitree_hg/msg/detail/hand_state__type_support.c
[0.566s] -- Up-to-date: /home/utec/humanoid_ws/install/unitree_hg/include/unitree_hg/unitree_hg/msg/detail/imu_state__type_support.c
[0.566s] -- Up-to-date: /home/utec/humanoid_ws/install/unitree_hg/include/unitree_hg/unitree_hg/msg/detail/press_sensor_state__type_support.c
[0.566s] -- Up-to-date: /home/utec/humanoid_ws/install/unitree_hg/include/unitree_hg/unitree_hg/msg/detail/motor_state__rosidl_typesupport_introspection_c.h
[0.566s] -- Up-to-date: /home/utec/humanoid_ws/install/unitree_hg/include/unitree_hg/unitree_hg/msg/detail/low_cmd__rosidl_typesupport_introspection_c.h
[0.566s] -- Up-to-date: /home/utec/humanoid_ws/install/unitree_hg/include/unitree_hg/unitree_hg/msg/detail/main_board_state__type_support.c
[0.566s] -- Up-to-date: /home/utec/humanoid_ws/install/unitree_hg/include/unitree_hg/unitree_hg/msg/rosidl_typesupport_introspection_c__visibility_control.h
[0.566s] -- Up-to-date: /home/utec/humanoid_ws/install/unitree_hg/lib/libunitree_hg__rosidl_typesupport_introspection_c.so
[0.566s] -- Up-to-date: /home/utec/humanoid_ws/install/unitree_hg/lib/libunitree_hg__rosidl_typesupport_c.so
[0.566s] -- Up-to-date: /home/utec/humanoid_ws/install/unitree_hg/include/unitree_hg/unitree_hg
[0.566s] -- Up-to-date: /home/utec/humanoid_ws/install/unitree_hg/include/unitree_hg/unitree_hg/msg
[0.566s] -- Up-to-date: /home/utec/humanoid_ws/install/unitree_hg/include/unitree_hg/unitree_hg/msg/detail
[0.567s] -- Up-to-date: /home/utec/humanoid_ws/install/unitree_hg/include/unitree_hg/unitree_hg/msg/detail/imu_state__type_support.cpp
[0.567s] -- Up-to-date: /home/utec/humanoid_ws/install/unitree_hg/include/unitree_hg/unitree_hg/msg/detail/hand_cmd__type_support.cpp
[0.567s] -- Up-to-date: /home/utec/humanoid_ws/install/unitree_hg/include/unitree_hg/unitree_hg/msg/detail/motor_state__type_support.cpp
[0.567s] -- Up-to-date: /home/utec/humanoid_ws/install/unitree_hg/include/unitree_hg/unitree_hg/msg/detail/motor_state__rosidl_typesupport_introspection_cpp.hpp
[0.567s] -- Up-to-date: /home/utec/humanoid_ws/install/unitree_hg/include/unitree_hg/unitree_hg/msg/detail/hand_state__rosidl_typesupport_introspection_cpp.hpp
[0.568s] -- Up-to-date: /home/utec/humanoid_ws/install/unitree_hg/include/unitree_hg/unitree_hg/msg/detail/low_cmd__rosidl_typesupport_introspection_cpp.hpp
[0.569s] -- Up-to-date: /home/utec/humanoid_ws/install/unitree_hg/include/unitree_hg/unitree_hg/msg/detail/bms_cmd__type_support.cpp
[0.569s] -- Up-to-date: /home/utec/humanoid_ws/install/unitree_hg/include/unitree_hg/unitree_hg/msg/detail/main_board_state__rosidl_typesupport_introspection_cpp.hpp
[0.569s] -- Up-to-date: /home/utec/humanoid_ws/install/unitree_hg/include/unitree_hg/unitree_hg/msg/detail/bms_state__rosidl_typesupport_introspection_cpp.hpp
[0.569s] -- Up-to-date: /home/utec/humanoid_ws/install/unitree_hg/include/unitree_hg/unitree_hg/msg/detail/press_sensor_state__rosidl_typesupport_introspection_cpp.hpp
[0.569s] -- Up-to-date: /home/utec/humanoid_ws/install/unitree_hg/include/unitree_hg/unitree_hg/msg/detail/motor_cmd__rosidl_typesupport_introspection_cpp.hpp
[0.569s] -- Up-to-date: /home/utec/humanoid_ws/install/unitree_hg/include/unitree_hg/unitree_hg/msg/detail/hand_state__type_support.cpp
[0.569s] -- Up-to-date: /home/utec/humanoid_ws/install/unitree_hg/include/unitree_hg/unitree_hg/msg/detail/hand_cmd__rosidl_typesupport_introspection_cpp.hpp
[0.569s] -- Up-to-date: /home/utec/humanoid_ws/install/unitree_hg/include/unitree_hg/unitree_hg/msg/detail/main_board_state__type_support.cpp
[0.570s] -- Up-to-date: /home/utec/humanoid_ws/install/unitree_hg/include/unitree_hg/unitree_hg/msg/detail/bms_state__type_support.cpp
[0.570s] -- Up-to-date: /home/utec/humanoid_ws/install/unitree_hg/include/unitree_hg/unitree_hg/msg/detail/low_cmd__type_support.cpp
[0.570s] -- Up-to-date: /home/utec/humanoid_ws/install/unitree_hg/include/unitree_hg/unitree_hg/msg/detail/imu_state__rosidl_typesupport_introspection_cpp.hpp
[0.570s] -- Up-to-date: /home/utec/humanoid_ws/install/unitree_hg/include/unitree_hg/unitree_hg/msg/detail/low_state__type_support.cpp
[0.570s] -- Up-to-date: /home/utec/humanoid_ws/install/unitree_hg/include/unitree_hg/unitree_hg/msg/detail/press_sensor_state__type_support.cpp
[0.570s] -- Up-to-date: /home/utec/humanoid_ws/install/unitree_hg/include/unitree_hg/unitree_hg/msg/detail/motor_cmd__type_support.cpp
[0.570s] -- Up-to-date: /home/utec/humanoid_ws/install/unitree_hg/include/unitree_hg/unitree_hg/msg/detail/low_state__rosidl_typesupport_introspection_cpp.hpp
[0.570s] -- Up-to-date: /home/utec/humanoid_ws/install/unitree_hg/include/unitree_hg/unitree_hg/msg/detail/bms_cmd__rosidl_typesupport_introspection_cpp.hpp
[0.570s] -- Up-to-date: /home/utec/humanoid_ws/install/unitree_hg/lib/libunitree_hg__rosidl_typesupport_introspection_cpp.so
[0.570s] -- Up-to-date: /home/utec/humanoid_ws/install/unitree_hg/lib/libunitree_hg__rosidl_typesupport_cpp.so
[0.571s] -- Up-to-date: /home/utec/humanoid_ws/install/unitree_hg/share/unitree_hg/environment/pythonpath.sh
[0.571s] -- Up-to-date: /home/utec/humanoid_ws/install/unitree_hg/share/unitree_hg/environment/pythonpath.dsv
[0.571s] -- Up-to-date: /home/utec/humanoid_ws/install/unitree_hg/local/lib/python3.10/dist-packages/unitree_hg-0.0.0-py3.10.egg-info
[0.571s] -- Installing: /home/utec/humanoid_ws/install/unitree_hg/local/lib/python3.10/dist-packages/unitree_hg-0.0.0-py3.10.egg-info/top_level.txt
[0.571s] -- Installing: /home/utec/humanoid_ws/install/unitree_hg/local/lib/python3.10/dist-packages/unitree_hg-0.0.0-py3.10.egg-info/PKG-INFO
[0.572s] -- Installing: /home/utec/humanoid_ws/install/unitree_hg/local/lib/python3.10/dist-packages/unitree_hg-0.0.0-py3.10.egg-info/dependency_links.txt
[0.572s] -- Installing: /home/utec/humanoid_ws/install/unitree_hg/local/lib/python3.10/dist-packages/unitree_hg-0.0.0-py3.10.egg-info/SOURCES.txt
[0.572s] -- Up-to-date: /home/utec/humanoid_ws/install/unitree_hg/local/lib/python3.10/dist-packages/unitree_hg
[0.572s] -- Up-to-date: /home/utec/humanoid_ws/install/unitree_hg/local/lib/python3.10/dist-packages/unitree_hg/unitree_hg_s__rosidl_typesupport_fastrtps_c.cpython-310-x86_64-linux-gnu.so
[0.572s] -- Up-to-date: /home/utec/humanoid_ws/install/unitree_hg/local/lib/python3.10/dist-packages/unitree_hg/__init__.py
[0.572s] -- Up-to-date: /home/utec/humanoid_ws/install/unitree_hg/local/lib/python3.10/dist-packages/unitree_hg/_unitree_hg_s.ep.rosidl_typesupport_introspection_c.c
[0.572s] -- Up-to-date: /home/utec/humanoid_ws/install/unitree_hg/local/lib/python3.10/dist-packages/unitree_hg/libunitree_hg__rosidl_generator_py.so
[0.572s] -- Up-to-date: /home/utec/humanoid_ws/install/unitree_hg/local/lib/python3.10/dist-packages/unitree_hg/_unitree_hg_s.ep.rosidl_typesupport_c.c
[0.572s] -- Up-to-date: /home/utec/humanoid_ws/install/unitree_hg/local/lib/python3.10/dist-packages/unitree_hg/_unitree_hg_s.ep.rosidl_typesupport_fastrtps_c.c
[0.572s] -- Up-to-date: /home/utec/humanoid_ws/install/unitree_hg/local/lib/python3.10/dist-packages/unitree_hg/msg
[0.572s] -- Up-to-date: /home/utec/humanoid_ws/install/unitree_hg/local/lib/python3.10/dist-packages/unitree_hg/msg/_imu_state.py
[0.572s] -- Up-to-date: /home/utec/humanoid_ws/install/unitree_hg/local/lib/python3.10/dist-packages/unitree_hg/msg/_main_board_state.py
[0.573s] -- Up-to-date: /home/utec/humanoid_ws/install/unitree_hg/local/lib/python3.10/dist-packages/unitree_hg/msg/_motor_state.py
[0.573s] -- Up-to-date: /home/utec/humanoid_ws/install/unitree_hg/local/lib/python3.10/dist-packages/unitree_hg/msg/_low_state_s.c
[0.573s] -- Up-to-date: /home/utec/humanoid_ws/install/unitree_hg/local/lib/python3.10/dist-packages/unitree_hg/msg/_imu_state_s.c
[0.573s] -- Up-to-date: /home/utec/humanoid_ws/install/unitree_hg/local/lib/python3.10/dist-packages/unitree_hg/msg/_motor_cmd.py
[0.573s] -- Up-to-date: /home/utec/humanoid_ws/install/unitree_hg/local/lib/python3.10/dist-packages/unitree_hg/msg/__init__.py
[0.573s] -- Up-to-date: /home/utec/humanoid_ws/install/unitree_hg/local/lib/python3.10/dist-packages/unitree_hg/msg/_hand_cmd.py
[0.573s] -- Up-to-date: /home/utec/humanoid_ws/install/unitree_hg/local/lib/python3.10/dist-packages/unitree_hg/msg/_low_cmd.py
[0.573s] -- Up-to-date: /home/utec/humanoid_ws/install/unitree_hg/local/lib/python3.10/dist-packages/unitree_hg/msg/_bms_cmd_s.c
[0.573s] -- Up-to-date: /home/utec/humanoid_ws/install/unitree_hg/local/lib/python3.10/dist-packages/unitree_hg/msg/_press_sensor_state.py
[0.573s] -- Up-to-date: /home/utec/humanoid_ws/install/unitree_hg/local/lib/python3.10/dist-packages/unitree_hg/msg/_motor_state_s.c
[0.573s] -- Up-to-date: /home/utec/humanoid_ws/install/unitree_hg/local/lib/python3.10/dist-packages/unitree_hg/msg/_hand_state.py
[0.573s] -- Up-to-date: /home/utec/humanoid_ws/install/unitree_hg/local/lib/python3.10/dist-packages/unitree_hg/msg/_hand_state_s.c
[0.574s] -- Up-to-date: /home/utec/humanoid_ws/install/unitree_hg/local/lib/python3.10/dist-packages/unitree_hg/msg/_press_sensor_state_s.c
[0.574s] -- Up-to-date: /home/utec/humanoid_ws/install/unitree_hg/local/lib/python3.10/dist-packages/unitree_hg/msg/_low_cmd_s.c
[0.574s] -- Up-to-date: /home/utec/humanoid_ws/install/unitree_hg/local/lib/python3.10/dist-packages/unitree_hg/msg/_low_state.py
[0.574s] -- Up-to-date: /home/utec/humanoid_ws/install/unitree_hg/local/lib/python3.10/dist-packages/unitree_hg/msg/_main_board_state_s.c
[0.574s] -- Up-to-date: /home/utec/humanoid_ws/install/unitree_hg/local/lib/python3.10/dist-packages/unitree_hg/msg/_bms_state_s.c
[0.574s] -- Up-to-date: /home/utec/humanoid_ws/install/unitree_hg/local/lib/python3.10/dist-packages/unitree_hg/msg/_hand_cmd_s.c
[0.574s] -- Up-to-date: /home/utec/humanoid_ws/install/unitree_hg/local/lib/python3.10/dist-packages/unitree_hg/msg/_bms_cmd.py
[0.574s] -- Up-to-date: /home/utec/humanoid_ws/install/unitree_hg/local/lib/python3.10/dist-packages/unitree_hg/msg/_bms_state.py
[0.574s] -- Up-to-date: /home/utec/humanoid_ws/install/unitree_hg/local/lib/python3.10/dist-packages/unitree_hg/msg/_motor_cmd_s.c
[0.574s] -- Up-to-date: /home/utec/humanoid_ws/install/unitree_hg/local/lib/python3.10/dist-packages/unitree_hg/unitree_hg_s__rosidl_typesupport_introspection_c.cpython-310-x86_64-linux-gnu.so
[0.574s] -- Up-to-date: /home/utec/humanoid_ws/install/unitree_hg/local/lib/python3.10/dist-packages/unitree_hg/unitree_hg_s__rosidl_typesupport_c.cpython-310-x86_64-linux-gnu.so
[0.627s] Listing '/home/utec/humanoid_ws/install/unitree_hg/local/lib/python3.10/dist-packages/unitree_hg'...
[0.628s] Listing '/home/utec/humanoid_ws/install/unitree_hg/local/lib/python3.10/dist-packages/unitree_hg/msg'...
[0.628s] -- Up-to-date: /home/utec/humanoid_ws/install/unitree_hg/local/lib/python3.10/dist-packages/unitree_hg/unitree_hg_s__rosidl_typesupport_fastrtps_c.cpython-310-x86_64-linux-gnu.so
[0.628s] -- Up-to-date: /home/utec/humanoid_ws/install/unitree_hg/local/lib/python3.10/dist-packages/unitree_hg/unitree_hg_s__rosidl_typesupport_introspection_c.cpython-310-x86_64-linux-gnu.so
[0.628s] -- Up-to-date: /home/utec/humanoid_ws/install/unitree_hg/local/lib/python3.10/dist-packages/unitree_hg/unitree_hg_s__rosidl_typesupport_c.cpython-310-x86_64-linux-gnu.so
[0.628s] -- Up-to-date: /home/utec/humanoid_ws/install/unitree_hg/lib/libunitree_hg__rosidl_generator_py.so
[0.628s] -- Up-to-date: /home/utec/humanoid_ws/install/unitree_hg/share/unitree_hg/msg/BmsCmd.idl
[0.629s] -- Up-to-date: /home/utec/humanoid_ws/install/unitree_hg/share/unitree_hg/msg/BmsState.idl
[0.629s] -- Up-to-date: /home/utec/humanoid_ws/install/unitree_hg/share/unitree_hg/msg/HandCmd.idl
[0.629s] -- Up-to-date: /home/utec/humanoid_ws/install/unitree_hg/share/unitree_hg/msg/HandState.idl
[0.629s] -- Up-to-date: /home/utec/humanoid_ws/install/unitree_hg/share/unitree_hg/msg/IMUState.idl
[0.629s] -- Up-to-date: /home/utec/humanoid_ws/install/unitree_hg/share/unitree_hg/msg/LowCmd.idl
[0.629s] -- Up-to-date: /home/utec/humanoid_ws/install/unitree_hg/share/unitree_hg/msg/LowState.idl
[0.629s] -- Up-to-date: /home/utec/humanoid_ws/install/unitree_hg/share/unitree_hg/msg/MainBoardState.idl
[0.629s] -- Up-to-date: /home/utec/humanoid_ws/install/unitree_hg/share/unitree_hg/msg/MotorCmd.idl
[0.629s] -- Up-to-date: /home/utec/humanoid_ws/install/unitree_hg/share/unitree_hg/msg/MotorState.idl
[0.629s] -- Up-to-date: /home/utec/humanoid_ws/install/unitree_hg/share/unitree_hg/msg/PressSensorState.idl
[0.629s] -- Up-to-date: /home/utec/humanoid_ws/install/unitree_hg/share/unitree_hg/msg/BmsCmd.msg
[0.629s] -- Up-to-date: /home/utec/humanoid_ws/install/unitree_hg/share/unitree_hg/msg/BmsState.msg
[0.629s] -- Up-to-date: /home/utec/humanoid_ws/install/unitree_hg/share/unitree_hg/msg/HandCmd.msg
[0.629s] -- Up-to-date: /home/utec/humanoid_ws/install/unitree_hg/share/unitree_hg/msg/HandState.msg
[0.629s] -- Up-to-date: /home/utec/humanoid_ws/install/unitree_hg/share/unitree_hg/msg/IMUState.msg
[0.629s] -- Up-to-date: /home/utec/humanoid_ws/install/unitree_hg/share/unitree_hg/msg/LowCmd.msg
[0.629s] -- Up-to-date: /home/utec/humanoid_ws/install/unitree_hg/share/unitree_hg/msg/LowState.msg
[0.630s] -- Up-to-date: /home/utec/humanoid_ws/install/unitree_hg/share/unitree_hg/msg/MainBoardState.msg
[0.631s] -- Up-to-date: /home/utec/humanoid_ws/install/unitree_hg/share/unitree_hg/msg/MotorCmd.msg
[0.631s] -- Up-to-date: /home/utec/humanoid_ws/install/unitree_hg/share/unitree_hg/msg/MotorState.msg
[0.631s] -- Up-to-date: /home/utec/humanoid_ws/install/unitree_hg/share/unitree_hg/msg/PressSensorState.msg
[0.631s] -- Up-to-date: /home/utec/humanoid_ws/install/unitree_hg/share/unitree_hg/msg/dds_connext
[0.631s] -- Up-to-date: /home/utec/humanoid_ws/install/unitree_hg/share/unitree_hg/msg/dds_connext/HandState_.idl
[0.631s] -- Up-to-date: /home/utec/humanoid_ws/install/unitree_hg/share/unitree_hg/msg/dds_connext/PressSensorState_.idl
[0.631s] -- Up-to-date: /home/utec/humanoid_ws/install/unitree_hg/share/unitree_hg/msg/dds_connext/MainBoardState_.idl
[0.631s] -- Up-to-date: /home/utec/humanoid_ws/install/unitree_hg/share/unitree_hg/msg/dds_connext/IMUState_.idl
[0.631s] -- Up-to-date: /home/utec/humanoid_ws/install/unitree_hg/share/unitree_hg/msg/dds_connext/HandCmd_.idl
[0.631s] -- Up-to-date: /home/utec/humanoid_ws/install/unitree_hg/share/unitree_hg/msg/dds_connext/MotorState_.idl
[0.631s] -- Up-to-date: /home/utec/humanoid_ws/install/unitree_hg/share/unitree_hg/msg/dds_connext/BmsCmd_.idl
[0.632s] -- Up-to-date: /home/utec/humanoid_ws/install/unitree_hg/share/unitree_hg/msg/dds_connext/LowCmd_.idl
[0.632s] -- Up-to-date: /home/utec/humanoid_ws/install/unitree_hg/share/unitree_hg/msg/dds_connext/BmsState_.idl
[0.632s] -- Up-to-date: /home/utec/humanoid_ws/install/unitree_hg/share/unitree_hg/msg/dds_connext/MotorCmd_.idl
[0.632s] -- Up-to-date: /home/utec/humanoid_ws/install/unitree_hg/share/unitree_hg/msg/dds_connext/LowState_.idl
[0.632s] -- Up-to-date: /home/utec/humanoid_ws/install/unitree_hg/share/ament_index/resource_index/package_run_dependencies/unitree_hg
[0.632s] -- Up-to-date: /home/utec/humanoid_ws/install/unitree_hg/share/ament_index/resource_index/parent_prefix_path/unitree_hg
[0.632s] -- Up-to-date: /home/utec/humanoid_ws/install/unitree_hg/share/unitree_hg/environment/ament_prefix_path.sh
[0.632s] -- Up-to-date: /home/utec/humanoid_ws/install/unitree_hg/share/unitree_hg/environment/ament_prefix_path.dsv
[0.632s] -- Up-to-date: /home/utec/humanoid_ws/install/unitree_hg/share/unitree_hg/environment/path.sh
[0.632s] -- Up-to-date: /home/utec/humanoid_ws/install/unitree_hg/share/unitree_hg/environment/path.dsv
[0.633s] -- Up-to-date: /home/utec/humanoid_ws/install/unitree_hg/share/unitree_hg/local_setup.bash
[0.633s] -- Up-to-date: /home/utec/humanoid_ws/install/unitree_hg/share/unitree_hg/local_setup.sh
[0.633s] -- Up-to-date: /home/utec/humanoid_ws/install/unitree_hg/share/unitree_hg/local_setup.zsh
[0.633s] -- Up-to-date: /home/utec/humanoid_ws/install/unitree_hg/share/unitree_hg/local_setup.dsv
[0.633s] -- Installing: /home/utec/humanoid_ws/install/unitree_hg/share/unitree_hg/package.dsv
[0.633s] -- Up-to-date: /home/utec/humanoid_ws/install/unitree_hg/share/ament_index/resource_index/packages/unitree_hg
[0.633s] -- Up-to-date: /home/utec/humanoid_ws/install/unitree_hg/share/unitree_hg/cmake/export_unitree_hg__rosidl_generator_cExport.cmake
[0.633s] -- Up-to-date: /home/utec/humanoid_ws/install/unitree_hg/share/unitree_hg/cmake/export_unitree_hg__rosidl_generator_cExport-noconfig.cmake
[0.633s] -- Up-to-date: /home/utec/humanoid_ws/install/unitree_hg/share/unitree_hg/cmake/export_unitree_hg__rosidl_typesupport_fastrtps_cExport.cmake
[0.633s] -- Up-to-date: /home/utec/humanoid_ws/install/unitree_hg/share/unitree_hg/cmake/export_unitree_hg__rosidl_typesupport_fastrtps_cExport-noconfig.cmake
[0.633s] -- Up-to-date: /home/utec/humanoid_ws/install/unitree_hg/share/unitree_hg/cmake/export_unitree_hg__rosidl_generator_cppExport.cmake
[0.633s] -- Up-to-date: /home/utec/humanoid_ws/install/unitree_hg/share/unitree_hg/cmake/export_unitree_hg__rosidl_typesupport_fastrtps_cppExport.cmake
[0.633s] -- Up-to-date: /home/utec/humanoid_ws/install/unitree_hg/share/unitree_hg/cmake/export_unitree_hg__rosidl_typesupport_fastrtps_cppExport-noconfig.cmake
[0.634s] -- Up-to-date: /home/utec/humanoid_ws/install/unitree_hg/share/unitree_hg/cmake/unitree_hg__rosidl_typesupport_introspection_cExport.cmake
[0.634s] -- Up-to-date: /home/utec/humanoid_ws/install/unitree_hg/share/unitree_hg/cmake/unitree_hg__rosidl_typesupport_introspection_cExport-noconfig.cmake
[0.634s] -- Up-to-date: /home/utec/humanoid_ws/install/unitree_hg/share/unitree_hg/cmake/unitree_hg__rosidl_typesupport_cExport.cmake
[0.634s] -- Up-to-date: /home/utec/humanoid_ws/install/unitree_hg/share/unitree_hg/cmake/unitree_hg__rosidl_typesupport_cExport-noconfig.cmake
[0.634s] -- Up-to-date: /home/utec/humanoid_ws/install/unitree_hg/share/unitree_hg/cmake/unitree_hg__rosidl_typesupport_introspection_cppExport.cmake
[0.634s] -- Up-to-date: /home/utec/humanoid_ws/install/unitree_hg/share/unitree_hg/cmake/unitree_hg__rosidl_typesupport_introspection_cppExport-noconfig.cmake
[0.635s] -- Up-to-date: /home/utec/humanoid_ws/install/unitree_hg/share/unitree_hg/cmake/unitree_hg__rosidl_typesupport_cppExport.cmake
[0.635s] -- Up-to-date: /home/utec/humanoid_ws/install/unitree_hg/share/unitree_hg/cmake/unitree_hg__rosidl_typesupport_cppExport-noconfig.cmake
[0.635s] -- Up-to-date: /home/utec/humanoid_ws/install/unitree_hg/share/unitree_hg/cmake/export_unitree_hg__rosidl_generator_pyExport.cmake
[0.635s] -- Up-to-date: /home/utec/humanoid_ws/install/unitree_hg/share/unitree_hg/cmake/export_unitree_hg__rosidl_generator_pyExport-noconfig.cmake
[0.635s] -- Up-to-date: /home/utec/humanoid_ws/install/unitree_hg/share/unitree_hg/cmake/rosidl_cmake-extras.cmake
[0.635s] -- Up-to-date: /home/utec/humanoid_ws/install/unitree_hg/share/unitree_hg/cmake/ament_cmake_export_dependencies-extras.cmake
[0.635s] -- Up-to-date: /home/utec/humanoid_ws/install/unitree_hg/share/unitree_hg/cmake/ament_cmake_export_include_directories-extras.cmake
[0.635s] -- Up-to-date: /home/utec/humanoid_ws/install/unitree_hg/share/unitree_hg/cmake/ament_cmake_export_libraries-extras.cmake
[0.635s] -- Up-to-date: /home/utec/humanoid_ws/install/unitree_hg/share/unitree_hg/cmake/ament_cmake_export_targets-extras.cmake
[0.635s] -- Up-to-date: /home/utec/humanoid_ws/install/unitree_hg/share/unitree_hg/cmake/rosidl_cmake_export_typesupport_targets-extras.cmake
[0.636s] -- Up-to-date: /home/utec/humanoid_ws/install/unitree_hg/share/unitree_hg/cmake/rosidl_cmake_export_typesupport_libraries-extras.cmake
[0.636s] -- Up-to-date: /home/utec/humanoid_ws/install/unitree_hg/share/unitree_hg/cmake/unitree_hgConfig.cmake
[0.636s] -- Up-to-date: /home/utec/humanoid_ws/install/unitree_hg/share/unitree_hg/cmake/unitree_hgConfig-version.cmake
[0.636s] -- Up-to-date: /home/utec/humanoid_ws/install/unitree_hg/share/unitree_hg/package.xml
[0.662s] Invoked command in '/home/utec/humanoid_ws/build/unitree_hg' returned '0': CMAKE_PREFIX_PATH=${CMAKE_PREFIX_PATH}:/home/utec/humanoid_ws/install/pycodes_h1:/home/utec/humanoid_ws/install/h1_2_model:/opt/ros/humble /usr/bin/cmake --install /home/utec/humanoid_ws/build/unitree_hg
