[0.223s] Invoking command in '/home/utec/humanoid_ws/build/unitree_ros2_example': AMENT_PREFIX_PATH=/home/utec/humanoid_ws/install/unitree_hg:/home/utec/humanoid_ws/install/unitree_go:/home/utec/humanoid_ws/install/unitree_api:${AMENT_PREFIX_PATH} CMAKE_PREFIX_PATH=/home/utec/humanoid_ws/install/unitree_hg:/home/utec/humanoid_ws/install/unitree_go:/home/utec/humanoid_ws/install/unitree_api:/opt/ros/humble LD_LIBRARY_PATH=/home/utec/humanoid_ws/install/unitree_hg/lib:/home/utec/humanoid_ws/install/unitree_go/lib:/home/utec/humanoid_ws/install/unitree_api/lib:${LD_LIBRARY_PATH} PYTHONPATH=/home/utec/humanoid_ws/install/unitree_hg/local/lib/python3.10/dist-packages:/home/utec/humanoid_ws/install/unitree_go/local/lib/python3.10/dist-packages:/home/utec/humanoid_ws/install/unitree_api/local/lib/python3.10/dist-packages:${PYTHONPATH} /usr/bin/cmake --build /home/utec/humanoid_ws/build/unitree_ros2_example -- -j8 -l8
[0.301s] [  5%] Built target low_level_ctrl_hg
[0.302s] [ 10%] Built target low_level_ctrl
[0.306s] [ 13%] Built target read_motion_state
[0.307s] [ 17%] Built target read_wireless_controller
[0.314s] [ 20%] Built target read_low_state
[0.319s] [ 25%] Built target g1_low_level_example
[0.319s] [ 29%] Built target read_low_state_hg
[0.324s] [ 34%] Built target go2_sport_client
[0.361s] [ 39%] Built target go2_stand_example
[0.369s] [ 44%] Built target g1_arm_sdk_dds_example
[0.369s] [ 50%] Built target g1_arm_action_example
[0.371s] [ 55%] Built target g1_loco_client_example
[0.377s] [ 60%] Built target g1_dex3_example
[0.378s] [ 65%] Built target g1_ankle_swing_example
[0.379s] [ 70%] Built target go2_robot_state_client
[0.385s] [ 74%] Built target g1_audio_client_example
[0.407s] [ 79%] Built target b2_sport_client
[0.411s] [ 84%] Built target b2w_sport_client
[0.416s] [ 89%] Built target b2w_stand_example
[0.416s] [ 94%] Built target b2_stand_example
[0.421s] [100%] Built target g1_dual_arm_example
[0.431s] Invoked command in '/home/utec/humanoid_ws/build/unitree_ros2_example' returned '0': AMENT_PREFIX_PATH=/home/utec/humanoid_ws/install/unitree_hg:/home/utec/humanoid_ws/install/unitree_go:/home/utec/humanoid_ws/install/unitree_api:${AMENT_PREFIX_PATH} CMAKE_PREFIX_PATH=/home/utec/humanoid_ws/install/unitree_hg:/home/utec/humanoid_ws/install/unitree_go:/home/utec/humanoid_ws/install/unitree_api:/opt/ros/humble LD_LIBRARY_PATH=/home/utec/humanoid_ws/install/unitree_hg/lib:/home/utec/humanoid_ws/install/unitree_go/lib:/home/utec/humanoid_ws/install/unitree_api/lib:${LD_LIBRARY_PATH} PYTHONPATH=/home/utec/humanoid_ws/install/unitree_hg/local/lib/python3.10/dist-packages:/home/utec/humanoid_ws/install/unitree_go/local/lib/python3.10/dist-packages:/home/utec/humanoid_ws/install/unitree_api/local/lib/python3.10/dist-packages:${PYTHONPATH} /usr/bin/cmake --build /home/utec/humanoid_ws/build/unitree_ros2_example -- -j8 -l8
[0.433s] Invoking command in '/home/utec/humanoid_ws/build/unitree_ros2_example': AMENT_PREFIX_PATH=/home/utec/humanoid_ws/install/unitree_hg:/home/utec/humanoid_ws/install/unitree_go:/home/utec/humanoid_ws/install/unitree_api:${AMENT_PREFIX_PATH} CMAKE_PREFIX_PATH=/home/utec/humanoid_ws/install/unitree_hg:/home/utec/humanoid_ws/install/unitree_go:/home/utec/humanoid_ws/install/unitree_api:/opt/ros/humble LD_LIBRARY_PATH=/home/utec/humanoid_ws/install/unitree_hg/lib:/home/utec/humanoid_ws/install/unitree_go/lib:/home/utec/humanoid_ws/install/unitree_api/lib:${LD_LIBRARY_PATH} PYTHONPATH=/home/utec/humanoid_ws/install/unitree_hg/local/lib/python3.10/dist-packages:/home/utec/humanoid_ws/install/unitree_go/local/lib/python3.10/dist-packages:/home/utec/humanoid_ws/install/unitree_api/local/lib/python3.10/dist-packages:${PYTHONPATH} /usr/bin/cmake --install /home/utec/humanoid_ws/build/unitree_ros2_example
[0.441s] -- Install configuration: ""
[0.441s] -- Up-to-date: /home/utec/humanoid_ws/install/unitree_ros2_example/lib/low_level_ctrl
[0.442s] -- Up-to-date: /home/utec/humanoid_ws/install/unitree_ros2_example/lib/low_level_ctrl_hg
[0.443s] -- Up-to-date: /home/utec/humanoid_ws/install/unitree_ros2_example/lib/g1_low_level_example
[0.443s] -- Up-to-date: /home/utec/humanoid_ws/install/unitree_ros2_example/lib/read_low_state
[0.444s] -- Up-to-date: /home/utec/humanoid_ws/install/unitree_ros2_example/lib/read_low_state_hg
[0.445s] -- Up-to-date: /home/utec/humanoid_ws/install/unitree_ros2_example/lib/read_motion_state
[0.445s] -- Up-to-date: /home/utec/humanoid_ws/install/unitree_ros2_example/lib/read_wireless_controller
[0.446s] -- Up-to-date: /home/utec/humanoid_ws/install/unitree_ros2_example/lib/go2_sport_client
[0.447s] -- Up-to-date: /home/utec/humanoid_ws/install/unitree_ros2_example/lib/go2_stand_example
[0.448s] -- Up-to-date: /home/utec/humanoid_ws/install/unitree_ros2_example/bin/go2_robot_state_client
[0.448s] -- Up-to-date: /home/utec/humanoid_ws/install/unitree_ros2_example/bin/g1_arm_sdk_dds_example
[0.449s] -- Up-to-date: /home/utec/humanoid_ws/install/unitree_ros2_example/bin/g1_arm_action_example
[0.450s] -- Up-to-date: /home/utec/humanoid_ws/install/unitree_ros2_example/bin/g1_dex3_example
[0.450s] -- Up-to-date: /home/utec/humanoid_ws/install/unitree_ros2_example/bin/g1_loco_client_example
[0.451s] -- Up-to-date: /home/utec/humanoid_ws/install/unitree_ros2_example/bin/g1_ankle_swing_example
[0.452s] -- Up-to-date: /home/utec/humanoid_ws/install/unitree_ros2_example/bin/g1_dual_arm_example
[0.453s] -- Up-to-date: /home/utec/humanoid_ws/install/unitree_ros2_example/bin/g1_audio_client_example
[0.453s] -- Up-to-date: /home/utec/humanoid_ws/install/unitree_ros2_example/share/ament_index/resource_index/package_run_dependencies/unitree_ros2_example
[0.453s] -- Up-to-date: /home/utec/humanoid_ws/install/unitree_ros2_example/share/ament_index/resource_index/parent_prefix_path/unitree_ros2_example
[0.454s] -- Up-to-date: /home/utec/humanoid_ws/install/unitree_ros2_example/share/unitree_ros2_example/environment/ament_prefix_path.sh
[0.454s] -- Up-to-date: /home/utec/humanoid_ws/install/unitree_ros2_example/share/unitree_ros2_example/environment/ament_prefix_path.dsv
[0.454s] -- Up-to-date: /home/utec/humanoid_ws/install/unitree_ros2_example/share/unitree_ros2_example/environment/path.sh
[0.454s] -- Up-to-date: /home/utec/humanoid_ws/install/unitree_ros2_example/share/unitree_ros2_example/environment/path.dsv
[0.454s] -- Up-to-date: /home/utec/humanoid_ws/install/unitree_ros2_example/share/unitree_ros2_example/local_setup.bash
[0.454s] -- Up-to-date: /home/utec/humanoid_ws/install/unitree_ros2_example/share/unitree_ros2_example/local_setup.sh
[0.454s] -- Up-to-date: /home/utec/humanoid_ws/install/unitree_ros2_example/share/unitree_ros2_example/local_setup.zsh
[0.454s] -- Up-to-date: /home/utec/humanoid_ws/install/unitree_ros2_example/share/unitree_ros2_example/local_setup.dsv
[0.454s] -- Installing: /home/utec/humanoid_ws/install/unitree_ros2_example/share/unitree_ros2_example/package.dsv
[0.454s] -- Up-to-date: /home/utec/humanoid_ws/install/unitree_ros2_example/share/ament_index/resource_index/packages/unitree_ros2_example
[0.455s] -- Up-to-date: /home/utec/humanoid_ws/install/unitree_ros2_example/share/unitree_ros2_example/cmake/unitree_ros2_exampleConfig.cmake
[0.455s] -- Up-to-date: /home/utec/humanoid_ws/install/unitree_ros2_example/share/unitree_ros2_example/cmake/unitree_ros2_exampleConfig-version.cmake
[0.455s] -- Up-to-date: /home/utec/humanoid_ws/install/unitree_ros2_example/share/unitree_ros2_example/package.xml
[0.457s] Invoked command in '/home/utec/humanoid_ws/build/unitree_ros2_example' returned '0': AMENT_PREFIX_PATH=/home/utec/humanoid_ws/install/unitree_hg:/home/utec/humanoid_ws/install/unitree_go:/home/utec/humanoid_ws/install/unitree_api:${AMENT_PREFIX_PATH} CMAKE_PREFIX_PATH=/home/utec/humanoid_ws/install/unitree_hg:/home/utec/humanoid_ws/install/unitree_go:/home/utec/humanoid_ws/install/unitree_api:/opt/ros/humble LD_LIBRARY_PATH=/home/utec/humanoid_ws/install/unitree_hg/lib:/home/utec/humanoid_ws/install/unitree_go/lib:/home/utec/humanoid_ws/install/unitree_api/lib:${LD_LIBRARY_PATH} PYTHONPATH=/home/utec/humanoid_ws/install/unitree_hg/local/lib/python3.10/dist-packages:/home/utec/humanoid_ws/install/unitree_go/local/lib/python3.10/dist-packages:/home/utec/humanoid_ws/install/unitree_api/local/lib/python3.10/dist-packages:${PYTHONPATH} /usr/bin/cmake --install /home/utec/humanoid_ws/build/unitree_ros2_example
