[1.002s] Invoking command in '/home/utec/humanoid_ws/src/h1_2_utec/h1_2_model': CMAKE_PREFIX_PATH=/home/utec/humanoid_ws/install/h1_2_description:/home/utec/humanoid_ws/install/unitree_ros2_example:/home/utec/humanoid_ws/install/h1_2_interface:/home/utec/humanoid_ws/install/unitree_hg:/home/utec/humanoid_ws/install/unitree_go:/home/utec/humanoid_ws/install/unitree_api PYTHONPATH=/home/utec/humanoid_ws/build/h1_2_model/prefix_override:/usr/lib/python3/dist-packages/colcon_core/task/python/colcon_distutils_commands:/home/utec/humanoid_ws/install/h1_2_model/lib/python3.10/site-packages:${PYTHONPATH} /usr/bin/python3 -W ignore:setup.py install is deprecated -W ignore:easy_install command is deprecated setup.py egg_info --egg-base ../../../build/h1_2_model build --build-base /home/utec/humanoid_ws/build/h1_2_model/build install --record /home/utec/humanoid_ws/build/h1_2_model/install.log --single-version-externally-managed install_data
[1.442s] running egg_info
[1.444s] writing ../../../build/h1_2_model/h1_2_model.egg-info/PKG-INFO
[1.444s] writing dependency_links to ../../../build/h1_2_model/h1_2_model.egg-info/dependency_links.txt
[1.444s] writing entry points to ../../../build/h1_2_model/h1_2_model.egg-info/entry_points.txt
[1.444s] writing requirements to ../../../build/h1_2_model/h1_2_model.egg-info/requires.txt
[1.444s] writing top-level names to ../../../build/h1_2_model/h1_2_model.egg-info/top_level.txt
[1.447s] reading manifest file '../../../build/h1_2_model/h1_2_model.egg-info/SOURCES.txt'
[1.448s] writing manifest file '../../../build/h1_2_model/h1_2_model.egg-info/SOURCES.txt'
[1.448s] running build
[1.449s] running build_py
[1.449s] running install
[1.449s] running install_lib
[1.451s] running install_data
[1.451s] running install_egg_info
[1.453s] removing '/home/utec/humanoid_ws/install/h1_2_model/lib/python3.10/site-packages/h1_2_model-0.0.1-py3.10.egg-info' (and everything under it)
[1.453s] Copying ../../../build/h1_2_model/h1_2_model.egg-info to /home/utec/humanoid_ws/install/h1_2_model/lib/python3.10/site-packages/h1_2_model-0.0.1-py3.10.egg-info
[1.454s] running install_scripts
[1.485s] Installing fk_test_pose script to /home/utec/humanoid_ws/install/h1_2_model/lib/h1_2_model
[1.485s] Installing fk_test_position script to /home/utec/humanoid_ws/install/h1_2_model/lib/h1_2_model
[1.485s] Installing jacobian_numeric_test script to /home/utec/humanoid_ws/install/h1_2_model/lib/h1_2_model
[1.485s] Installing jacobian_test script to /home/utec/humanoid_ws/install/h1_2_model/lib/h1_2_model
[1.485s] Installing joint_publisher script to /home/utec/humanoid_ws/install/h1_2_model/lib/h1_2_model
[1.485s] Installing kinematic_controller_fixed script to /home/utec/humanoid_ws/install/h1_2_model/lib/h1_2_model
[1.485s] Installing kinematic_controller_wb1 script to /home/utec/humanoid_ws/install/h1_2_model/lib/h1_2_model
[1.485s] Installing kinematic_controller_wb2 script to /home/utec/humanoid_ws/install/h1_2_model/lib/h1_2_model
[1.486s] writing list of installed files to '/home/utec/humanoid_ws/build/h1_2_model/install.log'
[1.520s] Invoked command in '/home/utec/humanoid_ws/src/h1_2_utec/h1_2_model' returned '0': CMAKE_PREFIX_PATH=/home/utec/humanoid_ws/install/h1_2_description:/home/utec/humanoid_ws/install/unitree_ros2_example:/home/utec/humanoid_ws/install/h1_2_interface:/home/utec/humanoid_ws/install/unitree_hg:/home/utec/humanoid_ws/install/unitree_go:/home/utec/humanoid_ws/install/unitree_api PYTHONPATH=/home/utec/humanoid_ws/build/h1_2_model/prefix_override:/usr/lib/python3/dist-packages/colcon_core/task/python/colcon_distutils_commands:/home/utec/humanoid_ws/install/h1_2_model/lib/python3.10/site-packages:${PYTHONPATH} /usr/bin/python3 -W ignore:setup.py install is deprecated -W ignore:easy_install command is deprecated setup.py egg_info --egg-base ../../../build/h1_2_model build --build-base /home/utec/humanoid_ws/build/h1_2_model/build install --record /home/utec/humanoid_ws/build/h1_2_model/install.log --single-version-externally-managed install_data
