[0.024s] Invoking command in '/home/utec/humanoid_ws/build/unitree_api': CMAKE_PREFIX_PATH=${CMAKE_PREFIX_PATH}:/home/utec/humanoid_ws/install/h1_2_algoritms:/home/utec/humanoid_ws/install/pycodes_h1:/home/utec/humanoid_ws/install/h1_2_model:/opt/ros/humble /usr/bin/cmake --build /home/utec/humanoid_ws/build/unitree_api -- -j8 -l8
[0.104s] [  1%] Built target unitree_api__dds_connext_idl
[0.124s] [  1%] Built target ament_cmake_python_copy_unitree_api
[0.127s] [  2%] Built target unitree_api__cpp
[0.157s] [ 13%] Built target unitree_api__rosidl_generator_c
[0.225s] [ 25%] Built target unitree_api__rosidl_typesupport_c
[0.231s] [ 36%] Built target unitree_api__rosidl_typesupport_fastrtps_c
[0.234s] [ 47%] Built target unitree_api__rosidl_typesupport_introspection_cpp
[0.242s] [ 59%] Built target unitree_api__rosidl_typesupport_fastrtps_cpp
[0.245s] [ 70%] Built target unitree_api__rosidl_typesupport_cpp
[0.256s] [ 81%] Built target unitree_api__rosidl_typesupport_introspection_c
[0.318s] [ 81%] Built target unitree_api
[0.360s] [ 82%] Built target unitree_api__py
[0.398s] [ 93%] Built target unitree_api__rosidl_generator_py
[0.467s] [ 95%] Built target unitree_api__rosidl_typesupport_c__pyext
[0.474s] [ 97%] Built target unitree_api__rosidl_typesupport_fastrtps_c__pyext
[0.477s] [100%] Built target unitree_api__rosidl_typesupport_introspection_c__pyext
[0.686s] running egg_info
[0.688s] writing unitree_api.egg-info/PKG-INFO
[0.690s] writing dependency_links to unitree_api.egg-info/dependency_links.txt
[0.691s] writing top-level names to unitree_api.egg-info/top_level.txt
[0.697s] reading manifest file 'unitree_api.egg-info/SOURCES.txt'
[0.698s] writing manifest file 'unitree_api.egg-info/SOURCES.txt'
[0.743s] [100%] Built target ament_cmake_python_build_unitree_api_egg
[0.959s] Invoked command in '/home/utec/humanoid_ws/build/unitree_api' returned '0': CMAKE_PREFIX_PATH=${CMAKE_PREFIX_PATH}:/home/utec/humanoid_ws/install/h1_2_algoritms:/home/utec/humanoid_ws/install/pycodes_h1:/home/utec/humanoid_ws/install/h1_2_model:/opt/ros/humble /usr/bin/cmake --build /home/utec/humanoid_ws/build/unitree_api -- -j8 -l8
[0.960s] Invoking command in '/home/utec/humanoid_ws/build/unitree_api': CMAKE_PREFIX_PATH=${CMAKE_PREFIX_PATH}:/home/utec/humanoid_ws/install/h1_2_algoritms:/home/utec/humanoid_ws/install/pycodes_h1:/home/utec/humanoid_ws/install/h1_2_model:/opt/ros/humble /usr/bin/cmake --install /home/utec/humanoid_ws/build/unitree_api
[0.980s] -- Install configuration: ""
[0.980s] -- Up-to-date: /home/utec/humanoid_ws/install/unitree_api/share/ament_index/resource_index/rosidl_interfaces/unitree_api
[0.980s] -- Up-to-date: /home/utec/humanoid_ws/install/unitree_api/include/unitree_api/unitree_api
[0.981s] -- Up-to-date: /home/utec/humanoid_ws/install/unitree_api/include/unitree_api/unitree_api/msg
[0.982s] -- Up-to-date: /home/utec/humanoid_ws/install/unitree_api/include/unitree_api/unitree_api/msg/response_header.h
[0.982s] -- Up-to-date: /home/utec/humanoid_ws/install/unitree_api/include/unitree_api/unitree_api/msg/request_header.h
[0.982s] -- Up-to-date: /home/utec/humanoid_ws/install/unitree_api/include/unitree_api/unitree_api/msg/request_identity.h
[0.982s] -- Up-to-date: /home/utec/humanoid_ws/install/unitree_api/include/unitree_api/unitree_api/msg/detail
[0.982s] -- Up-to-date: /home/utec/humanoid_ws/install/unitree_api/include/unitree_api/unitree_api/msg/detail/request_header__struct.h
[0.983s] -- Up-to-date: /home/utec/humanoid_ws/install/unitree_api/include/unitree_api/unitree_api/msg/detail/response__type_support.h
[0.983s] -- Up-to-date: /home/utec/humanoid_ws/install/unitree_api/include/unitree_api/unitree_api/msg/detail/response__struct.h
[0.983s] -- Up-to-date: /home/utec/humanoid_ws/install/unitree_api/include/unitree_api/unitree_api/msg/detail/request_identity__struct.h
[0.983s] -- Up-to-date: /home/utec/humanoid_ws/install/unitree_api/include/unitree_api/unitree_api/msg/detail/response_status__type_support.h
[0.983s] -- Up-to-date: /home/utec/humanoid_ws/install/unitree_api/include/unitree_api/unitree_api/msg/detail/response_header__functions.h
[0.983s] -- Up-to-date: /home/utec/humanoid_ws/install/unitree_api/include/unitree_api/unitree_api/msg/detail/response_status__functions.c
[0.983s] -- Up-to-date: /home/utec/humanoid_ws/install/unitree_api/include/unitree_api/unitree_api/msg/detail/request_lease__type_support.h
[0.983s] -- Up-to-date: /home/utec/humanoid_ws/install/unitree_api/include/unitree_api/unitree_api/msg/detail/request_identity__type_support.h
[0.983s] -- Up-to-date: /home/utec/humanoid_ws/install/unitree_api/include/unitree_api/unitree_api/msg/detail/request__functions.c
[0.983s] -- Up-to-date: /home/utec/humanoid_ws/install/unitree_api/include/unitree_api/unitree_api/msg/detail/request_lease__functions.h
[0.983s] -- Up-to-date: /home/utec/humanoid_ws/install/unitree_api/include/unitree_api/unitree_api/msg/detail/response_status__functions.h
[0.984s] -- Up-to-date: /home/utec/humanoid_ws/install/unitree_api/include/unitree_api/unitree_api/msg/detail/request_policy__type_support.h
[0.984s] -- Up-to-date: /home/utec/humanoid_ws/install/unitree_api/include/unitree_api/unitree_api/msg/detail/request_identity__functions.c
[0.984s] -- Up-to-date: /home/utec/humanoid_ws/install/unitree_api/include/unitree_api/unitree_api/msg/detail/response_header__functions.c
[0.984s] -- Up-to-date: /home/utec/humanoid_ws/install/unitree_api/include/unitree_api/unitree_api/msg/detail/request_header__functions.c
[0.984s] -- Up-to-date: /home/utec/humanoid_ws/install/unitree_api/include/unitree_api/unitree_api/msg/detail/response_header__type_support.h
[0.985s] -- Up-to-date: /home/utec/humanoid_ws/install/unitree_api/include/unitree_api/unitree_api/msg/detail/request_identity__functions.h
[0.985s] -- Up-to-date: /home/utec/humanoid_ws/install/unitree_api/include/unitree_api/unitree_api/msg/detail/request_policy__struct.h
[0.985s] -- Up-to-date: /home/utec/humanoid_ws/install/unitree_api/include/unitree_api/unitree_api/msg/detail/request_policy__functions.h
[0.985s] -- Up-to-date: /home/utec/humanoid_ws/install/unitree_api/include/unitree_api/unitree_api/msg/detail/response__functions.h
[0.985s] -- Up-to-date: /home/utec/humanoid_ws/install/unitree_api/include/unitree_api/unitree_api/msg/detail/request_lease__functions.c
[0.985s] -- Up-to-date: /home/utec/humanoid_ws/install/unitree_api/include/unitree_api/unitree_api/msg/detail/request__type_support.h
[0.985s] -- Up-to-date: /home/utec/humanoid_ws/install/unitree_api/include/unitree_api/unitree_api/msg/detail/request_policy__functions.c
[0.985s] -- Up-to-date: /home/utec/humanoid_ws/install/unitree_api/include/unitree_api/unitree_api/msg/detail/request_header__type_support.h
[0.985s] -- Up-to-date: /home/utec/humanoid_ws/install/unitree_api/include/unitree_api/unitree_api/msg/detail/request_header__functions.h
[0.986s] -- Up-to-date: /home/utec/humanoid_ws/install/unitree_api/include/unitree_api/unitree_api/msg/detail/response__functions.c
[0.986s] -- Up-to-date: /home/utec/humanoid_ws/install/unitree_api/include/unitree_api/unitree_api/msg/detail/request__functions.h
[0.989s] -- Up-to-date: /home/utec/humanoid_ws/install/unitree_api/include/unitree_api/unitree_api/msg/detail/request_lease__struct.h
[0.989s] -- Up-to-date: /home/utec/humanoid_ws/install/unitree_api/include/unitree_api/unitree_api/msg/detail/response_status__struct.h
[0.989s] -- Up-to-date: /home/utec/humanoid_ws/install/unitree_api/include/unitree_api/unitree_api/msg/detail/request__struct.h
[0.989s] -- Up-to-date: /home/utec/humanoid_ws/install/unitree_api/include/unitree_api/unitree_api/msg/detail/response_header__struct.h
[0.989s] -- Up-to-date: /home/utec/humanoid_ws/install/unitree_api/include/unitree_api/unitree_api/msg/response.h
[0.989s] -- Up-to-date: /home/utec/humanoid_ws/install/unitree_api/include/unitree_api/unitree_api/msg/request_policy.h
[0.989s] -- Up-to-date: /home/utec/humanoid_ws/install/unitree_api/include/unitree_api/unitree_api/msg/request_lease.h
[0.989s] -- Up-to-date: /home/utec/humanoid_ws/install/unitree_api/include/unitree_api/unitree_api/msg/rosidl_generator_c__visibility_control.h
[0.989s] -- Up-to-date: /home/utec/humanoid_ws/install/unitree_api/include/unitree_api/unitree_api/msg/response_status.h
[0.990s] -- Up-to-date: /home/utec/humanoid_ws/install/unitree_api/include/unitree_api/unitree_api/msg/request.h
[0.990s] -- Up-to-date: /home/utec/humanoid_ws/install/unitree_api/share/unitree_api/environment/library_path.sh
[0.990s] -- Up-to-date: /home/utec/humanoid_ws/install/unitree_api/share/unitree_api/environment/library_path.dsv
[0.990s] -- Up-to-date: /home/utec/humanoid_ws/install/unitree_api/lib/libunitree_api__rosidl_generator_c.so
[0.990s] -- Up-to-date: /home/utec/humanoid_ws/install/unitree_api/include/unitree_api/unitree_api
[0.990s] -- Up-to-date: /home/utec/humanoid_ws/install/unitree_api/include/unitree_api/unitree_api/msg
[0.990s] -- Up-to-date: /home/utec/humanoid_ws/install/unitree_api/include/unitree_api/unitree_api/msg/rosidl_typesupport_fastrtps_c__visibility_control.h
[0.990s] -- Up-to-date: /home/utec/humanoid_ws/install/unitree_api/include/unitree_api/unitree_api/msg/detail
[0.990s] -- Up-to-date: /home/utec/humanoid_ws/install/unitree_api/include/unitree_api/unitree_api/msg/detail/response__rosidl_typesupport_fastrtps_c.h
[0.990s] -- Up-to-date: /home/utec/humanoid_ws/install/unitree_api/include/unitree_api/unitree_api/msg/detail/response_header__rosidl_typesupport_fastrtps_c.h
[0.991s] -- Up-to-date: /home/utec/humanoid_ws/install/unitree_api/include/unitree_api/unitree_api/msg/detail/request_policy__rosidl_typesupport_fastrtps_c.h
[0.991s] -- Up-to-date: /home/utec/humanoid_ws/install/unitree_api/include/unitree_api/unitree_api/msg/detail/request_lease__rosidl_typesupport_fastrtps_c.h
[0.991s] -- Up-to-date: /home/utec/humanoid_ws/install/unitree_api/include/unitree_api/unitree_api/msg/detail/response_status__rosidl_typesupport_fastrtps_c.h
[0.991s] -- Up-to-date: /home/utec/humanoid_ws/install/unitree_api/include/unitree_api/unitree_api/msg/detail/request_header__rosidl_typesupport_fastrtps_c.h
[0.991s] -- Up-to-date: /home/utec/humanoid_ws/install/unitree_api/include/unitree_api/unitree_api/msg/detail/request_identity__rosidl_typesupport_fastrtps_c.h
[0.991s] -- Up-to-date: /home/utec/humanoid_ws/install/unitree_api/include/unitree_api/unitree_api/msg/detail/request__rosidl_typesupport_fastrtps_c.h
[0.991s] -- Up-to-date: /home/utec/humanoid_ws/install/unitree_api/lib/libunitree_api__rosidl_typesupport_fastrtps_c.so
[0.991s] -- Up-to-date: /home/utec/humanoid_ws/install/unitree_api/include/unitree_api/unitree_api
[0.992s] -- Up-to-date: /home/utec/humanoid_ws/install/unitree_api/include/unitree_api/unitree_api/msg
[0.992s] -- Up-to-date: /home/utec/humanoid_ws/install/unitree_api/include/unitree_api/unitree_api/msg/response_status.hpp
[0.992s] -- Up-to-date: /home/utec/humanoid_ws/install/unitree_api/include/unitree_api/unitree_api/msg/request_identity.hpp
[0.992s] -- Up-to-date: /home/utec/humanoid_ws/install/unitree_api/include/unitree_api/unitree_api/msg/request.hpp
[0.992s] -- Up-to-date: /home/utec/humanoid_ws/install/unitree_api/include/unitree_api/unitree_api/msg/detail
[0.992s] -- Up-to-date: /home/utec/humanoid_ws/install/unitree_api/include/unitree_api/unitree_api/msg/detail/response__traits.hpp
[0.993s] -- Up-to-date: /home/utec/humanoid_ws/install/unitree_api/include/unitree_api/unitree_api/msg/detail/request_identity__traits.hpp
[0.993s] -- Up-to-date: /home/utec/humanoid_ws/install/unitree_api/include/unitree_api/unitree_api/msg/detail/request__traits.hpp
[0.993s] -- Up-to-date: /home/utec/humanoid_ws/install/unitree_api/include/unitree_api/unitree_api/msg/detail/request__builder.hpp
[0.993s] -- Up-to-date: /home/utec/humanoid_ws/install/unitree_api/include/unitree_api/unitree_api/msg/detail/response_status__builder.hpp
[0.993s] -- Up-to-date: /home/utec/humanoid_ws/install/unitree_api/include/unitree_api/unitree_api/msg/detail/request_policy__struct.hpp
[0.993s] -- Up-to-date: /home/utec/humanoid_ws/install/unitree_api/include/unitree_api/unitree_api/msg/detail/response__builder.hpp
[0.993s] -- Up-to-date: /home/utec/humanoid_ws/install/unitree_api/include/unitree_api/unitree_api/msg/detail/request_lease__traits.hpp
[0.993s] -- Up-to-date: /home/utec/humanoid_ws/install/unitree_api/include/unitree_api/unitree_api/msg/detail/request_header__type_support.hpp
[0.993s] -- Up-to-date: /home/utec/humanoid_ws/install/unitree_api/include/unitree_api/unitree_api/msg/detail/response_status__struct.hpp
[0.993s] -- Up-to-date: /home/utec/humanoid_ws/install/unitree_api/include/unitree_api/unitree_api/msg/detail/request_header__traits.hpp
[0.994s] -- Up-to-date: /home/utec/humanoid_ws/install/unitree_api/include/unitree_api/unitree_api/msg/detail/request_lease__struct.hpp
[0.994s] -- Up-to-date: /home/utec/humanoid_ws/install/unitree_api/include/unitree_api/unitree_api/msg/detail/request_policy__type_support.hpp
[0.994s] -- Up-to-date: /home/utec/humanoid_ws/install/unitree_api/include/unitree_api/unitree_api/msg/detail/request_identity__type_support.hpp
[0.994s] -- Up-to-date: /home/utec/humanoid_ws/install/unitree_api/include/unitree_api/unitree_api/msg/detail/request__struct.hpp
[0.994s] -- Up-to-date: /home/utec/humanoid_ws/install/unitree_api/include/unitree_api/unitree_api/msg/detail/request_lease__builder.hpp
[0.994s] -- Up-to-date: /home/utec/humanoid_ws/install/unitree_api/include/unitree_api/unitree_api/msg/detail/response_header__type_support.hpp
[0.994s] -- Up-to-date: /home/utec/humanoid_ws/install/unitree_api/include/unitree_api/unitree_api/msg/detail/request_header__builder.hpp
[0.994s] -- Up-to-date: /home/utec/humanoid_ws/install/unitree_api/include/unitree_api/unitree_api/msg/detail/request_identity__struct.hpp
[0.994s] -- Up-to-date: /home/utec/humanoid_ws/install/unitree_api/include/unitree_api/unitree_api/msg/detail/request__type_support.hpp
[0.994s] -- Up-to-date: /home/utec/humanoid_ws/install/unitree_api/include/unitree_api/unitree_api/msg/detail/request_policy__traits.hpp
[0.994s] -- Up-to-date: /home/utec/humanoid_ws/install/unitree_api/include/unitree_api/unitree_api/msg/detail/request_identity__builder.hpp
[0.995s] -- Up-to-date: /home/utec/humanoid_ws/install/unitree_api/include/unitree_api/unitree_api/msg/detail/response_header__builder.hpp
[0.995s] -- Up-to-date: /home/utec/humanoid_ws/install/unitree_api/include/unitree_api/unitree_api/msg/detail/response__type_support.hpp
[0.995s] -- Up-to-date: /home/utec/humanoid_ws/install/unitree_api/include/unitree_api/unitree_api/msg/detail/response_status__traits.hpp
[0.995s] -- Up-to-date: /home/utec/humanoid_ws/install/unitree_api/include/unitree_api/unitree_api/msg/detail/request_lease__type_support.hpp
[0.995s] -- Up-to-date: /home/utec/humanoid_ws/install/unitree_api/include/unitree_api/unitree_api/msg/detail/request_header__struct.hpp
[0.995s] -- Up-to-date: /home/utec/humanoid_ws/install/unitree_api/include/unitree_api/unitree_api/msg/detail/response_status__type_support.hpp
[0.995s] -- Up-to-date: /home/utec/humanoid_ws/install/unitree_api/include/unitree_api/unitree_api/msg/detail/response__struct.hpp
[0.995s] -- Up-to-date: /home/utec/humanoid_ws/install/unitree_api/include/unitree_api/unitree_api/msg/detail/request_policy__builder.hpp
[0.995s] -- Up-to-date: /home/utec/humanoid_ws/install/unitree_api/include/unitree_api/unitree_api/msg/detail/response_header__struct.hpp
[0.995s] -- Up-to-date: /home/utec/humanoid_ws/install/unitree_api/include/unitree_api/unitree_api/msg/detail/response_header__traits.hpp
[0.996s] -- Up-to-date: /home/utec/humanoid_ws/install/unitree_api/include/unitree_api/unitree_api/msg/request_lease.hpp
[0.996s] -- Up-to-date: /home/utec/humanoid_ws/install/unitree_api/include/unitree_api/unitree_api/msg/request_policy.hpp
[0.996s] -- Up-to-date: /home/utec/humanoid_ws/install/unitree_api/include/unitree_api/unitree_api/msg/rosidl_generator_cpp__visibility_control.hpp
[0.996s] -- Up-to-date: /home/utec/humanoid_ws/install/unitree_api/include/unitree_api/unitree_api/msg/request_header.hpp
[0.996s] -- Up-to-date: /home/utec/humanoid_ws/install/unitree_api/include/unitree_api/unitree_api/msg/response_header.hpp
[0.996s] -- Up-to-date: /home/utec/humanoid_ws/install/unitree_api/include/unitree_api/unitree_api/msg/response.hpp
[0.996s] -- Up-to-date: /home/utec/humanoid_ws/install/unitree_api/include/unitree_api/unitree_api
[0.996s] -- Up-to-date: /home/utec/humanoid_ws/install/unitree_api/include/unitree_api/unitree_api/msg
[0.996s] -- Up-to-date: /home/utec/humanoid_ws/install/unitree_api/include/unitree_api/unitree_api/msg/detail
[0.996s] -- Up-to-date: /home/utec/humanoid_ws/install/unitree_api/include/unitree_api/unitree_api/msg/detail/request_identity__rosidl_typesupport_fastrtps_cpp.hpp
[0.996s] -- Up-to-date: /home/utec/humanoid_ws/install/unitree_api/include/unitree_api/unitree_api/msg/detail/response_status__rosidl_typesupport_fastrtps_cpp.hpp
[0.997s] -- Up-to-date: /home/utec/humanoid_ws/install/unitree_api/include/unitree_api/unitree_api/msg/detail/request_policy__rosidl_typesupport_fastrtps_cpp.hpp
[0.997s] -- Up-to-date: /home/utec/humanoid_ws/install/unitree_api/include/unitree_api/unitree_api/msg/detail/response_header__rosidl_typesupport_fastrtps_cpp.hpp
[0.997s] -- Up-to-date: /home/utec/humanoid_ws/install/unitree_api/include/unitree_api/unitree_api/msg/detail/dds_fastrtps
[0.997s] -- Up-to-date: /home/utec/humanoid_ws/install/unitree_api/include/unitree_api/unitree_api/msg/detail/request__rosidl_typesupport_fastrtps_cpp.hpp
[0.997s] -- Up-to-date: /home/utec/humanoid_ws/install/unitree_api/include/unitree_api/unitree_api/msg/detail/request_lease__rosidl_typesupport_fastrtps_cpp.hpp
[0.997s] -- Up-to-date: /home/utec/humanoid_ws/install/unitree_api/include/unitree_api/unitree_api/msg/detail/request_header__rosidl_typesupport_fastrtps_cpp.hpp
[0.997s] -- Up-to-date: /home/utec/humanoid_ws/install/unitree_api/include/unitree_api/unitree_api/msg/detail/response__rosidl_typesupport_fastrtps_cpp.hpp
[0.997s] -- Up-to-date: /home/utec/humanoid_ws/install/unitree_api/include/unitree_api/unitree_api/msg/rosidl_typesupport_fastrtps_cpp__visibility_control.h
[0.997s] -- Up-to-date: /home/utec/humanoid_ws/install/unitree_api/lib/libunitree_api__rosidl_typesupport_fastrtps_cpp.so
[0.997s] -- Up-to-date: /home/utec/humanoid_ws/install/unitree_api/include/unitree_api/unitree_api
[0.997s] -- Up-to-date: /home/utec/humanoid_ws/install/unitree_api/include/unitree_api/unitree_api/msg
[0.998s] -- Up-to-date: /home/utec/humanoid_ws/install/unitree_api/include/unitree_api/unitree_api/msg/detail
[0.998s] -- Up-to-date: /home/utec/humanoid_ws/install/unitree_api/include/unitree_api/unitree_api/msg/detail/request_header__type_support.c
[0.998s] -- Up-to-date: /home/utec/humanoid_ws/install/unitree_api/include/unitree_api/unitree_api/msg/detail/request__type_support.c
[0.998s] -- Up-to-date: /home/utec/humanoid_ws/install/unitree_api/include/unitree_api/unitree_api/msg/detail/request_policy__type_support.c
[0.998s] -- Up-to-date: /home/utec/humanoid_ws/install/unitree_api/include/unitree_api/unitree_api/msg/detail/request_lease__type_support.c
[0.998s] -- Up-to-date: /home/utec/humanoid_ws/install/unitree_api/include/unitree_api/unitree_api/msg/detail/request_policy__rosidl_typesupport_introspection_c.h
[0.998s] -- Up-to-date: /home/utec/humanoid_ws/install/unitree_api/include/unitree_api/unitree_api/msg/detail/response__rosidl_typesupport_introspection_c.h
[0.998s] -- Up-to-date: /home/utec/humanoid_ws/install/unitree_api/include/unitree_api/unitree_api/msg/detail/response_header__type_support.c
[0.998s] -- Up-to-date: /home/utec/humanoid_ws/install/unitree_api/include/unitree_api/unitree_api/msg/detail/response_status__rosidl_typesupport_introspection_c.h
[0.998s] -- Up-to-date: /home/utec/humanoid_ws/install/unitree_api/include/unitree_api/unitree_api/msg/detail/response_status__type_support.c
[0.998s] -- Up-to-date: /home/utec/humanoid_ws/install/unitree_api/include/unitree_api/unitree_api/msg/detail/request_lease__rosidl_typesupport_introspection_c.h
[0.999s] -- Up-to-date: /home/utec/humanoid_ws/install/unitree_api/include/unitree_api/unitree_api/msg/detail/request_identity__type_support.c
[0.999s] -- Up-to-date: /home/utec/humanoid_ws/install/unitree_api/include/unitree_api/unitree_api/msg/detail/request_identity__rosidl_typesupport_introspection_c.h
[0.999s] -- Up-to-date: /home/utec/humanoid_ws/install/unitree_api/include/unitree_api/unitree_api/msg/detail/response_header__rosidl_typesupport_introspection_c.h
[0.999s] -- Up-to-date: /home/utec/humanoid_ws/install/unitree_api/include/unitree_api/unitree_api/msg/detail/request__rosidl_typesupport_introspection_c.h
[0.999s] -- Up-to-date: /home/utec/humanoid_ws/install/unitree_api/include/unitree_api/unitree_api/msg/detail/response__type_support.c
[0.999s] -- Up-to-date: /home/utec/humanoid_ws/install/unitree_api/include/unitree_api/unitree_api/msg/detail/request_header__rosidl_typesupport_introspection_c.h
[0.999s] -- Up-to-date: /home/utec/humanoid_ws/install/unitree_api/include/unitree_api/unitree_api/msg/rosidl_typesupport_introspection_c__visibility_control.h
[1.000s] -- Up-to-date: /home/utec/humanoid_ws/install/unitree_api/lib/libunitree_api__rosidl_typesupport_introspection_c.so
[1.000s] -- Up-to-date: /home/utec/humanoid_ws/install/unitree_api/lib/libunitree_api__rosidl_typesupport_c.so
[1.000s] -- Up-to-date: /home/utec/humanoid_ws/install/unitree_api/include/unitree_api/unitree_api
[1.000s] -- Up-to-date: /home/utec/humanoid_ws/install/unitree_api/include/unitree_api/unitree_api/msg
[1.000s] -- Up-to-date: /home/utec/humanoid_ws/install/unitree_api/include/unitree_api/unitree_api/msg/detail
[1.000s] -- Up-to-date: /home/utec/humanoid_ws/install/unitree_api/include/unitree_api/unitree_api/msg/detail/request_lease__rosidl_typesupport_introspection_cpp.hpp
[1.000s] -- Up-to-date: /home/utec/humanoid_ws/install/unitree_api/include/unitree_api/unitree_api/msg/detail/response_header__rosidl_typesupport_introspection_cpp.hpp
[1.000s] -- Up-to-date: /home/utec/humanoid_ws/install/unitree_api/include/unitree_api/unitree_api/msg/detail/request_policy__type_support.cpp
[1.000s] -- Up-to-date: /home/utec/humanoid_ws/install/unitree_api/include/unitree_api/unitree_api/msg/detail/response_status__rosidl_typesupport_introspection_cpp.hpp
[1.000s] -- Up-to-date: /home/utec/humanoid_ws/install/unitree_api/include/unitree_api/unitree_api/msg/detail/request_header__rosidl_typesupport_introspection_cpp.hpp
[1.000s] -- Up-to-date: /home/utec/humanoid_ws/install/unitree_api/include/unitree_api/unitree_api/msg/detail/response__rosidl_typesupport_introspection_cpp.hpp
[1.001s] -- Up-to-date: /home/utec/humanoid_ws/install/unitree_api/include/unitree_api/unitree_api/msg/detail/request__type_support.cpp
[1.001s] -- Up-to-date: /home/utec/humanoid_ws/install/unitree_api/include/unitree_api/unitree_api/msg/detail/request__rosidl_typesupport_introspection_cpp.hpp
[1.001s] -- Up-to-date: /home/utec/humanoid_ws/install/unitree_api/include/unitree_api/unitree_api/msg/detail/request_identity__rosidl_typesupport_introspection_cpp.hpp
[1.001s] -- Up-to-date: /home/utec/humanoid_ws/install/unitree_api/include/unitree_api/unitree_api/msg/detail/request_policy__rosidl_typesupport_introspection_cpp.hpp
[1.001s] -- Up-to-date: /home/utec/humanoid_ws/install/unitree_api/include/unitree_api/unitree_api/msg/detail/request_lease__type_support.cpp
[1.001s] -- Up-to-date: /home/utec/humanoid_ws/install/unitree_api/include/unitree_api/unitree_api/msg/detail/response_status__type_support.cpp
[1.001s] -- Up-to-date: /home/utec/humanoid_ws/install/unitree_api/include/unitree_api/unitree_api/msg/detail/response_header__type_support.cpp
[1.001s] -- Up-to-date: /home/utec/humanoid_ws/install/unitree_api/include/unitree_api/unitree_api/msg/detail/request_identity__type_support.cpp
[1.001s] -- Up-to-date: /home/utec/humanoid_ws/install/unitree_api/include/unitree_api/unitree_api/msg/detail/request_header__type_support.cpp
[1.001s] -- Up-to-date: /home/utec/humanoid_ws/install/unitree_api/include/unitree_api/unitree_api/msg/detail/response__type_support.cpp
[1.001s] -- Up-to-date: /home/utec/humanoid_ws/install/unitree_api/lib/libunitree_api__rosidl_typesupport_introspection_cpp.so
[1.022s] -- Up-to-date: /home/utec/humanoid_ws/install/unitree_api/lib/libunitree_api__rosidl_typesupport_cpp.so
[1.022s] -- Up-to-date: /home/utec/humanoid_ws/install/unitree_api/share/unitree_api/environment/pythonpath.sh
[1.023s] -- Up-to-date: /home/utec/humanoid_ws/install/unitree_api/share/unitree_api/environment/pythonpath.dsv
[1.023s] -- Up-to-date: /home/utec/humanoid_ws/install/unitree_api/local/lib/python3.10/dist-packages/unitree_api-0.0.0-py3.10.egg-info
[1.023s] -- Installing: /home/utec/humanoid_ws/install/unitree_api/local/lib/python3.10/dist-packages/unitree_api-0.0.0-py3.10.egg-info/top_level.txt
[1.023s] -- Installing: /home/utec/humanoid_ws/install/unitree_api/local/lib/python3.10/dist-packages/unitree_api-0.0.0-py3.10.egg-info/PKG-INFO
[1.024s] -- Installing: /home/utec/humanoid_ws/install/unitree_api/local/lib/python3.10/dist-packages/unitree_api-0.0.0-py3.10.egg-info/dependency_links.txt
[1.024s] -- Installing: /home/utec/humanoid_ws/install/unitree_api/local/lib/python3.10/dist-packages/unitree_api-0.0.0-py3.10.egg-info/SOURCES.txt
[1.024s] -- Up-to-date: /home/utec/humanoid_ws/install/unitree_api/local/lib/python3.10/dist-packages/unitree_api
[1.024s] -- Up-to-date: /home/utec/humanoid_ws/install/unitree_api/local/lib/python3.10/dist-packages/unitree_api/_unitree_api_s.ep.rosidl_typesupport_introspection_c.c
[1.024s] -- Up-to-date: /home/utec/humanoid_ws/install/unitree_api/local/lib/python3.10/dist-packages/unitree_api/__init__.py
[1.024s] -- Up-to-date: /home/utec/humanoid_ws/install/unitree_api/local/lib/python3.10/dist-packages/unitree_api/_unitree_api_s.ep.rosidl_typesupport_fastrtps_c.c
[1.024s] -- Up-to-date: /home/utec/humanoid_ws/install/unitree_api/local/lib/python3.10/dist-packages/unitree_api/unitree_api_s__rosidl_typesupport_c.cpython-310-x86_64-linux-gnu.so
[1.026s] -- Up-to-date: /home/utec/humanoid_ws/install/unitree_api/local/lib/python3.10/dist-packages/unitree_api/libunitree_api__rosidl_generator_py.so
[1.026s] -- Up-to-date: /home/utec/humanoid_ws/install/unitree_api/local/lib/python3.10/dist-packages/unitree_api/unitree_api_s__rosidl_typesupport_fastrtps_c.cpython-310-x86_64-linux-gnu.so
[1.026s] -- Up-to-date: /home/utec/humanoid_ws/install/unitree_api/local/lib/python3.10/dist-packages/unitree_api/msg
[1.027s] -- Up-to-date: /home/utec/humanoid_ws/install/unitree_api/local/lib/python3.10/dist-packages/unitree_api/msg/_response_status.py
[1.027s] -- Up-to-date: /home/utec/humanoid_ws/install/unitree_api/local/lib/python3.10/dist-packages/unitree_api/msg/_response.py
[1.027s] -- Up-to-date: /home/utec/humanoid_ws/install/unitree_api/local/lib/python3.10/dist-packages/unitree_api/msg/_response_header_s.c
[1.027s] -- Up-to-date: /home/utec/humanoid_ws/install/unitree_api/local/lib/python3.10/dist-packages/unitree_api/msg/_request_s.c
[1.027s] -- Up-to-date: /home/utec/humanoid_ws/install/unitree_api/local/lib/python3.10/dist-packages/unitree_api/msg/__init__.py
[1.027s] -- Up-to-date: /home/utec/humanoid_ws/install/unitree_api/local/lib/python3.10/dist-packages/unitree_api/msg/_request_header.py
[1.027s] -- Up-to-date: /home/utec/humanoid_ws/install/unitree_api/local/lib/python3.10/dist-packages/unitree_api/msg/_request.py
[1.027s] -- Up-to-date: /home/utec/humanoid_ws/install/unitree_api/local/lib/python3.10/dist-packages/unitree_api/msg/_request_lease_s.c
[1.027s] -- Up-to-date: /home/utec/humanoid_ws/install/unitree_api/local/lib/python3.10/dist-packages/unitree_api/msg/_request_policy_s.c
[1.027s] -- Up-to-date: /home/utec/humanoid_ws/install/unitree_api/local/lib/python3.10/dist-packages/unitree_api/msg/_request_policy.py
[1.027s] -- Up-to-date: /home/utec/humanoid_ws/install/unitree_api/local/lib/python3.10/dist-packages/unitree_api/msg/_response_header.py
[1.028s] -- Up-to-date: /home/utec/humanoid_ws/install/unitree_api/local/lib/python3.10/dist-packages/unitree_api/msg/_request_lease.py
[1.028s] -- Up-to-date: /home/utec/humanoid_ws/install/unitree_api/local/lib/python3.10/dist-packages/unitree_api/msg/_response_s.c
[1.028s] -- Up-to-date: /home/utec/humanoid_ws/install/unitree_api/local/lib/python3.10/dist-packages/unitree_api/msg/_request_header_s.c
[1.028s] -- Up-to-date: /home/utec/humanoid_ws/install/unitree_api/local/lib/python3.10/dist-packages/unitree_api/msg/_response_status_s.c
[1.028s] -- Up-to-date: /home/utec/humanoid_ws/install/unitree_api/local/lib/python3.10/dist-packages/unitree_api/msg/_request_identity.py
[1.028s] -- Up-to-date: /home/utec/humanoid_ws/install/unitree_api/local/lib/python3.10/dist-packages/unitree_api/msg/_request_identity_s.c
[1.028s] -- Up-to-date: /home/utec/humanoid_ws/install/unitree_api/local/lib/python3.10/dist-packages/unitree_api/_unitree_api_s.ep.rosidl_typesupport_c.c
[1.028s] -- Up-to-date: /home/utec/humanoid_ws/install/unitree_api/local/lib/python3.10/dist-packages/unitree_api/unitree_api_s__rosidl_typesupport_introspection_c.cpython-310-x86_64-linux-gnu.so
[1.122s] Listing '/home/utec/humanoid_ws/install/unitree_api/local/lib/python3.10/dist-packages/unitree_api'...
[1.122s] Listing '/home/utec/humanoid_ws/install/unitree_api/local/lib/python3.10/dist-packages/unitree_api/msg'...
[1.123s] -- Up-to-date: /home/utec/humanoid_ws/install/unitree_api/local/lib/python3.10/dist-packages/unitree_api/unitree_api_s__rosidl_typesupport_fastrtps_c.cpython-310-x86_64-linux-gnu.so
[1.123s] -- Up-to-date: /home/utec/humanoid_ws/install/unitree_api/local/lib/python3.10/dist-packages/unitree_api/unitree_api_s__rosidl_typesupport_introspection_c.cpython-310-x86_64-linux-gnu.so
[1.123s] -- Up-to-date: /home/utec/humanoid_ws/install/unitree_api/local/lib/python3.10/dist-packages/unitree_api/unitree_api_s__rosidl_typesupport_c.cpython-310-x86_64-linux-gnu.so
[1.123s] -- Up-to-date: /home/utec/humanoid_ws/install/unitree_api/lib/libunitree_api__rosidl_generator_py.so
[1.123s] -- Up-to-date: /home/utec/humanoid_ws/install/unitree_api/share/unitree_api/msg/Request.idl
[1.123s] -- Up-to-date: /home/utec/humanoid_ws/install/unitree_api/share/unitree_api/msg/RequestHeader.idl
[1.123s] -- Up-to-date: /home/utec/humanoid_ws/install/unitree_api/share/unitree_api/msg/RequestIdentity.idl
[1.123s] -- Up-to-date: /home/utec/humanoid_ws/install/unitree_api/share/unitree_api/msg/RequestLease.idl
[1.123s] -- Up-to-date: /home/utec/humanoid_ws/install/unitree_api/share/unitree_api/msg/RequestPolicy.idl
[1.123s] -- Up-to-date: /home/utec/humanoid_ws/install/unitree_api/share/unitree_api/msg/Response.idl
[1.123s] -- Up-to-date: /home/utec/humanoid_ws/install/unitree_api/share/unitree_api/msg/ResponseHeader.idl
[1.123s] -- Up-to-date: /home/utec/humanoid_ws/install/unitree_api/share/unitree_api/msg/ResponseStatus.idl
[1.123s] -- Up-to-date: /home/utec/humanoid_ws/install/unitree_api/share/unitree_api/msg/Request.msg
[1.124s] -- Up-to-date: /home/utec/humanoid_ws/install/unitree_api/share/unitree_api/msg/RequestHeader.msg
[1.124s] -- Up-to-date: /home/utec/humanoid_ws/install/unitree_api/share/unitree_api/msg/RequestIdentity.msg
[1.124s] -- Up-to-date: /home/utec/humanoid_ws/install/unitree_api/share/unitree_api/msg/RequestLease.msg
[1.124s] -- Up-to-date: /home/utec/humanoid_ws/install/unitree_api/share/unitree_api/msg/RequestPolicy.msg
[1.124s] -- Up-to-date: /home/utec/humanoid_ws/install/unitree_api/share/unitree_api/msg/Response.msg
[1.124s] -- Up-to-date: /home/utec/humanoid_ws/install/unitree_api/share/unitree_api/msg/ResponseHeader.msg
[1.124s] -- Up-to-date: /home/utec/humanoid_ws/install/unitree_api/share/unitree_api/msg/ResponseStatus.msg
[1.124s] -- Up-to-date: /home/utec/humanoid_ws/install/unitree_api/share/unitree_api/msg/dds_connext
[1.124s] -- Up-to-date: /home/utec/humanoid_ws/install/unitree_api/share/unitree_api/msg/dds_connext/Request_.idl
[1.125s] -- Up-to-date: /home/utec/humanoid_ws/install/unitree_api/share/unitree_api/msg/dds_connext/ResponseStatus_.idl
[1.125s] -- Up-to-date: /home/utec/humanoid_ws/install/unitree_api/share/unitree_api/msg/dds_connext/RequestIdentity_.idl
[1.125s] -- Up-to-date: /home/utec/humanoid_ws/install/unitree_api/share/unitree_api/msg/dds_connext/RequestPolicy_.idl
[1.125s] -- Up-to-date: /home/utec/humanoid_ws/install/unitree_api/share/unitree_api/msg/dds_connext/RequestHeader_.idl
[1.125s] -- Up-to-date: /home/utec/humanoid_ws/install/unitree_api/share/unitree_api/msg/dds_connext/ResponseHeader_.idl
[1.125s] -- Up-to-date: /home/utec/humanoid_ws/install/unitree_api/share/unitree_api/msg/dds_connext/Response_.idl
[1.125s] -- Up-to-date: /home/utec/humanoid_ws/install/unitree_api/share/unitree_api/msg/dds_connext/RequestLease_.idl
[1.126s] -- Up-to-date: /home/utec/humanoid_ws/install/unitree_api/share/ament_index/resource_index/package_run_dependencies/unitree_api
[1.126s] -- Up-to-date: /home/utec/humanoid_ws/install/unitree_api/share/ament_index/resource_index/parent_prefix_path/unitree_api
[1.126s] -- Up-to-date: /home/utec/humanoid_ws/install/unitree_api/share/unitree_api/environment/ament_prefix_path.sh
[1.126s] -- Up-to-date: /home/utec/humanoid_ws/install/unitree_api/share/unitree_api/environment/ament_prefix_path.dsv
[1.126s] -- Up-to-date: /home/utec/humanoid_ws/install/unitree_api/share/unitree_api/environment/path.sh
[1.126s] -- Up-to-date: /home/utec/humanoid_ws/install/unitree_api/share/unitree_api/environment/path.dsv
[1.126s] -- Up-to-date: /home/utec/humanoid_ws/install/unitree_api/share/unitree_api/local_setup.bash
[1.126s] -- Up-to-date: /home/utec/humanoid_ws/install/unitree_api/share/unitree_api/local_setup.sh
[1.131s] -- Up-to-date: /home/utec/humanoid_ws/install/unitree_api/share/unitree_api/local_setup.zsh
[1.131s] -- Up-to-date: /home/utec/humanoid_ws/install/unitree_api/share/unitree_api/local_setup.dsv
[1.131s] -- Installing: /home/utec/humanoid_ws/install/unitree_api/share/unitree_api/package.dsv
[1.131s] -- Up-to-date: /home/utec/humanoid_ws/install/unitree_api/share/ament_index/resource_index/packages/unitree_api
[1.132s] -- Up-to-date: /home/utec/humanoid_ws/install/unitree_api/share/unitree_api/cmake/export_unitree_api__rosidl_generator_cExport.cmake
[1.133s] -- Up-to-date: /home/utec/humanoid_ws/install/unitree_api/share/unitree_api/cmake/export_unitree_api__rosidl_generator_cExport-noconfig.cmake
[1.135s] -- Up-to-date: /home/utec/humanoid_ws/install/unitree_api/share/unitree_api/cmake/export_unitree_api__rosidl_typesupport_fastrtps_cExport.cmake
[1.136s] -- Up-to-date: /home/utec/humanoid_ws/install/unitree_api/share/unitree_api/cmake/export_unitree_api__rosidl_typesupport_fastrtps_cExport-noconfig.cmake
[1.137s] -- Up-to-date: /home/utec/humanoid_ws/install/unitree_api/share/unitree_api/cmake/export_unitree_api__rosidl_generator_cppExport.cmake
[1.138s] -- Up-to-date: /home/utec/humanoid_ws/install/unitree_api/share/unitree_api/cmake/export_unitree_api__rosidl_typesupport_fastrtps_cppExport.cmake
[1.139s] -- Up-to-date: /home/utec/humanoid_ws/install/unitree_api/share/unitree_api/cmake/export_unitree_api__rosidl_typesupport_fastrtps_cppExport-noconfig.cmake
[1.139s] -- Up-to-date: /home/utec/humanoid_ws/install/unitree_api/share/unitree_api/cmake/unitree_api__rosidl_typesupport_introspection_cExport.cmake
[1.140s] -- Up-to-date: /home/utec/humanoid_ws/install/unitree_api/share/unitree_api/cmake/unitree_api__rosidl_typesupport_introspection_cExport-noconfig.cmake
[1.140s] -- Up-to-date: /home/utec/humanoid_ws/install/unitree_api/share/unitree_api/cmake/unitree_api__rosidl_typesupport_cExport.cmake
[1.140s] -- Up-to-date: /home/utec/humanoid_ws/install/unitree_api/share/unitree_api/cmake/unitree_api__rosidl_typesupport_cExport-noconfig.cmake
[1.140s] -- Up-to-date: /home/utec/humanoid_ws/install/unitree_api/share/unitree_api/cmake/unitree_api__rosidl_typesupport_introspection_cppExport.cmake
[1.141s] -- Up-to-date: /home/utec/humanoid_ws/install/unitree_api/share/unitree_api/cmake/unitree_api__rosidl_typesupport_introspection_cppExport-noconfig.cmake
[1.141s] -- Up-to-date: /home/utec/humanoid_ws/install/unitree_api/share/unitree_api/cmake/unitree_api__rosidl_typesupport_cppExport.cmake
[1.142s] -- Up-to-date: /home/utec/humanoid_ws/install/unitree_api/share/unitree_api/cmake/unitree_api__rosidl_typesupport_cppExport-noconfig.cmake
[1.142s] -- Up-to-date: /home/utec/humanoid_ws/install/unitree_api/share/unitree_api/cmake/export_unitree_api__rosidl_generator_pyExport.cmake
[1.146s] -- Up-to-date: /home/utec/humanoid_ws/install/unitree_api/share/unitree_api/cmake/export_unitree_api__rosidl_generator_pyExport-noconfig.cmake
[1.146s] -- Up-to-date: /home/utec/humanoid_ws/install/unitree_api/share/unitree_api/cmake/rosidl_cmake-extras.cmake
[1.146s] -- Up-to-date: /home/utec/humanoid_ws/install/unitree_api/share/unitree_api/cmake/ament_cmake_export_dependencies-extras.cmake
[1.146s] -- Up-to-date: /home/utec/humanoid_ws/install/unitree_api/share/unitree_api/cmake/ament_cmake_export_include_directories-extras.cmake
[1.147s] -- Up-to-date: /home/utec/humanoid_ws/install/unitree_api/share/unitree_api/cmake/ament_cmake_export_libraries-extras.cmake
[1.147s] -- Up-to-date: /home/utec/humanoid_ws/install/unitree_api/share/unitree_api/cmake/ament_cmake_export_targets-extras.cmake
[1.147s] -- Up-to-date: /home/utec/humanoid_ws/install/unitree_api/share/unitree_api/cmake/rosidl_cmake_export_typesupport_targets-extras.cmake
[1.147s] -- Up-to-date: /home/utec/humanoid_ws/install/unitree_api/share/unitree_api/cmake/rosidl_cmake_export_typesupport_libraries-extras.cmake
[1.147s] -- Up-to-date: /home/utec/humanoid_ws/install/unitree_api/share/unitree_api/cmake/unitree_apiConfig.cmake
[1.147s] -- Up-to-date: /home/utec/humanoid_ws/install/unitree_api/share/unitree_api/cmake/unitree_apiConfig-version.cmake
[1.147s] -- Up-to-date: /home/utec/humanoid_ws/install/unitree_api/share/unitree_api/package.xml
[1.147s] Invoked command in '/home/utec/humanoid_ws/build/unitree_api' returned '0': CMAKE_PREFIX_PATH=${CMAKE_PREFIX_PATH}:/home/utec/humanoid_ws/install/h1_2_algoritms:/home/utec/humanoid_ws/install/pycodes_h1:/home/utec/humanoid_ws/install/h1_2_model:/opt/ros/humble /usr/bin/cmake --install /home/utec/humanoid_ws/build/unitree_api
