-- Install configuration: ""
-- Up-to-date: /home/utec/humanoid_ws/install/h1_2_description/share/h1_2_description/urdf
-- Up-to-date: /home/utec/humanoid_ws/install/h1_2_description/share/h1_2_description/urdf/h1_2.urdf
-- Up-to-date: /home/utec/humanoid_ws/install/h1_2_description/share/h1_2_description/urdf/h1_2_handless_bright.urdf
-- Up-to-date: /home/utec/humanoid_ws/install/h1_2_description/share/h1_2_description/urdf/h1_2_bright.urdf
-- Up-to-date: /home/utec/humanoid_ws/install/h1_2_description/share/h1_2_description/urdf/h1_2_handless.urdf
-- Up-to-date: /home/utec/humanoid_ws/install/h1_2_description/share/h1_2_description/meshes
-- Up-to-date: /home/utec/humanoid_ws/install/h1_2_description/share/h1_2_description/meshes/R_index_intermediate.STL
-- Up-to-date: /home/utec/humanoid_ws/install/h1_2_description/share/h1_2_description/meshes/pelvis.STL
-- Up-to-date: /home/utec/humanoid_ws/install/h1_2_description/share/h1_2_description/meshes/right_hip_yaw_link.STL
-- Up-to-date: /home/utec/humanoid_ws/install/h1_2_description/share/h1_2_description/meshes/left_ankle_A_rod_link.STL
-- Up-to-date: /home/utec/humanoid_ws/install/h1_2_description/share/h1_2_description/meshes/link12_L.STL
-- Up-to-date: /home/utec/humanoid_ws/install/h1_2_description/share/h1_2_description/meshes/R_ring_proximal.STL
-- Up-to-date: /home/utec/humanoid_ws/install/h1_2_description/share/h1_2_description/meshes/left_elbow_link.STL
-- Up-to-date: /home/utec/humanoid_ws/install/h1_2_description/share/h1_2_description/meshes/R_pinky_proximal.STL
-- Up-to-date: /home/utec/humanoid_ws/install/h1_2_description/share/h1_2_description/meshes/right_ankle_pitch_link.STL
-- Up-to-date: /home/utec/humanoid_ws/install/h1_2_description/share/h1_2_description/meshes/L_pinky_proximal.STL
-- Up-to-date: /home/utec/humanoid_ws/install/h1_2_description/share/h1_2_description/meshes/link20_L.STL
-- Up-to-date: /home/utec/humanoid_ws/install/h1_2_description/share/h1_2_description/meshes/L_thumb_intermediate.STL
-- Up-to-date: /home/utec/humanoid_ws/install/h1_2_description/share/h1_2_description/meshes/left_knee_link.STL
-- Up-to-date: /home/utec/humanoid_ws/install/h1_2_description/share/h1_2_description/meshes/R_hand_base_link.STL
-- Up-to-date: /home/utec/humanoid_ws/install/h1_2_description/share/h1_2_description/meshes/left_shoulder_roll_link.STL
-- Up-to-date: /home/utec/humanoid_ws/install/h1_2_description/share/h1_2_description/meshes/L_middle_proximal.STL
-- Up-to-date: /home/utec/humanoid_ws/install/h1_2_description/share/h1_2_description/meshes/R_thumb_proximal.STL
-- Up-to-date: /home/utec/humanoid_ws/install/h1_2_description/share/h1_2_description/meshes/right_ankle_B_rod_link.STL
-- Up-to-date: /home/utec/humanoid_ws/install/h1_2_description/share/h1_2_description/meshes/right_wrist_roll_link.STL
-- Up-to-date: /home/utec/humanoid_ws/install/h1_2_description/share/h1_2_description/meshes/L_ring_proximal.STL
-- Up-to-date: /home/utec/humanoid_ws/install/h1_2_description/share/h1_2_description/meshes/R_ring_intermediate.STL
-- Up-to-date: /home/utec/humanoid_ws/install/h1_2_description/share/h1_2_description/meshes/right_hand_link.STL
-- Up-to-date: /home/utec/humanoid_ws/install/h1_2_description/share/h1_2_description/meshes/right_wrist_pitch_link.STL
-- Up-to-date: /home/utec/humanoid_ws/install/h1_2_description/share/h1_2_description/meshes/L_ring_intermediate.STL
-- Up-to-date: /home/utec/humanoid_ws/install/h1_2_description/share/h1_2_description/meshes/left_hand_link.STL
-- Up-to-date: /home/utec/humanoid_ws/install/h1_2_description/share/h1_2_description/meshes/right_ankle_A_rod_link.STL
-- Up-to-date: /home/utec/humanoid_ws/install/h1_2_description/share/h1_2_description/meshes/link18_R.STL
-- Up-to-date: /home/utec/humanoid_ws/install/h1_2_description/share/h1_2_description/meshes/link16_R.STL
-- Up-to-date: /home/utec/humanoid_ws/install/h1_2_description/share/h1_2_description/meshes/link22_L.STL
-- Up-to-date: /home/utec/humanoid_ws/install/h1_2_description/share/h1_2_description/meshes/L_thumb_distal.STL
-- Up-to-date: /home/utec/humanoid_ws/install/h1_2_description/share/h1_2_description/meshes/left_hip_pitch_link.STL
-- Up-to-date: /home/utec/humanoid_ws/install/h1_2_description/share/h1_2_description/meshes/link12_R.STL
-- Up-to-date: /home/utec/humanoid_ws/install/h1_2_description/share/h1_2_description/meshes/left_ankle_B_link.STL
-- Up-to-date: /home/utec/humanoid_ws/install/h1_2_description/share/h1_2_description/meshes/link11_R.STL
-- Up-to-date: /home/utec/humanoid_ws/install/h1_2_description/share/h1_2_description/meshes/right_ankle_roll_link.STL
-- Up-to-date: /home/utec/humanoid_ws/install/h1_2_description/share/h1_2_description/meshes/link13_L.STL
-- Up-to-date: /home/utec/humanoid_ws/install/h1_2_description/share/h1_2_description/meshes/left_wrist_pitch_link.STL
-- Up-to-date: /home/utec/humanoid_ws/install/h1_2_description/share/h1_2_description/meshes/right_shoulder_pitch_link.STL
-- Up-to-date: /home/utec/humanoid_ws/install/h1_2_description/share/h1_2_description/meshes/right_ankle_link.STL
-- Up-to-date: /home/utec/humanoid_ws/install/h1_2_description/share/h1_2_description/meshes/right_ankle_B_link.STL
-- Up-to-date: /home/utec/humanoid_ws/install/h1_2_description/share/h1_2_description/meshes/link22_R.STL
-- Up-to-date: /home/utec/humanoid_ws/install/h1_2_description/share/h1_2_description/meshes/torso_link.STL
-- Up-to-date: /home/utec/humanoid_ws/install/h1_2_description/share/h1_2_description/meshes/right_shoulder_yaw_link.STL
-- Up-to-date: /home/utec/humanoid_ws/install/h1_2_description/share/h1_2_description/meshes/R_thumb_proximal_base.STL
-- Up-to-date: /home/utec/humanoid_ws/install/h1_2_description/share/h1_2_description/meshes/link14_L.STL
-- Up-to-date: /home/utec/humanoid_ws/install/h1_2_description/share/h1_2_description/meshes/link11_L.STL
-- Up-to-date: /home/utec/humanoid_ws/install/h1_2_description/share/h1_2_description/meshes/link18_L.STL
-- Up-to-date: /home/utec/humanoid_ws/install/h1_2_description/share/h1_2_description/meshes/left_shoulder_pitch_link.STL
-- Up-to-date: /home/utec/humanoid_ws/install/h1_2_description/share/h1_2_description/meshes/wrist_yaw_link.STL
-- Up-to-date: /home/utec/humanoid_ws/install/h1_2_description/share/h1_2_description/meshes/L_thumb_proximal_base.STL
-- Up-to-date: /home/utec/humanoid_ws/install/h1_2_description/share/h1_2_description/meshes/link15_L.STL
-- Up-to-date: /home/utec/humanoid_ws/install/h1_2_description/share/h1_2_description/meshes/link15_R.STL
-- Up-to-date: /home/utec/humanoid_ws/install/h1_2_description/share/h1_2_description/meshes/right_shoulder_roll_link.STL
-- Up-to-date: /home/utec/humanoid_ws/install/h1_2_description/share/h1_2_description/meshes/left_ankle_A_link.STL
-- Up-to-date: /home/utec/humanoid_ws/install/h1_2_description/share/h1_2_description/meshes/L_index_intermediate.STL
-- Up-to-date: /home/utec/humanoid_ws/install/h1_2_description/share/h1_2_description/meshes/link17_R.STL
-- Up-to-date: /home/utec/humanoid_ws/install/h1_2_description/share/h1_2_description/meshes/L_pinky_intermediate.STL
-- Up-to-date: /home/utec/humanoid_ws/install/h1_2_description/share/h1_2_description/meshes/link21_R.STL
-- Up-to-date: /home/utec/humanoid_ws/install/h1_2_description/share/h1_2_description/meshes/link20_R.STL
-- Up-to-date: /home/utec/humanoid_ws/install/h1_2_description/share/h1_2_description/meshes/right_elbow_link.STL
-- Up-to-date: /home/utec/humanoid_ws/install/h1_2_description/share/h1_2_description/meshes/left_ankle_roll_link.STL
-- Up-to-date: /home/utec/humanoid_ws/install/h1_2_description/share/h1_2_description/meshes/R_pinky_intermediate.STL
-- Up-to-date: /home/utec/humanoid_ws/install/h1_2_description/share/h1_2_description/meshes/R_thumb_intermediate.STL
-- Up-to-date: /home/utec/humanoid_ws/install/h1_2_description/share/h1_2_description/meshes/left_ankle_pitch_link.STL
-- Up-to-date: /home/utec/humanoid_ws/install/h1_2_description/share/h1_2_description/meshes/L_hand_base_link.STL
-- Up-to-date: /home/utec/humanoid_ws/install/h1_2_description/share/h1_2_description/meshes/left_shoulder_yaw_link.STL
-- Up-to-date: /home/utec/humanoid_ws/install/h1_2_description/share/h1_2_description/meshes/L_middle_intermediate.STL
-- Up-to-date: /home/utec/humanoid_ws/install/h1_2_description/share/h1_2_description/meshes/link19_L.STL
-- Up-to-date: /home/utec/humanoid_ws/install/h1_2_description/share/h1_2_description/meshes/right_ankle_A_link.STL
-- Up-to-date: /home/utec/humanoid_ws/install/h1_2_description/share/h1_2_description/meshes/link19_R.STL
-- Up-to-date: /home/utec/humanoid_ws/install/h1_2_description/share/h1_2_description/meshes/left_hip_yaw_link.STL
-- Up-to-date: /home/utec/humanoid_ws/install/h1_2_description/share/h1_2_description/meshes/L_index_proximal.STL
-- Up-to-date: /home/utec/humanoid_ws/install/h1_2_description/share/h1_2_description/meshes/link16_L.STL
-- Up-to-date: /home/utec/humanoid_ws/install/h1_2_description/share/h1_2_description/meshes/link21_L.STL
-- Up-to-date: /home/utec/humanoid_ws/install/h1_2_description/share/h1_2_description/meshes/logo_link.STL
-- Up-to-date: /home/utec/humanoid_ws/install/h1_2_description/share/h1_2_description/meshes/right_hip_roll_link.STL
-- Up-to-date: /home/utec/humanoid_ws/install/h1_2_description/share/h1_2_description/meshes/left_ankle_B_rod_link.STL
-- Up-to-date: /home/utec/humanoid_ws/install/h1_2_description/share/h1_2_description/meshes/left_hip_roll_link.STL
-- Up-to-date: /home/utec/humanoid_ws/install/h1_2_description/share/h1_2_description/meshes/L_thumb_proximal.STL
-- Up-to-date: /home/utec/humanoid_ws/install/h1_2_description/share/h1_2_description/meshes/R_thumb_distal.STL
-- Up-to-date: /home/utec/humanoid_ws/install/h1_2_description/share/h1_2_description/meshes/right_pitch_link.STL
-- Up-to-date: /home/utec/humanoid_ws/install/h1_2_description/share/h1_2_description/meshes/R_index_proximal.STL
-- Up-to-date: /home/utec/humanoid_ws/install/h1_2_description/share/h1_2_description/meshes/R_middle_intermediate.STL
-- Up-to-date: /home/utec/humanoid_ws/install/h1_2_description/share/h1_2_description/meshes/link14_R.STL
-- Up-to-date: /home/utec/humanoid_ws/install/h1_2_description/share/h1_2_description/meshes/link17_L.STL
-- Up-to-date: /home/utec/humanoid_ws/install/h1_2_description/share/h1_2_description/meshes/right_knee_link.STL
-- Up-to-date: /home/utec/humanoid_ws/install/h1_2_description/share/h1_2_description/meshes/right_hip_pitch_link.STL
-- Up-to-date: /home/utec/humanoid_ws/install/h1_2_description/share/h1_2_description/meshes/left_wrist_roll_link.STL
-- Up-to-date: /home/utec/humanoid_ws/install/h1_2_description/share/h1_2_description/meshes/link13_R.STL
-- Up-to-date: /home/utec/humanoid_ws/install/h1_2_description/share/h1_2_description/meshes/R_middle_proximal.STL
-- Up-to-date: /home/utec/humanoid_ws/install/h1_2_description/share/h1_2_description/launch
-- Up-to-date: /home/utec/humanoid_ws/install/h1_2_description/share/h1_2_description/launch/display_handless.launch.py
-- Up-to-date: /home/utec/humanoid_ws/install/h1_2_description/share/h1_2_description/launch/display_sliders.launch.py
-- Up-to-date: /home/utec/humanoid_ws/install/h1_2_description/share/h1_2_description/launch/display_handless_sliders.launch.py
-- Up-to-date: /home/utec/humanoid_ws/install/h1_2_description/share/h1_2_description/rviz
-- Up-to-date: /home/utec/humanoid_ws/install/h1_2_description/share/h1_2_description/rviz/h1_2_display.rviz
-- Up-to-date: /home/utec/humanoid_ws/install/h1_2_description/share/h1_2_description/rviz/h1_2_display_marker.rviz
-- Up-to-date: /home/utec/humanoid_ws/install/h1_2_description/share/ament_index/resource_index/package_run_dependencies/h1_2_description
-- Up-to-date: /home/utec/humanoid_ws/install/h1_2_description/share/ament_index/resource_index/parent_prefix_path/h1_2_description
-- Up-to-date: /home/utec/humanoid_ws/install/h1_2_description/share/h1_2_description/environment/ament_prefix_path.sh
-- Up-to-date: /home/utec/humanoid_ws/install/h1_2_description/share/h1_2_description/environment/ament_prefix_path.dsv
-- Up-to-date: /home/utec/humanoid_ws/install/h1_2_description/share/h1_2_description/environment/path.sh
-- Up-to-date: /home/utec/humanoid_ws/install/h1_2_description/share/h1_2_description/environment/path.dsv
-- Up-to-date: /home/utec/humanoid_ws/install/h1_2_description/share/h1_2_description/local_setup.bash
-- Up-to-date: /home/utec/humanoid_ws/install/h1_2_description/share/h1_2_description/local_setup.sh
-- Up-to-date: /home/utec/humanoid_ws/install/h1_2_description/share/h1_2_description/local_setup.zsh
-- Up-to-date: /home/utec/humanoid_ws/install/h1_2_description/share/h1_2_description/local_setup.dsv
-- Installing: /home/utec/humanoid_ws/install/h1_2_description/share/h1_2_description/package.dsv
-- Up-to-date: /home/utec/humanoid_ws/install/h1_2_description/share/ament_index/resource_index/packages/h1_2_description
-- Up-to-date: /home/utec/humanoid_ws/install/h1_2_description/share/h1_2_description/cmake/h1_2_descriptionConfig.cmake
-- Up-to-date: /home/utec/humanoid_ws/install/h1_2_description/share/h1_2_description/cmake/h1_2_descriptionConfig-version.cmake
-- Up-to-date: /home/utec/humanoid_ws/install/h1_2_description/share/h1_2_description/package.xml
