[0.029s] Invoking command in '/home/utec/humanoid_ws/build/unitree_go': CMAKE_PREFIX_PATH=${CMAKE_PREFIX_PATH}:/home/utec/humanoid_ws/install/pycodes_h1:/home/utec/humanoid_ws/install/h1_2_model:/home/utec/humanoid_ws/install/h1_2_algoritms:/home/utec/barirobot_ws/install/ur5_algoritmos:/home/utec/barirobot_ws/install/cam_code:/home/utec/barirobot_ws/install/bringup_bar:/opt/ros/humble PS1=\[\e]0;\u@\h: \w\a\]${debian_chroot:+($debian_chroot)}\[\033[01;32m\]\u@\h\[\033[00m\]:\[\033[01;34m\]\w\[\033[00m\]\$ /usr/bin/cmake --build /home/utec/humanoid_ws/build/unitree_go -- -j8 -l8
[0.227s] [  0%] Built target unitree_go__dds_connext_idl
[0.249s] [  0%] Built target unitree_go__cpp
[0.315s] [ 12%] Built target unitree_go__rosidl_generator_c
[0.315s] [ 12%] Built target ament_cmake_python_copy_unitree_go
[0.437s] [ 25%] Built target unitree_go__rosidl_typesupport_introspection_cpp
[0.444s] [ 37%] Built target unitree_go__rosidl_typesupport_introspection_c
[0.446s] [ 49%] Built target unitree_go__rosidl_typesupport_fastrtps_c
[0.455s] [ 62%] Built target unitree_go__rosidl_typesupport_fastrtps_cpp
[0.459s] [ 75%] Built target unitree_go__rosidl_typesupport_cpp
[0.466s] [ 87%] Built target unitree_go__rosidl_typesupport_c
[0.535s] [ 87%] Built target unitree_go
[0.608s] [ 88%] Built target unitree_go__py
[0.697s] [100%] Built target unitree_go__rosidl_generator_py
[0.750s] [100%] Built target unitree_go__rosidl_typesupport_fastrtps_c__pyext
[0.760s] [100%] Built target unitree_go__rosidl_typesupport_introspection_c__pyext
[0.763s] [100%] Built target unitree_go__rosidl_typesupport_c__pyext
[0.958s] running egg_info
[0.959s] writing unitree_go.egg-info/PKG-INFO
[0.963s] writing dependency_links to unitree_go.egg-info/dependency_links.txt
[0.967s] writing top-level names to unitree_go.egg-info/top_level.txt
[0.972s] reading manifest file 'unitree_go.egg-info/SOURCES.txt'
[0.972s] writing manifest file 'unitree_go.egg-info/SOURCES.txt'
[1.016s] [100%] Built target ament_cmake_python_build_unitree_go_egg
[1.454s] Invoked command in '/home/utec/humanoid_ws/build/unitree_go' returned '0': CMAKE_PREFIX_PATH=${CMAKE_PREFIX_PATH}:/home/utec/humanoid_ws/install/pycodes_h1:/home/utec/humanoid_ws/install/h1_2_model:/home/utec/humanoid_ws/install/h1_2_algoritms:/home/utec/barirobot_ws/install/ur5_algoritmos:/home/utec/barirobot_ws/install/cam_code:/home/utec/barirobot_ws/install/bringup_bar:/opt/ros/humble PS1=\[\e]0;\u@\h: \w\a\]${debian_chroot:+($debian_chroot)}\[\033[01;32m\]\u@\h\[\033[00m\]:\[\033[01;34m\]\w\[\033[00m\]\$ /usr/bin/cmake --build /home/utec/humanoid_ws/build/unitree_go -- -j8 -l8
[1.456s] Invoking command in '/home/utec/humanoid_ws/build/unitree_go': CMAKE_PREFIX_PATH=${CMAKE_PREFIX_PATH}:/home/utec/humanoid_ws/install/pycodes_h1:/home/utec/humanoid_ws/install/h1_2_model:/home/utec/humanoid_ws/install/h1_2_algoritms:/home/utec/barirobot_ws/install/ur5_algoritmos:/home/utec/barirobot_ws/install/cam_code:/home/utec/barirobot_ws/install/bringup_bar:/opt/ros/humble PS1=\[\e]0;\u@\h: \w\a\]${debian_chroot:+($debian_chroot)}\[\033[01;32m\]\u@\h\[\033[00m\]:\[\033[01;34m\]\w\[\033[00m\]\$ /usr/bin/cmake --install /home/utec/humanoid_ws/build/unitree_go
[1.467s] -- Install configuration: ""
[1.467s] -- Up-to-date: /home/utec/humanoid_ws/install/unitree_go/share/ament_index/resource_index/rosidl_interfaces/unitree_go
[1.467s] -- Up-to-date: /home/utec/humanoid_ws/install/unitree_go/include/unitree_go/unitree_go
[1.467s] -- Up-to-date: /home/utec/humanoid_ws/install/unitree_go/include/unitree_go/unitree_go/msg
[1.467s] -- Up-to-date: /home/utec/humanoid_ws/install/unitree_go/include/unitree_go/unitree_go/msg/low_cmd.h
[1.468s] -- Up-to-date: /home/utec/humanoid_ws/install/unitree_go/include/unitree_go/unitree_go/msg/bms_cmd.h
[1.468s] -- Up-to-date: /home/utec/humanoid_ws/install/unitree_go/include/unitree_go/unitree_go/msg/time_spec.h
[1.468s] -- Up-to-date: /home/utec/humanoid_ws/install/unitree_go/include/unitree_go/unitree_go/msg/motor_cmd.h
[1.473s] -- Up-to-date: /home/utec/humanoid_ws/install/unitree_go/include/unitree_go/unitree_go/msg/sport_mode_cmd.h
[1.474s] -- Up-to-date: /home/utec/humanoid_ws/install/unitree_go/include/unitree_go/unitree_go/msg/lidar_state.h
[1.474s] -- Up-to-date: /home/utec/humanoid_ws/install/unitree_go/include/unitree_go/unitree_go/msg/audio_data.h
[1.474s] -- Up-to-date: /home/utec/humanoid_ws/install/unitree_go/include/unitree_go/unitree_go/msg/req.h
[1.474s] -- Up-to-date: /home/utec/humanoid_ws/install/unitree_go/include/unitree_go/unitree_go/msg/imu_state.h
[1.474s] -- Up-to-date: /home/utec/humanoid_ws/install/unitree_go/include/unitree_go/unitree_go/msg/detail
[1.474s] -- Up-to-date: /home/utec/humanoid_ws/install/unitree_go/include/unitree_go/unitree_go/msg/detail/motor_cmd__functions.h
[1.474s] -- Up-to-date: /home/utec/humanoid_ws/install/unitree_go/include/unitree_go/unitree_go/msg/detail/go2_front_video_data__struct.h
[1.474s] -- Up-to-date: /home/utec/humanoid_ws/install/unitree_go/include/unitree_go/unitree_go/msg/detail/error__functions.h
[1.475s] -- Up-to-date: /home/utec/humanoid_ws/install/unitree_go/include/unitree_go/unitree_go/msg/detail/bms_state__functions.c
[1.475s] -- Up-to-date: /home/utec/humanoid_ws/install/unitree_go/include/unitree_go/unitree_go/msg/detail/lidar_state__functions.h
[1.476s] -- Up-to-date: /home/utec/humanoid_ws/install/unitree_go/include/unitree_go/unitree_go/msg/detail/lidar_state__type_support.h
[1.476s] -- Up-to-date: /home/utec/humanoid_ws/install/unitree_go/include/unitree_go/unitree_go/msg/detail/req__functions.h
[1.476s] -- Up-to-date: /home/utec/humanoid_ws/install/unitree_go/include/unitree_go/unitree_go/msg/detail/interface_config__type_support.h
[1.477s] -- Up-to-date: /home/utec/humanoid_ws/install/unitree_go/include/unitree_go/unitree_go/msg/detail/imu_state__functions.c
[1.477s] -- Up-to-date: /home/utec/humanoid_ws/install/unitree_go/include/unitree_go/unitree_go/msg/detail/low_cmd__struct.h
[1.477s] -- Up-to-date: /home/utec/humanoid_ws/install/unitree_go/include/unitree_go/unitree_go/msg/detail/res__functions.h
[1.477s] -- Up-to-date: /home/utec/humanoid_ws/install/unitree_go/include/unitree_go/unitree_go/msg/detail/req__functions.c
[1.477s] -- Up-to-date: /home/utec/humanoid_ws/install/unitree_go/include/unitree_go/unitree_go/msg/detail/low_state__type_support.h
[1.477s] -- Up-to-date: /home/utec/humanoid_ws/install/unitree_go/include/unitree_go/unitree_go/msg/detail/wireless_controller__functions.c
[1.477s] -- Up-to-date: /home/utec/humanoid_ws/install/unitree_go/include/unitree_go/unitree_go/msg/detail/height_map__struct.h
[1.477s] -- Up-to-date: /home/utec/humanoid_ws/install/unitree_go/include/unitree_go/unitree_go/msg/detail/go2_front_video_data__functions.c
[1.477s] -- Up-to-date: /home/utec/humanoid_ws/install/unitree_go/include/unitree_go/unitree_go/msg/detail/audio_data__functions.c
[1.477s] -- Up-to-date: /home/utec/humanoid_ws/install/unitree_go/include/unitree_go/unitree_go/msg/detail/time_spec__type_support.h
[1.478s] -- Up-to-date: /home/utec/humanoid_ws/install/unitree_go/include/unitree_go/unitree_go/msg/detail/sport_mode_cmd__functions.h
[1.478s] -- Up-to-date: /home/utec/humanoid_ws/install/unitree_go/include/unitree_go/unitree_go/msg/detail/uwb_switch__functions.h
[1.478s] -- Up-to-date: /home/utec/humanoid_ws/install/unitree_go/include/unitree_go/unitree_go/msg/detail/sport_mode_cmd__type_support.h
[1.478s] -- Up-to-date: /home/utec/humanoid_ws/install/unitree_go/include/unitree_go/unitree_go/msg/detail/height_map__type_support.h
[1.478s] -- Up-to-date: /home/utec/humanoid_ws/install/unitree_go/include/unitree_go/unitree_go/msg/detail/motor_state__type_support.h
[1.478s] -- Up-to-date: /home/utec/humanoid_ws/install/unitree_go/include/unitree_go/unitree_go/msg/detail/uwb_switch__struct.h
[1.478s] -- Up-to-date: /home/utec/humanoid_ws/install/unitree_go/include/unitree_go/unitree_go/msg/detail/imu_state__struct.h
[1.478s] -- Up-to-date: /home/utec/humanoid_ws/install/unitree_go/include/unitree_go/unitree_go/msg/detail/motor_cmd__functions.c
[1.478s] -- Up-to-date: /home/utec/humanoid_ws/install/unitree_go/include/unitree_go/unitree_go/msg/detail/low_state__functions.c
[1.478s] -- Up-to-date: /home/utec/humanoid_ws/install/unitree_go/include/unitree_go/unitree_go/msg/detail/low_state__struct.h
[1.479s] -- Up-to-date: /home/utec/humanoid_ws/install/unitree_go/include/unitree_go/unitree_go/msg/detail/audio_data__type_support.h
[1.479s] -- Up-to-date: /home/utec/humanoid_ws/install/unitree_go/include/unitree_go/unitree_go/msg/detail/uwb_state__functions.h
[1.479s] -- Up-to-date: /home/utec/humanoid_ws/install/unitree_go/include/unitree_go/unitree_go/msg/detail/wireless_controller__struct.h
[1.479s] -- Up-to-date: /home/utec/humanoid_ws/install/unitree_go/include/unitree_go/unitree_go/msg/detail/error__struct.h
[1.480s] -- Up-to-date: /home/utec/humanoid_ws/install/unitree_go/include/unitree_go/unitree_go/msg/detail/motor_state__struct.h
[1.480s] -- Up-to-date: /home/utec/humanoid_ws/install/unitree_go/include/unitree_go/unitree_go/msg/detail/go2_front_video_data__functions.h
[1.481s] -- Up-to-date: /home/utec/humanoid_ws/install/unitree_go/include/unitree_go/unitree_go/msg/detail/sport_mode_state__functions.h
[1.481s] -- Up-to-date: /home/utec/humanoid_ws/install/unitree_go/include/unitree_go/unitree_go/msg/detail/sport_mode_state__functions.c
[1.481s] -- Up-to-date: /home/utec/humanoid_ws/install/unitree_go/include/unitree_go/unitree_go/msg/detail/interface_config__struct.h
[1.481s] -- Up-to-date: /home/utec/humanoid_ws/install/unitree_go/include/unitree_go/unitree_go/msg/detail/motor_states__struct.h
[1.482s] -- Up-to-date: /home/utec/humanoid_ws/install/unitree_go/include/unitree_go/unitree_go/msg/detail/go2_front_video_data__type_support.h
[1.482s] -- Up-to-date: /home/utec/humanoid_ws/install/unitree_go/include/unitree_go/unitree_go/msg/detail/height_map__functions.c
[1.482s] -- Up-to-date: /home/utec/humanoid_ws/install/unitree_go/include/unitree_go/unitree_go/msg/detail/time_spec__functions.h
[1.482s] -- Up-to-date: /home/utec/humanoid_ws/install/unitree_go/include/unitree_go/unitree_go/msg/detail/uwb_switch__functions.c
[1.482s] -- Up-to-date: /home/utec/humanoid_ws/install/unitree_go/include/unitree_go/unitree_go/msg/detail/bms_cmd__struct.h
[1.482s] -- Up-to-date: /home/utec/humanoid_ws/install/unitree_go/include/unitree_go/unitree_go/msg/detail/motor_states__type_support.h
[1.482s] -- Up-to-date: /home/utec/humanoid_ws/install/unitree_go/include/unitree_go/unitree_go/msg/detail/res__type_support.h
[1.482s] -- Up-to-date: /home/utec/humanoid_ws/install/unitree_go/include/unitree_go/unitree_go/msg/detail/bms_cmd__type_support.h
[1.482s] -- Up-to-date: /home/utec/humanoid_ws/install/unitree_go/include/unitree_go/unitree_go/msg/detail/res__struct.h
[1.482s] -- Up-to-date: /home/utec/humanoid_ws/install/unitree_go/include/unitree_go/unitree_go/msg/detail/bms_cmd__functions.c
[1.482s] -- Up-to-date: /home/utec/humanoid_ws/install/unitree_go/include/unitree_go/unitree_go/msg/detail/uwb_state__functions.c
[1.482s] -- Up-to-date: /home/utec/humanoid_ws/install/unitree_go/include/unitree_go/unitree_go/msg/detail/imu_state__type_support.h
[1.482s] -- Up-to-date: /home/utec/humanoid_ws/install/unitree_go/include/unitree_go/unitree_go/msg/detail/interface_config__functions.h
[1.482s] -- Up-to-date: /home/utec/humanoid_ws/install/unitree_go/include/unitree_go/unitree_go/msg/detail/uwb_state__type_support.h
[1.483s] -- Up-to-date: /home/utec/humanoid_ws/install/unitree_go/include/unitree_go/unitree_go/msg/detail/low_state__functions.h
[1.483s] -- Up-to-date: /home/utec/humanoid_ws/install/unitree_go/include/unitree_go/unitree_go/msg/detail/low_cmd__functions.h
[1.483s] -- Up-to-date: /home/utec/humanoid_ws/install/unitree_go/include/unitree_go/unitree_go/msg/detail/req__struct.h
[1.483s] -- Up-to-date: /home/utec/humanoid_ws/install/unitree_go/include/unitree_go/unitree_go/msg/detail/audio_data__functions.h
[1.483s] -- Up-to-date: /home/utec/humanoid_ws/install/unitree_go/include/unitree_go/unitree_go/msg/detail/motor_cmds__functions.h
[1.483s] -- Up-to-date: /home/utec/humanoid_ws/install/unitree_go/include/unitree_go/unitree_go/msg/detail/motor_state__functions.h
[1.483s] -- Up-to-date: /home/utec/humanoid_ws/install/unitree_go/include/unitree_go/unitree_go/msg/detail/uwb_switch__type_support.h
[1.483s] -- Up-to-date: /home/utec/humanoid_ws/install/unitree_go/include/unitree_go/unitree_go/msg/detail/res__functions.c
[1.483s] -- Up-to-date: /home/utec/humanoid_ws/install/unitree_go/include/unitree_go/unitree_go/msg/detail/motor_states__functions.h
[1.483s] -- Up-to-date: /home/utec/humanoid_ws/install/unitree_go/include/unitree_go/unitree_go/msg/detail/low_cmd__type_support.h
[1.483s] -- Up-to-date: /home/utec/humanoid_ws/install/unitree_go/include/unitree_go/unitree_go/msg/detail/time_spec__functions.c
[1.483s] -- Up-to-date: /home/utec/humanoid_ws/install/unitree_go/include/unitree_go/unitree_go/msg/detail/sport_mode_cmd__struct.h
[1.483s] -- Up-to-date: /home/utec/humanoid_ws/install/unitree_go/include/unitree_go/unitree_go/msg/detail/bms_state__functions.h
[1.483s] -- Up-to-date: /home/utec/humanoid_ws/install/unitree_go/include/unitree_go/unitree_go/msg/detail/height_map__functions.h
[1.483s] -- Up-to-date: /home/utec/humanoid_ws/install/unitree_go/include/unitree_go/unitree_go/msg/detail/error__functions.c
[1.484s] -- Up-to-date: /home/utec/humanoid_ws/install/unitree_go/include/unitree_go/unitree_go/msg/detail/motor_cmds__struct.h
[1.484s] -- Up-to-date: /home/utec/humanoid_ws/install/unitree_go/include/unitree_go/unitree_go/msg/detail/motor_cmd__struct.h
[1.484s] -- Up-to-date: /home/utec/humanoid_ws/install/unitree_go/include/unitree_go/unitree_go/msg/detail/bms_state__type_support.h
[1.484s] -- Up-to-date: /home/utec/humanoid_ws/install/unitree_go/include/unitree_go/unitree_go/msg/detail/bms_cmd__functions.h
[1.484s] -- Up-to-date: /home/utec/humanoid_ws/install/unitree_go/include/unitree_go/unitree_go/msg/detail/wireless_controller__type_support.h
[1.484s] -- Up-to-date: /home/utec/humanoid_ws/install/unitree_go/include/unitree_go/unitree_go/msg/detail/error__type_support.h
[1.484s] -- Up-to-date: /home/utec/humanoid_ws/install/unitree_go/include/unitree_go/unitree_go/msg/detail/uwb_state__struct.h
[1.484s] -- Up-to-date: /home/utec/humanoid_ws/install/unitree_go/include/unitree_go/unitree_go/msg/detail/audio_data__struct.h
[1.484s] -- Up-to-date: /home/utec/humanoid_ws/install/unitree_go/include/unitree_go/unitree_go/msg/detail/lidar_state__functions.c
[1.484s] -- Up-to-date: /home/utec/humanoid_ws/install/unitree_go/include/unitree_go/unitree_go/msg/detail/time_spec__struct.h
[1.484s] -- Up-to-date: /home/utec/humanoid_ws/install/unitree_go/include/unitree_go/unitree_go/msg/detail/path_point__struct.h
[1.484s] -- Up-to-date: /home/utec/humanoid_ws/install/unitree_go/include/unitree_go/unitree_go/msg/detail/sport_mode_state__struct.h
[1.484s] -- Up-to-date: /home/utec/humanoid_ws/install/unitree_go/include/unitree_go/unitree_go/msg/detail/wireless_controller__functions.h
[1.484s] -- Up-to-date: /home/utec/humanoid_ws/install/unitree_go/include/unitree_go/unitree_go/msg/detail/motor_cmds__functions.c
[1.485s] -- Up-to-date: /home/utec/humanoid_ws/install/unitree_go/include/unitree_go/unitree_go/msg/detail/low_cmd__functions.c
[1.485s] -- Up-to-date: /home/utec/humanoid_ws/install/unitree_go/include/unitree_go/unitree_go/msg/detail/motor_state__functions.c
[1.485s] -- Up-to-date: /home/utec/humanoid_ws/install/unitree_go/include/unitree_go/unitree_go/msg/detail/req__type_support.h
[1.485s] -- Up-to-date: /home/utec/humanoid_ws/install/unitree_go/include/unitree_go/unitree_go/msg/detail/interface_config__functions.c
[1.489s] -- Up-to-date: /home/utec/humanoid_ws/install/unitree_go/include/unitree_go/unitree_go/msg/detail/path_point__functions.c
[1.490s] -- Up-to-date: /home/utec/humanoid_ws/install/unitree_go/include/unitree_go/unitree_go/msg/detail/motor_cmds__type_support.h
[1.490s] -- Up-to-date: /home/utec/humanoid_ws/install/unitree_go/include/unitree_go/unitree_go/msg/detail/motor_cmd__type_support.h
[1.490s] -- Up-to-date: /home/utec/humanoid_ws/install/unitree_go/include/unitree_go/unitree_go/msg/detail/sport_mode_state__type_support.h
[1.490s] -- Up-to-date: /home/utec/humanoid_ws/install/unitree_go/include/unitree_go/unitree_go/msg/detail/sport_mode_cmd__functions.c
[1.490s] -- Up-to-date: /home/utec/humanoid_ws/install/unitree_go/include/unitree_go/unitree_go/msg/detail/bms_state__struct.h
[1.490s] -- Up-to-date: /home/utec/humanoid_ws/install/unitree_go/include/unitree_go/unitree_go/msg/detail/imu_state__functions.h
[1.491s] -- Up-to-date: /home/utec/humanoid_ws/install/unitree_go/include/unitree_go/unitree_go/msg/detail/path_point__functions.h
[1.491s] -- Up-to-date: /home/utec/humanoid_ws/install/unitree_go/include/unitree_go/unitree_go/msg/detail/motor_states__functions.c
[1.491s] -- Up-to-date: /home/utec/humanoid_ws/install/unitree_go/include/unitree_go/unitree_go/msg/detail/lidar_state__struct.h
[1.491s] -- Up-to-date: /home/utec/humanoid_ws/install/unitree_go/include/unitree_go/unitree_go/msg/detail/path_point__type_support.h
[1.491s] -- Up-to-date: /home/utec/humanoid_ws/install/unitree_go/include/unitree_go/unitree_go/msg/sport_mode_state.h
[1.491s] -- Up-to-date: /home/utec/humanoid_ws/install/unitree_go/include/unitree_go/unitree_go/msg/go2_front_video_data.h
[1.491s] -- Up-to-date: /home/utec/humanoid_ws/install/unitree_go/include/unitree_go/unitree_go/msg/wireless_controller.h
[1.492s] -- Up-to-date: /home/utec/humanoid_ws/install/unitree_go/include/unitree_go/unitree_go/msg/low_state.h
[1.492s] -- Up-to-date: /home/utec/humanoid_ws/install/unitree_go/include/unitree_go/unitree_go/msg/bms_state.h
[1.492s] -- Up-to-date: /home/utec/humanoid_ws/install/unitree_go/include/unitree_go/unitree_go/msg/path_point.h
[1.492s] -- Up-to-date: /home/utec/humanoid_ws/install/unitree_go/include/unitree_go/unitree_go/msg/rosidl_generator_c__visibility_control.h
[1.492s] -- Up-to-date: /home/utec/humanoid_ws/install/unitree_go/include/unitree_go/unitree_go/msg/motor_states.h
[1.492s] -- Up-to-date: /home/utec/humanoid_ws/install/unitree_go/include/unitree_go/unitree_go/msg/error.h
[1.492s] -- Up-to-date: /home/utec/humanoid_ws/install/unitree_go/include/unitree_go/unitree_go/msg/uwb_switch.h
[1.492s] -- Up-to-date: /home/utec/humanoid_ws/install/unitree_go/include/unitree_go/unitree_go/msg/uwb_state.h
[1.492s] -- Up-to-date: /home/utec/humanoid_ws/install/unitree_go/include/unitree_go/unitree_go/msg/res.h
[1.492s] -- Up-to-date: /home/utec/humanoid_ws/install/unitree_go/include/unitree_go/unitree_go/msg/height_map.h
[1.492s] -- Up-to-date: /home/utec/humanoid_ws/install/unitree_go/include/unitree_go/unitree_go/msg/motor_cmds.h
[1.492s] -- Up-to-date: /home/utec/humanoid_ws/install/unitree_go/include/unitree_go/unitree_go/msg/motor_state.h
[1.493s] -- Up-to-date: /home/utec/humanoid_ws/install/unitree_go/include/unitree_go/unitree_go/msg/interface_config.h
[1.493s] -- Up-to-date: /home/utec/humanoid_ws/install/unitree_go/share/unitree_go/environment/library_path.sh
[1.493s] -- Up-to-date: /home/utec/humanoid_ws/install/unitree_go/share/unitree_go/environment/library_path.dsv
[1.493s] -- Up-to-date: /home/utec/humanoid_ws/install/unitree_go/lib/libunitree_go__rosidl_generator_c.so
[1.493s] -- Up-to-date: /home/utec/humanoid_ws/install/unitree_go/include/unitree_go/unitree_go
[1.493s] -- Up-to-date: /home/utec/humanoid_ws/install/unitree_go/include/unitree_go/unitree_go/msg
[1.500s] -- Up-to-date: /home/utec/humanoid_ws/install/unitree_go/include/unitree_go/unitree_go/msg/rosidl_typesupport_fastrtps_c__visibility_control.h
[1.500s] -- Up-to-date: /home/utec/humanoid_ws/install/unitree_go/include/unitree_go/unitree_go/msg/detail
[1.509s] -- Up-to-date: /home/utec/humanoid_ws/install/unitree_go/include/unitree_go/unitree_go/msg/detail/uwb_switch__rosidl_typesupport_fastrtps_c.h
[1.509s] -- Up-to-date: /home/utec/humanoid_ws/install/unitree_go/include/unitree_go/unitree_go/msg/detail/low_cmd__rosidl_typesupport_fastrtps_c.h
[1.509s] -- Up-to-date: /home/utec/humanoid_ws/install/unitree_go/include/unitree_go/unitree_go/msg/detail/motor_cmd__rosidl_typesupport_fastrtps_c.h
[1.509s] -- Up-to-date: /home/utec/humanoid_ws/install/unitree_go/include/unitree_go/unitree_go/msg/detail/interface_config__rosidl_typesupport_fastrtps_c.h
[1.509s] -- Up-to-date: /home/utec/humanoid_ws/install/unitree_go/include/unitree_go/unitree_go/msg/detail/audio_data__rosidl_typesupport_fastrtps_c.h
[1.510s] -- Up-to-date: /home/utec/humanoid_ws/install/unitree_go/include/unitree_go/unitree_go/msg/detail/res__rosidl_typesupport_fastrtps_c.h
[1.510s] -- Up-to-date: /home/utec/humanoid_ws/install/unitree_go/include/unitree_go/unitree_go/msg/detail/motor_states__rosidl_typesupport_fastrtps_c.h
[1.510s] -- Up-to-date: /home/utec/humanoid_ws/install/unitree_go/include/unitree_go/unitree_go/msg/detail/motor_cmds__rosidl_typesupport_fastrtps_c.h
[1.510s] -- Up-to-date: /home/utec/humanoid_ws/install/unitree_go/include/unitree_go/unitree_go/msg/detail/error__rosidl_typesupport_fastrtps_c.h
[1.510s] -- Up-to-date: /home/utec/humanoid_ws/install/unitree_go/include/unitree_go/unitree_go/msg/detail/time_spec__rosidl_typesupport_fastrtps_c.h
[1.511s] -- Up-to-date: /home/utec/humanoid_ws/install/unitree_go/include/unitree_go/unitree_go/msg/detail/motor_state__rosidl_typesupport_fastrtps_c.h
[1.511s] -- Up-to-date: /home/utec/humanoid_ws/install/unitree_go/include/unitree_go/unitree_go/msg/detail/bms_cmd__rosidl_typesupport_fastrtps_c.h
[1.511s] -- Up-to-date: /home/utec/humanoid_ws/install/unitree_go/include/unitree_go/unitree_go/msg/detail/go2_front_video_data__rosidl_typesupport_fastrtps_c.h
[1.511s] -- Up-to-date: /home/utec/humanoid_ws/install/unitree_go/include/unitree_go/unitree_go/msg/detail/sport_mode_cmd__rosidl_typesupport_fastrtps_c.h
[1.511s] -- Up-to-date: /home/utec/humanoid_ws/install/unitree_go/include/unitree_go/unitree_go/msg/detail/height_map__rosidl_typesupport_fastrtps_c.h
[1.511s] -- Up-to-date: /home/utec/humanoid_ws/install/unitree_go/include/unitree_go/unitree_go/msg/detail/req__rosidl_typesupport_fastrtps_c.h
[1.511s] -- Up-to-date: /home/utec/humanoid_ws/install/unitree_go/include/unitree_go/unitree_go/msg/detail/low_state__rosidl_typesupport_fastrtps_c.h
[1.511s] -- Up-to-date: /home/utec/humanoid_ws/install/unitree_go/include/unitree_go/unitree_go/msg/detail/bms_state__rosidl_typesupport_fastrtps_c.h
[1.511s] -- Up-to-date: /home/utec/humanoid_ws/install/unitree_go/include/unitree_go/unitree_go/msg/detail/lidar_state__rosidl_typesupport_fastrtps_c.h
[1.512s] -- Up-to-date: /home/utec/humanoid_ws/install/unitree_go/include/unitree_go/unitree_go/msg/detail/path_point__rosidl_typesupport_fastrtps_c.h
[1.513s] -- Up-to-date: /home/utec/humanoid_ws/install/unitree_go/include/unitree_go/unitree_go/msg/detail/uwb_state__rosidl_typesupport_fastrtps_c.h
[1.513s] -- Up-to-date: /home/utec/humanoid_ws/install/unitree_go/include/unitree_go/unitree_go/msg/detail/imu_state__rosidl_typesupport_fastrtps_c.h
[1.513s] -- Up-to-date: /home/utec/humanoid_ws/install/unitree_go/include/unitree_go/unitree_go/msg/detail/wireless_controller__rosidl_typesupport_fastrtps_c.h
[1.513s] -- Up-to-date: /home/utec/humanoid_ws/install/unitree_go/include/unitree_go/unitree_go/msg/detail/sport_mode_state__rosidl_typesupport_fastrtps_c.h
[1.513s] -- Up-to-date: /home/utec/humanoid_ws/install/unitree_go/lib/libunitree_go__rosidl_typesupport_fastrtps_c.so
[1.514s] -- Up-to-date: /home/utec/humanoid_ws/install/unitree_go/include/unitree_go/unitree_go
[1.514s] -- Up-to-date: /home/utec/humanoid_ws/install/unitree_go/include/unitree_go/unitree_go/msg
[1.514s] -- Up-to-date: /home/utec/humanoid_ws/install/unitree_go/include/unitree_go/unitree_go/msg/wireless_controller.hpp
[1.515s] -- Up-to-date: /home/utec/humanoid_ws/install/unitree_go/include/unitree_go/unitree_go/msg/sport_mode_state.hpp
[1.515s] -- Up-to-date: /home/utec/humanoid_ws/install/unitree_go/include/unitree_go/unitree_go/msg/height_map.hpp
[1.515s] -- Up-to-date: /home/utec/humanoid_ws/install/unitree_go/include/unitree_go/unitree_go/msg/req.hpp
[1.515s] -- Up-to-date: /home/utec/humanoid_ws/install/unitree_go/include/unitree_go/unitree_go/msg/uwb_state.hpp
[1.515s] -- Up-to-date: /home/utec/humanoid_ws/install/unitree_go/include/unitree_go/unitree_go/msg/motor_cmds.hpp
[1.515s] -- Up-to-date: /home/utec/humanoid_ws/install/unitree_go/include/unitree_go/unitree_go/msg/lidar_state.hpp
[1.515s] -- Up-to-date: /home/utec/humanoid_ws/install/unitree_go/include/unitree_go/unitree_go/msg/detail
[1.515s] -- Up-to-date: /home/utec/humanoid_ws/install/unitree_go/include/unitree_go/unitree_go/msg/detail/req__builder.hpp
[1.515s] -- Up-to-date: /home/utec/humanoid_ws/install/unitree_go/include/unitree_go/unitree_go/msg/detail/path_point__struct.hpp
[1.515s] -- Up-to-date: /home/utec/humanoid_ws/install/unitree_go/include/unitree_go/unitree_go/msg/detail/uwb_state__builder.hpp
[1.516s] -- Up-to-date: /home/utec/humanoid_ws/install/unitree_go/include/unitree_go/unitree_go/msg/detail/path_point__traits.hpp
[1.516s] -- Up-to-date: /home/utec/humanoid_ws/install/unitree_go/include/unitree_go/unitree_go/msg/detail/motor_cmd__type_support.hpp
[1.516s] -- Up-to-date: /home/utec/humanoid_ws/install/unitree_go/include/unitree_go/unitree_go/msg/detail/imu_state__struct.hpp
[1.516s] -- Up-to-date: /home/utec/humanoid_ws/install/unitree_go/include/unitree_go/unitree_go/msg/detail/audio_data__struct.hpp
[1.516s] -- Up-to-date: /home/utec/humanoid_ws/install/unitree_go/include/unitree_go/unitree_go/msg/detail/audio_data__traits.hpp
[1.516s] -- Up-to-date: /home/utec/humanoid_ws/install/unitree_go/include/unitree_go/unitree_go/msg/detail/lidar_state__builder.hpp
[1.516s] -- Up-to-date: /home/utec/humanoid_ws/install/unitree_go/include/unitree_go/unitree_go/msg/detail/motor_cmds__traits.hpp
[1.516s] -- Up-to-date: /home/utec/humanoid_ws/install/unitree_go/include/unitree_go/unitree_go/msg/detail/motor_state__struct.hpp
[1.516s] -- Up-to-date: /home/utec/humanoid_ws/install/unitree_go/include/unitree_go/unitree_go/msg/detail/uwb_state__type_support.hpp
[1.517s] -- Up-to-date: /home/utec/humanoid_ws/install/unitree_go/include/unitree_go/unitree_go/msg/detail/bms_state__type_support.hpp
[1.517s] -- Up-to-date: /home/utec/humanoid_ws/install/unitree_go/include/unitree_go/unitree_go/msg/detail/path_point__type_support.hpp
[1.517s] -- Up-to-date: /home/utec/humanoid_ws/install/unitree_go/include/unitree_go/unitree_go/msg/detail/sport_mode_state__type_support.hpp
[1.517s] -- Up-to-date: /home/utec/humanoid_ws/install/unitree_go/include/unitree_go/unitree_go/msg/detail/motor_states__struct.hpp
[1.517s] -- Up-to-date: /home/utec/humanoid_ws/install/unitree_go/include/unitree_go/unitree_go/msg/detail/bms_cmd__type_support.hpp
[1.517s] -- Up-to-date: /home/utec/humanoid_ws/install/unitree_go/include/unitree_go/unitree_go/msg/detail/lidar_state__struct.hpp
[1.517s] -- Up-to-date: /home/utec/humanoid_ws/install/unitree_go/include/unitree_go/unitree_go/msg/detail/imu_state__builder.hpp
[1.517s] -- Up-to-date: /home/utec/humanoid_ws/install/unitree_go/include/unitree_go/unitree_go/msg/detail/bms_cmd__traits.hpp
[1.517s] -- Up-to-date: /home/utec/humanoid_ws/install/unitree_go/include/unitree_go/unitree_go/msg/detail/motor_cmds__type_support.hpp
[1.517s] -- Up-to-date: /home/utec/humanoid_ws/install/unitree_go/include/unitree_go/unitree_go/msg/detail/sport_mode_state__struct.hpp
[1.518s] -- Up-to-date: /home/utec/humanoid_ws/install/unitree_go/include/unitree_go/unitree_go/msg/detail/motor_states__traits.hpp
[1.518s] -- Up-to-date: /home/utec/humanoid_ws/install/unitree_go/include/unitree_go/unitree_go/msg/detail/uwb_switch__type_support.hpp
[1.518s] -- Up-to-date: /home/utec/humanoid_ws/install/unitree_go/include/unitree_go/unitree_go/msg/detail/low_cmd__builder.hpp
[1.518s] -- Up-to-date: /home/utec/humanoid_ws/install/unitree_go/include/unitree_go/unitree_go/msg/detail/motor_states__builder.hpp
[1.518s] -- Up-to-date: /home/utec/humanoid_ws/install/unitree_go/include/unitree_go/unitree_go/msg/detail/sport_mode_cmd__struct.hpp
[1.518s] -- Up-to-date: /home/utec/humanoid_ws/install/unitree_go/include/unitree_go/unitree_go/msg/detail/wireless_controller__struct.hpp
[1.518s] -- Up-to-date: /home/utec/humanoid_ws/install/unitree_go/include/unitree_go/unitree_go/msg/detail/low_state__builder.hpp
[1.518s] -- Up-to-date: /home/utec/humanoid_ws/install/unitree_go/include/unitree_go/unitree_go/msg/detail/go2_front_video_data__builder.hpp
[1.519s] -- Up-to-date: /home/utec/humanoid_ws/install/unitree_go/include/unitree_go/unitree_go/msg/detail/height_map__traits.hpp
[1.519s] -- Up-to-date: /home/utec/humanoid_ws/install/unitree_go/include/unitree_go/unitree_go/msg/detail/motor_states__type_support.hpp
[1.519s] -- Up-to-date: /home/utec/humanoid_ws/install/unitree_go/include/unitree_go/unitree_go/msg/detail/uwb_switch__traits.hpp
[1.522s] -- Up-to-date: /home/utec/humanoid_ws/install/unitree_go/include/unitree_go/unitree_go/msg/detail/uwb_switch__struct.hpp
[1.522s] -- Up-to-date: /home/utec/humanoid_ws/install/unitree_go/include/unitree_go/unitree_go/msg/detail/interface_config__type_support.hpp
[1.522s] -- Up-to-date: /home/utec/humanoid_ws/install/unitree_go/include/unitree_go/unitree_go/msg/detail/height_map__builder.hpp
[1.522s] -- Up-to-date: /home/utec/humanoid_ws/install/unitree_go/include/unitree_go/unitree_go/msg/detail/uwb_state__traits.hpp
[1.522s] -- Up-to-date: /home/utec/humanoid_ws/install/unitree_go/include/unitree_go/unitree_go/msg/detail/low_cmd__type_support.hpp
[1.523s] -- Up-to-date: /home/utec/humanoid_ws/install/unitree_go/include/unitree_go/unitree_go/msg/detail/motor_state__builder.hpp
[1.523s] -- Up-to-date: /home/utec/humanoid_ws/install/unitree_go/include/unitree_go/unitree_go/msg/detail/motor_cmd__builder.hpp
[1.523s] -- Up-to-date: /home/utec/humanoid_ws/install/unitree_go/include/unitree_go/unitree_go/msg/detail/res__builder.hpp
[1.523s] -- Up-to-date: /home/utec/humanoid_ws/install/unitree_go/include/unitree_go/unitree_go/msg/detail/bms_state__builder.hpp
[1.523s] -- Up-to-date: /home/utec/humanoid_ws/install/unitree_go/include/unitree_go/unitree_go/msg/detail/interface_config__traits.hpp
[1.523s] -- Up-to-date: /home/utec/humanoid_ws/install/unitree_go/include/unitree_go/unitree_go/msg/detail/uwb_state__struct.hpp
[1.523s] -- Up-to-date: /home/utec/humanoid_ws/install/unitree_go/include/unitree_go/unitree_go/msg/detail/imu_state__traits.hpp
[1.523s] -- Up-to-date: /home/utec/humanoid_ws/install/unitree_go/include/unitree_go/unitree_go/msg/detail/bms_cmd__builder.hpp
[1.523s] -- Up-to-date: /home/utec/humanoid_ws/install/unitree_go/include/unitree_go/unitree_go/msg/detail/res__type_support.hpp
[1.523s] -- Up-to-date: /home/utec/humanoid_ws/install/unitree_go/include/unitree_go/unitree_go/msg/detail/error__struct.hpp
[1.523s] -- Up-to-date: /home/utec/humanoid_ws/install/unitree_go/include/unitree_go/unitree_go/msg/detail/sport_mode_state__traits.hpp
[1.523s] -- Up-to-date: /home/utec/humanoid_ws/install/unitree_go/include/unitree_go/unitree_go/msg/detail/low_state__struct.hpp
[1.523s] -- Up-to-date: /home/utec/humanoid_ws/install/unitree_go/include/unitree_go/unitree_go/msg/detail/wireless_controller__type_support.hpp
[1.523s] -- Up-to-date: /home/utec/humanoid_ws/install/unitree_go/include/unitree_go/unitree_go/msg/detail/lidar_state__type_support.hpp
[1.524s] -- Up-to-date: /home/utec/humanoid_ws/install/unitree_go/include/unitree_go/unitree_go/msg/detail/low_cmd__struct.hpp
[1.524s] -- Up-to-date: /home/utec/humanoid_ws/install/unitree_go/include/unitree_go/unitree_go/msg/detail/bms_state__traits.hpp
[1.524s] -- Up-to-date: /home/utec/humanoid_ws/install/unitree_go/include/unitree_go/unitree_go/msg/detail/error__builder.hpp
[1.524s] -- Up-to-date: /home/utec/humanoid_ws/install/unitree_go/include/unitree_go/unitree_go/msg/detail/sport_mode_cmd__builder.hpp
[1.524s] -- Up-to-date: /home/utec/humanoid_ws/install/unitree_go/include/unitree_go/unitree_go/msg/detail/error__type_support.hpp
[1.524s] -- Up-to-date: /home/utec/humanoid_ws/install/unitree_go/include/unitree_go/unitree_go/msg/detail/motor_state__type_support.hpp
[1.524s] -- Up-to-date: /home/utec/humanoid_ws/install/unitree_go/include/unitree_go/unitree_go/msg/detail/height_map__type_support.hpp
[1.524s] -- Up-to-date: /home/utec/humanoid_ws/install/unitree_go/include/unitree_go/unitree_go/msg/detail/low_state__type_support.hpp
[1.524s] -- Up-to-date: /home/utec/humanoid_ws/install/unitree_go/include/unitree_go/unitree_go/msg/detail/wireless_controller__builder.hpp
[1.524s] -- Up-to-date: /home/utec/humanoid_ws/install/unitree_go/include/unitree_go/unitree_go/msg/detail/low_state__traits.hpp
[1.524s] -- Up-to-date: /home/utec/humanoid_ws/install/unitree_go/include/unitree_go/unitree_go/msg/detail/motor_state__traits.hpp
[1.524s] -- Up-to-date: /home/utec/humanoid_ws/install/unitree_go/include/unitree_go/unitree_go/msg/detail/path_point__builder.hpp
[1.524s] -- Up-to-date: /home/utec/humanoid_ws/install/unitree_go/include/unitree_go/unitree_go/msg/detail/lidar_state__traits.hpp
[1.524s] -- Up-to-date: /home/utec/humanoid_ws/install/unitree_go/include/unitree_go/unitree_go/msg/detail/interface_config__builder.hpp
[1.525s] -- Up-to-date: /home/utec/humanoid_ws/install/unitree_go/include/unitree_go/unitree_go/msg/detail/res__struct.hpp
[1.525s] -- Up-to-date: /home/utec/humanoid_ws/install/unitree_go/include/unitree_go/unitree_go/msg/detail/time_spec__struct.hpp
[1.525s] -- Up-to-date: /home/utec/humanoid_ws/install/unitree_go/include/unitree_go/unitree_go/msg/detail/audio_data__builder.hpp
[1.525s] -- Up-to-date: /home/utec/humanoid_ws/install/unitree_go/include/unitree_go/unitree_go/msg/detail/go2_front_video_data__type_support.hpp
[1.525s] -- Up-to-date: /home/utec/humanoid_ws/install/unitree_go/include/unitree_go/unitree_go/msg/detail/audio_data__type_support.hpp
[1.525s] -- Up-to-date: /home/utec/humanoid_ws/install/unitree_go/include/unitree_go/unitree_go/msg/detail/height_map__struct.hpp
[1.525s] -- Up-to-date: /home/utec/humanoid_ws/install/unitree_go/include/unitree_go/unitree_go/msg/detail/time_spec__type_support.hpp
[1.525s] -- Up-to-date: /home/utec/humanoid_ws/install/unitree_go/include/unitree_go/unitree_go/msg/detail/sport_mode_cmd__traits.hpp
[1.525s] -- Up-to-date: /home/utec/humanoid_ws/install/unitree_go/include/unitree_go/unitree_go/msg/detail/motor_cmd__struct.hpp
[1.525s] -- Up-to-date: /home/utec/humanoid_ws/install/unitree_go/include/unitree_go/unitree_go/msg/detail/low_cmd__traits.hpp
[1.525s] -- Up-to-date: /home/utec/humanoid_ws/install/unitree_go/include/unitree_go/unitree_go/msg/detail/uwb_switch__builder.hpp
[1.535s] -- Up-to-date: /home/utec/humanoid_ws/install/unitree_go/include/unitree_go/unitree_go/msg/detail/req__type_support.hpp
[1.535s] -- Up-to-date: /home/utec/humanoid_ws/install/unitree_go/include/unitree_go/unitree_go/msg/detail/time_spec__traits.hpp
[1.536s] -- Up-to-date: /home/utec/humanoid_ws/install/unitree_go/include/unitree_go/unitree_go/msg/detail/motor_cmds__builder.hpp
[1.536s] -- Up-to-date: /home/utec/humanoid_ws/install/unitree_go/include/unitree_go/unitree_go/msg/detail/req__traits.hpp
[1.536s] -- Up-to-date: /home/utec/humanoid_ws/install/unitree_go/include/unitree_go/unitree_go/msg/detail/sport_mode_cmd__type_support.hpp
[1.536s] -- Up-to-date: /home/utec/humanoid_ws/install/unitree_go/include/unitree_go/unitree_go/msg/detail/bms_state__struct.hpp
[1.536s] -- Up-to-date: /home/utec/humanoid_ws/install/unitree_go/include/unitree_go/unitree_go/msg/detail/bms_cmd__struct.hpp
[1.536s] -- Up-to-date: /home/utec/humanoid_ws/install/unitree_go/include/unitree_go/unitree_go/msg/detail/req__struct.hpp
[1.536s] -- Up-to-date: /home/utec/humanoid_ws/install/unitree_go/include/unitree_go/unitree_go/msg/detail/wireless_controller__traits.hpp
[1.536s] -- Up-to-date: /home/utec/humanoid_ws/install/unitree_go/include/unitree_go/unitree_go/msg/detail/res__traits.hpp
[1.536s] -- Up-to-date: /home/utec/humanoid_ws/install/unitree_go/include/unitree_go/unitree_go/msg/detail/motor_cmds__struct.hpp
[1.536s] -- Up-to-date: /home/utec/humanoid_ws/install/unitree_go/include/unitree_go/unitree_go/msg/detail/interface_config__struct.hpp
[1.537s] -- Up-to-date: /home/utec/humanoid_ws/install/unitree_go/include/unitree_go/unitree_go/msg/detail/motor_cmd__traits.hpp
[1.537s] -- Up-to-date: /home/utec/humanoid_ws/install/unitree_go/include/unitree_go/unitree_go/msg/detail/imu_state__type_support.hpp
[1.537s] -- Up-to-date: /home/utec/humanoid_ws/install/unitree_go/include/unitree_go/unitree_go/msg/detail/error__traits.hpp
[1.537s] -- Up-to-date: /home/utec/humanoid_ws/install/unitree_go/include/unitree_go/unitree_go/msg/detail/go2_front_video_data__struct.hpp
[1.537s] -- Up-to-date: /home/utec/humanoid_ws/install/unitree_go/include/unitree_go/unitree_go/msg/detail/sport_mode_state__builder.hpp
[1.537s] -- Up-to-date: /home/utec/humanoid_ws/install/unitree_go/include/unitree_go/unitree_go/msg/detail/go2_front_video_data__traits.hpp
[1.537s] -- Up-to-date: /home/utec/humanoid_ws/install/unitree_go/include/unitree_go/unitree_go/msg/detail/time_spec__builder.hpp
[1.537s] -- Up-to-date: /home/utec/humanoid_ws/install/unitree_go/include/unitree_go/unitree_go/msg/motor_state.hpp
[1.537s] -- Up-to-date: /home/utec/humanoid_ws/install/unitree_go/include/unitree_go/unitree_go/msg/sport_mode_cmd.hpp
[1.537s] -- Up-to-date: /home/utec/humanoid_ws/install/unitree_go/include/unitree_go/unitree_go/msg/bms_state.hpp
[1.537s] -- Up-to-date: /home/utec/humanoid_ws/install/unitree_go/include/unitree_go/unitree_go/msg/motor_cmd.hpp
[1.537s] -- Up-to-date: /home/utec/humanoid_ws/install/unitree_go/include/unitree_go/unitree_go/msg/motor_states.hpp
[1.537s] -- Up-to-date: /home/utec/humanoid_ws/install/unitree_go/include/unitree_go/unitree_go/msg/audio_data.hpp
[1.538s] -- Up-to-date: /home/utec/humanoid_ws/install/unitree_go/include/unitree_go/unitree_go/msg/imu_state.hpp
[1.538s] -- Up-to-date: /home/utec/humanoid_ws/install/unitree_go/include/unitree_go/unitree_go/msg/go2_front_video_data.hpp
[1.538s] -- Up-to-date: /home/utec/humanoid_ws/install/unitree_go/include/unitree_go/unitree_go/msg/interface_config.hpp
[1.538s] -- Up-to-date: /home/utec/humanoid_ws/install/unitree_go/include/unitree_go/unitree_go/msg/rosidl_generator_cpp__visibility_control.hpp
[1.538s] -- Up-to-date: /home/utec/humanoid_ws/install/unitree_go/include/unitree_go/unitree_go/msg/low_cmd.hpp
[1.538s] -- Up-to-date: /home/utec/humanoid_ws/install/unitree_go/include/unitree_go/unitree_go/msg/path_point.hpp
[1.538s] -- Up-to-date: /home/utec/humanoid_ws/install/unitree_go/include/unitree_go/unitree_go/msg/error.hpp
[1.538s] -- Up-to-date: /home/utec/humanoid_ws/install/unitree_go/include/unitree_go/unitree_go/msg/low_state.hpp
[1.538s] -- Up-to-date: /home/utec/humanoid_ws/install/unitree_go/include/unitree_go/unitree_go/msg/time_spec.hpp
[1.538s] -- Up-to-date: /home/utec/humanoid_ws/install/unitree_go/include/unitree_go/unitree_go/msg/uwb_switch.hpp
[1.541s] -- Up-to-date: /home/utec/humanoid_ws/install/unitree_go/include/unitree_go/unitree_go/msg/res.hpp
[1.541s] -- Up-to-date: /home/utec/humanoid_ws/install/unitree_go/include/unitree_go/unitree_go/msg/bms_cmd.hpp
[1.541s] -- Up-to-date: /home/utec/humanoid_ws/install/unitree_go/include/unitree_go/unitree_go
[1.541s] -- Up-to-date: /home/utec/humanoid_ws/install/unitree_go/include/unitree_go/unitree_go/msg
[1.541s] -- Up-to-date: /home/utec/humanoid_ws/install/unitree_go/include/unitree_go/unitree_go/msg/detail
[1.541s] -- Up-to-date: /home/utec/humanoid_ws/install/unitree_go/include/unitree_go/unitree_go/msg/detail/lidar_state__rosidl_typesupport_fastrtps_cpp.hpp
[1.541s] -- Up-to-date: /home/utec/humanoid_ws/install/unitree_go/include/unitree_go/unitree_go/msg/detail/motor_cmd__rosidl_typesupport_fastrtps_cpp.hpp
[1.541s] -- Up-to-date: /home/utec/humanoid_ws/install/unitree_go/include/unitree_go/unitree_go/msg/detail/motor_state__rosidl_typesupport_fastrtps_cpp.hpp
[1.542s] -- Up-to-date: /home/utec/humanoid_ws/install/unitree_go/include/unitree_go/unitree_go/msg/detail/height_map__rosidl_typesupport_fastrtps_cpp.hpp
[1.543s] -- Up-to-date: /home/utec/humanoid_ws/install/unitree_go/include/unitree_go/unitree_go/msg/detail/bms_cmd__rosidl_typesupport_fastrtps_cpp.hpp
[1.543s] -- Up-to-date: /home/utec/humanoid_ws/install/unitree_go/include/unitree_go/unitree_go/msg/detail/req__rosidl_typesupport_fastrtps_cpp.hpp
[1.543s] -- Up-to-date: /home/utec/humanoid_ws/install/unitree_go/include/unitree_go/unitree_go/msg/detail/motor_states__rosidl_typesupport_fastrtps_cpp.hpp
[1.543s] -- Up-to-date: /home/utec/humanoid_ws/install/unitree_go/include/unitree_go/unitree_go/msg/detail/uwb_switch__rosidl_typesupport_fastrtps_cpp.hpp
[1.543s] -- Up-to-date: /home/utec/humanoid_ws/install/unitree_go/include/unitree_go/unitree_go/msg/detail/sport_mode_state__rosidl_typesupport_fastrtps_cpp.hpp
[1.543s] -- Up-to-date: /home/utec/humanoid_ws/install/unitree_go/include/unitree_go/unitree_go/msg/detail/path_point__rosidl_typesupport_fastrtps_cpp.hpp
[1.543s] -- Up-to-date: /home/utec/humanoid_ws/install/unitree_go/include/unitree_go/unitree_go/msg/detail/dds_fastrtps
[1.543s] -- Up-to-date: /home/utec/humanoid_ws/install/unitree_go/include/unitree_go/unitree_go/msg/detail/go2_front_video_data__rosidl_typesupport_fastrtps_cpp.hpp
[1.543s] -- Up-to-date: /home/utec/humanoid_ws/install/unitree_go/include/unitree_go/unitree_go/msg/detail/interface_config__rosidl_typesupport_fastrtps_cpp.hpp
[1.544s] -- Up-to-date: /home/utec/humanoid_ws/install/unitree_go/include/unitree_go/unitree_go/msg/detail/wireless_controller__rosidl_typesupport_fastrtps_cpp.hpp
[1.544s] -- Up-to-date: /home/utec/humanoid_ws/install/unitree_go/include/unitree_go/unitree_go/msg/detail/low_cmd__rosidl_typesupport_fastrtps_cpp.hpp
[1.544s] -- Up-to-date: /home/utec/humanoid_ws/install/unitree_go/include/unitree_go/unitree_go/msg/detail/time_spec__rosidl_typesupport_fastrtps_cpp.hpp
[1.544s] -- Up-to-date: /home/utec/humanoid_ws/install/unitree_go/include/unitree_go/unitree_go/msg/detail/bms_state__rosidl_typesupport_fastrtps_cpp.hpp
[1.544s] -- Up-to-date: /home/utec/humanoid_ws/install/unitree_go/include/unitree_go/unitree_go/msg/detail/low_state__rosidl_typesupport_fastrtps_cpp.hpp
[1.544s] -- Up-to-date: /home/utec/humanoid_ws/install/unitree_go/include/unitree_go/unitree_go/msg/detail/uwb_state__rosidl_typesupport_fastrtps_cpp.hpp
[1.544s] -- Up-to-date: /home/utec/humanoid_ws/install/unitree_go/include/unitree_go/unitree_go/msg/detail/imu_state__rosidl_typesupport_fastrtps_cpp.hpp
[1.545s] -- Up-to-date: /home/utec/humanoid_ws/install/unitree_go/include/unitree_go/unitree_go/msg/detail/error__rosidl_typesupport_fastrtps_cpp.hpp
[1.545s] -- Up-to-date: /home/utec/humanoid_ws/install/unitree_go/include/unitree_go/unitree_go/msg/detail/sport_mode_cmd__rosidl_typesupport_fastrtps_cpp.hpp
[1.545s] -- Up-to-date: /home/utec/humanoid_ws/install/unitree_go/include/unitree_go/unitree_go/msg/detail/motor_cmds__rosidl_typesupport_fastrtps_cpp.hpp
[1.545s] -- Up-to-date: /home/utec/humanoid_ws/install/unitree_go/include/unitree_go/unitree_go/msg/detail/audio_data__rosidl_typesupport_fastrtps_cpp.hpp
[1.545s] -- Up-to-date: /home/utec/humanoid_ws/install/unitree_go/include/unitree_go/unitree_go/msg/detail/res__rosidl_typesupport_fastrtps_cpp.hpp
[1.545s] -- Up-to-date: /home/utec/humanoid_ws/install/unitree_go/include/unitree_go/unitree_go/msg/rosidl_typesupport_fastrtps_cpp__visibility_control.h
[1.545s] -- Up-to-date: /home/utec/humanoid_ws/install/unitree_go/lib/libunitree_go__rosidl_typesupport_fastrtps_cpp.so
[1.545s] -- Up-to-date: /home/utec/humanoid_ws/install/unitree_go/include/unitree_go/unitree_go
[1.546s] -- Up-to-date: /home/utec/humanoid_ws/install/unitree_go/include/unitree_go/unitree_go/msg
[1.546s] -- Up-to-date: /home/utec/humanoid_ws/install/unitree_go/include/unitree_go/unitree_go/msg/detail
[1.547s] -- Up-to-date: /home/utec/humanoid_ws/install/unitree_go/include/unitree_go/unitree_go/msg/detail/error__type_support.c
[1.552s] -- Up-to-date: /home/utec/humanoid_ws/install/unitree_go/include/unitree_go/unitree_go/msg/detail/audio_data__rosidl_typesupport_introspection_c.h
[1.552s] -- Up-to-date: /home/utec/humanoid_ws/install/unitree_go/include/unitree_go/unitree_go/msg/detail/sport_mode_cmd__rosidl_typesupport_introspection_c.h
[1.552s] -- Up-to-date: /home/utec/humanoid_ws/install/unitree_go/include/unitree_go/unitree_go/msg/detail/motor_states__type_support.c
[1.556s] -- Up-to-date: /home/utec/humanoid_ws/install/unitree_go/include/unitree_go/unitree_go/msg/detail/path_point__rosidl_typesupport_introspection_c.h
[1.556s] -- Up-to-date: /home/utec/humanoid_ws/install/unitree_go/include/unitree_go/unitree_go/msg/detail/req__rosidl_typesupport_introspection_c.h
[1.556s] -- Up-to-date: /home/utec/humanoid_ws/install/unitree_go/include/unitree_go/unitree_go/msg/detail/motor_states__rosidl_typesupport_introspection_c.h
[1.556s] -- Up-to-date: /home/utec/humanoid_ws/install/unitree_go/include/unitree_go/unitree_go/msg/detail/low_cmd__type_support.c
[1.556s] -- Up-to-date: /home/utec/humanoid_ws/install/unitree_go/include/unitree_go/unitree_go/msg/detail/time_spec__rosidl_typesupport_introspection_c.h
[1.556s] -- Up-to-date: /home/utec/humanoid_ws/install/unitree_go/include/unitree_go/unitree_go/msg/detail/uwb_switch__rosidl_typesupport_introspection_c.h
[1.557s] -- Up-to-date: /home/utec/humanoid_ws/install/unitree_go/include/unitree_go/unitree_go/msg/detail/bms_state__rosidl_typesupport_introspection_c.h
[1.557s] -- Up-to-date: /home/utec/humanoid_ws/install/unitree_go/include/unitree_go/unitree_go/msg/detail/motor_cmds__type_support.c
[1.557s] -- Up-to-date: /home/utec/humanoid_ws/install/unitree_go/include/unitree_go/unitree_go/msg/detail/bms_cmd__type_support.c
[1.557s] -- Up-to-date: /home/utec/humanoid_ws/install/unitree_go/include/unitree_go/unitree_go/msg/detail/time_spec__type_support.c
[1.557s] -- Up-to-date: /home/utec/humanoid_ws/install/unitree_go/include/unitree_go/unitree_go/msg/detail/interface_config__rosidl_typesupport_introspection_c.h
[1.557s] -- Up-to-date: /home/utec/humanoid_ws/install/unitree_go/include/unitree_go/unitree_go/msg/detail/uwb_state__rosidl_typesupport_introspection_c.h
[1.558s] -- Up-to-date: /home/utec/humanoid_ws/install/unitree_go/include/unitree_go/unitree_go/msg/detail/motor_cmd__type_support.c
[1.558s] -- Up-to-date: /home/utec/humanoid_ws/install/unitree_go/include/unitree_go/unitree_go/msg/detail/imu_state__rosidl_typesupport_introspection_c.h
[1.558s] -- Up-to-date: /home/utec/humanoid_ws/install/unitree_go/include/unitree_go/unitree_go/msg/detail/audio_data__type_support.c
[1.558s] -- Up-to-date: /home/utec/humanoid_ws/install/unitree_go/include/unitree_go/unitree_go/msg/detail/motor_cmd__rosidl_typesupport_introspection_c.h
[1.558s] -- Up-to-date: /home/utec/humanoid_ws/install/unitree_go/include/unitree_go/unitree_go/msg/detail/low_state__rosidl_typesupport_introspection_c.h
[1.558s] -- Up-to-date: /home/utec/humanoid_ws/install/unitree_go/include/unitree_go/unitree_go/msg/detail/bms_cmd__rosidl_typesupport_introspection_c.h
[1.559s] -- Up-to-date: /home/utec/humanoid_ws/install/unitree_go/include/unitree_go/unitree_go/msg/detail/sport_mode_state__rosidl_typesupport_introspection_c.h
[1.559s] -- Up-to-date: /home/utec/humanoid_ws/install/unitree_go/include/unitree_go/unitree_go/msg/detail/wireless_controller__type_support.c
[1.559s] -- Up-to-date: /home/utec/humanoid_ws/install/unitree_go/include/unitree_go/unitree_go/msg/detail/low_state__type_support.c
[1.559s] -- Up-to-date: /home/utec/humanoid_ws/install/unitree_go/include/unitree_go/unitree_go/msg/detail/path_point__type_support.c
[1.559s] -- Up-to-date: /home/utec/humanoid_ws/install/unitree_go/include/unitree_go/unitree_go/msg/detail/motor_cmds__rosidl_typesupport_introspection_c.h
[1.559s] -- Up-to-date: /home/utec/humanoid_ws/install/unitree_go/include/unitree_go/unitree_go/msg/detail/go2_front_video_data__type_support.c
[1.559s] -- Up-to-date: /home/utec/humanoid_ws/install/unitree_go/include/unitree_go/unitree_go/msg/detail/req__type_support.c
[1.560s] -- Up-to-date: /home/utec/humanoid_ws/install/unitree_go/include/unitree_go/unitree_go/msg/detail/motor_state__type_support.c
[1.560s] -- Up-to-date: /home/utec/humanoid_ws/install/unitree_go/include/unitree_go/unitree_go/msg/detail/bms_state__type_support.c
[1.560s] -- Up-to-date: /home/utec/humanoid_ws/install/unitree_go/include/unitree_go/unitree_go/msg/detail/res__rosidl_typesupport_introspection_c.h
[1.560s] -- Up-to-date: /home/utec/humanoid_ws/install/unitree_go/include/unitree_go/unitree_go/msg/detail/error__rosidl_typesupport_introspection_c.h
[1.560s] -- Up-to-date: /home/utec/humanoid_ws/install/unitree_go/include/unitree_go/unitree_go/msg/detail/sport_mode_cmd__type_support.c
[1.560s] -- Up-to-date: /home/utec/humanoid_ws/install/unitree_go/include/unitree_go/unitree_go/msg/detail/imu_state__type_support.c
[1.560s] -- Up-to-date: /home/utec/humanoid_ws/install/unitree_go/include/unitree_go/unitree_go/msg/detail/go2_front_video_data__rosidl_typesupport_introspection_c.h
[1.560s] -- Up-to-date: /home/utec/humanoid_ws/install/unitree_go/include/unitree_go/unitree_go/msg/detail/interface_config__type_support.c
[1.561s] -- Up-to-date: /home/utec/humanoid_ws/install/unitree_go/include/unitree_go/unitree_go/msg/detail/height_map__rosidl_typesupport_introspection_c.h
[1.561s] -- Up-to-date: /home/utec/humanoid_ws/install/unitree_go/include/unitree_go/unitree_go/msg/detail/uwb_switch__type_support.c
[1.561s] -- Up-to-date: /home/utec/humanoid_ws/install/unitree_go/include/unitree_go/unitree_go/msg/detail/sport_mode_state__type_support.c
[1.561s] -- Up-to-date: /home/utec/humanoid_ws/install/unitree_go/include/unitree_go/unitree_go/msg/detail/lidar_state__type_support.c
[1.561s] -- Up-to-date: /home/utec/humanoid_ws/install/unitree_go/include/unitree_go/unitree_go/msg/detail/motor_state__rosidl_typesupport_introspection_c.h
[1.561s] -- Up-to-date: /home/utec/humanoid_ws/install/unitree_go/include/unitree_go/unitree_go/msg/detail/low_cmd__rosidl_typesupport_introspection_c.h
[1.561s] -- Up-to-date: /home/utec/humanoid_ws/install/unitree_go/include/unitree_go/unitree_go/msg/detail/lidar_state__rosidl_typesupport_introspection_c.h
[1.562s] -- Up-to-date: /home/utec/humanoid_ws/install/unitree_go/include/unitree_go/unitree_go/msg/detail/height_map__type_support.c
[1.562s] -- Up-to-date: /home/utec/humanoid_ws/install/unitree_go/include/unitree_go/unitree_go/msg/detail/res__type_support.c
[1.562s] -- Up-to-date: /home/utec/humanoid_ws/install/unitree_go/include/unitree_go/unitree_go/msg/detail/wireless_controller__rosidl_typesupport_introspection_c.h
[1.562s] -- Up-to-date: /home/utec/humanoid_ws/install/unitree_go/include/unitree_go/unitree_go/msg/detail/uwb_state__type_support.c
[1.562s] -- Up-to-date: /home/utec/humanoid_ws/install/unitree_go/include/unitree_go/unitree_go/msg/rosidl_typesupport_introspection_c__visibility_control.h
[1.562s] -- Up-to-date: /home/utec/humanoid_ws/install/unitree_go/lib/libunitree_go__rosidl_typesupport_introspection_c.so
[1.563s] -- Up-to-date: /home/utec/humanoid_ws/install/unitree_go/lib/libunitree_go__rosidl_typesupport_c.so
[1.563s] -- Up-to-date: /home/utec/humanoid_ws/install/unitree_go/include/unitree_go/unitree_go
[1.563s] -- Up-to-date: /home/utec/humanoid_ws/install/unitree_go/include/unitree_go/unitree_go/msg
[1.563s] -- Up-to-date: /home/utec/humanoid_ws/install/unitree_go/include/unitree_go/unitree_go/msg/detail
[1.563s] -- Up-to-date: /home/utec/humanoid_ws/install/unitree_go/include/unitree_go/unitree_go/msg/detail/time_spec__rosidl_typesupport_introspection_cpp.hpp
[1.563s] -- Up-to-date: /home/utec/humanoid_ws/install/unitree_go/include/unitree_go/unitree_go/msg/detail/motor_cmds__rosidl_typesupport_introspection_cpp.hpp
[1.563s] -- Up-to-date: /home/utec/humanoid_ws/install/unitree_go/include/unitree_go/unitree_go/msg/detail/go2_front_video_data__type_support.cpp
[1.563s] -- Up-to-date: /home/utec/humanoid_ws/install/unitree_go/include/unitree_go/unitree_go/msg/detail/error__type_support.cpp
[1.564s] -- Up-to-date: /home/utec/humanoid_ws/install/unitree_go/include/unitree_go/unitree_go/msg/detail/imu_state__type_support.cpp
[1.564s] -- Up-to-date: /home/utec/humanoid_ws/install/unitree_go/include/unitree_go/unitree_go/msg/detail/path_point__type_support.cpp
[1.564s] -- Up-to-date: /home/utec/humanoid_ws/install/unitree_go/include/unitree_go/unitree_go/msg/detail/motor_state__type_support.cpp
[1.564s] -- Up-to-date: /home/utec/humanoid_ws/install/unitree_go/include/unitree_go/unitree_go/msg/detail/res__type_support.cpp
[1.564s] -- Up-to-date: /home/utec/humanoid_ws/install/unitree_go/include/unitree_go/unitree_go/msg/detail/req__rosidl_typesupport_introspection_cpp.hpp
[1.564s] -- Up-to-date: /home/utec/humanoid_ws/install/unitree_go/include/unitree_go/unitree_go/msg/detail/motor_cmds__type_support.cpp
[1.564s] -- Up-to-date: /home/utec/humanoid_ws/install/unitree_go/include/unitree_go/unitree_go/msg/detail/uwb_switch__type_support.cpp
[1.565s] -- Up-to-date: /home/utec/humanoid_ws/install/unitree_go/include/unitree_go/unitree_go/msg/detail/motor_state__rosidl_typesupport_introspection_cpp.hpp
[1.565s] -- Up-to-date: /home/utec/humanoid_ws/install/unitree_go/include/unitree_go/unitree_go/msg/detail/motor_states__rosidl_typesupport_introspection_cpp.hpp
[1.565s] -- Up-to-date: /home/utec/humanoid_ws/install/unitree_go/include/unitree_go/unitree_go/msg/detail/path_point__rosidl_typesupport_introspection_cpp.hpp
[1.565s] -- Up-to-date: /home/utec/humanoid_ws/install/unitree_go/include/unitree_go/unitree_go/msg/detail/sport_mode_cmd__type_support.cpp
[1.565s] -- Up-to-date: /home/utec/humanoid_ws/install/unitree_go/include/unitree_go/unitree_go/msg/detail/lidar_state__type_support.cpp
[1.565s] -- Up-to-date: /home/utec/humanoid_ws/install/unitree_go/include/unitree_go/unitree_go/msg/detail/interface_config__rosidl_typesupport_introspection_cpp.hpp
[1.566s] -- Up-to-date: /home/utec/humanoid_ws/install/unitree_go/include/unitree_go/unitree_go/msg/detail/low_cmd__rosidl_typesupport_introspection_cpp.hpp
[1.566s] -- Up-to-date: /home/utec/humanoid_ws/install/unitree_go/include/unitree_go/unitree_go/msg/detail/uwb_switch__rosidl_typesupport_introspection_cpp.hpp
[1.566s] -- Up-to-date: /home/utec/humanoid_ws/install/unitree_go/include/unitree_go/unitree_go/msg/detail/interface_config__type_support.cpp
[1.566s] -- Up-to-date: /home/utec/humanoid_ws/install/unitree_go/include/unitree_go/unitree_go/msg/detail/bms_cmd__type_support.cpp
[1.566s] -- Up-to-date: /home/utec/humanoid_ws/install/unitree_go/include/unitree_go/unitree_go/msg/detail/bms_state__rosidl_typesupport_introspection_cpp.hpp
[1.566s] -- Up-to-date: /home/utec/humanoid_ws/install/unitree_go/include/unitree_go/unitree_go/msg/detail/motor_cmd__rosidl_typesupport_introspection_cpp.hpp
[1.567s] -- Up-to-date: /home/utec/humanoid_ws/install/unitree_go/include/unitree_go/unitree_go/msg/detail/lidar_state__rosidl_typesupport_introspection_cpp.hpp
[1.567s] -- Up-to-date: /home/utec/humanoid_ws/install/unitree_go/include/unitree_go/unitree_go/msg/detail/res__rosidl_typesupport_introspection_cpp.hpp
[1.567s] -- Up-to-date: /home/utec/humanoid_ws/install/unitree_go/include/unitree_go/unitree_go/msg/detail/motor_states__type_support.cpp
[1.567s] -- Up-to-date: /home/utec/humanoid_ws/install/unitree_go/include/unitree_go/unitree_go/msg/detail/go2_front_video_data__rosidl_typesupport_introspection_cpp.hpp
[1.567s] -- Up-to-date: /home/utec/humanoid_ws/install/unitree_go/include/unitree_go/unitree_go/msg/detail/req__type_support.cpp
[1.567s] -- Up-to-date: /home/utec/humanoid_ws/install/unitree_go/include/unitree_go/unitree_go/msg/detail/audio_data__type_support.cpp
[1.567s] -- Up-to-date: /home/utec/humanoid_ws/install/unitree_go/include/unitree_go/unitree_go/msg/detail/sport_mode_state__rosidl_typesupport_introspection_cpp.hpp
[1.567s] -- Up-to-date: /home/utec/humanoid_ws/install/unitree_go/include/unitree_go/unitree_go/msg/detail/height_map__type_support.cpp
[1.568s] -- Up-to-date: /home/utec/humanoid_ws/install/unitree_go/include/unitree_go/unitree_go/msg/detail/sport_mode_state__type_support.cpp
[1.568s] -- Up-to-date: /home/utec/humanoid_ws/install/unitree_go/include/unitree_go/unitree_go/msg/detail/bms_state__type_support.cpp
[1.568s] -- Up-to-date: /home/utec/humanoid_ws/install/unitree_go/include/unitree_go/unitree_go/msg/detail/low_cmd__type_support.cpp
[1.568s] -- Up-to-date: /home/utec/humanoid_ws/install/unitree_go/include/unitree_go/unitree_go/msg/detail/time_spec__type_support.cpp
[1.568s] -- Up-to-date: /home/utec/humanoid_ws/install/unitree_go/include/unitree_go/unitree_go/msg/detail/uwb_state__type_support.cpp
[1.568s] -- Up-to-date: /home/utec/humanoid_ws/install/unitree_go/include/unitree_go/unitree_go/msg/detail/imu_state__rosidl_typesupport_introspection_cpp.hpp
[1.569s] -- Up-to-date: /home/utec/humanoid_ws/install/unitree_go/include/unitree_go/unitree_go/msg/detail/low_state__type_support.cpp
[1.569s] -- Up-to-date: /home/utec/humanoid_ws/install/unitree_go/include/unitree_go/unitree_go/msg/detail/audio_data__rosidl_typesupport_introspection_cpp.hpp
[1.569s] -- Up-to-date: /home/utec/humanoid_ws/install/unitree_go/include/unitree_go/unitree_go/msg/detail/error__rosidl_typesupport_introspection_cpp.hpp
[1.570s] -- Up-to-date: /home/utec/humanoid_ws/install/unitree_go/include/unitree_go/unitree_go/msg/detail/wireless_controller__rosidl_typesupport_introspection_cpp.hpp
[1.570s] -- Up-to-date: /home/utec/humanoid_ws/install/unitree_go/include/unitree_go/unitree_go/msg/detail/wireless_controller__type_support.cpp
[1.570s] -- Up-to-date: /home/utec/humanoid_ws/install/unitree_go/include/unitree_go/unitree_go/msg/detail/sport_mode_cmd__rosidl_typesupport_introspection_cpp.hpp
[1.570s] -- Up-to-date: /home/utec/humanoid_ws/install/unitree_go/include/unitree_go/unitree_go/msg/detail/motor_cmd__type_support.cpp
[1.570s] -- Up-to-date: /home/utec/humanoid_ws/install/unitree_go/include/unitree_go/unitree_go/msg/detail/height_map__rosidl_typesupport_introspection_cpp.hpp
[1.570s] -- Up-to-date: /home/utec/humanoid_ws/install/unitree_go/include/unitree_go/unitree_go/msg/detail/uwb_state__rosidl_typesupport_introspection_cpp.hpp
[1.570s] -- Up-to-date: /home/utec/humanoid_ws/install/unitree_go/include/unitree_go/unitree_go/msg/detail/low_state__rosidl_typesupport_introspection_cpp.hpp
[1.570s] -- Up-to-date: /home/utec/humanoid_ws/install/unitree_go/include/unitree_go/unitree_go/msg/detail/bms_cmd__rosidl_typesupport_introspection_cpp.hpp
[1.571s] -- Up-to-date: /home/utec/humanoid_ws/install/unitree_go/lib/libunitree_go__rosidl_typesupport_introspection_cpp.so
[1.571s] -- Up-to-date: /home/utec/humanoid_ws/install/unitree_go/lib/libunitree_go__rosidl_typesupport_cpp.so
[1.571s] -- Up-to-date: /home/utec/humanoid_ws/install/unitree_go/share/unitree_go/environment/pythonpath.sh
[1.571s] -- Up-to-date: /home/utec/humanoid_ws/install/unitree_go/share/unitree_go/environment/pythonpath.dsv
[1.571s] -- Up-to-date: /home/utec/humanoid_ws/install/unitree_go/local/lib/python3.10/dist-packages/unitree_go-0.0.0-py3.10.egg-info
[1.571s] -- Installing: /home/utec/humanoid_ws/install/unitree_go/local/lib/python3.10/dist-packages/unitree_go-0.0.0-py3.10.egg-info/top_level.txt
[1.572s] -- Installing: /home/utec/humanoid_ws/install/unitree_go/local/lib/python3.10/dist-packages/unitree_go-0.0.0-py3.10.egg-info/PKG-INFO
[1.572s] -- Installing: /home/utec/humanoid_ws/install/unitree_go/local/lib/python3.10/dist-packages/unitree_go-0.0.0-py3.10.egg-info/dependency_links.txt
[1.572s] -- Installing: /home/utec/humanoid_ws/install/unitree_go/local/lib/python3.10/dist-packages/unitree_go-0.0.0-py3.10.egg-info/SOURCES.txt
[1.572s] -- Up-to-date: /home/utec/humanoid_ws/install/unitree_go/local/lib/python3.10/dist-packages/unitree_go
[1.572s] -- Up-to-date: /home/utec/humanoid_ws/install/unitree_go/local/lib/python3.10/dist-packages/unitree_go/unitree_go_s__rosidl_typesupport_introspection_c.cpython-310-x86_64-linux-gnu.so
[1.573s] -- Up-to-date: /home/utec/humanoid_ws/install/unitree_go/local/lib/python3.10/dist-packages/unitree_go/_unitree_go_s.ep.rosidl_typesupport_c.c
[1.573s] -- Up-to-date: /home/utec/humanoid_ws/install/unitree_go/local/lib/python3.10/dist-packages/unitree_go/__init__.py
[1.583s] -- Up-to-date: /home/utec/humanoid_ws/install/unitree_go/local/lib/python3.10/dist-packages/unitree_go/unitree_go_s__rosidl_typesupport_fastrtps_c.cpython-310-x86_64-linux-gnu.so
[1.583s] -- Up-to-date: /home/utec/humanoid_ws/install/unitree_go/local/lib/python3.10/dist-packages/unitree_go/libunitree_go__rosidl_generator_py.so
[1.583s] -- Up-to-date: /home/utec/humanoid_ws/install/unitree_go/local/lib/python3.10/dist-packages/unitree_go/_unitree_go_s.ep.rosidl_typesupport_introspection_c.c
[1.584s] -- Up-to-date: /home/utec/humanoid_ws/install/unitree_go/local/lib/python3.10/dist-packages/unitree_go/_unitree_go_s.ep.rosidl_typesupport_fastrtps_c.c
[1.584s] -- Up-to-date: /home/utec/humanoid_ws/install/unitree_go/local/lib/python3.10/dist-packages/unitree_go/msg
[1.585s] -- Up-to-date: /home/utec/humanoid_ws/install/unitree_go/local/lib/python3.10/dist-packages/unitree_go/msg/_imu_state.py
[1.585s] -- Up-to-date: /home/utec/humanoid_ws/install/unitree_go/local/lib/python3.10/dist-packages/unitree_go/msg/_time_spec_s.c
[1.585s] -- Up-to-date: /home/utec/humanoid_ws/install/unitree_go/local/lib/python3.10/dist-packages/unitree_go/msg/_wireless_controller.py
[1.586s] -- Up-to-date: /home/utec/humanoid_ws/install/unitree_go/local/lib/python3.10/dist-packages/unitree_go/msg/_go2_front_video_data.py
[1.589s] -- Up-to-date: /home/utec/humanoid_ws/install/unitree_go/local/lib/python3.10/dist-packages/unitree_go/msg/_sport_mode_cmd.py
[1.589s] -- Up-to-date: /home/utec/humanoid_ws/install/unitree_go/local/lib/python3.10/dist-packages/unitree_go/msg/_error.py
[1.590s] -- Up-to-date: /home/utec/humanoid_ws/install/unitree_go/local/lib/python3.10/dist-packages/unitree_go/msg/_go2_front_video_data_s.c
[1.590s] -- Up-to-date: /home/utec/humanoid_ws/install/unitree_go/local/lib/python3.10/dist-packages/unitree_go/msg/_motor_state.py
[1.590s] -- Up-to-date: /home/utec/humanoid_ws/install/unitree_go/local/lib/python3.10/dist-packages/unitree_go/msg/_low_state_s.c
[1.591s] -- Up-to-date: /home/utec/humanoid_ws/install/unitree_go/local/lib/python3.10/dist-packages/unitree_go/msg/_res_s.c
[1.592s] -- Up-to-date: /home/utec/humanoid_ws/install/unitree_go/local/lib/python3.10/dist-packages/unitree_go/msg/_imu_state_s.c
[1.593s] -- Up-to-date: /home/utec/humanoid_ws/install/unitree_go/local/lib/python3.10/dist-packages/unitree_go/msg/_height_map_s.c
[1.594s] -- Up-to-date: /home/utec/humanoid_ws/install/unitree_go/local/lib/python3.10/dist-packages/unitree_go/msg/_motor_cmd.py
[1.594s] -- Up-to-date: /home/utec/humanoid_ws/install/unitree_go/local/lib/python3.10/dist-packages/unitree_go/msg/_uwb_state_s.c
[1.594s] -- Up-to-date: /home/utec/humanoid_ws/install/unitree_go/local/lib/python3.10/dist-packages/unitree_go/msg/_res.py
[1.594s] -- Up-to-date: /home/utec/humanoid_ws/install/unitree_go/local/lib/python3.10/dist-packages/unitree_go/msg/__init__.py
[1.595s] -- Up-to-date: /home/utec/humanoid_ws/install/unitree_go/local/lib/python3.10/dist-packages/unitree_go/msg/_interface_config.py
[1.595s] -- Up-to-date: /home/utec/humanoid_ws/install/unitree_go/local/lib/python3.10/dist-packages/unitree_go/msg/_low_cmd.py
[1.595s] -- Up-to-date: /home/utec/humanoid_ws/install/unitree_go/local/lib/python3.10/dist-packages/unitree_go/msg/_bms_cmd_s.c
[1.595s] -- Up-to-date: /home/utec/humanoid_ws/install/unitree_go/local/lib/python3.10/dist-packages/unitree_go/msg/_path_point_s.c
[1.596s] -- Up-to-date: /home/utec/humanoid_ws/install/unitree_go/local/lib/python3.10/dist-packages/unitree_go/msg/_audio_data_s.c
[1.596s] -- Up-to-date: /home/utec/humanoid_ws/install/unitree_go/local/lib/python3.10/dist-packages/unitree_go/msg/_motor_state_s.c
[1.596s] -- Up-to-date: /home/utec/humanoid_ws/install/unitree_go/local/lib/python3.10/dist-packages/unitree_go/msg/_interface_config_s.c
[1.597s] -- Up-to-date: /home/utec/humanoid_ws/install/unitree_go/local/lib/python3.10/dist-packages/unitree_go/msg/_uwb_switch_s.c
[1.597s] -- Up-to-date: /home/utec/humanoid_ws/install/unitree_go/local/lib/python3.10/dist-packages/unitree_go/msg/_low_cmd_s.c
[1.597s] -- Up-to-date: /home/utec/humanoid_ws/install/unitree_go/local/lib/python3.10/dist-packages/unitree_go/msg/_uwb_switch.py
[1.597s] -- Up-to-date: /home/utec/humanoid_ws/install/unitree_go/local/lib/python3.10/dist-packages/unitree_go/msg/_low_state.py
[1.597s] -- Up-to-date: /home/utec/humanoid_ws/install/unitree_go/local/lib/python3.10/dist-packages/unitree_go/msg/_sport_mode_state.py
[1.597s] -- Up-to-date: /home/utec/humanoid_ws/install/unitree_go/local/lib/python3.10/dist-packages/unitree_go/msg/_sport_mode_cmd_s.c
[1.597s] -- Up-to-date: /home/utec/humanoid_ws/install/unitree_go/local/lib/python3.10/dist-packages/unitree_go/msg/_bms_state_s.c
[1.597s] -- Up-to-date: /home/utec/humanoid_ws/install/unitree_go/local/lib/python3.10/dist-packages/unitree_go/msg/_req_s.c
[1.598s] -- Up-to-date: /home/utec/humanoid_ws/install/unitree_go/local/lib/python3.10/dist-packages/unitree_go/msg/_height_map.py
[1.598s] -- Up-to-date: /home/utec/humanoid_ws/install/unitree_go/local/lib/python3.10/dist-packages/unitree_go/msg/_motor_states.py
[1.598s] -- Up-to-date: /home/utec/humanoid_ws/install/unitree_go/local/lib/python3.10/dist-packages/unitree_go/msg/_lidar_state_s.c
[1.598s] -- Up-to-date: /home/utec/humanoid_ws/install/unitree_go/local/lib/python3.10/dist-packages/unitree_go/msg/_bms_cmd.py
[1.598s] -- Up-to-date: /home/utec/humanoid_ws/install/unitree_go/local/lib/python3.10/dist-packages/unitree_go/msg/_req.py
[1.598s] -- Up-to-date: /home/utec/humanoid_ws/install/unitree_go/local/lib/python3.10/dist-packages/unitree_go/msg/_time_spec.py
[1.599s] -- Up-to-date: /home/utec/humanoid_ws/install/unitree_go/local/lib/python3.10/dist-packages/unitree_go/msg/_lidar_state.py
[1.599s] -- Up-to-date: /home/utec/humanoid_ws/install/unitree_go/local/lib/python3.10/dist-packages/unitree_go/msg/_wireless_controller_s.c
[1.599s] -- Up-to-date: /home/utec/humanoid_ws/install/unitree_go/local/lib/python3.10/dist-packages/unitree_go/msg/_bms_state.py
[1.599s] -- Up-to-date: /home/utec/humanoid_ws/install/unitree_go/local/lib/python3.10/dist-packages/unitree_go/msg/_motor_cmds.py
[1.599s] -- Up-to-date: /home/utec/humanoid_ws/install/unitree_go/local/lib/python3.10/dist-packages/unitree_go/msg/_sport_mode_state_s.c
[1.600s] -- Up-to-date: /home/utec/humanoid_ws/install/unitree_go/local/lib/python3.10/dist-packages/unitree_go/msg/_motor_states_s.c
[1.600s] -- Up-to-date: /home/utec/humanoid_ws/install/unitree_go/local/lib/python3.10/dist-packages/unitree_go/msg/_uwb_state.py
[1.600s] -- Up-to-date: /home/utec/humanoid_ws/install/unitree_go/local/lib/python3.10/dist-packages/unitree_go/msg/_path_point.py
[1.600s] -- Up-to-date: /home/utec/humanoid_ws/install/unitree_go/local/lib/python3.10/dist-packages/unitree_go/msg/_audio_data.py
[1.601s] -- Up-to-date: /home/utec/humanoid_ws/install/unitree_go/local/lib/python3.10/dist-packages/unitree_go/msg/_motor_cmds_s.c
[1.601s] -- Up-to-date: /home/utec/humanoid_ws/install/unitree_go/local/lib/python3.10/dist-packages/unitree_go/msg/_error_s.c
[1.601s] -- Up-to-date: /home/utec/humanoid_ws/install/unitree_go/local/lib/python3.10/dist-packages/unitree_go/msg/_motor_cmd_s.c
[1.601s] -- Up-to-date: /home/utec/humanoid_ws/install/unitree_go/local/lib/python3.10/dist-packages/unitree_go/unitree_go_s__rosidl_typesupport_c.cpython-310-x86_64-linux-gnu.so
[1.608s] Listing '/home/utec/humanoid_ws/install/unitree_go/local/lib/python3.10/dist-packages/unitree_go'...
[1.608s] Listing '/home/utec/humanoid_ws/install/unitree_go/local/lib/python3.10/dist-packages/unitree_go/msg'...
[1.615s] -- Up-to-date: /home/utec/humanoid_ws/install/unitree_go/local/lib/python3.10/dist-packages/unitree_go/unitree_go_s__rosidl_typesupport_fastrtps_c.cpython-310-x86_64-linux-gnu.so
[1.616s] -- Up-to-date: /home/utec/humanoid_ws/install/unitree_go/local/lib/python3.10/dist-packages/unitree_go/unitree_go_s__rosidl_typesupport_introspection_c.cpython-310-x86_64-linux-gnu.so
[1.617s] -- Up-to-date: /home/utec/humanoid_ws/install/unitree_go/local/lib/python3.10/dist-packages/unitree_go/unitree_go_s__rosidl_typesupport_c.cpython-310-x86_64-linux-gnu.so
[1.618s] -- Up-to-date: /home/utec/humanoid_ws/install/unitree_go/lib/libunitree_go__rosidl_generator_py.so
[1.618s] -- Up-to-date: /home/utec/humanoid_ws/install/unitree_go/share/unitree_go/msg/AudioData.idl
[1.621s] -- Up-to-date: /home/utec/humanoid_ws/install/unitree_go/share/unitree_go/msg/BmsCmd.idl
[1.622s] -- Up-to-date: /home/utec/humanoid_ws/install/unitree_go/share/unitree_go/msg/BmsState.idl
[1.622s] -- Up-to-date: /home/utec/humanoid_ws/install/unitree_go/share/unitree_go/msg/Error.idl
[1.622s] -- Up-to-date: /home/utec/humanoid_ws/install/unitree_go/share/unitree_go/msg/Go2FrontVideoData.idl
[1.622s] -- Up-to-date: /home/utec/humanoid_ws/install/unitree_go/share/unitree_go/msg/HeightMap.idl
[1.623s] -- Up-to-date: /home/utec/humanoid_ws/install/unitree_go/share/unitree_go/msg/IMUState.idl
[1.625s] -- Up-to-date: /home/utec/humanoid_ws/install/unitree_go/share/unitree_go/msg/InterfaceConfig.idl
[1.625s] -- Up-to-date: /home/utec/humanoid_ws/install/unitree_go/share/unitree_go/msg/LidarState.idl
[1.625s] -- Up-to-date: /home/utec/humanoid_ws/install/unitree_go/share/unitree_go/msg/LowCmd.idl
[1.626s] -- Up-to-date: /home/utec/humanoid_ws/install/unitree_go/share/unitree_go/msg/LowState.idl
[1.626s] -- Up-to-date: /home/utec/humanoid_ws/install/unitree_go/share/unitree_go/msg/MotorCmd.idl
[1.626s] -- Up-to-date: /home/utec/humanoid_ws/install/unitree_go/share/unitree_go/msg/MotorCmds.idl
[1.627s] -- Up-to-date: /home/utec/humanoid_ws/install/unitree_go/share/unitree_go/msg/MotorState.idl
[1.627s] -- Up-to-date: /home/utec/humanoid_ws/install/unitree_go/share/unitree_go/msg/MotorStates.idl
[1.627s] -- Up-to-date: /home/utec/humanoid_ws/install/unitree_go/share/unitree_go/msg/PathPoint.idl
[1.627s] -- Up-to-date: /home/utec/humanoid_ws/install/unitree_go/share/unitree_go/msg/Req.idl
[1.627s] -- Up-to-date: /home/utec/humanoid_ws/install/unitree_go/share/unitree_go/msg/Res.idl
[1.628s] -- Up-to-date: /home/utec/humanoid_ws/install/unitree_go/share/unitree_go/msg/SportModeCmd.idl
[1.629s] -- Up-to-date: /home/utec/humanoid_ws/install/unitree_go/share/unitree_go/msg/SportModeState.idl
[1.629s] -- Up-to-date: /home/utec/humanoid_ws/install/unitree_go/share/unitree_go/msg/TimeSpec.idl
[1.629s] -- Up-to-date: /home/utec/humanoid_ws/install/unitree_go/share/unitree_go/msg/UwbState.idl
[1.629s] -- Up-to-date: /home/utec/humanoid_ws/install/unitree_go/share/unitree_go/msg/UwbSwitch.idl
[1.629s] -- Up-to-date: /home/utec/humanoid_ws/install/unitree_go/share/unitree_go/msg/WirelessController.idl
[1.633s] -- Up-to-date: /home/utec/humanoid_ws/install/unitree_go/share/unitree_go/msg/AudioData.msg
[1.633s] -- Up-to-date: /home/utec/humanoid_ws/install/unitree_go/share/unitree_go/msg/BmsCmd.msg
[1.633s] -- Up-to-date: /home/utec/humanoid_ws/install/unitree_go/share/unitree_go/msg/BmsState.msg
[1.633s] -- Up-to-date: /home/utec/humanoid_ws/install/unitree_go/share/unitree_go/msg/Error.msg
[1.634s] -- Up-to-date: /home/utec/humanoid_ws/install/unitree_go/share/unitree_go/msg/Go2FrontVideoData.msg
[1.634s] -- Up-to-date: /home/utec/humanoid_ws/install/unitree_go/share/unitree_go/msg/HeightMap.msg
[1.636s] -- Up-to-date: /home/utec/humanoid_ws/install/unitree_go/share/unitree_go/msg/IMUState.msg
[1.636s] -- Up-to-date: /home/utec/humanoid_ws/install/unitree_go/share/unitree_go/msg/InterfaceConfig.msg
[1.636s] -- Up-to-date: /home/utec/humanoid_ws/install/unitree_go/share/unitree_go/msg/LidarState.msg
[1.636s] -- Up-to-date: /home/utec/humanoid_ws/install/unitree_go/share/unitree_go/msg/LowCmd.msg
[1.636s] -- Up-to-date: /home/utec/humanoid_ws/install/unitree_go/share/unitree_go/msg/LowState.msg
[1.636s] -- Up-to-date: /home/utec/humanoid_ws/install/unitree_go/share/unitree_go/msg/MotorCmd.msg
[1.636s] -- Up-to-date: /home/utec/humanoid_ws/install/unitree_go/share/unitree_go/msg/MotorCmds.msg
[1.636s] -- Up-to-date: /home/utec/humanoid_ws/install/unitree_go/share/unitree_go/msg/MotorState.msg
[1.637s] -- Up-to-date: /home/utec/humanoid_ws/install/unitree_go/share/unitree_go/msg/MotorStates.msg
[1.637s] -- Up-to-date: /home/utec/humanoid_ws/install/unitree_go/share/unitree_go/msg/PathPoint.msg
[1.637s] -- Up-to-date: /home/utec/humanoid_ws/install/unitree_go/share/unitree_go/msg/Req.msg
[1.637s] -- Up-to-date: /home/utec/humanoid_ws/install/unitree_go/share/unitree_go/msg/Res.msg
[1.637s] -- Up-to-date: /home/utec/humanoid_ws/install/unitree_go/share/unitree_go/msg/SportModeCmd.msg
[1.637s] -- Up-to-date: /home/utec/humanoid_ws/install/unitree_go/share/unitree_go/msg/SportModeState.msg
[1.638s] -- Up-to-date: /home/utec/humanoid_ws/install/unitree_go/share/unitree_go/msg/TimeSpec.msg
[1.638s] -- Up-to-date: /home/utec/humanoid_ws/install/unitree_go/share/unitree_go/msg/UwbState.msg
[1.638s] -- Up-to-date: /home/utec/humanoid_ws/install/unitree_go/share/unitree_go/msg/UwbSwitch.msg
[1.638s] -- Up-to-date: /home/utec/humanoid_ws/install/unitree_go/share/unitree_go/msg/WirelessController.msg
[1.638s] -- Up-to-date: /home/utec/humanoid_ws/install/unitree_go/share/unitree_go/msg/dds_connext
[1.638s] -- Up-to-date: /home/utec/humanoid_ws/install/unitree_go/share/unitree_go/msg/dds_connext/MotorStates_.idl
[1.638s] -- Up-to-date: /home/utec/humanoid_ws/install/unitree_go/share/unitree_go/msg/dds_connext/Go2FrontVideoData_.idl
[1.638s] -- Up-to-date: /home/utec/humanoid_ws/install/unitree_go/share/unitree_go/msg/dds_connext/IMUState_.idl
[1.638s] -- Up-to-date: /home/utec/humanoid_ws/install/unitree_go/share/unitree_go/msg/dds_connext/PathPoint_.idl
[1.639s] -- Up-to-date: /home/utec/humanoid_ws/install/unitree_go/share/unitree_go/msg/dds_connext/UwbSwitch_.idl
[1.639s] -- Up-to-date: /home/utec/humanoid_ws/install/unitree_go/share/unitree_go/msg/dds_connext/UwbState_.idl
[1.639s] -- Up-to-date: /home/utec/humanoid_ws/install/unitree_go/share/unitree_go/msg/dds_connext/MotorCmds_.idl
[1.639s] -- Up-to-date: /home/utec/humanoid_ws/install/unitree_go/share/unitree_go/msg/dds_connext/Error_.idl
[1.639s] -- Up-to-date: /home/utec/humanoid_ws/install/unitree_go/share/unitree_go/msg/dds_connext/Res_.idl
[1.639s] -- Up-to-date: /home/utec/humanoid_ws/install/unitree_go/share/unitree_go/msg/dds_connext/Req_.idl
[1.639s] -- Up-to-date: /home/utec/humanoid_ws/install/unitree_go/share/unitree_go/msg/dds_connext/LidarState_.idl
[1.639s] -- Up-to-date: /home/utec/humanoid_ws/install/unitree_go/share/unitree_go/msg/dds_connext/AudioData_.idl
[1.639s] -- Up-to-date: /home/utec/humanoid_ws/install/unitree_go/share/unitree_go/msg/dds_connext/MotorState_.idl
[1.639s] -- Up-to-date: /home/utec/humanoid_ws/install/unitree_go/share/unitree_go/msg/dds_connext/WirelessController_.idl
[1.639s] -- Up-to-date: /home/utec/humanoid_ws/install/unitree_go/share/unitree_go/msg/dds_connext/BmsCmd_.idl
[1.639s] -- Up-to-date: /home/utec/humanoid_ws/install/unitree_go/share/unitree_go/msg/dds_connext/SportModeCmd_.idl
[1.639s] -- Up-to-date: /home/utec/humanoid_ws/install/unitree_go/share/unitree_go/msg/dds_connext/LowCmd_.idl
[1.639s] -- Up-to-date: /home/utec/humanoid_ws/install/unitree_go/share/unitree_go/msg/dds_connext/BmsState_.idl
[1.639s] -- Up-to-date: /home/utec/humanoid_ws/install/unitree_go/share/unitree_go/msg/dds_connext/SportModeState_.idl
[1.640s] -- Up-to-date: /home/utec/humanoid_ws/install/unitree_go/share/unitree_go/msg/dds_connext/HeightMap_.idl
[1.640s] -- Up-to-date: /home/utec/humanoid_ws/install/unitree_go/share/unitree_go/msg/dds_connext/MotorCmd_.idl
[1.640s] -- Up-to-date: /home/utec/humanoid_ws/install/unitree_go/share/unitree_go/msg/dds_connext/InterfaceConfig_.idl
[1.640s] -- Up-to-date: /home/utec/humanoid_ws/install/unitree_go/share/unitree_go/msg/dds_connext/TimeSpec_.idl
[1.640s] -- Up-to-date: /home/utec/humanoid_ws/install/unitree_go/share/unitree_go/msg/dds_connext/LowState_.idl
[1.640s] -- Up-to-date: /home/utec/humanoid_ws/install/unitree_go/share/ament_index/resource_index/package_run_dependencies/unitree_go
[1.640s] -- Up-to-date: /home/utec/humanoid_ws/install/unitree_go/share/ament_index/resource_index/parent_prefix_path/unitree_go
[1.640s] -- Up-to-date: /home/utec/humanoid_ws/install/unitree_go/share/unitree_go/environment/ament_prefix_path.sh
[1.640s] -- Up-to-date: /home/utec/humanoid_ws/install/unitree_go/share/unitree_go/environment/ament_prefix_path.dsv
[1.640s] -- Up-to-date: /home/utec/humanoid_ws/install/unitree_go/share/unitree_go/environment/path.sh
[1.641s] -- Up-to-date: /home/utec/humanoid_ws/install/unitree_go/share/unitree_go/environment/path.dsv
[1.641s] -- Up-to-date: /home/utec/humanoid_ws/install/unitree_go/share/unitree_go/local_setup.bash
[1.641s] -- Up-to-date: /home/utec/humanoid_ws/install/unitree_go/share/unitree_go/local_setup.sh
[1.641s] -- Up-to-date: /home/utec/humanoid_ws/install/unitree_go/share/unitree_go/local_setup.zsh
[1.641s] -- Up-to-date: /home/utec/humanoid_ws/install/unitree_go/share/unitree_go/local_setup.dsv
[1.641s] -- Installing: /home/utec/humanoid_ws/install/unitree_go/share/unitree_go/package.dsv
[1.641s] -- Up-to-date: /home/utec/humanoid_ws/install/unitree_go/share/ament_index/resource_index/packages/unitree_go
[1.642s] -- Up-to-date: /home/utec/humanoid_ws/install/unitree_go/share/unitree_go/cmake/export_unitree_go__rosidl_generator_cExport.cmake
[1.642s] -- Up-to-date: /home/utec/humanoid_ws/install/unitree_go/share/unitree_go/cmake/export_unitree_go__rosidl_generator_cExport-noconfig.cmake
[1.642s] -- Up-to-date: /home/utec/humanoid_ws/install/unitree_go/share/unitree_go/cmake/export_unitree_go__rosidl_typesupport_fastrtps_cExport.cmake
[1.642s] -- Up-to-date: /home/utec/humanoid_ws/install/unitree_go/share/unitree_go/cmake/export_unitree_go__rosidl_typesupport_fastrtps_cExport-noconfig.cmake
[1.642s] -- Up-to-date: /home/utec/humanoid_ws/install/unitree_go/share/unitree_go/cmake/export_unitree_go__rosidl_generator_cppExport.cmake
[1.642s] -- Up-to-date: /home/utec/humanoid_ws/install/unitree_go/share/unitree_go/cmake/export_unitree_go__rosidl_typesupport_fastrtps_cppExport.cmake
[1.642s] -- Up-to-date: /home/utec/humanoid_ws/install/unitree_go/share/unitree_go/cmake/export_unitree_go__rosidl_typesupport_fastrtps_cppExport-noconfig.cmake
[1.642s] -- Up-to-date: /home/utec/humanoid_ws/install/unitree_go/share/unitree_go/cmake/unitree_go__rosidl_typesupport_introspection_cExport.cmake
[1.642s] -- Up-to-date: /home/utec/humanoid_ws/install/unitree_go/share/unitree_go/cmake/unitree_go__rosidl_typesupport_introspection_cExport-noconfig.cmake
[1.642s] -- Up-to-date: /home/utec/humanoid_ws/install/unitree_go/share/unitree_go/cmake/unitree_go__rosidl_typesupport_cExport.cmake
[1.642s] -- Up-to-date: /home/utec/humanoid_ws/install/unitree_go/share/unitree_go/cmake/unitree_go__rosidl_typesupport_cExport-noconfig.cmake
[1.643s] -- Up-to-date: /home/utec/humanoid_ws/install/unitree_go/share/unitree_go/cmake/unitree_go__rosidl_typesupport_introspection_cppExport.cmake
[1.643s] -- Up-to-date: /home/utec/humanoid_ws/install/unitree_go/share/unitree_go/cmake/unitree_go__rosidl_typesupport_introspection_cppExport-noconfig.cmake
[1.643s] -- Up-to-date: /home/utec/humanoid_ws/install/unitree_go/share/unitree_go/cmake/unitree_go__rosidl_typesupport_cppExport.cmake
[1.643s] -- Up-to-date: /home/utec/humanoid_ws/install/unitree_go/share/unitree_go/cmake/unitree_go__rosidl_typesupport_cppExport-noconfig.cmake
[1.643s] -- Up-to-date: /home/utec/humanoid_ws/install/unitree_go/share/unitree_go/cmake/export_unitree_go__rosidl_generator_pyExport.cmake
[1.643s] -- Up-to-date: /home/utec/humanoid_ws/install/unitree_go/share/unitree_go/cmake/export_unitree_go__rosidl_generator_pyExport-noconfig.cmake
[1.643s] -- Up-to-date: /home/utec/humanoid_ws/install/unitree_go/share/unitree_go/cmake/rosidl_cmake-extras.cmake
[1.644s] -- Up-to-date: /home/utec/humanoid_ws/install/unitree_go/share/unitree_go/cmake/ament_cmake_export_dependencies-extras.cmake
[1.644s] -- Up-to-date: /home/utec/humanoid_ws/install/unitree_go/share/unitree_go/cmake/ament_cmake_export_include_directories-extras.cmake
[1.644s] -- Up-to-date: /home/utec/humanoid_ws/install/unitree_go/share/unitree_go/cmake/ament_cmake_export_libraries-extras.cmake
[1.644s] -- Up-to-date: /home/utec/humanoid_ws/install/unitree_go/share/unitree_go/cmake/ament_cmake_export_targets-extras.cmake
[1.644s] -- Up-to-date: /home/utec/humanoid_ws/install/unitree_go/share/unitree_go/cmake/rosidl_cmake_export_typesupport_targets-extras.cmake
[1.644s] -- Up-to-date: /home/utec/humanoid_ws/install/unitree_go/share/unitree_go/cmake/rosidl_cmake_export_typesupport_libraries-extras.cmake
[1.644s] -- Up-to-date: /home/utec/humanoid_ws/install/unitree_go/share/unitree_go/cmake/unitree_goConfig.cmake
[1.644s] -- Up-to-date: /home/utec/humanoid_ws/install/unitree_go/share/unitree_go/cmake/unitree_goConfig-version.cmake
[1.645s] -- Up-to-date: /home/utec/humanoid_ws/install/unitree_go/share/unitree_go/package.xml
[1.716s] Invoked command in '/home/utec/humanoid_ws/build/unitree_go' returned '0': CMAKE_PREFIX_PATH=${CMAKE_PREFIX_PATH}:/home/utec/humanoid_ws/install/pycodes_h1:/home/utec/humanoid_ws/install/h1_2_model:/home/utec/humanoid_ws/install/h1_2_algoritms:/home/utec/barirobot_ws/install/ur5_algoritmos:/home/utec/barirobot_ws/install/cam_code:/home/utec/barirobot_ws/install/bringup_bar:/opt/ros/humble PS1=\[\e]0;\u@\h: \w\a\]${debian_chroot:+($debian_chroot)}\[\033[01;32m\]\u@\h\[\033[00m\]:\[\033[01;34m\]\w\[\033[00m\]\$ /usr/bin/cmake --install /home/utec/humanoid_ws/build/unitree_go
