[0.033s] Invoking command in '/home/utec/humanoid_ws/build/unitree_go': CMAKE_PREFIX_PATH=${CMAKE_PREFIX_PATH}:/home/utec/humanoid_ws/install/pycodes_h1:/home/utec/humanoid_ws/install/h1_2_model:/home/utec/humanoid_ws/install/h1_2_algoritms:/opt/ros/humble /usr/bin/cmake --build /home/utec/humanoid_ws/build/unitree_go -- -j8 -l8
[0.192s] [  0%] Built target unitree_go__dds_connext_idl
[0.249s] [  0%] Built target unitree_go__cpp
[0.287s] [ 12%] Built target unitree_go__rosidl_generator_c
[0.349s] [ 12%] Built target ament_cmake_python_copy_unitree_go
[0.466s] [ 24%] Built target unitree_go__rosidl_typesupport_c
[0.572s] [ 37%] Built target unitree_go__rosidl_typesupport_fastrtps_c
[0.572s] [ 49%] Built target unitree_go__rosidl_typesupport_introspection_c
[0.574s] [ 62%] Built target unitree_go__rosidl_typesupport_fastrtps_cpp
[0.575s] [ 74%] Built target unitree_go__rosidl_typesupport_cpp
[0.585s] [ 87%] Built target unitree_go__rosidl_typesupport_introspection_cpp
[0.702s] [ 87%] Built target unitree_go
[0.808s] [ 88%] Built target unitree_go__py
[1.005s] [100%] Built target unitree_go__rosidl_generator_py
[1.097s] [100%] Built target unitree_go__rosidl_typesupport_fastrtps_c__pyext
[1.111s] [100%] Built target unitree_go__rosidl_typesupport_c__pyext
[1.128s] [100%] Built target unitree_go__rosidl_typesupport_introspection_c__pyext
[1.451s] running egg_info
[1.451s] writing unitree_go.egg-info/PKG-INFO
[1.451s] writing dependency_links to unitree_go.egg-info/dependency_links.txt
[1.452s] writing top-level names to unitree_go.egg-info/top_level.txt
[1.452s] reading manifest file 'unitree_go.egg-info/SOURCES.txt'
[1.452s] writing manifest file 'unitree_go.egg-info/SOURCES.txt'
[1.526s] [100%] Built target ament_cmake_python_build_unitree_go_egg
[2.489s] Invoked command in '/home/utec/humanoid_ws/build/unitree_go' returned '0': CMAKE_PREFIX_PATH=${CMAKE_PREFIX_PATH}:/home/utec/humanoid_ws/install/pycodes_h1:/home/utec/humanoid_ws/install/h1_2_model:/home/utec/humanoid_ws/install/h1_2_algoritms:/opt/ros/humble /usr/bin/cmake --build /home/utec/humanoid_ws/build/unitree_go -- -j8 -l8
[2.496s] Invoking command in '/home/utec/humanoid_ws/build/unitree_go': CMAKE_PREFIX_PATH=${CMAKE_PREFIX_PATH}:/home/utec/humanoid_ws/install/pycodes_h1:/home/utec/humanoid_ws/install/h1_2_model:/home/utec/humanoid_ws/install/h1_2_algoritms:/opt/ros/humble /usr/bin/cmake --install /home/utec/humanoid_ws/build/unitree_go
[2.520s] -- Install configuration: ""
[2.521s] -- Up-to-date: /home/utec/humanoid_ws/install/unitree_go/share/ament_index/resource_index/rosidl_interfaces/unitree_go
[2.521s] -- Up-to-date: /home/utec/humanoid_ws/install/unitree_go/include/unitree_go/unitree_go
[2.521s] -- Up-to-date: /home/utec/humanoid_ws/install/unitree_go/include/unitree_go/unitree_go/msg
[2.528s] -- Up-to-date: /home/utec/humanoid_ws/install/unitree_go/include/unitree_go/unitree_go/msg/low_cmd.h
[2.528s] -- Up-to-date: /home/utec/humanoid_ws/install/unitree_go/include/unitree_go/unitree_go/msg/bms_cmd.h
[2.529s] -- Up-to-date: /home/utec/humanoid_ws/install/unitree_go/include/unitree_go/unitree_go/msg/time_spec.h
[2.529s] -- Up-to-date: /home/utec/humanoid_ws/install/unitree_go/include/unitree_go/unitree_go/msg/motor_cmd.h
[2.529s] -- Up-to-date: /home/utec/humanoid_ws/install/unitree_go/include/unitree_go/unitree_go/msg/sport_mode_cmd.h
[2.529s] -- Up-to-date: /home/utec/humanoid_ws/install/unitree_go/include/unitree_go/unitree_go/msg/lidar_state.h
[2.529s] -- Up-to-date: /home/utec/humanoid_ws/install/unitree_go/include/unitree_go/unitree_go/msg/audio_data.h
[2.532s] -- Up-to-date: /home/utec/humanoid_ws/install/unitree_go/include/unitree_go/unitree_go/msg/req.h
[2.532s] -- Up-to-date: /home/utec/humanoid_ws/install/unitree_go/include/unitree_go/unitree_go/msg/imu_state.h
[2.532s] -- Up-to-date: /home/utec/humanoid_ws/install/unitree_go/include/unitree_go/unitree_go/msg/detail
[2.533s] -- Up-to-date: /home/utec/humanoid_ws/install/unitree_go/include/unitree_go/unitree_go/msg/detail/motor_cmd__functions.h
[2.533s] -- Up-to-date: /home/utec/humanoid_ws/install/unitree_go/include/unitree_go/unitree_go/msg/detail/go2_front_video_data__struct.h
[2.533s] -- Up-to-date: /home/utec/humanoid_ws/install/unitree_go/include/unitree_go/unitree_go/msg/detail/error__functions.h
[2.533s] -- Up-to-date: /home/utec/humanoid_ws/install/unitree_go/include/unitree_go/unitree_go/msg/detail/bms_state__functions.c
[2.533s] -- Up-to-date: /home/utec/humanoid_ws/install/unitree_go/include/unitree_go/unitree_go/msg/detail/lidar_state__functions.h
[2.533s] -- Up-to-date: /home/utec/humanoid_ws/install/unitree_go/include/unitree_go/unitree_go/msg/detail/lidar_state__type_support.h
[2.533s] -- Up-to-date: /home/utec/humanoid_ws/install/unitree_go/include/unitree_go/unitree_go/msg/detail/req__functions.h
[2.533s] -- Up-to-date: /home/utec/humanoid_ws/install/unitree_go/include/unitree_go/unitree_go/msg/detail/interface_config__type_support.h
[2.533s] -- Up-to-date: /home/utec/humanoid_ws/install/unitree_go/include/unitree_go/unitree_go/msg/detail/imu_state__functions.c
[2.533s] -- Up-to-date: /home/utec/humanoid_ws/install/unitree_go/include/unitree_go/unitree_go/msg/detail/low_cmd__struct.h
[2.533s] -- Up-to-date: /home/utec/humanoid_ws/install/unitree_go/include/unitree_go/unitree_go/msg/detail/res__functions.h
[2.533s] -- Up-to-date: /home/utec/humanoid_ws/install/unitree_go/include/unitree_go/unitree_go/msg/detail/req__functions.c
[2.540s] -- Up-to-date: /home/utec/humanoid_ws/install/unitree_go/include/unitree_go/unitree_go/msg/detail/low_state__type_support.h
[2.540s] -- Up-to-date: /home/utec/humanoid_ws/install/unitree_go/include/unitree_go/unitree_go/msg/detail/wireless_controller__functions.c
[2.543s] -- Up-to-date: /home/utec/humanoid_ws/install/unitree_go/include/unitree_go/unitree_go/msg/detail/height_map__struct.h
[2.544s] -- Up-to-date: /home/utec/humanoid_ws/install/unitree_go/include/unitree_go/unitree_go/msg/detail/go2_front_video_data__functions.c
[2.544s] -- Up-to-date: /home/utec/humanoid_ws/install/unitree_go/include/unitree_go/unitree_go/msg/detail/audio_data__functions.c
[2.544s] -- Up-to-date: /home/utec/humanoid_ws/install/unitree_go/include/unitree_go/unitree_go/msg/detail/time_spec__type_support.h
[2.544s] -- Up-to-date: /home/utec/humanoid_ws/install/unitree_go/include/unitree_go/unitree_go/msg/detail/sport_mode_cmd__functions.h
[2.544s] -- Up-to-date: /home/utec/humanoid_ws/install/unitree_go/include/unitree_go/unitree_go/msg/detail/uwb_switch__functions.h
[2.544s] -- Up-to-date: /home/utec/humanoid_ws/install/unitree_go/include/unitree_go/unitree_go/msg/detail/sport_mode_cmd__type_support.h
[2.544s] -- Up-to-date: /home/utec/humanoid_ws/install/unitree_go/include/unitree_go/unitree_go/msg/detail/height_map__type_support.h
[2.545s] -- Up-to-date: /home/utec/humanoid_ws/install/unitree_go/include/unitree_go/unitree_go/msg/detail/motor_state__type_support.h
[2.545s] -- Up-to-date: /home/utec/humanoid_ws/install/unitree_go/include/unitree_go/unitree_go/msg/detail/uwb_switch__struct.h
[2.545s] -- Up-to-date: /home/utec/humanoid_ws/install/unitree_go/include/unitree_go/unitree_go/msg/detail/imu_state__struct.h
[2.545s] -- Up-to-date: /home/utec/humanoid_ws/install/unitree_go/include/unitree_go/unitree_go/msg/detail/motor_cmd__functions.c
[2.545s] -- Up-to-date: /home/utec/humanoid_ws/install/unitree_go/include/unitree_go/unitree_go/msg/detail/low_state__functions.c
[2.545s] -- Up-to-date: /home/utec/humanoid_ws/install/unitree_go/include/unitree_go/unitree_go/msg/detail/low_state__struct.h
[2.545s] -- Up-to-date: /home/utec/humanoid_ws/install/unitree_go/include/unitree_go/unitree_go/msg/detail/audio_data__type_support.h
[2.545s] -- Up-to-date: /home/utec/humanoid_ws/install/unitree_go/include/unitree_go/unitree_go/msg/detail/uwb_state__functions.h
[2.545s] -- Up-to-date: /home/utec/humanoid_ws/install/unitree_go/include/unitree_go/unitree_go/msg/detail/wireless_controller__struct.h
[2.545s] -- Up-to-date: /home/utec/humanoid_ws/install/unitree_go/include/unitree_go/unitree_go/msg/detail/error__struct.h
[2.546s] -- Up-to-date: /home/utec/humanoid_ws/install/unitree_go/include/unitree_go/unitree_go/msg/detail/motor_state__struct.h
[2.546s] -- Up-to-date: /home/utec/humanoid_ws/install/unitree_go/include/unitree_go/unitree_go/msg/detail/go2_front_video_data__functions.h
[2.546s] -- Up-to-date: /home/utec/humanoid_ws/install/unitree_go/include/unitree_go/unitree_go/msg/detail/sport_mode_state__functions.h
[2.546s] -- Up-to-date: /home/utec/humanoid_ws/install/unitree_go/include/unitree_go/unitree_go/msg/detail/sport_mode_state__functions.c
[2.546s] -- Up-to-date: /home/utec/humanoid_ws/install/unitree_go/include/unitree_go/unitree_go/msg/detail/interface_config__struct.h
[2.549s] -- Up-to-date: /home/utec/humanoid_ws/install/unitree_go/include/unitree_go/unitree_go/msg/detail/motor_states__struct.h
[2.550s] -- Up-to-date: /home/utec/humanoid_ws/install/unitree_go/include/unitree_go/unitree_go/msg/detail/go2_front_video_data__type_support.h
[2.550s] -- Up-to-date: /home/utec/humanoid_ws/install/unitree_go/include/unitree_go/unitree_go/msg/detail/height_map__functions.c
[2.550s] -- Up-to-date: /home/utec/humanoid_ws/install/unitree_go/include/unitree_go/unitree_go/msg/detail/time_spec__functions.h
[2.550s] -- Up-to-date: /home/utec/humanoid_ws/install/unitree_go/include/unitree_go/unitree_go/msg/detail/uwb_switch__functions.c
[2.550s] -- Up-to-date: /home/utec/humanoid_ws/install/unitree_go/include/unitree_go/unitree_go/msg/detail/bms_cmd__struct.h
[2.550s] -- Up-to-date: /home/utec/humanoid_ws/install/unitree_go/include/unitree_go/unitree_go/msg/detail/motor_states__type_support.h
[2.550s] -- Up-to-date: /home/utec/humanoid_ws/install/unitree_go/include/unitree_go/unitree_go/msg/detail/res__type_support.h
[2.550s] -- Up-to-date: /home/utec/humanoid_ws/install/unitree_go/include/unitree_go/unitree_go/msg/detail/bms_cmd__type_support.h
[2.551s] -- Up-to-date: /home/utec/humanoid_ws/install/unitree_go/include/unitree_go/unitree_go/msg/detail/res__struct.h
[2.551s] -- Up-to-date: /home/utec/humanoid_ws/install/unitree_go/include/unitree_go/unitree_go/msg/detail/bms_cmd__functions.c
[2.551s] -- Up-to-date: /home/utec/humanoid_ws/install/unitree_go/include/unitree_go/unitree_go/msg/detail/uwb_state__functions.c
[2.551s] -- Up-to-date: /home/utec/humanoid_ws/install/unitree_go/include/unitree_go/unitree_go/msg/detail/imu_state__type_support.h
[2.553s] -- Up-to-date: /home/utec/humanoid_ws/install/unitree_go/include/unitree_go/unitree_go/msg/detail/interface_config__functions.h
[2.553s] -- Up-to-date: /home/utec/humanoid_ws/install/unitree_go/include/unitree_go/unitree_go/msg/detail/uwb_state__type_support.h
[2.553s] -- Up-to-date: /home/utec/humanoid_ws/install/unitree_go/include/unitree_go/unitree_go/msg/detail/low_state__functions.h
[2.553s] -- Up-to-date: /home/utec/humanoid_ws/install/unitree_go/include/unitree_go/unitree_go/msg/detail/low_cmd__functions.h
[2.553s] -- Up-to-date: /home/utec/humanoid_ws/install/unitree_go/include/unitree_go/unitree_go/msg/detail/req__struct.h
[2.553s] -- Up-to-date: /home/utec/humanoid_ws/install/unitree_go/include/unitree_go/unitree_go/msg/detail/audio_data__functions.h
[2.554s] -- Up-to-date: /home/utec/humanoid_ws/install/unitree_go/include/unitree_go/unitree_go/msg/detail/motor_cmds__functions.h
[2.554s] -- Up-to-date: /home/utec/humanoid_ws/install/unitree_go/include/unitree_go/unitree_go/msg/detail/motor_state__functions.h
[2.554s] -- Up-to-date: /home/utec/humanoid_ws/install/unitree_go/include/unitree_go/unitree_go/msg/detail/uwb_switch__type_support.h
[2.554s] -- Up-to-date: /home/utec/humanoid_ws/install/unitree_go/include/unitree_go/unitree_go/msg/detail/res__functions.c
[2.554s] -- Up-to-date: /home/utec/humanoid_ws/install/unitree_go/include/unitree_go/unitree_go/msg/detail/motor_states__functions.h
[2.554s] -- Up-to-date: /home/utec/humanoid_ws/install/unitree_go/include/unitree_go/unitree_go/msg/detail/low_cmd__type_support.h
[2.554s] -- Up-to-date: /home/utec/humanoid_ws/install/unitree_go/include/unitree_go/unitree_go/msg/detail/time_spec__functions.c
[2.554s] -- Up-to-date: /home/utec/humanoid_ws/install/unitree_go/include/unitree_go/unitree_go/msg/detail/sport_mode_cmd__struct.h
[2.554s] -- Up-to-date: /home/utec/humanoid_ws/install/unitree_go/include/unitree_go/unitree_go/msg/detail/bms_state__functions.h
[2.554s] -- Up-to-date: /home/utec/humanoid_ws/install/unitree_go/include/unitree_go/unitree_go/msg/detail/height_map__functions.h
[2.555s] -- Up-to-date: /home/utec/humanoid_ws/install/unitree_go/include/unitree_go/unitree_go/msg/detail/error__functions.c
[2.555s] -- Up-to-date: /home/utec/humanoid_ws/install/unitree_go/include/unitree_go/unitree_go/msg/detail/motor_cmds__struct.h
[2.555s] -- Up-to-date: /home/utec/humanoid_ws/install/unitree_go/include/unitree_go/unitree_go/msg/detail/motor_cmd__struct.h
[2.555s] -- Up-to-date: /home/utec/humanoid_ws/install/unitree_go/include/unitree_go/unitree_go/msg/detail/bms_state__type_support.h
[2.555s] -- Up-to-date: /home/utec/humanoid_ws/install/unitree_go/include/unitree_go/unitree_go/msg/detail/bms_cmd__functions.h
[2.559s] -- Up-to-date: /home/utec/humanoid_ws/install/unitree_go/include/unitree_go/unitree_go/msg/detail/wireless_controller__type_support.h
[2.559s] -- Up-to-date: /home/utec/humanoid_ws/install/unitree_go/include/unitree_go/unitree_go/msg/detail/error__type_support.h
[2.560s] -- Up-to-date: /home/utec/humanoid_ws/install/unitree_go/include/unitree_go/unitree_go/msg/detail/uwb_state__struct.h
[2.560s] -- Up-to-date: /home/utec/humanoid_ws/install/unitree_go/include/unitree_go/unitree_go/msg/detail/audio_data__struct.h
[2.560s] -- Up-to-date: /home/utec/humanoid_ws/install/unitree_go/include/unitree_go/unitree_go/msg/detail/lidar_state__functions.c
[2.560s] -- Up-to-date: /home/utec/humanoid_ws/install/unitree_go/include/unitree_go/unitree_go/msg/detail/time_spec__struct.h
[2.564s] -- Up-to-date: /home/utec/humanoid_ws/install/unitree_go/include/unitree_go/unitree_go/msg/detail/path_point__struct.h
[2.571s] -- Up-to-date: /home/utec/humanoid_ws/install/unitree_go/include/unitree_go/unitree_go/msg/detail/sport_mode_state__struct.h
[2.572s] -- Up-to-date: /home/utec/humanoid_ws/install/unitree_go/include/unitree_go/unitree_go/msg/detail/wireless_controller__functions.h
[2.572s] -- Up-to-date: /home/utec/humanoid_ws/install/unitree_go/include/unitree_go/unitree_go/msg/detail/motor_cmds__functions.c
[2.572s] -- Up-to-date: /home/utec/humanoid_ws/install/unitree_go/include/unitree_go/unitree_go/msg/detail/low_cmd__functions.c
[2.572s] -- Up-to-date: /home/utec/humanoid_ws/install/unitree_go/include/unitree_go/unitree_go/msg/detail/motor_state__functions.c
[2.572s] -- Up-to-date: /home/utec/humanoid_ws/install/unitree_go/include/unitree_go/unitree_go/msg/detail/req__type_support.h
[2.573s] -- Up-to-date: /home/utec/humanoid_ws/install/unitree_go/include/unitree_go/unitree_go/msg/detail/interface_config__functions.c
[2.573s] -- Up-to-date: /home/utec/humanoid_ws/install/unitree_go/include/unitree_go/unitree_go/msg/detail/path_point__functions.c
[2.573s] -- Up-to-date: /home/utec/humanoid_ws/install/unitree_go/include/unitree_go/unitree_go/msg/detail/motor_cmds__type_support.h
[2.573s] -- Up-to-date: /home/utec/humanoid_ws/install/unitree_go/include/unitree_go/unitree_go/msg/detail/motor_cmd__type_support.h
[2.573s] -- Up-to-date: /home/utec/humanoid_ws/install/unitree_go/include/unitree_go/unitree_go/msg/detail/sport_mode_state__type_support.h
[2.573s] -- Up-to-date: /home/utec/humanoid_ws/install/unitree_go/include/unitree_go/unitree_go/msg/detail/sport_mode_cmd__functions.c
[2.575s] -- Up-to-date: /home/utec/humanoid_ws/install/unitree_go/include/unitree_go/unitree_go/msg/detail/bms_state__struct.h
[2.576s] -- Up-to-date: /home/utec/humanoid_ws/install/unitree_go/include/unitree_go/unitree_go/msg/detail/imu_state__functions.h
[2.576s] -- Up-to-date: /home/utec/humanoid_ws/install/unitree_go/include/unitree_go/unitree_go/msg/detail/path_point__functions.h
[2.576s] -- Up-to-date: /home/utec/humanoid_ws/install/unitree_go/include/unitree_go/unitree_go/msg/detail/motor_states__functions.c
[2.576s] -- Up-to-date: /home/utec/humanoid_ws/install/unitree_go/include/unitree_go/unitree_go/msg/detail/lidar_state__struct.h
[2.576s] -- Up-to-date: /home/utec/humanoid_ws/install/unitree_go/include/unitree_go/unitree_go/msg/detail/path_point__type_support.h
[2.577s] -- Up-to-date: /home/utec/humanoid_ws/install/unitree_go/include/unitree_go/unitree_go/msg/sport_mode_state.h
[2.577s] -- Up-to-date: /home/utec/humanoid_ws/install/unitree_go/include/unitree_go/unitree_go/msg/go2_front_video_data.h
[2.577s] -- Up-to-date: /home/utec/humanoid_ws/install/unitree_go/include/unitree_go/unitree_go/msg/wireless_controller.h
[2.580s] -- Up-to-date: /home/utec/humanoid_ws/install/unitree_go/include/unitree_go/unitree_go/msg/low_state.h
[2.580s] -- Up-to-date: /home/utec/humanoid_ws/install/unitree_go/include/unitree_go/unitree_go/msg/bms_state.h
[2.580s] -- Up-to-date: /home/utec/humanoid_ws/install/unitree_go/include/unitree_go/unitree_go/msg/path_point.h
[2.580s] -- Up-to-date: /home/utec/humanoid_ws/install/unitree_go/include/unitree_go/unitree_go/msg/rosidl_generator_c__visibility_control.h
[2.581s] -- Up-to-date: /home/utec/humanoid_ws/install/unitree_go/include/unitree_go/unitree_go/msg/motor_states.h
[2.585s] -- Up-to-date: /home/utec/humanoid_ws/install/unitree_go/include/unitree_go/unitree_go/msg/error.h
[2.595s] -- Up-to-date: /home/utec/humanoid_ws/install/unitree_go/include/unitree_go/unitree_go/msg/uwb_switch.h
[2.595s] -- Up-to-date: /home/utec/humanoid_ws/install/unitree_go/include/unitree_go/unitree_go/msg/uwb_state.h
[2.595s] -- Up-to-date: /home/utec/humanoid_ws/install/unitree_go/include/unitree_go/unitree_go/msg/res.h
[2.595s] -- Up-to-date: /home/utec/humanoid_ws/install/unitree_go/include/unitree_go/unitree_go/msg/height_map.h
[2.595s] -- Up-to-date: /home/utec/humanoid_ws/install/unitree_go/include/unitree_go/unitree_go/msg/motor_cmds.h
[2.595s] -- Up-to-date: /home/utec/humanoid_ws/install/unitree_go/include/unitree_go/unitree_go/msg/motor_state.h
[2.595s] -- Up-to-date: /home/utec/humanoid_ws/install/unitree_go/include/unitree_go/unitree_go/msg/interface_config.h
[2.595s] -- Up-to-date: /home/utec/humanoid_ws/install/unitree_go/share/unitree_go/environment/library_path.sh
[2.595s] -- Up-to-date: /home/utec/humanoid_ws/install/unitree_go/share/unitree_go/environment/library_path.dsv
[2.596s] -- Up-to-date: /home/utec/humanoid_ws/install/unitree_go/lib/libunitree_go__rosidl_generator_c.so
[2.596s] -- Up-to-date: /home/utec/humanoid_ws/install/unitree_go/include/unitree_go/unitree_go
[2.596s] -- Up-to-date: /home/utec/humanoid_ws/install/unitree_go/include/unitree_go/unitree_go/msg
[2.596s] -- Up-to-date: /home/utec/humanoid_ws/install/unitree_go/include/unitree_go/unitree_go/msg/rosidl_typesupport_fastrtps_c__visibility_control.h
[2.606s] -- Up-to-date: /home/utec/humanoid_ws/install/unitree_go/include/unitree_go/unitree_go/msg/detail
[2.607s] -- Up-to-date: /home/utec/humanoid_ws/install/unitree_go/include/unitree_go/unitree_go/msg/detail/uwb_switch__rosidl_typesupport_fastrtps_c.h
[2.607s] -- Up-to-date: /home/utec/humanoid_ws/install/unitree_go/include/unitree_go/unitree_go/msg/detail/low_cmd__rosidl_typesupport_fastrtps_c.h
[2.607s] -- Up-to-date: /home/utec/humanoid_ws/install/unitree_go/include/unitree_go/unitree_go/msg/detail/motor_cmd__rosidl_typesupport_fastrtps_c.h
[2.607s] -- Up-to-date: /home/utec/humanoid_ws/install/unitree_go/include/unitree_go/unitree_go/msg/detail/interface_config__rosidl_typesupport_fastrtps_c.h
[2.607s] -- Up-to-date: /home/utec/humanoid_ws/install/unitree_go/include/unitree_go/unitree_go/msg/detail/audio_data__rosidl_typesupport_fastrtps_c.h
[2.608s] -- Up-to-date: /home/utec/humanoid_ws/install/unitree_go/include/unitree_go/unitree_go/msg/detail/res__rosidl_typesupport_fastrtps_c.h
[2.610s] -- Up-to-date: /home/utec/humanoid_ws/install/unitree_go/include/unitree_go/unitree_go/msg/detail/motor_states__rosidl_typesupport_fastrtps_c.h
[2.610s] -- Up-to-date: /home/utec/humanoid_ws/install/unitree_go/include/unitree_go/unitree_go/msg/detail/motor_cmds__rosidl_typesupport_fastrtps_c.h
[2.610s] -- Up-to-date: /home/utec/humanoid_ws/install/unitree_go/include/unitree_go/unitree_go/msg/detail/error__rosidl_typesupport_fastrtps_c.h
[2.610s] -- Up-to-date: /home/utec/humanoid_ws/install/unitree_go/include/unitree_go/unitree_go/msg/detail/time_spec__rosidl_typesupport_fastrtps_c.h
[2.610s] -- Up-to-date: /home/utec/humanoid_ws/install/unitree_go/include/unitree_go/unitree_go/msg/detail/motor_state__rosidl_typesupport_fastrtps_c.h
[2.610s] -- Up-to-date: /home/utec/humanoid_ws/install/unitree_go/include/unitree_go/unitree_go/msg/detail/bms_cmd__rosidl_typesupport_fastrtps_c.h
[2.611s] -- Up-to-date: /home/utec/humanoid_ws/install/unitree_go/include/unitree_go/unitree_go/msg/detail/go2_front_video_data__rosidl_typesupport_fastrtps_c.h
[2.613s] -- Up-to-date: /home/utec/humanoid_ws/install/unitree_go/include/unitree_go/unitree_go/msg/detail/sport_mode_cmd__rosidl_typesupport_fastrtps_c.h
[2.613s] -- Up-to-date: /home/utec/humanoid_ws/install/unitree_go/include/unitree_go/unitree_go/msg/detail/height_map__rosidl_typesupport_fastrtps_c.h
[2.613s] -- Up-to-date: /home/utec/humanoid_ws/install/unitree_go/include/unitree_go/unitree_go/msg/detail/req__rosidl_typesupport_fastrtps_c.h
[2.614s] -- Up-to-date: /home/utec/humanoid_ws/install/unitree_go/include/unitree_go/unitree_go/msg/detail/low_state__rosidl_typesupport_fastrtps_c.h
[2.614s] -- Up-to-date: /home/utec/humanoid_ws/install/unitree_go/include/unitree_go/unitree_go/msg/detail/bms_state__rosidl_typesupport_fastrtps_c.h
[2.614s] -- Up-to-date: /home/utec/humanoid_ws/install/unitree_go/include/unitree_go/unitree_go/msg/detail/lidar_state__rosidl_typesupport_fastrtps_c.h
[2.614s] -- Up-to-date: /home/utec/humanoid_ws/install/unitree_go/include/unitree_go/unitree_go/msg/detail/path_point__rosidl_typesupport_fastrtps_c.h
[2.614s] -- Up-to-date: /home/utec/humanoid_ws/install/unitree_go/include/unitree_go/unitree_go/msg/detail/uwb_state__rosidl_typesupport_fastrtps_c.h
[2.614s] -- Up-to-date: /home/utec/humanoid_ws/install/unitree_go/include/unitree_go/unitree_go/msg/detail/imu_state__rosidl_typesupport_fastrtps_c.h
[2.620s] -- Up-to-date: /home/utec/humanoid_ws/install/unitree_go/include/unitree_go/unitree_go/msg/detail/wireless_controller__rosidl_typesupport_fastrtps_c.h
[2.620s] -- Up-to-date: /home/utec/humanoid_ws/install/unitree_go/include/unitree_go/unitree_go/msg/detail/sport_mode_state__rosidl_typesupport_fastrtps_c.h
[2.621s] -- Up-to-date: /home/utec/humanoid_ws/install/unitree_go/lib/libunitree_go__rosidl_typesupport_fastrtps_c.so
[2.625s] -- Up-to-date: /home/utec/humanoid_ws/install/unitree_go/include/unitree_go/unitree_go
[2.625s] -- Up-to-date: /home/utec/humanoid_ws/install/unitree_go/include/unitree_go/unitree_go/msg
[2.626s] -- Up-to-date: /home/utec/humanoid_ws/install/unitree_go/include/unitree_go/unitree_go/msg/wireless_controller.hpp
[2.626s] -- Up-to-date: /home/utec/humanoid_ws/install/unitree_go/include/unitree_go/unitree_go/msg/sport_mode_state.hpp
[2.626s] -- Up-to-date: /home/utec/humanoid_ws/install/unitree_go/include/unitree_go/unitree_go/msg/height_map.hpp
[2.626s] -- Up-to-date: /home/utec/humanoid_ws/install/unitree_go/include/unitree_go/unitree_go/msg/req.hpp
[2.626s] -- Up-to-date: /home/utec/humanoid_ws/install/unitree_go/include/unitree_go/unitree_go/msg/uwb_state.hpp
[2.626s] -- Up-to-date: /home/utec/humanoid_ws/install/unitree_go/include/unitree_go/unitree_go/msg/motor_cmds.hpp
[2.626s] -- Up-to-date: /home/utec/humanoid_ws/install/unitree_go/include/unitree_go/unitree_go/msg/lidar_state.hpp
[2.626s] -- Up-to-date: /home/utec/humanoid_ws/install/unitree_go/include/unitree_go/unitree_go/msg/detail
[2.626s] -- Up-to-date: /home/utec/humanoid_ws/install/unitree_go/include/unitree_go/unitree_go/msg/detail/req__builder.hpp
[2.626s] -- Up-to-date: /home/utec/humanoid_ws/install/unitree_go/include/unitree_go/unitree_go/msg/detail/path_point__struct.hpp
[2.626s] -- Up-to-date: /home/utec/humanoid_ws/install/unitree_go/include/unitree_go/unitree_go/msg/detail/uwb_state__builder.hpp
[2.627s] -- Up-to-date: /home/utec/humanoid_ws/install/unitree_go/include/unitree_go/unitree_go/msg/detail/path_point__traits.hpp
[2.627s] -- Up-to-date: /home/utec/humanoid_ws/install/unitree_go/include/unitree_go/unitree_go/msg/detail/motor_cmd__type_support.hpp
[2.627s] -- Up-to-date: /home/utec/humanoid_ws/install/unitree_go/include/unitree_go/unitree_go/msg/detail/imu_state__struct.hpp
[2.627s] -- Up-to-date: /home/utec/humanoid_ws/install/unitree_go/include/unitree_go/unitree_go/msg/detail/audio_data__struct.hpp
[2.627s] -- Up-to-date: /home/utec/humanoid_ws/install/unitree_go/include/unitree_go/unitree_go/msg/detail/audio_data__traits.hpp
[2.627s] -- Up-to-date: /home/utec/humanoid_ws/install/unitree_go/include/unitree_go/unitree_go/msg/detail/lidar_state__builder.hpp
[2.627s] -- Up-to-date: /home/utec/humanoid_ws/install/unitree_go/include/unitree_go/unitree_go/msg/detail/motor_cmds__traits.hpp
[2.627s] -- Up-to-date: /home/utec/humanoid_ws/install/unitree_go/include/unitree_go/unitree_go/msg/detail/motor_state__struct.hpp
[2.627s] -- Up-to-date: /home/utec/humanoid_ws/install/unitree_go/include/unitree_go/unitree_go/msg/detail/uwb_state__type_support.hpp
[2.627s] -- Up-to-date: /home/utec/humanoid_ws/install/unitree_go/include/unitree_go/unitree_go/msg/detail/bms_state__type_support.hpp
[2.628s] -- Up-to-date: /home/utec/humanoid_ws/install/unitree_go/include/unitree_go/unitree_go/msg/detail/path_point__type_support.hpp
[2.628s] -- Up-to-date: /home/utec/humanoid_ws/install/unitree_go/include/unitree_go/unitree_go/msg/detail/sport_mode_state__type_support.hpp
[2.628s] -- Up-to-date: /home/utec/humanoid_ws/install/unitree_go/include/unitree_go/unitree_go/msg/detail/motor_states__struct.hpp
[2.628s] -- Up-to-date: /home/utec/humanoid_ws/install/unitree_go/include/unitree_go/unitree_go/msg/detail/bms_cmd__type_support.hpp
[2.628s] -- Up-to-date: /home/utec/humanoid_ws/install/unitree_go/include/unitree_go/unitree_go/msg/detail/lidar_state__struct.hpp
[2.634s] -- Up-to-date: /home/utec/humanoid_ws/install/unitree_go/include/unitree_go/unitree_go/msg/detail/imu_state__builder.hpp
[2.634s] -- Up-to-date: /home/utec/humanoid_ws/install/unitree_go/include/unitree_go/unitree_go/msg/detail/bms_cmd__traits.hpp
[2.634s] -- Up-to-date: /home/utec/humanoid_ws/install/unitree_go/include/unitree_go/unitree_go/msg/detail/motor_cmds__type_support.hpp
[2.635s] -- Up-to-date: /home/utec/humanoid_ws/install/unitree_go/include/unitree_go/unitree_go/msg/detail/sport_mode_state__struct.hpp
[2.635s] -- Up-to-date: /home/utec/humanoid_ws/install/unitree_go/include/unitree_go/unitree_go/msg/detail/motor_states__traits.hpp
[2.635s] -- Up-to-date: /home/utec/humanoid_ws/install/unitree_go/include/unitree_go/unitree_go/msg/detail/uwb_switch__type_support.hpp
[2.635s] -- Up-to-date: /home/utec/humanoid_ws/install/unitree_go/include/unitree_go/unitree_go/msg/detail/low_cmd__builder.hpp
[2.635s] -- Up-to-date: /home/utec/humanoid_ws/install/unitree_go/include/unitree_go/unitree_go/msg/detail/motor_states__builder.hpp
[2.635s] -- Up-to-date: /home/utec/humanoid_ws/install/unitree_go/include/unitree_go/unitree_go/msg/detail/sport_mode_cmd__struct.hpp
[2.635s] -- Up-to-date: /home/utec/humanoid_ws/install/unitree_go/include/unitree_go/unitree_go/msg/detail/wireless_controller__struct.hpp
[2.635s] -- Up-to-date: /home/utec/humanoid_ws/install/unitree_go/include/unitree_go/unitree_go/msg/detail/low_state__builder.hpp
[2.635s] -- Up-to-date: /home/utec/humanoid_ws/install/unitree_go/include/unitree_go/unitree_go/msg/detail/go2_front_video_data__builder.hpp
[2.635s] -- Up-to-date: /home/utec/humanoid_ws/install/unitree_go/include/unitree_go/unitree_go/msg/detail/height_map__traits.hpp
[2.636s] -- Up-to-date: /home/utec/humanoid_ws/install/unitree_go/include/unitree_go/unitree_go/msg/detail/motor_states__type_support.hpp
[2.636s] -- Up-to-date: /home/utec/humanoid_ws/install/unitree_go/include/unitree_go/unitree_go/msg/detail/uwb_switch__traits.hpp
[2.636s] -- Up-to-date: /home/utec/humanoid_ws/install/unitree_go/include/unitree_go/unitree_go/msg/detail/uwb_switch__struct.hpp
[2.636s] -- Up-to-date: /home/utec/humanoid_ws/install/unitree_go/include/unitree_go/unitree_go/msg/detail/interface_config__type_support.hpp
[2.636s] -- Up-to-date: /home/utec/humanoid_ws/install/unitree_go/include/unitree_go/unitree_go/msg/detail/height_map__builder.hpp
[2.636s] -- Up-to-date: /home/utec/humanoid_ws/install/unitree_go/include/unitree_go/unitree_go/msg/detail/uwb_state__traits.hpp
[2.636s] -- Up-to-date: /home/utec/humanoid_ws/install/unitree_go/include/unitree_go/unitree_go/msg/detail/low_cmd__type_support.hpp
[2.636s] -- Up-to-date: /home/utec/humanoid_ws/install/unitree_go/include/unitree_go/unitree_go/msg/detail/motor_state__builder.hpp
[2.636s] -- Up-to-date: /home/utec/humanoid_ws/install/unitree_go/include/unitree_go/unitree_go/msg/detail/motor_cmd__builder.hpp
[2.636s] -- Up-to-date: /home/utec/humanoid_ws/install/unitree_go/include/unitree_go/unitree_go/msg/detail/res__builder.hpp
[2.637s] -- Up-to-date: /home/utec/humanoid_ws/install/unitree_go/include/unitree_go/unitree_go/msg/detail/bms_state__builder.hpp
[2.637s] -- Up-to-date: /home/utec/humanoid_ws/install/unitree_go/include/unitree_go/unitree_go/msg/detail/interface_config__traits.hpp
[2.637s] -- Up-to-date: /home/utec/humanoid_ws/install/unitree_go/include/unitree_go/unitree_go/msg/detail/uwb_state__struct.hpp
[2.637s] -- Up-to-date: /home/utec/humanoid_ws/install/unitree_go/include/unitree_go/unitree_go/msg/detail/imu_state__traits.hpp
[2.637s] -- Up-to-date: /home/utec/humanoid_ws/install/unitree_go/include/unitree_go/unitree_go/msg/detail/bms_cmd__builder.hpp
[2.640s] -- Up-to-date: /home/utec/humanoid_ws/install/unitree_go/include/unitree_go/unitree_go/msg/detail/res__type_support.hpp
[2.640s] -- Up-to-date: /home/utec/humanoid_ws/install/unitree_go/include/unitree_go/unitree_go/msg/detail/error__struct.hpp
[2.641s] -- Up-to-date: /home/utec/humanoid_ws/install/unitree_go/include/unitree_go/unitree_go/msg/detail/sport_mode_state__traits.hpp
[2.641s] -- Up-to-date: /home/utec/humanoid_ws/install/unitree_go/include/unitree_go/unitree_go/msg/detail/low_state__struct.hpp
[2.641s] -- Up-to-date: /home/utec/humanoid_ws/install/unitree_go/include/unitree_go/unitree_go/msg/detail/wireless_controller__type_support.hpp
[2.641s] -- Up-to-date: /home/utec/humanoid_ws/install/unitree_go/include/unitree_go/unitree_go/msg/detail/lidar_state__type_support.hpp
[2.641s] -- Up-to-date: /home/utec/humanoid_ws/install/unitree_go/include/unitree_go/unitree_go/msg/detail/low_cmd__struct.hpp
[2.645s] -- Up-to-date: /home/utec/humanoid_ws/install/unitree_go/include/unitree_go/unitree_go/msg/detail/bms_state__traits.hpp
[2.645s] -- Up-to-date: /home/utec/humanoid_ws/install/unitree_go/include/unitree_go/unitree_go/msg/detail/error__builder.hpp
[2.645s] -- Up-to-date: /home/utec/humanoid_ws/install/unitree_go/include/unitree_go/unitree_go/msg/detail/sport_mode_cmd__builder.hpp
[2.645s] -- Up-to-date: /home/utec/humanoid_ws/install/unitree_go/include/unitree_go/unitree_go/msg/detail/error__type_support.hpp
[2.646s] -- Up-to-date: /home/utec/humanoid_ws/install/unitree_go/include/unitree_go/unitree_go/msg/detail/motor_state__type_support.hpp
[2.646s] -- Up-to-date: /home/utec/humanoid_ws/install/unitree_go/include/unitree_go/unitree_go/msg/detail/height_map__type_support.hpp
[2.646s] -- Up-to-date: /home/utec/humanoid_ws/install/unitree_go/include/unitree_go/unitree_go/msg/detail/low_state__type_support.hpp
[2.646s] -- Up-to-date: /home/utec/humanoid_ws/install/unitree_go/include/unitree_go/unitree_go/msg/detail/wireless_controller__builder.hpp
[2.646s] -- Up-to-date: /home/utec/humanoid_ws/install/unitree_go/include/unitree_go/unitree_go/msg/detail/low_state__traits.hpp
[2.646s] -- Up-to-date: /home/utec/humanoid_ws/install/unitree_go/include/unitree_go/unitree_go/msg/detail/motor_state__traits.hpp
[2.646s] -- Up-to-date: /home/utec/humanoid_ws/install/unitree_go/include/unitree_go/unitree_go/msg/detail/path_point__builder.hpp
[2.646s] -- Up-to-date: /home/utec/humanoid_ws/install/unitree_go/include/unitree_go/unitree_go/msg/detail/lidar_state__traits.hpp
[2.646s] -- Up-to-date: /home/utec/humanoid_ws/install/unitree_go/include/unitree_go/unitree_go/msg/detail/interface_config__builder.hpp
[2.646s] -- Up-to-date: /home/utec/humanoid_ws/install/unitree_go/include/unitree_go/unitree_go/msg/detail/res__struct.hpp
[2.647s] -- Up-to-date: /home/utec/humanoid_ws/install/unitree_go/include/unitree_go/unitree_go/msg/detail/time_spec__struct.hpp
[2.647s] -- Up-to-date: /home/utec/humanoid_ws/install/unitree_go/include/unitree_go/unitree_go/msg/detail/audio_data__builder.hpp
[2.647s] -- Up-to-date: /home/utec/humanoid_ws/install/unitree_go/include/unitree_go/unitree_go/msg/detail/go2_front_video_data__type_support.hpp
[2.647s] -- Up-to-date: /home/utec/humanoid_ws/install/unitree_go/include/unitree_go/unitree_go/msg/detail/audio_data__type_support.hpp
[2.647s] -- Up-to-date: /home/utec/humanoid_ws/install/unitree_go/include/unitree_go/unitree_go/msg/detail/height_map__struct.hpp
[2.647s] -- Up-to-date: /home/utec/humanoid_ws/install/unitree_go/include/unitree_go/unitree_go/msg/detail/time_spec__type_support.hpp
[2.647s] -- Up-to-date: /home/utec/humanoid_ws/install/unitree_go/include/unitree_go/unitree_go/msg/detail/sport_mode_cmd__traits.hpp
[2.648s] -- Up-to-date: /home/utec/humanoid_ws/install/unitree_go/include/unitree_go/unitree_go/msg/detail/motor_cmd__struct.hpp
[2.648s] -- Up-to-date: /home/utec/humanoid_ws/install/unitree_go/include/unitree_go/unitree_go/msg/detail/low_cmd__traits.hpp
[2.648s] -- Up-to-date: /home/utec/humanoid_ws/install/unitree_go/include/unitree_go/unitree_go/msg/detail/uwb_switch__builder.hpp
[2.648s] -- Up-to-date: /home/utec/humanoid_ws/install/unitree_go/include/unitree_go/unitree_go/msg/detail/req__type_support.hpp
[2.648s] -- Up-to-date: /home/utec/humanoid_ws/install/unitree_go/include/unitree_go/unitree_go/msg/detail/time_spec__traits.hpp
[2.648s] -- Up-to-date: /home/utec/humanoid_ws/install/unitree_go/include/unitree_go/unitree_go/msg/detail/motor_cmds__builder.hpp
[2.649s] -- Up-to-date: /home/utec/humanoid_ws/install/unitree_go/include/unitree_go/unitree_go/msg/detail/req__traits.hpp
[2.649s] -- Up-to-date: /home/utec/humanoid_ws/install/unitree_go/include/unitree_go/unitree_go/msg/detail/sport_mode_cmd__type_support.hpp
[2.649s] -- Up-to-date: /home/utec/humanoid_ws/install/unitree_go/include/unitree_go/unitree_go/msg/detail/bms_state__struct.hpp
[2.649s] -- Up-to-date: /home/utec/humanoid_ws/install/unitree_go/include/unitree_go/unitree_go/msg/detail/bms_cmd__struct.hpp
[2.656s] -- Up-to-date: /home/utec/humanoid_ws/install/unitree_go/include/unitree_go/unitree_go/msg/detail/req__struct.hpp
[2.656s] -- Up-to-date: /home/utec/humanoid_ws/install/unitree_go/include/unitree_go/unitree_go/msg/detail/wireless_controller__traits.hpp
[2.656s] -- Up-to-date: /home/utec/humanoid_ws/install/unitree_go/include/unitree_go/unitree_go/msg/detail/res__traits.hpp
[2.657s] -- Up-to-date: /home/utec/humanoid_ws/install/unitree_go/include/unitree_go/unitree_go/msg/detail/motor_cmds__struct.hpp
[2.657s] -- Up-to-date: /home/utec/humanoid_ws/install/unitree_go/include/unitree_go/unitree_go/msg/detail/interface_config__struct.hpp
[2.657s] -- Up-to-date: /home/utec/humanoid_ws/install/unitree_go/include/unitree_go/unitree_go/msg/detail/motor_cmd__traits.hpp
[2.657s] -- Up-to-date: /home/utec/humanoid_ws/install/unitree_go/include/unitree_go/unitree_go/msg/detail/imu_state__type_support.hpp
[2.657s] -- Up-to-date: /home/utec/humanoid_ws/install/unitree_go/include/unitree_go/unitree_go/msg/detail/error__traits.hpp
[2.657s] -- Up-to-date: /home/utec/humanoid_ws/install/unitree_go/include/unitree_go/unitree_go/msg/detail/go2_front_video_data__struct.hpp
[2.657s] -- Up-to-date: /home/utec/humanoid_ws/install/unitree_go/include/unitree_go/unitree_go/msg/detail/sport_mode_state__builder.hpp
[2.657s] -- Up-to-date: /home/utec/humanoid_ws/install/unitree_go/include/unitree_go/unitree_go/msg/detail/go2_front_video_data__traits.hpp
[2.657s] -- Up-to-date: /home/utec/humanoid_ws/install/unitree_go/include/unitree_go/unitree_go/msg/detail/time_spec__builder.hpp
[2.658s] -- Up-to-date: /home/utec/humanoid_ws/install/unitree_go/include/unitree_go/unitree_go/msg/motor_state.hpp
[2.658s] -- Up-to-date: /home/utec/humanoid_ws/install/unitree_go/include/unitree_go/unitree_go/msg/sport_mode_cmd.hpp
[2.658s] -- Up-to-date: /home/utec/humanoid_ws/install/unitree_go/include/unitree_go/unitree_go/msg/bms_state.hpp
[2.658s] -- Up-to-date: /home/utec/humanoid_ws/install/unitree_go/include/unitree_go/unitree_go/msg/motor_cmd.hpp
[2.658s] -- Up-to-date: /home/utec/humanoid_ws/install/unitree_go/include/unitree_go/unitree_go/msg/motor_states.hpp
[2.658s] -- Up-to-date: /home/utec/humanoid_ws/install/unitree_go/include/unitree_go/unitree_go/msg/audio_data.hpp
[2.658s] -- Up-to-date: /home/utec/humanoid_ws/install/unitree_go/include/unitree_go/unitree_go/msg/imu_state.hpp
[2.658s] -- Up-to-date: /home/utec/humanoid_ws/install/unitree_go/include/unitree_go/unitree_go/msg/go2_front_video_data.hpp
[2.662s] -- Up-to-date: /home/utec/humanoid_ws/install/unitree_go/include/unitree_go/unitree_go/msg/interface_config.hpp
[2.666s] -- Up-to-date: /home/utec/humanoid_ws/install/unitree_go/include/unitree_go/unitree_go/msg/rosidl_generator_cpp__visibility_control.hpp
[2.666s] -- Up-to-date: /home/utec/humanoid_ws/install/unitree_go/include/unitree_go/unitree_go/msg/low_cmd.hpp
[2.666s] -- Up-to-date: /home/utec/humanoid_ws/install/unitree_go/include/unitree_go/unitree_go/msg/path_point.hpp
[2.666s] -- Up-to-date: /home/utec/humanoid_ws/install/unitree_go/include/unitree_go/unitree_go/msg/error.hpp
[2.666s] -- Up-to-date: /home/utec/humanoid_ws/install/unitree_go/include/unitree_go/unitree_go/msg/low_state.hpp
[2.667s] -- Up-to-date: /home/utec/humanoid_ws/install/unitree_go/include/unitree_go/unitree_go/msg/time_spec.hpp
[2.667s] -- Up-to-date: /home/utec/humanoid_ws/install/unitree_go/include/unitree_go/unitree_go/msg/uwb_switch.hpp
[2.667s] -- Up-to-date: /home/utec/humanoid_ws/install/unitree_go/include/unitree_go/unitree_go/msg/res.hpp
[2.667s] -- Up-to-date: /home/utec/humanoid_ws/install/unitree_go/include/unitree_go/unitree_go/msg/bms_cmd.hpp
[2.668s] -- Up-to-date: /home/utec/humanoid_ws/install/unitree_go/include/unitree_go/unitree_go
[2.668s] -- Up-to-date: /home/utec/humanoid_ws/install/unitree_go/include/unitree_go/unitree_go/msg
[2.668s] -- Up-to-date: /home/utec/humanoid_ws/install/unitree_go/include/unitree_go/unitree_go/msg/detail
[2.668s] -- Up-to-date: /home/utec/humanoid_ws/install/unitree_go/include/unitree_go/unitree_go/msg/detail/lidar_state__rosidl_typesupport_fastrtps_cpp.hpp
[2.668s] -- Up-to-date: /home/utec/humanoid_ws/install/unitree_go/include/unitree_go/unitree_go/msg/detail/motor_cmd__rosidl_typesupport_fastrtps_cpp.hpp
[2.668s] -- Up-to-date: /home/utec/humanoid_ws/install/unitree_go/include/unitree_go/unitree_go/msg/detail/motor_state__rosidl_typesupport_fastrtps_cpp.hpp
[2.668s] -- Up-to-date: /home/utec/humanoid_ws/install/unitree_go/include/unitree_go/unitree_go/msg/detail/height_map__rosidl_typesupport_fastrtps_cpp.hpp
[2.668s] -- Up-to-date: /home/utec/humanoid_ws/install/unitree_go/include/unitree_go/unitree_go/msg/detail/bms_cmd__rosidl_typesupport_fastrtps_cpp.hpp
[2.669s] -- Up-to-date: /home/utec/humanoid_ws/install/unitree_go/include/unitree_go/unitree_go/msg/detail/req__rosidl_typesupport_fastrtps_cpp.hpp
[2.669s] -- Up-to-date: /home/utec/humanoid_ws/install/unitree_go/include/unitree_go/unitree_go/msg/detail/motor_states__rosidl_typesupport_fastrtps_cpp.hpp
[2.671s] -- Up-to-date: /home/utec/humanoid_ws/install/unitree_go/include/unitree_go/unitree_go/msg/detail/uwb_switch__rosidl_typesupport_fastrtps_cpp.hpp
[2.672s] -- Up-to-date: /home/utec/humanoid_ws/install/unitree_go/include/unitree_go/unitree_go/msg/detail/sport_mode_state__rosidl_typesupport_fastrtps_cpp.hpp
[2.672s] -- Up-to-date: /home/utec/humanoid_ws/install/unitree_go/include/unitree_go/unitree_go/msg/detail/path_point__rosidl_typesupport_fastrtps_cpp.hpp
[2.673s] -- Up-to-date: /home/utec/humanoid_ws/install/unitree_go/include/unitree_go/unitree_go/msg/detail/dds_fastrtps
[2.674s] -- Up-to-date: /home/utec/humanoid_ws/install/unitree_go/include/unitree_go/unitree_go/msg/detail/go2_front_video_data__rosidl_typesupport_fastrtps_cpp.hpp
[2.674s] -- Up-to-date: /home/utec/humanoid_ws/install/unitree_go/include/unitree_go/unitree_go/msg/detail/interface_config__rosidl_typesupport_fastrtps_cpp.hpp
[2.674s] -- Up-to-date: /home/utec/humanoid_ws/install/unitree_go/include/unitree_go/unitree_go/msg/detail/wireless_controller__rosidl_typesupport_fastrtps_cpp.hpp
[2.674s] -- Up-to-date: /home/utec/humanoid_ws/install/unitree_go/include/unitree_go/unitree_go/msg/detail/low_cmd__rosidl_typesupport_fastrtps_cpp.hpp
[2.674s] -- Up-to-date: /home/utec/humanoid_ws/install/unitree_go/include/unitree_go/unitree_go/msg/detail/time_spec__rosidl_typesupport_fastrtps_cpp.hpp
[2.674s] -- Up-to-date: /home/utec/humanoid_ws/install/unitree_go/include/unitree_go/unitree_go/msg/detail/bms_state__rosidl_typesupport_fastrtps_cpp.hpp
[2.674s] -- Up-to-date: /home/utec/humanoid_ws/install/unitree_go/include/unitree_go/unitree_go/msg/detail/low_state__rosidl_typesupport_fastrtps_cpp.hpp
[2.674s] -- Up-to-date: /home/utec/humanoid_ws/install/unitree_go/include/unitree_go/unitree_go/msg/detail/uwb_state__rosidl_typesupport_fastrtps_cpp.hpp
[2.674s] -- Up-to-date: /home/utec/humanoid_ws/install/unitree_go/include/unitree_go/unitree_go/msg/detail/imu_state__rosidl_typesupport_fastrtps_cpp.hpp
[2.675s] -- Up-to-date: /home/utec/humanoid_ws/install/unitree_go/include/unitree_go/unitree_go/msg/detail/error__rosidl_typesupport_fastrtps_cpp.hpp
[2.675s] -- Up-to-date: /home/utec/humanoid_ws/install/unitree_go/include/unitree_go/unitree_go/msg/detail/sport_mode_cmd__rosidl_typesupport_fastrtps_cpp.hpp
[2.675s] -- Up-to-date: /home/utec/humanoid_ws/install/unitree_go/include/unitree_go/unitree_go/msg/detail/motor_cmds__rosidl_typesupport_fastrtps_cpp.hpp
[2.675s] -- Up-to-date: /home/utec/humanoid_ws/install/unitree_go/include/unitree_go/unitree_go/msg/detail/audio_data__rosidl_typesupport_fastrtps_cpp.hpp
[2.675s] -- Up-to-date: /home/utec/humanoid_ws/install/unitree_go/include/unitree_go/unitree_go/msg/detail/res__rosidl_typesupport_fastrtps_cpp.hpp
[2.675s] -- Up-to-date: /home/utec/humanoid_ws/install/unitree_go/include/unitree_go/unitree_go/msg/rosidl_typesupport_fastrtps_cpp__visibility_control.h
[2.675s] -- Up-to-date: /home/utec/humanoid_ws/install/unitree_go/lib/libunitree_go__rosidl_typesupport_fastrtps_cpp.so
[2.675s] -- Up-to-date: /home/utec/humanoid_ws/install/unitree_go/include/unitree_go/unitree_go
[2.675s] -- Up-to-date: /home/utec/humanoid_ws/install/unitree_go/include/unitree_go/unitree_go/msg
[2.675s] -- Up-to-date: /home/utec/humanoid_ws/install/unitree_go/include/unitree_go/unitree_go/msg/detail
[2.676s] -- Up-to-date: /home/utec/humanoid_ws/install/unitree_go/include/unitree_go/unitree_go/msg/detail/error__type_support.c
[2.676s] -- Up-to-date: /home/utec/humanoid_ws/install/unitree_go/include/unitree_go/unitree_go/msg/detail/audio_data__rosidl_typesupport_introspection_c.h
[2.676s] -- Up-to-date: /home/utec/humanoid_ws/install/unitree_go/include/unitree_go/unitree_go/msg/detail/sport_mode_cmd__rosidl_typesupport_introspection_c.h
[2.676s] -- Up-to-date: /home/utec/humanoid_ws/install/unitree_go/include/unitree_go/unitree_go/msg/detail/motor_states__type_support.c
[2.676s] -- Up-to-date: /home/utec/humanoid_ws/install/unitree_go/include/unitree_go/unitree_go/msg/detail/path_point__rosidl_typesupport_introspection_c.h
[2.676s] -- Up-to-date: /home/utec/humanoid_ws/install/unitree_go/include/unitree_go/unitree_go/msg/detail/req__rosidl_typesupport_introspection_c.h
[2.677s] -- Up-to-date: /home/utec/humanoid_ws/install/unitree_go/include/unitree_go/unitree_go/msg/detail/motor_states__rosidl_typesupport_introspection_c.h
[2.680s] -- Up-to-date: /home/utec/humanoid_ws/install/unitree_go/include/unitree_go/unitree_go/msg/detail/low_cmd__type_support.c
[2.680s] -- Up-to-date: /home/utec/humanoid_ws/install/unitree_go/include/unitree_go/unitree_go/msg/detail/time_spec__rosidl_typesupport_introspection_c.h
[2.680s] -- Up-to-date: /home/utec/humanoid_ws/install/unitree_go/include/unitree_go/unitree_go/msg/detail/uwb_switch__rosidl_typesupport_introspection_c.h
[2.680s] -- Up-to-date: /home/utec/humanoid_ws/install/unitree_go/include/unitree_go/unitree_go/msg/detail/bms_state__rosidl_typesupport_introspection_c.h
[2.680s] -- Up-to-date: /home/utec/humanoid_ws/install/unitree_go/include/unitree_go/unitree_go/msg/detail/motor_cmds__type_support.c
[2.680s] -- Up-to-date: /home/utec/humanoid_ws/install/unitree_go/include/unitree_go/unitree_go/msg/detail/bms_cmd__type_support.c
[2.680s] -- Up-to-date: /home/utec/humanoid_ws/install/unitree_go/include/unitree_go/unitree_go/msg/detail/time_spec__type_support.c
[2.681s] -- Up-to-date: /home/utec/humanoid_ws/install/unitree_go/include/unitree_go/unitree_go/msg/detail/interface_config__rosidl_typesupport_introspection_c.h
[2.681s] -- Up-to-date: /home/utec/humanoid_ws/install/unitree_go/include/unitree_go/unitree_go/msg/detail/uwb_state__rosidl_typesupport_introspection_c.h
[2.681s] -- Up-to-date: /home/utec/humanoid_ws/install/unitree_go/include/unitree_go/unitree_go/msg/detail/motor_cmd__type_support.c
[2.681s] -- Up-to-date: /home/utec/humanoid_ws/install/unitree_go/include/unitree_go/unitree_go/msg/detail/imu_state__rosidl_typesupport_introspection_c.h
[2.681s] -- Up-to-date: /home/utec/humanoid_ws/install/unitree_go/include/unitree_go/unitree_go/msg/detail/audio_data__type_support.c
[2.681s] -- Up-to-date: /home/utec/humanoid_ws/install/unitree_go/include/unitree_go/unitree_go/msg/detail/motor_cmd__rosidl_typesupport_introspection_c.h
[2.681s] -- Up-to-date: /home/utec/humanoid_ws/install/unitree_go/include/unitree_go/unitree_go/msg/detail/low_state__rosidl_typesupport_introspection_c.h
[2.681s] -- Up-to-date: /home/utec/humanoid_ws/install/unitree_go/include/unitree_go/unitree_go/msg/detail/bms_cmd__rosidl_typesupport_introspection_c.h
[2.681s] -- Up-to-date: /home/utec/humanoid_ws/install/unitree_go/include/unitree_go/unitree_go/msg/detail/sport_mode_state__rosidl_typesupport_introspection_c.h
[2.681s] -- Up-to-date: /home/utec/humanoid_ws/install/unitree_go/include/unitree_go/unitree_go/msg/detail/wireless_controller__type_support.c
[2.682s] -- Up-to-date: /home/utec/humanoid_ws/install/unitree_go/include/unitree_go/unitree_go/msg/detail/low_state__type_support.c
[2.682s] -- Up-to-date: /home/utec/humanoid_ws/install/unitree_go/include/unitree_go/unitree_go/msg/detail/path_point__type_support.c
[2.682s] -- Up-to-date: /home/utec/humanoid_ws/install/unitree_go/include/unitree_go/unitree_go/msg/detail/motor_cmds__rosidl_typesupport_introspection_c.h
[2.682s] -- Up-to-date: /home/utec/humanoid_ws/install/unitree_go/include/unitree_go/unitree_go/msg/detail/go2_front_video_data__type_support.c
[2.682s] -- Up-to-date: /home/utec/humanoid_ws/install/unitree_go/include/unitree_go/unitree_go/msg/detail/req__type_support.c
[2.687s] -- Up-to-date: /home/utec/humanoid_ws/install/unitree_go/include/unitree_go/unitree_go/msg/detail/motor_state__type_support.c
[2.687s] -- Up-to-date: /home/utec/humanoid_ws/install/unitree_go/include/unitree_go/unitree_go/msg/detail/bms_state__type_support.c
[2.687s] -- Up-to-date: /home/utec/humanoid_ws/install/unitree_go/include/unitree_go/unitree_go/msg/detail/res__rosidl_typesupport_introspection_c.h
[2.687s] -- Up-to-date: /home/utec/humanoid_ws/install/unitree_go/include/unitree_go/unitree_go/msg/detail/error__rosidl_typesupport_introspection_c.h
[2.687s] -- Up-to-date: /home/utec/humanoid_ws/install/unitree_go/include/unitree_go/unitree_go/msg/detail/sport_mode_cmd__type_support.c
[2.687s] -- Up-to-date: /home/utec/humanoid_ws/install/unitree_go/include/unitree_go/unitree_go/msg/detail/imu_state__type_support.c
[2.688s] -- Up-to-date: /home/utec/humanoid_ws/install/unitree_go/include/unitree_go/unitree_go/msg/detail/go2_front_video_data__rosidl_typesupport_introspection_c.h
[2.688s] -- Up-to-date: /home/utec/humanoid_ws/install/unitree_go/include/unitree_go/unitree_go/msg/detail/interface_config__type_support.c
[2.688s] -- Up-to-date: /home/utec/humanoid_ws/install/unitree_go/include/unitree_go/unitree_go/msg/detail/height_map__rosidl_typesupport_introspection_c.h
[2.688s] -- Up-to-date: /home/utec/humanoid_ws/install/unitree_go/include/unitree_go/unitree_go/msg/detail/uwb_switch__type_support.c
[2.688s] -- Up-to-date: /home/utec/humanoid_ws/install/unitree_go/include/unitree_go/unitree_go/msg/detail/sport_mode_state__type_support.c
[2.688s] -- Up-to-date: /home/utec/humanoid_ws/install/unitree_go/include/unitree_go/unitree_go/msg/detail/lidar_state__type_support.c
[2.688s] -- Up-to-date: /home/utec/humanoid_ws/install/unitree_go/include/unitree_go/unitree_go/msg/detail/motor_state__rosidl_typesupport_introspection_c.h
[2.688s] -- Up-to-date: /home/utec/humanoid_ws/install/unitree_go/include/unitree_go/unitree_go/msg/detail/low_cmd__rosidl_typesupport_introspection_c.h
[2.688s] -- Up-to-date: /home/utec/humanoid_ws/install/unitree_go/include/unitree_go/unitree_go/msg/detail/lidar_state__rosidl_typesupport_introspection_c.h
[2.688s] -- Up-to-date: /home/utec/humanoid_ws/install/unitree_go/include/unitree_go/unitree_go/msg/detail/height_map__type_support.c
[2.689s] -- Up-to-date: /home/utec/humanoid_ws/install/unitree_go/include/unitree_go/unitree_go/msg/detail/res__type_support.c
[2.689s] -- Up-to-date: /home/utec/humanoid_ws/install/unitree_go/include/unitree_go/unitree_go/msg/detail/wireless_controller__rosidl_typesupport_introspection_c.h
[2.689s] -- Up-to-date: /home/utec/humanoid_ws/install/unitree_go/include/unitree_go/unitree_go/msg/detail/uwb_state__type_support.c
[2.689s] -- Up-to-date: /home/utec/humanoid_ws/install/unitree_go/include/unitree_go/unitree_go/msg/rosidl_typesupport_introspection_c__visibility_control.h
[2.689s] -- Up-to-date: /home/utec/humanoid_ws/install/unitree_go/lib/libunitree_go__rosidl_typesupport_introspection_c.so
[2.689s] -- Up-to-date: /home/utec/humanoid_ws/install/unitree_go/lib/libunitree_go__rosidl_typesupport_c.so
[2.697s] -- Up-to-date: /home/utec/humanoid_ws/install/unitree_go/include/unitree_go/unitree_go
[2.697s] -- Up-to-date: /home/utec/humanoid_ws/install/unitree_go/include/unitree_go/unitree_go/msg
[2.697s] -- Up-to-date: /home/utec/humanoid_ws/install/unitree_go/include/unitree_go/unitree_go/msg/detail
[2.697s] -- Up-to-date: /home/utec/humanoid_ws/install/unitree_go/include/unitree_go/unitree_go/msg/detail/time_spec__rosidl_typesupport_introspection_cpp.hpp
[2.697s] -- Up-to-date: /home/utec/humanoid_ws/install/unitree_go/include/unitree_go/unitree_go/msg/detail/motor_cmds__rosidl_typesupport_introspection_cpp.hpp
[2.697s] -- Up-to-date: /home/utec/humanoid_ws/install/unitree_go/include/unitree_go/unitree_go/msg/detail/go2_front_video_data__type_support.cpp
[2.698s] -- Up-to-date: /home/utec/humanoid_ws/install/unitree_go/include/unitree_go/unitree_go/msg/detail/error__type_support.cpp
[2.698s] -- Up-to-date: /home/utec/humanoid_ws/install/unitree_go/include/unitree_go/unitree_go/msg/detail/imu_state__type_support.cpp
[2.698s] -- Up-to-date: /home/utec/humanoid_ws/install/unitree_go/include/unitree_go/unitree_go/msg/detail/path_point__type_support.cpp
[2.698s] -- Up-to-date: /home/utec/humanoid_ws/install/unitree_go/include/unitree_go/unitree_go/msg/detail/motor_state__type_support.cpp
[2.698s] -- Up-to-date: /home/utec/humanoid_ws/install/unitree_go/include/unitree_go/unitree_go/msg/detail/res__type_support.cpp
[2.702s] -- Up-to-date: /home/utec/humanoid_ws/install/unitree_go/include/unitree_go/unitree_go/msg/detail/req__rosidl_typesupport_introspection_cpp.hpp
[2.702s] -- Up-to-date: /home/utec/humanoid_ws/install/unitree_go/include/unitree_go/unitree_go/msg/detail/motor_cmds__type_support.cpp
[2.702s] -- Up-to-date: /home/utec/humanoid_ws/install/unitree_go/include/unitree_go/unitree_go/msg/detail/uwb_switch__type_support.cpp
[2.702s] -- Up-to-date: /home/utec/humanoid_ws/install/unitree_go/include/unitree_go/unitree_go/msg/detail/motor_state__rosidl_typesupport_introspection_cpp.hpp
[2.703s] -- Up-to-date: /home/utec/humanoid_ws/install/unitree_go/include/unitree_go/unitree_go/msg/detail/motor_states__rosidl_typesupport_introspection_cpp.hpp
[2.703s] -- Up-to-date: /home/utec/humanoid_ws/install/unitree_go/include/unitree_go/unitree_go/msg/detail/path_point__rosidl_typesupport_introspection_cpp.hpp
[2.703s] -- Up-to-date: /home/utec/humanoid_ws/install/unitree_go/include/unitree_go/unitree_go/msg/detail/sport_mode_cmd__type_support.cpp
[2.703s] -- Up-to-date: /home/utec/humanoid_ws/install/unitree_go/include/unitree_go/unitree_go/msg/detail/lidar_state__type_support.cpp
[2.703s] -- Up-to-date: /home/utec/humanoid_ws/install/unitree_go/include/unitree_go/unitree_go/msg/detail/interface_config__rosidl_typesupport_introspection_cpp.hpp
[2.703s] -- Up-to-date: /home/utec/humanoid_ws/install/unitree_go/include/unitree_go/unitree_go/msg/detail/low_cmd__rosidl_typesupport_introspection_cpp.hpp
[2.703s] -- Up-to-date: /home/utec/humanoid_ws/install/unitree_go/include/unitree_go/unitree_go/msg/detail/uwb_switch__rosidl_typesupport_introspection_cpp.hpp
[2.703s] -- Up-to-date: /home/utec/humanoid_ws/install/unitree_go/include/unitree_go/unitree_go/msg/detail/interface_config__type_support.cpp
[2.703s] -- Up-to-date: /home/utec/humanoid_ws/install/unitree_go/include/unitree_go/unitree_go/msg/detail/bms_cmd__type_support.cpp
[2.704s] -- Up-to-date: /home/utec/humanoid_ws/install/unitree_go/include/unitree_go/unitree_go/msg/detail/bms_state__rosidl_typesupport_introspection_cpp.hpp
[2.704s] -- Up-to-date: /home/utec/humanoid_ws/install/unitree_go/include/unitree_go/unitree_go/msg/detail/motor_cmd__rosidl_typesupport_introspection_cpp.hpp
[2.704s] -- Up-to-date: /home/utec/humanoid_ws/install/unitree_go/include/unitree_go/unitree_go/msg/detail/lidar_state__rosidl_typesupport_introspection_cpp.hpp
[2.704s] -- Up-to-date: /home/utec/humanoid_ws/install/unitree_go/include/unitree_go/unitree_go/msg/detail/res__rosidl_typesupport_introspection_cpp.hpp
[2.704s] -- Up-to-date: /home/utec/humanoid_ws/install/unitree_go/include/unitree_go/unitree_go/msg/detail/motor_states__type_support.cpp
[2.704s] -- Up-to-date: /home/utec/humanoid_ws/install/unitree_go/include/unitree_go/unitree_go/msg/detail/go2_front_video_data__rosidl_typesupport_introspection_cpp.hpp
[2.704s] -- Up-to-date: /home/utec/humanoid_ws/install/unitree_go/include/unitree_go/unitree_go/msg/detail/req__type_support.cpp
[2.704s] -- Up-to-date: /home/utec/humanoid_ws/install/unitree_go/include/unitree_go/unitree_go/msg/detail/audio_data__type_support.cpp
[2.704s] -- Up-to-date: /home/utec/humanoid_ws/install/unitree_go/include/unitree_go/unitree_go/msg/detail/sport_mode_state__rosidl_typesupport_introspection_cpp.hpp
[2.704s] -- Up-to-date: /home/utec/humanoid_ws/install/unitree_go/include/unitree_go/unitree_go/msg/detail/height_map__type_support.cpp
[2.704s] -- Up-to-date: /home/utec/humanoid_ws/install/unitree_go/include/unitree_go/unitree_go/msg/detail/sport_mode_state__type_support.cpp
[2.705s] -- Up-to-date: /home/utec/humanoid_ws/install/unitree_go/include/unitree_go/unitree_go/msg/detail/bms_state__type_support.cpp
[2.705s] -- Up-to-date: /home/utec/humanoid_ws/install/unitree_go/include/unitree_go/unitree_go/msg/detail/low_cmd__type_support.cpp
[2.710s] -- Up-to-date: /home/utec/humanoid_ws/install/unitree_go/include/unitree_go/unitree_go/msg/detail/time_spec__type_support.cpp
[2.713s] -- Up-to-date: /home/utec/humanoid_ws/install/unitree_go/include/unitree_go/unitree_go/msg/detail/uwb_state__type_support.cpp
[2.713s] -- Up-to-date: /home/utec/humanoid_ws/install/unitree_go/include/unitree_go/unitree_go/msg/detail/imu_state__rosidl_typesupport_introspection_cpp.hpp
[2.713s] -- Up-to-date: /home/utec/humanoid_ws/install/unitree_go/include/unitree_go/unitree_go/msg/detail/low_state__type_support.cpp
[2.713s] -- Up-to-date: /home/utec/humanoid_ws/install/unitree_go/include/unitree_go/unitree_go/msg/detail/audio_data__rosidl_typesupport_introspection_cpp.hpp
[2.713s] -- Up-to-date: /home/utec/humanoid_ws/install/unitree_go/include/unitree_go/unitree_go/msg/detail/error__rosidl_typesupport_introspection_cpp.hpp
[2.713s] -- Up-to-date: /home/utec/humanoid_ws/install/unitree_go/include/unitree_go/unitree_go/msg/detail/wireless_controller__rosidl_typesupport_introspection_cpp.hpp
[2.713s] -- Up-to-date: /home/utec/humanoid_ws/install/unitree_go/include/unitree_go/unitree_go/msg/detail/wireless_controller__type_support.cpp
[2.714s] -- Up-to-date: /home/utec/humanoid_ws/install/unitree_go/include/unitree_go/unitree_go/msg/detail/sport_mode_cmd__rosidl_typesupport_introspection_cpp.hpp
[2.714s] -- Up-to-date: /home/utec/humanoid_ws/install/unitree_go/include/unitree_go/unitree_go/msg/detail/motor_cmd__type_support.cpp
[2.714s] -- Up-to-date: /home/utec/humanoid_ws/install/unitree_go/include/unitree_go/unitree_go/msg/detail/height_map__rosidl_typesupport_introspection_cpp.hpp
[2.714s] -- Up-to-date: /home/utec/humanoid_ws/install/unitree_go/include/unitree_go/unitree_go/msg/detail/uwb_state__rosidl_typesupport_introspection_cpp.hpp
[2.714s] -- Up-to-date: /home/utec/humanoid_ws/install/unitree_go/include/unitree_go/unitree_go/msg/detail/low_state__rosidl_typesupport_introspection_cpp.hpp
[2.714s] -- Up-to-date: /home/utec/humanoid_ws/install/unitree_go/include/unitree_go/unitree_go/msg/detail/bms_cmd__rosidl_typesupport_introspection_cpp.hpp
[2.714s] -- Up-to-date: /home/utec/humanoid_ws/install/unitree_go/lib/libunitree_go__rosidl_typesupport_introspection_cpp.so
[2.714s] -- Up-to-date: /home/utec/humanoid_ws/install/unitree_go/lib/libunitree_go__rosidl_typesupport_cpp.so
[2.714s] -- Up-to-date: /home/utec/humanoid_ws/install/unitree_go/share/unitree_go/environment/pythonpath.sh
[2.715s] -- Up-to-date: /home/utec/humanoid_ws/install/unitree_go/share/unitree_go/environment/pythonpath.dsv
[2.715s] -- Up-to-date: /home/utec/humanoid_ws/install/unitree_go/local/lib/python3.10/dist-packages/unitree_go-0.0.0-py3.10.egg-info
[2.715s] -- Installing: /home/utec/humanoid_ws/install/unitree_go/local/lib/python3.10/dist-packages/unitree_go-0.0.0-py3.10.egg-info/top_level.txt
[2.715s] -- Installing: /home/utec/humanoid_ws/install/unitree_go/local/lib/python3.10/dist-packages/unitree_go-0.0.0-py3.10.egg-info/PKG-INFO
[2.715s] -- Installing: /home/utec/humanoid_ws/install/unitree_go/local/lib/python3.10/dist-packages/unitree_go-0.0.0-py3.10.egg-info/dependency_links.txt
[2.716s] -- Installing: /home/utec/humanoid_ws/install/unitree_go/local/lib/python3.10/dist-packages/unitree_go-0.0.0-py3.10.egg-info/SOURCES.txt
[2.716s] -- Up-to-date: /home/utec/humanoid_ws/install/unitree_go/local/lib/python3.10/dist-packages/unitree_go
[2.716s] -- Up-to-date: /home/utec/humanoid_ws/install/unitree_go/local/lib/python3.10/dist-packages/unitree_go/unitree_go_s__rosidl_typesupport_introspection_c.cpython-310-x86_64-linux-gnu.so
[2.717s] -- Up-to-date: /home/utec/humanoid_ws/install/unitree_go/local/lib/python3.10/dist-packages/unitree_go/_unitree_go_s.ep.rosidl_typesupport_c.c
[2.717s] -- Up-to-date: /home/utec/humanoid_ws/install/unitree_go/local/lib/python3.10/dist-packages/unitree_go/__init__.py
[2.717s] -- Up-to-date: /home/utec/humanoid_ws/install/unitree_go/local/lib/python3.10/dist-packages/unitree_go/unitree_go_s__rosidl_typesupport_fastrtps_c.cpython-310-x86_64-linux-gnu.so
[2.718s] -- Up-to-date: /home/utec/humanoid_ws/install/unitree_go/local/lib/python3.10/dist-packages/unitree_go/libunitree_go__rosidl_generator_py.so
[2.718s] -- Up-to-date: /home/utec/humanoid_ws/install/unitree_go/local/lib/python3.10/dist-packages/unitree_go/_unitree_go_s.ep.rosidl_typesupport_introspection_c.c
[2.718s] -- Up-to-date: /home/utec/humanoid_ws/install/unitree_go/local/lib/python3.10/dist-packages/unitree_go/_unitree_go_s.ep.rosidl_typesupport_fastrtps_c.c
[2.718s] -- Up-to-date: /home/utec/humanoid_ws/install/unitree_go/local/lib/python3.10/dist-packages/unitree_go/msg
[2.718s] -- Up-to-date: /home/utec/humanoid_ws/install/unitree_go/local/lib/python3.10/dist-packages/unitree_go/msg/_imu_state.py
[2.719s] -- Up-to-date: /home/utec/humanoid_ws/install/unitree_go/local/lib/python3.10/dist-packages/unitree_go/msg/_time_spec_s.c
[2.719s] -- Up-to-date: /home/utec/humanoid_ws/install/unitree_go/local/lib/python3.10/dist-packages/unitree_go/msg/_wireless_controller.py
[2.719s] -- Up-to-date: /home/utec/humanoid_ws/install/unitree_go/local/lib/python3.10/dist-packages/unitree_go/msg/_go2_front_video_data.py
[2.719s] -- Up-to-date: /home/utec/humanoid_ws/install/unitree_go/local/lib/python3.10/dist-packages/unitree_go/msg/_sport_mode_cmd.py
[2.719s] -- Up-to-date: /home/utec/humanoid_ws/install/unitree_go/local/lib/python3.10/dist-packages/unitree_go/msg/_error.py
[2.719s] -- Up-to-date: /home/utec/humanoid_ws/install/unitree_go/local/lib/python3.10/dist-packages/unitree_go/msg/_go2_front_video_data_s.c
[2.719s] -- Up-to-date: /home/utec/humanoid_ws/install/unitree_go/local/lib/python3.10/dist-packages/unitree_go/msg/_motor_state.py
[2.719s] -- Up-to-date: /home/utec/humanoid_ws/install/unitree_go/local/lib/python3.10/dist-packages/unitree_go/msg/_low_state_s.c
[2.719s] -- Up-to-date: /home/utec/humanoid_ws/install/unitree_go/local/lib/python3.10/dist-packages/unitree_go/msg/_res_s.c
[2.719s] -- Up-to-date: /home/utec/humanoid_ws/install/unitree_go/local/lib/python3.10/dist-packages/unitree_go/msg/_imu_state_s.c
[2.719s] -- Up-to-date: /home/utec/humanoid_ws/install/unitree_go/local/lib/python3.10/dist-packages/unitree_go/msg/_height_map_s.c
[2.720s] -- Up-to-date: /home/utec/humanoid_ws/install/unitree_go/local/lib/python3.10/dist-packages/unitree_go/msg/_motor_cmd.py
[2.720s] -- Up-to-date: /home/utec/humanoid_ws/install/unitree_go/local/lib/python3.10/dist-packages/unitree_go/msg/_uwb_state_s.c
[2.720s] -- Up-to-date: /home/utec/humanoid_ws/install/unitree_go/local/lib/python3.10/dist-packages/unitree_go/msg/_res.py
[2.720s] -- Up-to-date: /home/utec/humanoid_ws/install/unitree_go/local/lib/python3.10/dist-packages/unitree_go/msg/__init__.py
[2.720s] -- Up-to-date: /home/utec/humanoid_ws/install/unitree_go/local/lib/python3.10/dist-packages/unitree_go/msg/_interface_config.py
[2.720s] -- Up-to-date: /home/utec/humanoid_ws/install/unitree_go/local/lib/python3.10/dist-packages/unitree_go/msg/_low_cmd.py
[2.720s] -- Up-to-date: /home/utec/humanoid_ws/install/unitree_go/local/lib/python3.10/dist-packages/unitree_go/msg/_bms_cmd_s.c
[2.720s] -- Up-to-date: /home/utec/humanoid_ws/install/unitree_go/local/lib/python3.10/dist-packages/unitree_go/msg/_path_point_s.c
[2.720s] -- Up-to-date: /home/utec/humanoid_ws/install/unitree_go/local/lib/python3.10/dist-packages/unitree_go/msg/_audio_data_s.c
[2.721s] -- Up-to-date: /home/utec/humanoid_ws/install/unitree_go/local/lib/python3.10/dist-packages/unitree_go/msg/_motor_state_s.c
[2.721s] -- Up-to-date: /home/utec/humanoid_ws/install/unitree_go/local/lib/python3.10/dist-packages/unitree_go/msg/_interface_config_s.c
[2.721s] -- Up-to-date: /home/utec/humanoid_ws/install/unitree_go/local/lib/python3.10/dist-packages/unitree_go/msg/_uwb_switch_s.c
[2.723s] -- Up-to-date: /home/utec/humanoid_ws/install/unitree_go/local/lib/python3.10/dist-packages/unitree_go/msg/_low_cmd_s.c
[2.724s] -- Up-to-date: /home/utec/humanoid_ws/install/unitree_go/local/lib/python3.10/dist-packages/unitree_go/msg/_uwb_switch.py
[2.724s] -- Up-to-date: /home/utec/humanoid_ws/install/unitree_go/local/lib/python3.10/dist-packages/unitree_go/msg/_low_state.py
[2.724s] -- Up-to-date: /home/utec/humanoid_ws/install/unitree_go/local/lib/python3.10/dist-packages/unitree_go/msg/_sport_mode_state.py
[2.724s] -- Up-to-date: /home/utec/humanoid_ws/install/unitree_go/local/lib/python3.10/dist-packages/unitree_go/msg/_sport_mode_cmd_s.c
[2.724s] -- Up-to-date: /home/utec/humanoid_ws/install/unitree_go/local/lib/python3.10/dist-packages/unitree_go/msg/_bms_state_s.c
[2.724s] -- Up-to-date: /home/utec/humanoid_ws/install/unitree_go/local/lib/python3.10/dist-packages/unitree_go/msg/_req_s.c
[2.725s] -- Up-to-date: /home/utec/humanoid_ws/install/unitree_go/local/lib/python3.10/dist-packages/unitree_go/msg/_height_map.py
[2.725s] -- Up-to-date: /home/utec/humanoid_ws/install/unitree_go/local/lib/python3.10/dist-packages/unitree_go/msg/_motor_states.py
[2.725s] -- Up-to-date: /home/utec/humanoid_ws/install/unitree_go/local/lib/python3.10/dist-packages/unitree_go/msg/_lidar_state_s.c
[2.725s] -- Up-to-date: /home/utec/humanoid_ws/install/unitree_go/local/lib/python3.10/dist-packages/unitree_go/msg/_bms_cmd.py
[2.725s] -- Up-to-date: /home/utec/humanoid_ws/install/unitree_go/local/lib/python3.10/dist-packages/unitree_go/msg/_req.py
[2.725s] -- Up-to-date: /home/utec/humanoid_ws/install/unitree_go/local/lib/python3.10/dist-packages/unitree_go/msg/_time_spec.py
[2.726s] -- Up-to-date: /home/utec/humanoid_ws/install/unitree_go/local/lib/python3.10/dist-packages/unitree_go/msg/_lidar_state.py
[2.726s] -- Up-to-date: /home/utec/humanoid_ws/install/unitree_go/local/lib/python3.10/dist-packages/unitree_go/msg/_wireless_controller_s.c
[2.726s] -- Up-to-date: /home/utec/humanoid_ws/install/unitree_go/local/lib/python3.10/dist-packages/unitree_go/msg/_bms_state.py
[2.726s] -- Up-to-date: /home/utec/humanoid_ws/install/unitree_go/local/lib/python3.10/dist-packages/unitree_go/msg/_motor_cmds.py
[2.726s] -- Up-to-date: /home/utec/humanoid_ws/install/unitree_go/local/lib/python3.10/dist-packages/unitree_go/msg/_sport_mode_state_s.c
[2.728s] -- Up-to-date: /home/utec/humanoid_ws/install/unitree_go/local/lib/python3.10/dist-packages/unitree_go/msg/_motor_states_s.c
[2.728s] -- Up-to-date: /home/utec/humanoid_ws/install/unitree_go/local/lib/python3.10/dist-packages/unitree_go/msg/_uwb_state.py
[2.728s] -- Up-to-date: /home/utec/humanoid_ws/install/unitree_go/local/lib/python3.10/dist-packages/unitree_go/msg/_path_point.py
[2.729s] -- Up-to-date: /home/utec/humanoid_ws/install/unitree_go/local/lib/python3.10/dist-packages/unitree_go/msg/_audio_data.py
[2.729s] -- Up-to-date: /home/utec/humanoid_ws/install/unitree_go/local/lib/python3.10/dist-packages/unitree_go/msg/_motor_cmds_s.c
[2.729s] -- Up-to-date: /home/utec/humanoid_ws/install/unitree_go/local/lib/python3.10/dist-packages/unitree_go/msg/_error_s.c
[2.729s] -- Up-to-date: /home/utec/humanoid_ws/install/unitree_go/local/lib/python3.10/dist-packages/unitree_go/msg/_motor_cmd_s.c
[2.729s] -- Up-to-date: /home/utec/humanoid_ws/install/unitree_go/local/lib/python3.10/dist-packages/unitree_go/unitree_go_s__rosidl_typesupport_c.cpython-310-x86_64-linux-gnu.so
[2.732s] Listing '/home/utec/humanoid_ws/install/unitree_go/local/lib/python3.10/dist-packages/unitree_go'...
[2.732s] Listing '/home/utec/humanoid_ws/install/unitree_go/local/lib/python3.10/dist-packages/unitree_go/msg'...
[2.733s] -- Up-to-date: /home/utec/humanoid_ws/install/unitree_go/local/lib/python3.10/dist-packages/unitree_go/unitree_go_s__rosidl_typesupport_fastrtps_c.cpython-310-x86_64-linux-gnu.so
[2.733s] -- Up-to-date: /home/utec/humanoid_ws/install/unitree_go/local/lib/python3.10/dist-packages/unitree_go/unitree_go_s__rosidl_typesupport_introspection_c.cpython-310-x86_64-linux-gnu.so
[2.733s] -- Up-to-date: /home/utec/humanoid_ws/install/unitree_go/local/lib/python3.10/dist-packages/unitree_go/unitree_go_s__rosidl_typesupport_c.cpython-310-x86_64-linux-gnu.so
[2.733s] -- Up-to-date: /home/utec/humanoid_ws/install/unitree_go/lib/libunitree_go__rosidl_generator_py.so
[2.733s] -- Up-to-date: /home/utec/humanoid_ws/install/unitree_go/share/unitree_go/msg/AudioData.idl
[2.733s] -- Up-to-date: /home/utec/humanoid_ws/install/unitree_go/share/unitree_go/msg/BmsCmd.idl
[2.733s] -- Up-to-date: /home/utec/humanoid_ws/install/unitree_go/share/unitree_go/msg/BmsState.idl
[2.733s] -- Up-to-date: /home/utec/humanoid_ws/install/unitree_go/share/unitree_go/msg/Error.idl
[2.734s] -- Up-to-date: /home/utec/humanoid_ws/install/unitree_go/share/unitree_go/msg/Go2FrontVideoData.idl
[2.734s] -- Up-to-date: /home/utec/humanoid_ws/install/unitree_go/share/unitree_go/msg/HeightMap.idl
[2.734s] -- Up-to-date: /home/utec/humanoid_ws/install/unitree_go/share/unitree_go/msg/IMUState.idl
[2.734s] -- Up-to-date: /home/utec/humanoid_ws/install/unitree_go/share/unitree_go/msg/InterfaceConfig.idl
[2.734s] -- Up-to-date: /home/utec/humanoid_ws/install/unitree_go/share/unitree_go/msg/LidarState.idl
[2.734s] -- Up-to-date: /home/utec/humanoid_ws/install/unitree_go/share/unitree_go/msg/LowCmd.idl
[2.738s] -- Up-to-date: /home/utec/humanoid_ws/install/unitree_go/share/unitree_go/msg/LowState.idl
[2.738s] -- Up-to-date: /home/utec/humanoid_ws/install/unitree_go/share/unitree_go/msg/MotorCmd.idl
[2.739s] -- Up-to-date: /home/utec/humanoid_ws/install/unitree_go/share/unitree_go/msg/MotorCmds.idl
[2.739s] -- Up-to-date: /home/utec/humanoid_ws/install/unitree_go/share/unitree_go/msg/MotorState.idl
[2.739s] -- Up-to-date: /home/utec/humanoid_ws/install/unitree_go/share/unitree_go/msg/MotorStates.idl
[2.739s] -- Up-to-date: /home/utec/humanoid_ws/install/unitree_go/share/unitree_go/msg/PathPoint.idl
[2.739s] -- Up-to-date: /home/utec/humanoid_ws/install/unitree_go/share/unitree_go/msg/Req.idl
[2.740s] -- Up-to-date: /home/utec/humanoid_ws/install/unitree_go/share/unitree_go/msg/Res.idl
[2.740s] -- Up-to-date: /home/utec/humanoid_ws/install/unitree_go/share/unitree_go/msg/SportModeCmd.idl
[2.740s] -- Up-to-date: /home/utec/humanoid_ws/install/unitree_go/share/unitree_go/msg/SportModeState.idl
[2.740s] -- Up-to-date: /home/utec/humanoid_ws/install/unitree_go/share/unitree_go/msg/TimeSpec.idl
[2.740s] -- Up-to-date: /home/utec/humanoid_ws/install/unitree_go/share/unitree_go/msg/UwbState.idl
[2.740s] -- Up-to-date: /home/utec/humanoid_ws/install/unitree_go/share/unitree_go/msg/UwbSwitch.idl
[2.740s] -- Up-to-date: /home/utec/humanoid_ws/install/unitree_go/share/unitree_go/msg/WirelessController.idl
[2.740s] -- Up-to-date: /home/utec/humanoid_ws/install/unitree_go/share/unitree_go/msg/AudioData.msg
[2.740s] -- Up-to-date: /home/utec/humanoid_ws/install/unitree_go/share/unitree_go/msg/BmsCmd.msg
[2.741s] -- Up-to-date: /home/utec/humanoid_ws/install/unitree_go/share/unitree_go/msg/BmsState.msg
[2.741s] -- Up-to-date: /home/utec/humanoid_ws/install/unitree_go/share/unitree_go/msg/Error.msg
[2.741s] -- Up-to-date: /home/utec/humanoid_ws/install/unitree_go/share/unitree_go/msg/Go2FrontVideoData.msg
[2.747s] -- Up-to-date: /home/utec/humanoid_ws/install/unitree_go/share/unitree_go/msg/HeightMap.msg
[2.748s] -- Up-to-date: /home/utec/humanoid_ws/install/unitree_go/share/unitree_go/msg/IMUState.msg
[2.748s] -- Up-to-date: /home/utec/humanoid_ws/install/unitree_go/share/unitree_go/msg/InterfaceConfig.msg
[2.748s] -- Up-to-date: /home/utec/humanoid_ws/install/unitree_go/share/unitree_go/msg/LidarState.msg
[2.748s] -- Up-to-date: /home/utec/humanoid_ws/install/unitree_go/share/unitree_go/msg/LowCmd.msg
[2.748s] -- Up-to-date: /home/utec/humanoid_ws/install/unitree_go/share/unitree_go/msg/LowState.msg
[2.748s] -- Up-to-date: /home/utec/humanoid_ws/install/unitree_go/share/unitree_go/msg/MotorCmd.msg
[2.748s] -- Up-to-date: /home/utec/humanoid_ws/install/unitree_go/share/unitree_go/msg/MotorCmds.msg
[2.748s] -- Up-to-date: /home/utec/humanoid_ws/install/unitree_go/share/unitree_go/msg/MotorState.msg
[2.748s] -- Up-to-date: /home/utec/humanoid_ws/install/unitree_go/share/unitree_go/msg/MotorStates.msg
[2.749s] -- Up-to-date: /home/utec/humanoid_ws/install/unitree_go/share/unitree_go/msg/PathPoint.msg
[2.749s] -- Up-to-date: /home/utec/humanoid_ws/install/unitree_go/share/unitree_go/msg/Req.msg
[2.749s] -- Up-to-date: /home/utec/humanoid_ws/install/unitree_go/share/unitree_go/msg/Res.msg
[2.749s] -- Up-to-date: /home/utec/humanoid_ws/install/unitree_go/share/unitree_go/msg/SportModeCmd.msg
[2.749s] -- Up-to-date: /home/utec/humanoid_ws/install/unitree_go/share/unitree_go/msg/SportModeState.msg
[2.749s] -- Up-to-date: /home/utec/humanoid_ws/install/unitree_go/share/unitree_go/msg/TimeSpec.msg
[2.749s] -- Up-to-date: /home/utec/humanoid_ws/install/unitree_go/share/unitree_go/msg/UwbState.msg
[2.749s] -- Up-to-date: /home/utec/humanoid_ws/install/unitree_go/share/unitree_go/msg/UwbSwitch.msg
[2.749s] -- Up-to-date: /home/utec/humanoid_ws/install/unitree_go/share/unitree_go/msg/WirelessController.msg
[2.749s] -- Up-to-date: /home/utec/humanoid_ws/install/unitree_go/share/unitree_go/msg/dds_connext
[2.750s] -- Up-to-date: /home/utec/humanoid_ws/install/unitree_go/share/unitree_go/msg/dds_connext/MotorStates_.idl
[2.750s] -- Up-to-date: /home/utec/humanoid_ws/install/unitree_go/share/unitree_go/msg/dds_connext/Go2FrontVideoData_.idl
[2.750s] -- Up-to-date: /home/utec/humanoid_ws/install/unitree_go/share/unitree_go/msg/dds_connext/IMUState_.idl
[2.750s] -- Up-to-date: /home/utec/humanoid_ws/install/unitree_go/share/unitree_go/msg/dds_connext/PathPoint_.idl
[2.750s] -- Up-to-date: /home/utec/humanoid_ws/install/unitree_go/share/unitree_go/msg/dds_connext/UwbSwitch_.idl
[2.750s] -- Up-to-date: /home/utec/humanoid_ws/install/unitree_go/share/unitree_go/msg/dds_connext/UwbState_.idl
[2.750s] -- Up-to-date: /home/utec/humanoid_ws/install/unitree_go/share/unitree_go/msg/dds_connext/MotorCmds_.idl
[2.750s] -- Up-to-date: /home/utec/humanoid_ws/install/unitree_go/share/unitree_go/msg/dds_connext/Error_.idl
[2.750s] -- Up-to-date: /home/utec/humanoid_ws/install/unitree_go/share/unitree_go/msg/dds_connext/Res_.idl
[2.750s] -- Up-to-date: /home/utec/humanoid_ws/install/unitree_go/share/unitree_go/msg/dds_connext/Req_.idl
[2.751s] -- Up-to-date: /home/utec/humanoid_ws/install/unitree_go/share/unitree_go/msg/dds_connext/LidarState_.idl
[2.751s] -- Up-to-date: /home/utec/humanoid_ws/install/unitree_go/share/unitree_go/msg/dds_connext/AudioData_.idl
[2.753s] -- Up-to-date: /home/utec/humanoid_ws/install/unitree_go/share/unitree_go/msg/dds_connext/MotorState_.idl
[2.753s] -- Up-to-date: /home/utec/humanoid_ws/install/unitree_go/share/unitree_go/msg/dds_connext/WirelessController_.idl
[2.753s] -- Up-to-date: /home/utec/humanoid_ws/install/unitree_go/share/unitree_go/msg/dds_connext/BmsCmd_.idl
[2.753s] -- Up-to-date: /home/utec/humanoid_ws/install/unitree_go/share/unitree_go/msg/dds_connext/SportModeCmd_.idl
[2.753s] -- Up-to-date: /home/utec/humanoid_ws/install/unitree_go/share/unitree_go/msg/dds_connext/LowCmd_.idl
[2.755s] -- Up-to-date: /home/utec/humanoid_ws/install/unitree_go/share/unitree_go/msg/dds_connext/BmsState_.idl
[2.756s] -- Up-to-date: /home/utec/humanoid_ws/install/unitree_go/share/unitree_go/msg/dds_connext/SportModeState_.idl
[2.756s] -- Up-to-date: /home/utec/humanoid_ws/install/unitree_go/share/unitree_go/msg/dds_connext/HeightMap_.idl
[2.756s] -- Up-to-date: /home/utec/humanoid_ws/install/unitree_go/share/unitree_go/msg/dds_connext/MotorCmd_.idl
[2.756s] -- Up-to-date: /home/utec/humanoid_ws/install/unitree_go/share/unitree_go/msg/dds_connext/InterfaceConfig_.idl
[2.756s] -- Up-to-date: /home/utec/humanoid_ws/install/unitree_go/share/unitree_go/msg/dds_connext/TimeSpec_.idl
[2.756s] -- Up-to-date: /home/utec/humanoid_ws/install/unitree_go/share/unitree_go/msg/dds_connext/LowState_.idl
[2.756s] -- Up-to-date: /home/utec/humanoid_ws/install/unitree_go/share/ament_index/resource_index/package_run_dependencies/unitree_go
[2.756s] -- Up-to-date: /home/utec/humanoid_ws/install/unitree_go/share/ament_index/resource_index/parent_prefix_path/unitree_go
[2.757s] -- Up-to-date: /home/utec/humanoid_ws/install/unitree_go/share/unitree_go/environment/ament_prefix_path.sh
[2.757s] -- Up-to-date: /home/utec/humanoid_ws/install/unitree_go/share/unitree_go/environment/ament_prefix_path.dsv
[2.757s] -- Up-to-date: /home/utec/humanoid_ws/install/unitree_go/share/unitree_go/environment/path.sh
[2.757s] -- Up-to-date: /home/utec/humanoid_ws/install/unitree_go/share/unitree_go/environment/path.dsv
[2.757s] -- Up-to-date: /home/utec/humanoid_ws/install/unitree_go/share/unitree_go/local_setup.bash
[2.757s] -- Up-to-date: /home/utec/humanoid_ws/install/unitree_go/share/unitree_go/local_setup.sh
[2.757s] -- Up-to-date: /home/utec/humanoid_ws/install/unitree_go/share/unitree_go/local_setup.zsh
[2.757s] -- Up-to-date: /home/utec/humanoid_ws/install/unitree_go/share/unitree_go/local_setup.dsv
[2.757s] -- Installing: /home/utec/humanoid_ws/install/unitree_go/share/unitree_go/package.dsv
[2.757s] -- Up-to-date: /home/utec/humanoid_ws/install/unitree_go/share/ament_index/resource_index/packages/unitree_go
[2.758s] -- Up-to-date: /home/utec/humanoid_ws/install/unitree_go/share/unitree_go/cmake/export_unitree_go__rosidl_generator_cExport.cmake
[2.758s] -- Up-to-date: /home/utec/humanoid_ws/install/unitree_go/share/unitree_go/cmake/export_unitree_go__rosidl_generator_cExport-noconfig.cmake
[2.758s] -- Up-to-date: /home/utec/humanoid_ws/install/unitree_go/share/unitree_go/cmake/export_unitree_go__rosidl_typesupport_fastrtps_cExport.cmake
[2.764s] -- Up-to-date: /home/utec/humanoid_ws/install/unitree_go/share/unitree_go/cmake/export_unitree_go__rosidl_typesupport_fastrtps_cExport-noconfig.cmake
[2.764s] -- Up-to-date: /home/utec/humanoid_ws/install/unitree_go/share/unitree_go/cmake/export_unitree_go__rosidl_generator_cppExport.cmake
[2.764s] -- Up-to-date: /home/utec/humanoid_ws/install/unitree_go/share/unitree_go/cmake/export_unitree_go__rosidl_typesupport_fastrtps_cppExport.cmake
[2.765s] -- Up-to-date: /home/utec/humanoid_ws/install/unitree_go/share/unitree_go/cmake/export_unitree_go__rosidl_typesupport_fastrtps_cppExport-noconfig.cmake
[2.765s] -- Up-to-date: /home/utec/humanoid_ws/install/unitree_go/share/unitree_go/cmake/unitree_go__rosidl_typesupport_introspection_cExport.cmake
[2.765s] -- Up-to-date: /home/utec/humanoid_ws/install/unitree_go/share/unitree_go/cmake/unitree_go__rosidl_typesupport_introspection_cExport-noconfig.cmake
[2.765s] -- Up-to-date: /home/utec/humanoid_ws/install/unitree_go/share/unitree_go/cmake/unitree_go__rosidl_typesupport_cExport.cmake
[2.765s] -- Up-to-date: /home/utec/humanoid_ws/install/unitree_go/share/unitree_go/cmake/unitree_go__rosidl_typesupport_cExport-noconfig.cmake
[2.766s] -- Up-to-date: /home/utec/humanoid_ws/install/unitree_go/share/unitree_go/cmake/unitree_go__rosidl_typesupport_introspection_cppExport.cmake
[2.766s] -- Up-to-date: /home/utec/humanoid_ws/install/unitree_go/share/unitree_go/cmake/unitree_go__rosidl_typesupport_introspection_cppExport-noconfig.cmake
[2.766s] -- Up-to-date: /home/utec/humanoid_ws/install/unitree_go/share/unitree_go/cmake/unitree_go__rosidl_typesupport_cppExport.cmake
[2.766s] -- Up-to-date: /home/utec/humanoid_ws/install/unitree_go/share/unitree_go/cmake/unitree_go__rosidl_typesupport_cppExport-noconfig.cmake
[2.766s] -- Up-to-date: /home/utec/humanoid_ws/install/unitree_go/share/unitree_go/cmake/export_unitree_go__rosidl_generator_pyExport.cmake
[2.766s] -- Up-to-date: /home/utec/humanoid_ws/install/unitree_go/share/unitree_go/cmake/export_unitree_go__rosidl_generator_pyExport-noconfig.cmake
[2.767s] -- Up-to-date: /home/utec/humanoid_ws/install/unitree_go/share/unitree_go/cmake/rosidl_cmake-extras.cmake
[2.767s] -- Up-to-date: /home/utec/humanoid_ws/install/unitree_go/share/unitree_go/cmake/ament_cmake_export_dependencies-extras.cmake
[2.767s] -- Up-to-date: /home/utec/humanoid_ws/install/unitree_go/share/unitree_go/cmake/ament_cmake_export_include_directories-extras.cmake
[2.767s] -- Up-to-date: /home/utec/humanoid_ws/install/unitree_go/share/unitree_go/cmake/ament_cmake_export_libraries-extras.cmake
[2.767s] -- Up-to-date: /home/utec/humanoid_ws/install/unitree_go/share/unitree_go/cmake/ament_cmake_export_targets-extras.cmake
[2.767s] -- Up-to-date: /home/utec/humanoid_ws/install/unitree_go/share/unitree_go/cmake/rosidl_cmake_export_typesupport_targets-extras.cmake
[2.767s] -- Up-to-date: /home/utec/humanoid_ws/install/unitree_go/share/unitree_go/cmake/rosidl_cmake_export_typesupport_libraries-extras.cmake
[2.767s] -- Up-to-date: /home/utec/humanoid_ws/install/unitree_go/share/unitree_go/cmake/unitree_goConfig.cmake
[2.767s] -- Up-to-date: /home/utec/humanoid_ws/install/unitree_go/share/unitree_go/cmake/unitree_goConfig-version.cmake
[2.767s] -- Up-to-date: /home/utec/humanoid_ws/install/unitree_go/share/unitree_go/package.xml
[2.768s] Invoked command in '/home/utec/humanoid_ws/build/unitree_go' returned '0': CMAKE_PREFIX_PATH=${CMAKE_PREFIX_PATH}:/home/utec/humanoid_ws/install/pycodes_h1:/home/utec/humanoid_ws/install/h1_2_model:/home/utec/humanoid_ws/install/h1_2_algoritms:/opt/ros/humble /usr/bin/cmake --install /home/utec/humanoid_ws/build/unitree_go
