[0.330s] Invoking command in '/home/utec/humanoid_ws/build/unitree_ros2_example': CMAKE_PREFIX_PATH=/home/utec/humanoid_ws/install/unitree_hg:/home/utec/humanoid_ws/install/unitree_go:/home/utec/humanoid_ws/install/unitree_api:/home/utec/humanoid_ws/install/unitree_ros2_example:/home/utec/humanoid_ws/install/h1_2_interface:/home/utec/humanoid_ws/install/h1_2_description:/home/utec/humanoid_ws/install/pycodes_h1:/home/utec/humanoid_ws/install/h1_2_real:/home/utec/humanoid_ws/install/h1_2_model:/home/utec/humanoid_ws/install/h1_2_algoritms:/opt/ros/humble /usr/bin/cmake --build /home/utec/humanoid_ws/build/unitree_ros2_example -- -j8 -l8
[0.440s] [  3%] Built target read_low_state
[0.442s] [  8%] Built target low_level_ctrl
[0.455s] [ 10%] [32mBuilding CXX object CMakeFiles/low_level_ctrl_hg.dir/src/h1-2/lowlevel/low_level_ctrl_hg.cpp.o[0m
[0.455s] [ 13%] Built target read_motion_state
[0.465s] [ 17%] Built target read_low_state_hg
[0.469s] [ 22%] Built target g1_low_level_example
[0.470s] [ 27%] Built target go2_sport_client
[0.489s] [ 31%] Built target read_wireless_controller
[0.566s] [ 37%] Built target g1_arm_sdk_dds_example
[0.566s] [ 41%] Built target go2_stand_example
[0.566s] [ 46%] Built target go2_robot_state_client
[0.606s] [ 53%] Built target g1_dex3_example
[0.606s] [ 62%] Built target g1_loco_client_example
[0.606s] [ 62%] Built target g1_arm_action_example
[0.639s] [ 67%] Built target g1_ankle_swing_example
[0.651s] [ 70%] Built target g1_audio_client_example
[0.667s] [ 75%] Built target b2w_sport_client
[0.680s] [ 81%] Built target b2w_stand_example
[0.691s] [ 86%] Built target b2_sport_client
[0.698s] [ 91%] Built target g1_dual_arm_example
[0.700s] [ 96%] Built target b2_stand_example
[9.391s] [ 98%] [32m[1mLinking CXX executable low_level_ctrl_hg[0m
[9.838s] [100%] Built target low_level_ctrl_hg
[9.849s] Invoked command in '/home/utec/humanoid_ws/build/unitree_ros2_example' returned '0': CMAKE_PREFIX_PATH=/home/utec/humanoid_ws/install/unitree_hg:/home/utec/humanoid_ws/install/unitree_go:/home/utec/humanoid_ws/install/unitree_api:/home/utec/humanoid_ws/install/unitree_ros2_example:/home/utec/humanoid_ws/install/h1_2_interface:/home/utec/humanoid_ws/install/h1_2_description:/home/utec/humanoid_ws/install/pycodes_h1:/home/utec/humanoid_ws/install/h1_2_real:/home/utec/humanoid_ws/install/h1_2_model:/home/utec/humanoid_ws/install/h1_2_algoritms:/opt/ros/humble /usr/bin/cmake --build /home/utec/humanoid_ws/build/unitree_ros2_example -- -j8 -l8
[9.851s] Invoking command in '/home/utec/humanoid_ws/build/unitree_ros2_example': CMAKE_PREFIX_PATH=/home/utec/humanoid_ws/install/unitree_hg:/home/utec/humanoid_ws/install/unitree_go:/home/utec/humanoid_ws/install/unitree_api:/home/utec/humanoid_ws/install/unitree_ros2_example:/home/utec/humanoid_ws/install/h1_2_interface:/home/utec/humanoid_ws/install/h1_2_description:/home/utec/humanoid_ws/install/pycodes_h1:/home/utec/humanoid_ws/install/h1_2_real:/home/utec/humanoid_ws/install/h1_2_model:/home/utec/humanoid_ws/install/h1_2_algoritms:/opt/ros/humble /usr/bin/cmake --install /home/utec/humanoid_ws/build/unitree_ros2_example
[9.857s] -- Install configuration: ""
[9.858s] -- Up-to-date: /home/utec/humanoid_ws/install/unitree_ros2_example/lib/low_level_ctrl
[9.858s] -- Installing: /home/utec/humanoid_ws/install/unitree_ros2_example/lib/low_level_ctrl_hg
[9.862s] -- Set runtime path of "/home/utec/humanoid_ws/install/unitree_ros2_example/lib/low_level_ctrl_hg" to ""
[9.862s] -- Up-to-date: /home/utec/humanoid_ws/install/unitree_ros2_example/lib/g1_low_level_example
[9.862s] -- Up-to-date: /home/utec/humanoid_ws/install/unitree_ros2_example/lib/read_low_state
[9.863s] -- Up-to-date: /home/utec/humanoid_ws/install/unitree_ros2_example/lib/read_low_state_hg
[9.863s] -- Up-to-date: /home/utec/humanoid_ws/install/unitree_ros2_example/lib/read_motion_state
[9.863s] -- Up-to-date: /home/utec/humanoid_ws/install/unitree_ros2_example/lib/read_wireless_controller
[9.864s] -- Up-to-date: /home/utec/humanoid_ws/install/unitree_ros2_example/lib/go2_sport_client
[9.864s] -- Up-to-date: /home/utec/humanoid_ws/install/unitree_ros2_example/lib/go2_stand_example
[9.864s] -- Up-to-date: /home/utec/humanoid_ws/install/unitree_ros2_example/bin/go2_robot_state_client
[9.865s] -- Up-to-date: /home/utec/humanoid_ws/install/unitree_ros2_example/bin/g1_arm_sdk_dds_example
[9.865s] -- Up-to-date: /home/utec/humanoid_ws/install/unitree_ros2_example/bin/g1_arm_action_example
[9.865s] -- Up-to-date: /home/utec/humanoid_ws/install/unitree_ros2_example/bin/g1_dex3_example
[9.865s] -- Up-to-date: /home/utec/humanoid_ws/install/unitree_ros2_example/bin/g1_loco_client_example
[9.866s] -- Up-to-date: /home/utec/humanoid_ws/install/unitree_ros2_example/bin/g1_ankle_swing_example
[9.866s] -- Up-to-date: /home/utec/humanoid_ws/install/unitree_ros2_example/bin/g1_dual_arm_example
[9.867s] -- Up-to-date: /home/utec/humanoid_ws/install/unitree_ros2_example/bin/g1_audio_client_example
[9.867s] -- Up-to-date: /home/utec/humanoid_ws/install/unitree_ros2_example/share/ament_index/resource_index/package_run_dependencies/unitree_ros2_example
[9.867s] -- Up-to-date: /home/utec/humanoid_ws/install/unitree_ros2_example/share/ament_index/resource_index/parent_prefix_path/unitree_ros2_example
[9.867s] -- Up-to-date: /home/utec/humanoid_ws/install/unitree_ros2_example/share/unitree_ros2_example/environment/ament_prefix_path.sh
[9.867s] -- Up-to-date: /home/utec/humanoid_ws/install/unitree_ros2_example/share/unitree_ros2_example/environment/ament_prefix_path.dsv
[9.867s] -- Up-to-date: /home/utec/humanoid_ws/install/unitree_ros2_example/share/unitree_ros2_example/environment/path.sh
[9.867s] -- Up-to-date: /home/utec/humanoid_ws/install/unitree_ros2_example/share/unitree_ros2_example/environment/path.dsv
[9.867s] -- Up-to-date: /home/utec/humanoid_ws/install/unitree_ros2_example/share/unitree_ros2_example/local_setup.bash
[9.867s] -- Up-to-date: /home/utec/humanoid_ws/install/unitree_ros2_example/share/unitree_ros2_example/local_setup.sh
[9.867s] -- Up-to-date: /home/utec/humanoid_ws/install/unitree_ros2_example/share/unitree_ros2_example/local_setup.zsh
[9.868s] -- Up-to-date: /home/utec/humanoid_ws/install/unitree_ros2_example/share/unitree_ros2_example/local_setup.dsv
[9.868s] -- Installing: /home/utec/humanoid_ws/install/unitree_ros2_example/share/unitree_ros2_example/package.dsv
[9.868s] -- Up-to-date: /home/utec/humanoid_ws/install/unitree_ros2_example/share/ament_index/resource_index/packages/unitree_ros2_example
[9.868s] -- Up-to-date: /home/utec/humanoid_ws/install/unitree_ros2_example/share/unitree_ros2_example/cmake/unitree_ros2_exampleConfig.cmake
[9.868s] -- Up-to-date: /home/utec/humanoid_ws/install/unitree_ros2_example/share/unitree_ros2_example/cmake/unitree_ros2_exampleConfig-version.cmake
[9.868s] -- Up-to-date: /home/utec/humanoid_ws/install/unitree_ros2_example/share/unitree_ros2_example/package.xml
[9.870s] Invoked command in '/home/utec/humanoid_ws/build/unitree_ros2_example' returned '0': CMAKE_PREFIX_PATH=/home/utec/humanoid_ws/install/unitree_hg:/home/utec/humanoid_ws/install/unitree_go:/home/utec/humanoid_ws/install/unitree_api:/home/utec/humanoid_ws/install/unitree_ros2_example:/home/utec/humanoid_ws/install/h1_2_interface:/home/utec/humanoid_ws/install/h1_2_description:/home/utec/humanoid_ws/install/pycodes_h1:/home/utec/humanoid_ws/install/h1_2_real:/home/utec/humanoid_ws/install/h1_2_model:/home/utec/humanoid_ws/install/h1_2_algoritms:/opt/ros/humble /usr/bin/cmake --install /home/utec/humanoid_ws/build/unitree_ros2_example
