[0.969s] Invoking command in '/home/utec/humanoid_ws/src/h1_2_algoritms': PYTHONPATH=/home/utec/humanoid_ws/build/h1_2_algoritms/prefix_override:/usr/lib/python3/dist-packages/colcon_core/task/python/colcon_distutils_commands:/home/utec/humanoid_ws/install/h1_2_algoritms/lib/python3.10/site-packages:${PYTHONPATH} /usr/bin/python3 -W ignore:setup.py install is deprecated -W ignore:easy_install command is deprecated setup.py egg_info --egg-base ../../build/h1_2_algoritms build --build-base /home/utec/humanoid_ws/build/h1_2_algoritms/build install --record /home/utec/humanoid_ws/build/h1_2_algoritms/install.log --single-version-externally-managed install_data
[1.336s] running egg_info
[1.336s] creating ../../build/h1_2_algoritms/h1_2_algoritms.egg-info
[1.337s] writing ../../build/h1_2_algoritms/h1_2_algoritms.egg-info/PKG-INFO
[1.337s] writing dependency_links to ../../build/h1_2_algoritms/h1_2_algoritms.egg-info/dependency_links.txt
[1.337s] writing entry points to ../../build/h1_2_algoritms/h1_2_algoritms.egg-info/entry_points.txt
[1.337s] writing requirements to ../../build/h1_2_algoritms/h1_2_algoritms.egg-info/requires.txt
[1.337s] writing top-level names to ../../build/h1_2_algoritms/h1_2_algoritms.egg-info/top_level.txt
[1.338s] writing manifest file '../../build/h1_2_algoritms/h1_2_algoritms.egg-info/SOURCES.txt'
[1.339s] reading manifest file '../../build/h1_2_algoritms/h1_2_algoritms.egg-info/SOURCES.txt'
[1.340s] writing manifest file '../../build/h1_2_algoritms/h1_2_algoritms.egg-info/SOURCES.txt'
[1.340s] running build
[1.340s] running build_py
[1.341s] creating /home/utec/humanoid_ws/build/h1_2_algoritms/build
[1.341s] creating /home/utec/humanoid_ws/build/h1_2_algoritms/build/lib
[1.341s] creating /home/utec/humanoid_ws/build/h1_2_algoritms/build/lib/h1_2_algoritms
[1.341s] copying h1_2_algoritms/fk_whole_body_h1_2.py -> /home/utec/humanoid_ws/build/h1_2_algoritms/build/lib/h1_2_algoritms
[1.341s] copying h1_2_algoritms/__init__.py -> /home/utec/humanoid_ws/build/h1_2_algoritms/build/lib/h1_2_algoritms
[1.341s] copying h1_2_algoritms/fk_functions.py -> /home/utec/humanoid_ws/build/h1_2_algoritms/build/lib/h1_2_algoritms
[1.341s] copying h1_2_algoritms/markers.py -> /home/utec/humanoid_ws/build/h1_2_algoritms/build/lib/h1_2_algoritms
[1.341s] running install
[1.342s] running install_lib
[1.343s] creating /home/utec/humanoid_ws/install/h1_2_algoritms/lib/python3.10/site-packages/h1_2_algoritms
[1.343s] copying /home/utec/humanoid_ws/build/h1_2_algoritms/build/lib/h1_2_algoritms/fk_whole_body_h1_2.py -> /home/utec/humanoid_ws/install/h1_2_algoritms/lib/python3.10/site-packages/h1_2_algoritms
[1.343s] copying /home/utec/humanoid_ws/build/h1_2_algoritms/build/lib/h1_2_algoritms/__init__.py -> /home/utec/humanoid_ws/install/h1_2_algoritms/lib/python3.10/site-packages/h1_2_algoritms
[1.343s] copying /home/utec/humanoid_ws/build/h1_2_algoritms/build/lib/h1_2_algoritms/fk_functions.py -> /home/utec/humanoid_ws/install/h1_2_algoritms/lib/python3.10/site-packages/h1_2_algoritms
[1.343s] copying /home/utec/humanoid_ws/build/h1_2_algoritms/build/lib/h1_2_algoritms/markers.py -> /home/utec/humanoid_ws/install/h1_2_algoritms/lib/python3.10/site-packages/h1_2_algoritms
[1.344s] byte-compiling /home/utec/humanoid_ws/install/h1_2_algoritms/lib/python3.10/site-packages/h1_2_algoritms/fk_whole_body_h1_2.py to fk_whole_body_h1_2.cpython-310.pyc
[1.345s] byte-compiling /home/utec/humanoid_ws/install/h1_2_algoritms/lib/python3.10/site-packages/h1_2_algoritms/__init__.py to __init__.cpython-310.pyc
[1.345s] byte-compiling /home/utec/humanoid_ws/install/h1_2_algoritms/lib/python3.10/site-packages/h1_2_algoritms/fk_functions.py to fk_functions.cpython-310.pyc
[1.346s] byte-compiling /home/utec/humanoid_ws/install/h1_2_algoritms/lib/python3.10/site-packages/h1_2_algoritms/markers.py to markers.cpython-310.pyc
[1.347s] running install_data
[1.347s] creating /home/utec/humanoid_ws/install/h1_2_algoritms/share/ament_index
[1.347s] creating /home/utec/humanoid_ws/install/h1_2_algoritms/share/ament_index/resource_index
[1.347s] creating /home/utec/humanoid_ws/install/h1_2_algoritms/share/ament_index/resource_index/packages
[1.347s] copying resource/h1_2_algoritms -> /home/utec/humanoid_ws/install/h1_2_algoritms/share/ament_index/resource_index/packages
[1.347s] copying package.xml -> /home/utec/humanoid_ws/install/h1_2_algoritms/share/h1_2_algoritms
[1.347s] running install_egg_info
[1.349s] Copying ../../build/h1_2_algoritms/h1_2_algoritms.egg-info to /home/utec/humanoid_ws/install/h1_2_algoritms/lib/python3.10/site-packages/h1_2_algoritms-0.0.0-py3.10.egg-info
[1.350s] running install_scripts
[1.384s] writing list of installed files to '/home/utec/humanoid_ws/build/h1_2_algoritms/install.log'
[1.523s] Invoked command in '/home/utec/humanoid_ws/src/h1_2_algoritms' returned '0': PYTHONPATH=/home/utec/humanoid_ws/build/h1_2_algoritms/prefix_override:/usr/lib/python3/dist-packages/colcon_core/task/python/colcon_distutils_commands:/home/utec/humanoid_ws/install/h1_2_algoritms/lib/python3.10/site-packages:${PYTHONPATH} /usr/bin/python3 -W ignore:setup.py install is deprecated -W ignore:easy_install command is deprecated setup.py egg_info --egg-base ../../build/h1_2_algoritms build --build-base /home/utec/humanoid_ws/build/h1_2_algoritms/build install --record /home/utec/humanoid_ws/build/h1_2_algoritms/install.log --single-version-externally-managed install_data
