[0.657s] Invoking command in '/home/utec/humanoid_ws/build/unitree_ros2_example': CMAKE_PREFIX_PATH=/home/utec/humanoid_ws/install/unitree_hg:/home/utec/humanoid_ws/install/unitree_go:/home/utec/humanoid_ws/install/unitree_api:/home/utec/humanoid_ws/install/unitree_ros2_example:/home/utec/humanoid_ws/install/h1_2_interface:/home/utec/humanoid_ws/install/h1_2_description:/home/utec/humanoid_ws/install/pycodes_h1:/home/utec/humanoid_ws/install/h1_2_model:/opt/ros/humble /usr/bin/cmake --build /home/utec/humanoid_ws/build/unitree_ros2_example -- -j8 -l8
[0.852s] [  5%] Built target low_level_ctrl_hg
[0.866s] [  8%] Built target read_motion_state
[0.886s] [ 12%] Built target read_low_state
[0.925s] [ 15%] Built target read_low_state_hg
[0.939s] [ 18%] Built target read_wireless_controller
[0.955s] [ 24%] Built target go2_sport_client
[0.979s] [ 31%] Built target g1_low_level_example
[0.981s] [ 34%] Built target low_level_ctrl
[1.022s] [ 39%] Built target go2_robot_state_client
[1.057s] [ 44%] Built target go2_stand_example
[1.089s] [ 50%] Built target g1_arm_action_example
[1.100s] [ 55%] Built target g1_dex3_example
[1.128s] [ 60%] Built target g1_arm_sdk_dds_example
[1.157s] [ 65%] Built target g1_ankle_swing_example
[1.199s] [ 70%] Built target b2w_sport_client
[1.199s] [ 75%] Built target g1_loco_client_example
[1.208s] [ 79%] Built target g1_audio_client_example
[1.212s] [ 84%] Built target b2w_stand_example
[1.230s] [ 89%] Built target b2_sport_client
[1.265s] [ 94%] Built target b2_stand_example
[1.268s] [100%] Built target g1_dual_arm_example
[1.321s] Invoked command in '/home/utec/humanoid_ws/build/unitree_ros2_example' returned '0': CMAKE_PREFIX_PATH=/home/utec/humanoid_ws/install/unitree_hg:/home/utec/humanoid_ws/install/unitree_go:/home/utec/humanoid_ws/install/unitree_api:/home/utec/humanoid_ws/install/unitree_ros2_example:/home/utec/humanoid_ws/install/h1_2_interface:/home/utec/humanoid_ws/install/h1_2_description:/home/utec/humanoid_ws/install/pycodes_h1:/home/utec/humanoid_ws/install/h1_2_model:/opt/ros/humble /usr/bin/cmake --build /home/utec/humanoid_ws/build/unitree_ros2_example -- -j8 -l8
[1.329s] Invoking command in '/home/utec/humanoid_ws/build/unitree_ros2_example': CMAKE_PREFIX_PATH=/home/utec/humanoid_ws/install/unitree_hg:/home/utec/humanoid_ws/install/unitree_go:/home/utec/humanoid_ws/install/unitree_api:/home/utec/humanoid_ws/install/unitree_ros2_example:/home/utec/humanoid_ws/install/h1_2_interface:/home/utec/humanoid_ws/install/h1_2_description:/home/utec/humanoid_ws/install/pycodes_h1:/home/utec/humanoid_ws/install/h1_2_model:/opt/ros/humble /usr/bin/cmake --install /home/utec/humanoid_ws/build/unitree_ros2_example
[1.347s] -- Install configuration: ""
[1.347s] -- Up-to-date: /home/utec/humanoid_ws/install/unitree_ros2_example/lib/low_level_ctrl
[1.348s] -- Up-to-date: /home/utec/humanoid_ws/install/unitree_ros2_example/lib/low_level_ctrl_hg
[1.349s] -- Up-to-date: /home/utec/humanoid_ws/install/unitree_ros2_example/lib/g1_low_level_example
[1.349s] -- Up-to-date: /home/utec/humanoid_ws/install/unitree_ros2_example/lib/read_low_state
[1.350s] -- Up-to-date: /home/utec/humanoid_ws/install/unitree_ros2_example/lib/read_low_state_hg
[1.350s] -- Up-to-date: /home/utec/humanoid_ws/install/unitree_ros2_example/lib/read_motion_state
[1.351s] -- Up-to-date: /home/utec/humanoid_ws/install/unitree_ros2_example/lib/read_wireless_controller
[1.351s] -- Up-to-date: /home/utec/humanoid_ws/install/unitree_ros2_example/lib/go2_sport_client
[1.353s] -- Up-to-date: /home/utec/humanoid_ws/install/unitree_ros2_example/lib/go2_stand_example
[1.353s] -- Up-to-date: /home/utec/humanoid_ws/install/unitree_ros2_example/bin/go2_robot_state_client
[1.353s] -- Up-to-date: /home/utec/humanoid_ws/install/unitree_ros2_example/bin/g1_arm_sdk_dds_example
[1.357s] -- Up-to-date: /home/utec/humanoid_ws/install/unitree_ros2_example/bin/g1_arm_action_example
[1.357s] -- Up-to-date: /home/utec/humanoid_ws/install/unitree_ros2_example/bin/g1_dex3_example
[1.357s] -- Up-to-date: /home/utec/humanoid_ws/install/unitree_ros2_example/bin/g1_loco_client_example
[1.358s] -- Up-to-date: /home/utec/humanoid_ws/install/unitree_ros2_example/bin/g1_ankle_swing_example
[1.361s] -- Up-to-date: /home/utec/humanoid_ws/install/unitree_ros2_example/bin/g1_dual_arm_example
[1.372s] -- Up-to-date: /home/utec/humanoid_ws/install/unitree_ros2_example/bin/g1_audio_client_example
[1.372s] -- Up-to-date: /home/utec/humanoid_ws/install/unitree_ros2_example/share/ament_index/resource_index/package_run_dependencies/unitree_ros2_example
[1.373s] -- Up-to-date: /home/utec/humanoid_ws/install/unitree_ros2_example/share/ament_index/resource_index/parent_prefix_path/unitree_ros2_example
[1.373s] -- Up-to-date: /home/utec/humanoid_ws/install/unitree_ros2_example/share/unitree_ros2_example/environment/ament_prefix_path.sh
[1.373s] -- Up-to-date: /home/utec/humanoid_ws/install/unitree_ros2_example/share/unitree_ros2_example/environment/ament_prefix_path.dsv
[1.373s] -- Up-to-date: /home/utec/humanoid_ws/install/unitree_ros2_example/share/unitree_ros2_example/environment/path.sh
[1.373s] -- Up-to-date: /home/utec/humanoid_ws/install/unitree_ros2_example/share/unitree_ros2_example/environment/path.dsv
[1.373s] -- Up-to-date: /home/utec/humanoid_ws/install/unitree_ros2_example/share/unitree_ros2_example/local_setup.bash
[1.373s] -- Up-to-date: /home/utec/humanoid_ws/install/unitree_ros2_example/share/unitree_ros2_example/local_setup.sh
[1.373s] -- Up-to-date: /home/utec/humanoid_ws/install/unitree_ros2_example/share/unitree_ros2_example/local_setup.zsh
[1.373s] -- Up-to-date: /home/utec/humanoid_ws/install/unitree_ros2_example/share/unitree_ros2_example/local_setup.dsv
[1.374s] -- Installing: /home/utec/humanoid_ws/install/unitree_ros2_example/share/unitree_ros2_example/package.dsv
[1.374s] -- Up-to-date: /home/utec/humanoid_ws/install/unitree_ros2_example/share/ament_index/resource_index/packages/unitree_ros2_example
[1.374s] -- Up-to-date: /home/utec/humanoid_ws/install/unitree_ros2_example/share/unitree_ros2_example/cmake/unitree_ros2_exampleConfig.cmake
[1.374s] -- Up-to-date: /home/utec/humanoid_ws/install/unitree_ros2_example/share/unitree_ros2_example/cmake/unitree_ros2_exampleConfig-version.cmake
[1.374s] -- Up-to-date: /home/utec/humanoid_ws/install/unitree_ros2_example/share/unitree_ros2_example/package.xml
[1.384s] Invoked command in '/home/utec/humanoid_ws/build/unitree_ros2_example' returned '0': CMAKE_PREFIX_PATH=/home/utec/humanoid_ws/install/unitree_hg:/home/utec/humanoid_ws/install/unitree_go:/home/utec/humanoid_ws/install/unitree_api:/home/utec/humanoid_ws/install/unitree_ros2_example:/home/utec/humanoid_ws/install/h1_2_interface:/home/utec/humanoid_ws/install/h1_2_description:/home/utec/humanoid_ws/install/pycodes_h1:/home/utec/humanoid_ws/install/h1_2_model:/opt/ros/humble /usr/bin/cmake --install /home/utec/humanoid_ws/build/unitree_ros2_example
