[0.595s] Invoking command in '/home/utec/humanoid_ws/src/pycodes_h1': AMENT_PREFIX_PATH=/home/utec/humanoid_ws/install/unitree_hg:${AMENT_PREFIX_PATH} CMAKE_PREFIX_PATH=/home/utec/humanoid_ws/install/unitree_hg LD_LIBRARY_PATH=/home/utec/humanoid_ws/install/unitree_hg/lib:${LD_LIBRARY_PATH} PYTHONPATH=/home/utec/humanoid_ws/build/pycodes_h1/prefix_override:/usr/lib/python3/dist-packages/colcon_core/task/python/colcon_distutils_commands:/home/utec/humanoid_ws/install/pycodes_h1/lib/python3.10/site-packages:/home/utec/humanoid_ws/install/unitree_hg/local/lib/python3.10/dist-packages:${PYTHONPATH} /usr/bin/python3 -W ignore:setup.py install is deprecated -W ignore:easy_install command is deprecated setup.py egg_info --egg-base ../../build/pycodes_h1 build --build-base /home/utec/humanoid_ws/build/pycodes_h1/build install --record /home/utec/humanoid_ws/build/pycodes_h1/install.log --single-version-externally-managed install_data
[0.774s] running egg_info
[0.775s] writing ../../build/pycodes_h1/pycodes_h1.egg-info/PKG-INFO
[0.783s] writing dependency_links to ../../build/pycodes_h1/pycodes_h1.egg-info/dependency_links.txt
[0.783s] writing entry points to ../../build/pycodes_h1/pycodes_h1.egg-info/entry_points.txt
[0.783s] writing requirements to ../../build/pycodes_h1/pycodes_h1.egg-info/requires.txt
[0.783s] writing top-level names to ../../build/pycodes_h1/pycodes_h1.egg-info/top_level.txt
[0.785s] reading manifest file '../../build/pycodes_h1/pycodes_h1.egg-info/SOURCES.txt'
[0.786s] writing manifest file '../../build/pycodes_h1/pycodes_h1.egg-info/SOURCES.txt'
[0.786s] running build
[0.786s] running build_py
[0.787s] running install
[0.787s] running install_lib
[0.788s] running install_data
[0.788s] running install_egg_info
[0.790s] removing '/home/utec/humanoid_ws/install/pycodes_h1/lib/python3.10/site-packages/pycodes_h1-0.0.0-py3.10.egg-info' (and everything under it)
[0.790s] Copying ../../build/pycodes_h1/pycodes_h1.egg-info to /home/utec/humanoid_ws/install/pycodes_h1/lib/python3.10/site-packages/pycodes_h1-0.0.0-py3.10.egg-info
[0.790s] running install_scripts
[0.805s] Installing R_read_states_h1 script to /home/utec/humanoid_ws/install/pycodes_h1/lib/pycodes_h1
[0.805s] Installing S_fk_arm_test script to /home/utec/humanoid_ws/install/pycodes_h1/lib/pycodes_h1
[0.805s] Installing S_fk_body_test script to /home/utec/humanoid_ws/install/pycodes_h1/lib/pycodes_h1
[0.805s] Installing S_ik_SE3_adv_arm_test script to /home/utec/humanoid_ws/install/pycodes_h1/lib/pycodes_h1
[0.805s] Installing S_ik_adv_arm_test script to /home/utec/humanoid_ws/install/pycodes_h1/lib/pycodes_h1
[0.805s] Installing S_ik_arm_test script to /home/utec/humanoid_ws/install/pycodes_h1/lib/pycodes_h1
[0.805s] Installing S_kine_control_QP_arm_test script to /home/utec/humanoid_ws/install/pycodes_h1/lib/pycodes_h1
[0.805s] Installing S_vision_humanoid script to /home/utec/humanoid_ws/install/pycodes_h1/lib/pycodes_h1
[0.805s] writing list of installed files to '/home/utec/humanoid_ws/build/pycodes_h1/install.log'
[0.823s] Invoked command in '/home/utec/humanoid_ws/src/pycodes_h1' returned '0': AMENT_PREFIX_PATH=/home/utec/humanoid_ws/install/unitree_hg:${AMENT_PREFIX_PATH} CMAKE_PREFIX_PATH=/home/utec/humanoid_ws/install/unitree_hg LD_LIBRARY_PATH=/home/utec/humanoid_ws/install/unitree_hg/lib:${LD_LIBRARY_PATH} PYTHONPATH=/home/utec/humanoid_ws/build/pycodes_h1/prefix_override:/usr/lib/python3/dist-packages/colcon_core/task/python/colcon_distutils_commands:/home/utec/humanoid_ws/install/pycodes_h1/lib/python3.10/site-packages:/home/utec/humanoid_ws/install/unitree_hg/local/lib/python3.10/dist-packages:${PYTHONPATH} /usr/bin/python3 -W ignore:setup.py install is deprecated -W ignore:easy_install command is deprecated setup.py egg_info --egg-base ../../build/pycodes_h1 build --build-base /home/utec/humanoid_ws/build/pycodes_h1/build install --record /home/utec/humanoid_ws/build/pycodes_h1/install.log --single-version-externally-managed install_data
