[0.015s] Invoking command in '/home/utec/humanoid_ws/build/unitree_ros2_example': CMAKE_PREFIX_PATH=/home/utec/humanoid_ws/install/unitree_hg:/home/utec/humanoid_ws/install/unitree_go:/home/utec/humanoid_ws/install/unitree_api:/home/utec/humanoid_ws/install/unitree_ros2_example:/home/utec/humanoid_ws/install/h1_2_interface:/home/utec/humanoid_ws/install/h1_2_description:/home/utec/humanoid_ws/install/pycodes_h1:/home/utec/humanoid_ws/install/h1_2_model:/opt/ros/humble /usr/bin/cmake --build /home/utec/humanoid_ws/build/unitree_ros2_example -- -j8 -l8
[0.043s] -- Found ament_cmake: 1.3.13 (/opt/ros/humble/share/ament_cmake/cmake)
[0.188s] -- Found unitree_go: 0.0.0 (/home/utec/humanoid_ws/install/unitree_go/share/unitree_go/cmake)
[0.224s] -- Found rosidl_generator_c: 3.1.8 (/opt/ros/humble/share/rosidl_generator_c/cmake)
[0.226s] -- Found rosidl_adapter: 3.1.8 (/opt/ros/humble/share/rosidl_adapter/cmake)
[0.232s] -- Found rosidl_generator_cpp: 3.1.8 (/opt/ros/humble/share/rosidl_generator_cpp/cmake)
[0.241s] -- Using all available rosidl_typesupport_c: rosidl_typesupport_fastrtps_c;rosidl_typesupport_introspection_c
[0.252s] -- Using all available rosidl_typesupport_cpp: rosidl_typesupport_fastrtps_cpp;rosidl_typesupport_introspection_cpp
[0.305s] -- Found unitree_hg: 0.0.0 (/home/utec/humanoid_ws/install/unitree_hg/share/unitree_hg/cmake)
[0.326s] -- Found unitree_api: 0.0.0 (/home/utec/humanoid_ws/install/unitree_api/share/unitree_api/cmake)
[0.345s] -- Found rclcpp: 16.0.18 (/opt/ros/humble/share/rclcpp/cmake)
[0.370s] -- Found rmw_implementation_cmake: 6.1.2 (/opt/ros/humble/share/rmw_implementation_cmake/cmake)
[0.372s] -- Found rmw_fastrtps_cpp: 6.2.10 (/opt/ros/humble/share/rmw_fastrtps_cpp/cmake)
[0.497s] -- Using RMW implementation 'rmw_fastrtps_cpp' as default
[0.575s] -- Found rosbag2_cpp: 0.15.16 (/opt/ros/humble/share/rosbag2_cpp/cmake)
[0.664s] -- Found yaml-cpp version 0.7.0
[0.667s] -- Found ament_lint_auto: 0.12.15 (/opt/ros/humble/share/ament_lint_auto/cmake)
[0.750s] -- Added test 'copyright' to check source files copyright and LICENSE
[0.758s] -- Added test 'cppcheck' to perform static code analysis on C / C++ code
[0.762s] -- Configured cppcheck include dirs: /home/utec/humanoid_ws/src/unitree_ros2/example/src/include;/home/utec/humanoid_ws/src/unitree_ros2/example/src/include/common;/home/utec/humanoid_ws/src/unitree_ros2/example/src/include/nlohmann
[0.762s] -- Configured cppcheck exclude dirs and/or files: 
[0.769s] -- Added test 'cpplint' to check C / C++ code against the Google style
[0.770s] -- Configured cpplint exclude dirs and/or files: 
[0.772s] -- Added test 'lint_cmake' to check CMake code style
[0.781s] -- Added test 'uncrustify' to check C / C++ code style
[0.781s] -- Configured uncrustify additional arguments: 
[0.782s] -- Added test 'xmllint' to check XML markup files
[0.791s] -- Configuring done
[0.971s] -- Generating done
[1.009s] -- Build files have been written to: /home/utec/humanoid_ws/build/unitree_ros2_example
[1.054s] [35m[1mConsolidate compiler generated dependencies of target read_low_state[0m
[1.054s] [35m[1mConsolidate compiler generated dependencies of target read_motion_state[0m
[1.054s] [35m[1mConsolidate compiler generated dependencies of target low_level_ctrl_hg[0m
[1.054s] [35m[1mConsolidate compiler generated dependencies of target read_low_state_hg[0m
[1.056s] [35m[1mConsolidate compiler generated dependencies of target low_level_ctrl[0m
[1.059s] [35m[1mConsolidate compiler generated dependencies of target go2_sport_client[0m
[1.066s] [35m[1mConsolidate compiler generated dependencies of target read_wireless_controller[0m
[1.084s] [  1%] [32mBuilding CXX object CMakeFiles/read_motion_state.dir/src/read_motion_state.cpp.o[0m
[1.104s] [35m[1mConsolidate compiler generated dependencies of target g1_low_level_example[0m
[1.104s] [  3%] [32mBuilding CXX object CMakeFiles/read_low_state.dir/src/read_low_state.cpp.o[0m
[1.104s] [  5%] [32mBuilding CXX object CMakeFiles/read_low_state_hg.dir/src/read_low_state_hg.cpp.o[0m
[1.104s] [  6%] [32mBuilding CXX object CMakeFiles/low_level_ctrl.dir/src/low_level_ctrl.cpp.o[0m
[1.104s] [  8%] [32mBuilding CXX object CMakeFiles/read_wireless_controller.dir/src/read_wireless_controller.cpp.o[0m
[1.105s] [ 10%] [32mBuilding CXX object CMakeFiles/low_level_ctrl_hg.dir/src/h1-2/lowlevel/low_level_ctrl_hg.cpp.o[0m
[1.120s] [ 12%] [32mBuilding CXX object CMakeFiles/go2_sport_client.dir/src/go2/go2_sport_client.cpp.o[0m
[1.203s] [ 13%] [32mBuilding CXX object CMakeFiles/g1_low_level_example.dir/src/g1/lowlevel/g1_low_level_example.cpp.o[0m
[10.987s] [ 15%] [32mBuilding CXX object CMakeFiles/low_level_ctrl.dir/src/common/motor_crc.cpp.o[0m
[17.080s] [ 17%] [32m[1mLinking CXX executable low_level_ctrl[0m
[17.739s] [ 17%] Built target low_level_ctrl
[17.780s] [ 18%] [32mBuilding CXX object CMakeFiles/go2_sport_client.dir/src/common/ros2_sport_client.cpp.o[0m
[18.091s] [ 20%] [32mBuilding CXX object CMakeFiles/low_level_ctrl_hg.dir/src/common/motor_crc_hg.cpp.o[0m
[18.205s] [ 22%] [32m[1mLinking CXX executable read_low_state_hg[0m
[18.236s] [ 24%] [32m[1mLinking CXX executable read_wireless_controller[0m
[18.251s] [ 25%] [32m[1mLinking CXX executable read_low_state[0m
[19.045s] [ 27%] [32m[1mLinking CXX executable read_motion_state[0m
[19.115s] [ 27%] Built target read_low_state
[19.131s] [ 29%] [32mBuilding CXX object CMakeFiles/g1_low_level_example.dir/src/common/motor_crc_hg.cpp.o[0m
[19.276s] [ 29%] Built target read_low_state_hg
[19.319s] [35m[1mConsolidate compiler generated dependencies of target go2_stand_example[0m
[19.408s] [ 31%] [32mBuilding CXX object CMakeFiles/go2_stand_example.dir/src/go2/go2_stand_example.cpp.o[0m
[19.416s] [ 31%] Built target read_wireless_controller
[19.441s] [ 32%] [32mBuilding CXX object CMakeFiles/go2_stand_example.dir/src/common/motor_crc.cpp.o[0m
[19.716s] [35m[1mConsolidate compiler generated dependencies of target go2_robot_state_client[0m
[19.788s] [ 34%] [32mBuilding CXX object CMakeFiles/go2_robot_state_client.dir/src/go2/go2_robot_state_client.cpp.o[0m
[20.083s] [ 34%] Built target read_motion_state
[20.098s] [ 36%] [32mBuilding CXX object CMakeFiles/go2_robot_state_client.dir/src/common/motor_crc.cpp.o[0m
[23.559s] [ 37%] [32m[1mLinking CXX executable low_level_ctrl_hg[0m
[24.552s] [35m[1mConsolidate compiler generated dependencies of target g1_arm_sdk_dds_example[0m
[24.627s] [ 39%] [32mBuilding CXX object CMakeFiles/g1_arm_sdk_dds_example.dir/src/g1/high_level/g1_arm_sdk_dds_example.cpp.o[0m
[24.846s] [ 41%] [32m[1mLinking CXX executable g1_low_level_example[0m
[25.080s] [ 41%] Built target low_level_ctrl_hg
[25.141s] [35m[1mConsolidate compiler generated dependencies of target g1_arm_action_example[0m
[25.244s] [ 43%] [32mBuilding CXX object CMakeFiles/g1_arm_action_example.dir/src/g1/high_level/g1_arm_action_example.cpp.o[0m
[25.549s] In file included from [01m[K/home/utec/humanoid_ws/src/unitree_ros2/example/src/src/g1/high_level/g1_arm_action_example.cpp:11[m[K:
[25.554s] [01m[K/home/utec/humanoid_ws/src/unitree_ros2/example/src/include/common/ut_errror.hpp:13:59:[m[K [01;35m[Kwarning: [m[Kbackslash-newline at end of file
[25.555s]    13 | #define UT_PRINT_ERR(code, error)                         \
[25.555s]       |                                                            
[26.022s] [ 43%] Built target g1_low_level_example
[26.043s] [ 44%] [32mBuilding CXX object CMakeFiles/g1_arm_action_example.dir/src/common/motor_crc.cpp.o[0m
[26.056s] [ 46%] [32mBuilding CXX object CMakeFiles/g1_arm_sdk_dds_example.dir/src/common/motor_crc.cpp.o[0m
[26.359s] [35m[1mConsolidate compiler generated dependencies of target g1_dex3_example[0m
[26.473s] [ 48%] [32mBuilding CXX object CMakeFiles/g1_dex3_example.dir/src/g1/dex3/g1_dex3_example.cpp.o[0m
[32.336s] [ 50%] [32mBuilding CXX object CMakeFiles/g1_dex3_example.dir/src/common/motor_crc.cpp.o[0m
[32.968s] [35m[1mConsolidate compiler generated dependencies of target g1_loco_client_example[0m
[33.058s] [ 51%] [32mBuilding CXX object CMakeFiles/g1_loco_client_example.dir/src/g1/high_level/loco_client_example.cpp.o[0m
[33.642s] In file included from [01m[K/home/utec/humanoid_ws/src/unitree_ros2/example/src/include/common/base_client.hpp:11[m[K,
[33.643s]                  from [01m[K/home/utec/humanoid_ws/src/unitree_ros2/example/src/include/g1/g1_loco_client.hpp:10[m[K,
[33.646s]                  from [01m[K/home/utec/humanoid_ws/src/unitree_ros2/example/src/src/g1/high_level/loco_client_example.cpp:3[m[K:
[33.647s] [01m[K/home/utec/humanoid_ws/src/unitree_ros2/example/src/include/common/ut_errror.hpp:13:59:[m[K [01;35m[Kwarning: [m[Kbackslash-newline at end of file
[33.648s]    13 | #define UT_PRINT_ERR(code, error)                         \
[33.649s]       |                                                            
[38.898s] [ 53%] [32m[1mLinking CXX executable go2_stand_example[0m
[39.025s] [ 55%] [32mBuilding CXX object CMakeFiles/g1_loco_client_example.dir/src/common/motor_crc.cpp.o[0m
[39.763s] [ 55%] Built target go2_stand_example
[39.788s] [35m[1mConsolidate compiler generated dependencies of target g1_ankle_swing_example[0m
[39.858s] [ 56%] [32mBuilding CXX object CMakeFiles/g1_ankle_swing_example.dir/src/g1/lowlevel/g1_ankle_swing_example.cpp.o[0m
[40.842s] [ 58%] [32m[1mLinking CXX executable go2_sport_client[0m
[42.593s] [ 58%] Built target go2_sport_client
[42.611s] [ 60%] [32mBuilding CXX object CMakeFiles/g1_ankle_swing_example.dir/src/common/motor_crc_hg.cpp.o[0m
[43.155s] [ 62%] [32m[1mLinking CXX executable g1_arm_sdk_dds_example[0m
[43.778s] [ 63%] [32m[1mLinking CXX executable go2_robot_state_client[0m
[44.264s] [ 63%] Built target g1_arm_sdk_dds_example
[44.287s] [35m[1mConsolidate compiler generated dependencies of target g1_audio_client_example[0m
[44.322s] [ 65%] [32mBuilding CXX object CMakeFiles/g1_audio_client_example.dir/src/g1/audio_client/g1_audio_client_example.cpp.o[0m
[45.043s] [ 65%] Built target go2_robot_state_client
[45.063s] In file included from [01m[K/home/utec/humanoid_ws/src/unitree_ros2/example/src/include/common/base_client.hpp:11[m[K,
[45.063s]                  from [01m[K/home/utec/humanoid_ws/src/unitree_ros2/example/src/include/g1/g1_audio_client.hpp:6[m[K,
[45.063s]                  from [01m[K/home/utec/humanoid_ws/src/unitree_ros2/example/src/src/g1/audio_client/g1_audio_client_example.cpp:11[m[K:
[45.063s] [01m[K/home/utec/humanoid_ws/src/unitree_ros2/example/src/include/common/ut_errror.hpp:13:59:[m[K [01;35m[Kwarning: [m[Kbackslash-newline at end of file
[45.064s]    13 | #define UT_PRINT_ERR(code, error)                         \
[45.064s]       |                                                            
[45.075s] [35m[1mConsolidate compiler generated dependencies of target b2w_sport_client[0m
[45.120s] [ 67%] [32mBuilding CXX object CMakeFiles/b2w_sport_client.dir/src/b2w/b2w_sport_client.cpp.o[0m
[45.995s] [35m[1mConsolidate compiler generated dependencies of target b2w_stand_example[0m
[46.055s] [ 68%] [32mBuilding CXX object CMakeFiles/b2w_stand_example.dir/src/b2w/b2w_stand_example.cpp.o[0m
[46.691s] In file included from [01m[K/home/utec/humanoid_ws/src/unitree_ros2/example/src/include/common/b2_base_client.hpp:16[m[K,
[46.691s]                  from [01m[K/home/utec/humanoid_ws/src/unitree_ros2/example/src/include/b2/b2_motion_switch_client.hpp:11[m[K,
[46.691s]                  from [01m[K/home/utec/humanoid_ws/src/unitree_ros2/example/src/src/b2w/b2w_stand_example.cpp:11[m[K:
[46.691s] [01m[K/home/utec/humanoid_ws/src/unitree_ros2/example/src/include/common/ut_errror.hpp:13:59:[m[K [01;35m[Kwarning: [m[Kbackslash-newline at end of file
[46.691s]    13 | #define UT_PRINT_ERR(code, error)                         \
[46.692s]       |                                                            
[48.735s] [ 70%] [32m[1mLinking CXX executable g1_arm_action_example[0m
[48.772s] [ 72%] [32m[1mLinking CXX executable g1_dex3_example[0m
[49.529s] [ 74%] [32mBuilding CXX object CMakeFiles/b2w_sport_client.dir/src/common/ros2_b2_sport_client.cpp.o[0m
[49.954s] [ 74%] Built target g1_dex3_example
[49.978s] [ 75%] [32mBuilding CXX object CMakeFiles/b2w_stand_example.dir/src/common/motor_crc.cpp.o[0m
[49.998s] [ 75%] Built target g1_arm_action_example
[50.025s] [35m[1mConsolidate compiler generated dependencies of target b2_stand_example[0m
[50.081s] [ 77%] [32mBuilding CXX object CMakeFiles/b2_stand_example.dir/src/b2/b2_stand_example.cpp.o[0m
[50.801s] In file included from [01m[K/home/utec/humanoid_ws/src/unitree_ros2/example/src/include/common/b2_base_client.hpp:16[m[K,
[50.802s]                  from [01m[K/home/utec/humanoid_ws/src/unitree_ros2/example/src/include/b2/b2_motion_switch_client.hpp:11[m[K,
[50.802s]                  from [01m[K/home/utec/humanoid_ws/src/unitree_ros2/example/src/src/b2/b2_stand_example.cpp:11[m[K:
[50.802s] [01m[K/home/utec/humanoid_ws/src/unitree_ros2/example/src/include/common/ut_errror.hpp:13:59:[m[K [01;35m[Kwarning: [m[Kbackslash-newline at end of file
[50.802s]    13 | #define UT_PRINT_ERR(code, error)                         \
[50.802s]       |                                                            
[57.254s] [35m[1mConsolidate compiler generated dependencies of target b2_sport_client[0m
[57.274s] [ 79%] [32mBuilding CXX object CMakeFiles/b2_stand_example.dir/src/common/motor_crc.cpp.o[0m
[57.310s] [ 81%] [32mBuilding CXX object CMakeFiles/b2_sport_client.dir/src/b2/b2_sport_client.cpp.o[0m
[57.483s] [ 82%] [32m[1mLinking CXX executable g1_loco_client_example[0m
[58.730s] [ 82%] Built target g1_loco_client_example
[58.749s] [ 84%] [32mBuilding CXX object CMakeFiles/b2_sport_client.dir/src/common/ros2_b2_sport_client.cpp.o[0m
[61.015s] [ 86%] [32m[1mLinking CXX executable b2w_sport_client[0m
[61.541s] [ 86%] Built target b2w_sport_client
[61.566s] [35m[1mConsolidate compiler generated dependencies of target g1_dual_arm_example[0m
[61.631s] [ 87%] [32mBuilding CXX object CMakeFiles/g1_dual_arm_example.dir/src/g1/lowlevel/g1_dual_arm_example.cpp.o[0m
[62.400s] In file included from [01m[K/home/utec/humanoid_ws/src/unitree_ros2/example/src/include/common/base_client.hpp:11[m[K,
[62.400s]                  from [01m[K/home/utec/humanoid_ws/src/unitree_ros2/example/src/include/g1/g1_motion_switch_client.hpp:11[m[K,
[62.401s]                  from [01m[K/home/utec/humanoid_ws/src/unitree_ros2/example/src/src/g1/lowlevel/g1_dual_arm_example.cpp:18[m[K:
[62.401s] [01m[K/home/utec/humanoid_ws/src/unitree_ros2/example/src/include/common/ut_errror.hpp:13:59:[m[K [01;35m[Kwarning: [m[Kbackslash-newline at end of file
[62.401s]    13 | #define UT_PRINT_ERR(code, error)                         \
[62.401s]       |                                                            
[64.163s] [ 89%] [32mBuilding CXX object CMakeFiles/g1_dual_arm_example.dir/src/common/motor_crc_hg.cpp.o[0m
[64.791s] [ 91%] [32m[1mLinking CXX executable g1_ankle_swing_example[0m
[66.378s] [ 91%] Built target g1_ankle_swing_example
[67.170s] [ 93%] [32m[1mLinking CXX executable g1_audio_client_example[0m
[68.216s] [ 93%] Built target g1_audio_client_example
[70.283s] [ 94%] [32m[1mLinking CXX executable b2_sport_client[0m
[70.595s] [ 94%] Built target b2_sport_client
[72.220s] [ 96%] [32m[1mLinking CXX executable b2w_stand_example[0m
[73.038s] [ 96%] Built target b2w_stand_example
[75.147s] [ 98%] [32m[1mLinking CXX executable b2_stand_example[0m
[75.858s] [ 98%] Built target b2_stand_example
[80.619s] [100%] [32m[1mLinking CXX executable g1_dual_arm_example[0m
[81.342s] [100%] Built target g1_dual_arm_example
[81.352s] Invoked command in '/home/utec/humanoid_ws/build/unitree_ros2_example' returned '0': CMAKE_PREFIX_PATH=/home/utec/humanoid_ws/install/unitree_hg:/home/utec/humanoid_ws/install/unitree_go:/home/utec/humanoid_ws/install/unitree_api:/home/utec/humanoid_ws/install/unitree_ros2_example:/home/utec/humanoid_ws/install/h1_2_interface:/home/utec/humanoid_ws/install/h1_2_description:/home/utec/humanoid_ws/install/pycodes_h1:/home/utec/humanoid_ws/install/h1_2_model:/opt/ros/humble /usr/bin/cmake --build /home/utec/humanoid_ws/build/unitree_ros2_example -- -j8 -l8
[81.354s] Invoking command in '/home/utec/humanoid_ws/build/unitree_ros2_example': CMAKE_PREFIX_PATH=/home/utec/humanoid_ws/install/unitree_hg:/home/utec/humanoid_ws/install/unitree_go:/home/utec/humanoid_ws/install/unitree_api:/home/utec/humanoid_ws/install/unitree_ros2_example:/home/utec/humanoid_ws/install/h1_2_interface:/home/utec/humanoid_ws/install/h1_2_description:/home/utec/humanoid_ws/install/pycodes_h1:/home/utec/humanoid_ws/install/h1_2_model:/opt/ros/humble /usr/bin/cmake --install /home/utec/humanoid_ws/build/unitree_ros2_example
[81.363s] -- Install configuration: ""
[81.363s] -- Installing: /home/utec/humanoid_ws/install/unitree_ros2_example/lib/low_level_ctrl
[81.364s] -- Set runtime path of "/home/utec/humanoid_ws/install/unitree_ros2_example/lib/low_level_ctrl" to ""
[81.365s] -- Installing: /home/utec/humanoid_ws/install/unitree_ros2_example/lib/low_level_ctrl_hg
[81.368s] -- Set runtime path of "/home/utec/humanoid_ws/install/unitree_ros2_example/lib/low_level_ctrl_hg" to ""
[81.368s] -- Installing: /home/utec/humanoid_ws/install/unitree_ros2_example/lib/g1_low_level_example
[81.371s] -- Set runtime path of "/home/utec/humanoid_ws/install/unitree_ros2_example/lib/g1_low_level_example" to ""
[81.371s] -- Installing: /home/utec/humanoid_ws/install/unitree_ros2_example/lib/read_low_state
[81.373s] -- Set runtime path of "/home/utec/humanoid_ws/install/unitree_ros2_example/lib/read_low_state" to ""
[81.374s] -- Installing: /home/utec/humanoid_ws/install/unitree_ros2_example/lib/read_low_state_hg
[81.376s] -- Set runtime path of "/home/utec/humanoid_ws/install/unitree_ros2_example/lib/read_low_state_hg" to ""
[81.377s] -- Installing: /home/utec/humanoid_ws/install/unitree_ros2_example/lib/read_motion_state
[81.379s] -- Set runtime path of "/home/utec/humanoid_ws/install/unitree_ros2_example/lib/read_motion_state" to ""
[81.380s] -- Installing: /home/utec/humanoid_ws/install/unitree_ros2_example/lib/read_wireless_controller
[81.382s] -- Set runtime path of "/home/utec/humanoid_ws/install/unitree_ros2_example/lib/read_wireless_controller" to ""
[81.383s] -- Installing: /home/utec/humanoid_ws/install/unitree_ros2_example/lib/go2_sport_client
[81.388s] -- Set runtime path of "/home/utec/humanoid_ws/install/unitree_ros2_example/lib/go2_sport_client" to ""
[81.388s] -- Installing: /home/utec/humanoid_ws/install/unitree_ros2_example/lib/go2_stand_example
[81.393s] -- Set runtime path of "/home/utec/humanoid_ws/install/unitree_ros2_example/lib/go2_stand_example" to ""
[81.394s] -- Installing: /home/utec/humanoid_ws/install/unitree_ros2_example/bin/go2_robot_state_client
[81.398s] -- Set runtime path of "/home/utec/humanoid_ws/install/unitree_ros2_example/bin/go2_robot_state_client" to ""
[81.398s] -- Installing: /home/utec/humanoid_ws/install/unitree_ros2_example/bin/g1_arm_sdk_dds_example
[81.402s] -- Set runtime path of "/home/utec/humanoid_ws/install/unitree_ros2_example/bin/g1_arm_sdk_dds_example" to ""
[81.402s] -- Installing: /home/utec/humanoid_ws/install/unitree_ros2_example/bin/g1_arm_action_example
[81.406s] -- Set runtime path of "/home/utec/humanoid_ws/install/unitree_ros2_example/bin/g1_arm_action_example" to ""
[81.407s] -- Installing: /home/utec/humanoid_ws/install/unitree_ros2_example/bin/g1_dex3_example
[81.411s] -- Set runtime path of "/home/utec/humanoid_ws/install/unitree_ros2_example/bin/g1_dex3_example" to ""
[81.411s] -- Installing: /home/utec/humanoid_ws/install/unitree_ros2_example/bin/g1_loco_client_example
[81.415s] -- Set runtime path of "/home/utec/humanoid_ws/install/unitree_ros2_example/bin/g1_loco_client_example" to ""
[81.416s] -- Installing: /home/utec/humanoid_ws/install/unitree_ros2_example/bin/g1_ankle_swing_example
[81.421s] -- Set runtime path of "/home/utec/humanoid_ws/install/unitree_ros2_example/bin/g1_ankle_swing_example" to ""
[81.421s] -- Installing: /home/utec/humanoid_ws/install/unitree_ros2_example/bin/g1_dual_arm_example
[81.429s] -- Set runtime path of "/home/utec/humanoid_ws/install/unitree_ros2_example/bin/g1_dual_arm_example" to ""
[81.429s] -- Installing: /home/utec/humanoid_ws/install/unitree_ros2_example/bin/g1_audio_client_example
[81.434s] -- Set runtime path of "/home/utec/humanoid_ws/install/unitree_ros2_example/bin/g1_audio_client_example" to ""
[81.434s] -- Up-to-date: /home/utec/humanoid_ws/install/unitree_ros2_example/share/ament_index/resource_index/package_run_dependencies/unitree_ros2_example
[81.434s] -- Up-to-date: /home/utec/humanoid_ws/install/unitree_ros2_example/share/ament_index/resource_index/parent_prefix_path/unitree_ros2_example
[81.434s] -- Installing: /home/utec/humanoid_ws/install/unitree_ros2_example/share/unitree_ros2_example/environment/ament_prefix_path.sh
[81.434s] -- Installing: /home/utec/humanoid_ws/install/unitree_ros2_example/share/unitree_ros2_example/environment/ament_prefix_path.dsv
[81.434s] -- Installing: /home/utec/humanoid_ws/install/unitree_ros2_example/share/unitree_ros2_example/environment/path.sh
[81.434s] -- Installing: /home/utec/humanoid_ws/install/unitree_ros2_example/share/unitree_ros2_example/environment/path.dsv
[81.434s] -- Up-to-date: /home/utec/humanoid_ws/install/unitree_ros2_example/share/unitree_ros2_example/local_setup.bash
[81.434s] -- Up-to-date: /home/utec/humanoid_ws/install/unitree_ros2_example/share/unitree_ros2_example/local_setup.sh
[81.434s] -- Up-to-date: /home/utec/humanoid_ws/install/unitree_ros2_example/share/unitree_ros2_example/local_setup.zsh
[81.434s] -- Installing: /home/utec/humanoid_ws/install/unitree_ros2_example/share/unitree_ros2_example/local_setup.dsv
[81.434s] -- Installing: /home/utec/humanoid_ws/install/unitree_ros2_example/share/unitree_ros2_example/package.dsv
[81.434s] -- Up-to-date: /home/utec/humanoid_ws/install/unitree_ros2_example/share/ament_index/resource_index/packages/unitree_ros2_example
[81.435s] -- Up-to-date: /home/utec/humanoid_ws/install/unitree_ros2_example/share/unitree_ros2_example/cmake/unitree_ros2_exampleConfig.cmake
[81.435s] -- Up-to-date: /home/utec/humanoid_ws/install/unitree_ros2_example/share/unitree_ros2_example/cmake/unitree_ros2_exampleConfig-version.cmake
[81.435s] -- Up-to-date: /home/utec/humanoid_ws/install/unitree_ros2_example/share/unitree_ros2_example/package.xml
[81.437s] Invoked command in '/home/utec/humanoid_ws/build/unitree_ros2_example' returned '0': CMAKE_PREFIX_PATH=/home/utec/humanoid_ws/install/unitree_hg:/home/utec/humanoid_ws/install/unitree_go:/home/utec/humanoid_ws/install/unitree_api:/home/utec/humanoid_ws/install/unitree_ros2_example:/home/utec/humanoid_ws/install/h1_2_interface:/home/utec/humanoid_ws/install/h1_2_description:/home/utec/humanoid_ws/install/pycodes_h1:/home/utec/humanoid_ws/install/h1_2_model:/opt/ros/humble /usr/bin/cmake --install /home/utec/humanoid_ws/build/unitree_ros2_example
