[0.023s] Invoking command in '/home/utec/humanoid_ws/build/unitree_api': CMAKE_PREFIX_PATH=${CMAKE_PREFIX_PATH}:/home/utec/humanoid_ws/install/h1_2_algoritms:/home/utec/humanoid_ws/install/pycodes_h1:/home/utec/humanoid_ws/install/h1_2_model:/opt/ros/humble /usr/bin/cmake --build /home/utec/humanoid_ws/build/unitree_api -- -j8 -l8
[0.079s] [  1%] Built target unitree_api__dds_connext_idl
[0.081s] [  2%] Built target unitree_api__cpp
[0.093s] [ 13%] Built target unitree_api__rosidl_generator_c
[0.158s] [ 13%] Built target ament_cmake_python_copy_unitree_api
[0.172s] [ 25%] Built target unitree_api__rosidl_typesupport_fastrtps_cpp
[0.197s] [ 36%] Built target unitree_api__rosidl_typesupport_fastrtps_c
[0.203s] [ 47%] Built target unitree_api__rosidl_typesupport_c
[0.208s] [ 59%] Built target unitree_api__rosidl_typesupport_introspection_cpp
[0.210s] [ 70%] Built target unitree_api__rosidl_typesupport_cpp
[0.227s] [ 81%] Built target unitree_api__rosidl_typesupport_introspection_c
[0.291s] [ 81%] Built target unitree_api
[0.324s] [ 82%] Built target unitree_api__py
[0.358s] [ 93%] Built target unitree_api__rosidl_generator_py
[0.400s] [ 95%] Built target unitree_api__rosidl_typesupport_fastrtps_c__pyext
[0.413s] [ 97%] Built target unitree_api__rosidl_typesupport_introspection_c__pyext
[0.415s] [100%] Built target unitree_api__rosidl_typesupport_c__pyext
[0.656s] running egg_info
[0.656s] writing unitree_api.egg-info/PKG-INFO
[0.656s] writing dependency_links to unitree_api.egg-info/dependency_links.txt
[0.656s] writing top-level names to unitree_api.egg-info/top_level.txt
[0.662s] reading manifest file 'unitree_api.egg-info/SOURCES.txt'
[0.665s] writing manifest file 'unitree_api.egg-info/SOURCES.txt'
[0.705s] [100%] Built target ament_cmake_python_build_unitree_api_egg
[0.905s] Invoked command in '/home/utec/humanoid_ws/build/unitree_api' returned '0': CMAKE_PREFIX_PATH=${CMAKE_PREFIX_PATH}:/home/utec/humanoid_ws/install/h1_2_algoritms:/home/utec/humanoid_ws/install/pycodes_h1:/home/utec/humanoid_ws/install/h1_2_model:/opt/ros/humble /usr/bin/cmake --build /home/utec/humanoid_ws/build/unitree_api -- -j8 -l8
[0.906s] Invoking command in '/home/utec/humanoid_ws/build/unitree_api': CMAKE_PREFIX_PATH=${CMAKE_PREFIX_PATH}:/home/utec/humanoid_ws/install/h1_2_algoritms:/home/utec/humanoid_ws/install/pycodes_h1:/home/utec/humanoid_ws/install/h1_2_model:/opt/ros/humble /usr/bin/cmake --install /home/utec/humanoid_ws/build/unitree_api
[0.926s] -- Install configuration: ""
[0.926s] -- Up-to-date: /home/utec/humanoid_ws/install/unitree_api/share/ament_index/resource_index/rosidl_interfaces/unitree_api
[0.926s] -- Up-to-date: /home/utec/humanoid_ws/install/unitree_api/include/unitree_api/unitree_api
[0.926s] -- Up-to-date: /home/utec/humanoid_ws/install/unitree_api/include/unitree_api/unitree_api/msg
[0.926s] -- Up-to-date: /home/utec/humanoid_ws/install/unitree_api/include/unitree_api/unitree_api/msg/response_header.h
[0.926s] -- Up-to-date: /home/utec/humanoid_ws/install/unitree_api/include/unitree_api/unitree_api/msg/request_header.h
[0.926s] -- Up-to-date: /home/utec/humanoid_ws/install/unitree_api/include/unitree_api/unitree_api/msg/request_identity.h
[0.926s] -- Up-to-date: /home/utec/humanoid_ws/install/unitree_api/include/unitree_api/unitree_api/msg/detail
[0.926s] -- Up-to-date: /home/utec/humanoid_ws/install/unitree_api/include/unitree_api/unitree_api/msg/detail/request_header__struct.h
[0.926s] -- Up-to-date: /home/utec/humanoid_ws/install/unitree_api/include/unitree_api/unitree_api/msg/detail/response__type_support.h
[0.927s] -- Up-to-date: /home/utec/humanoid_ws/install/unitree_api/include/unitree_api/unitree_api/msg/detail/response__struct.h
[0.927s] -- Up-to-date: /home/utec/humanoid_ws/install/unitree_api/include/unitree_api/unitree_api/msg/detail/request_identity__struct.h
[0.927s] -- Up-to-date: /home/utec/humanoid_ws/install/unitree_api/include/unitree_api/unitree_api/msg/detail/response_status__type_support.h
[0.927s] -- Up-to-date: /home/utec/humanoid_ws/install/unitree_api/include/unitree_api/unitree_api/msg/detail/response_header__functions.h
[0.927s] -- Up-to-date: /home/utec/humanoid_ws/install/unitree_api/include/unitree_api/unitree_api/msg/detail/response_status__functions.c
[0.927s] -- Up-to-date: /home/utec/humanoid_ws/install/unitree_api/include/unitree_api/unitree_api/msg/detail/request_lease__type_support.h
[0.927s] -- Up-to-date: /home/utec/humanoid_ws/install/unitree_api/include/unitree_api/unitree_api/msg/detail/request_identity__type_support.h
[0.927s] -- Up-to-date: /home/utec/humanoid_ws/install/unitree_api/include/unitree_api/unitree_api/msg/detail/request__functions.c
[0.927s] -- Up-to-date: /home/utec/humanoid_ws/install/unitree_api/include/unitree_api/unitree_api/msg/detail/request_lease__functions.h
[0.927s] -- Up-to-date: /home/utec/humanoid_ws/install/unitree_api/include/unitree_api/unitree_api/msg/detail/response_status__functions.h
[0.927s] -- Up-to-date: /home/utec/humanoid_ws/install/unitree_api/include/unitree_api/unitree_api/msg/detail/request_policy__type_support.h
[0.927s] -- Up-to-date: /home/utec/humanoid_ws/install/unitree_api/include/unitree_api/unitree_api/msg/detail/request_identity__functions.c
[0.928s] -- Up-to-date: /home/utec/humanoid_ws/install/unitree_api/include/unitree_api/unitree_api/msg/detail/response_header__functions.c
[0.928s] -- Up-to-date: /home/utec/humanoid_ws/install/unitree_api/include/unitree_api/unitree_api/msg/detail/request_header__functions.c
[0.928s] -- Up-to-date: /home/utec/humanoid_ws/install/unitree_api/include/unitree_api/unitree_api/msg/detail/response_header__type_support.h
[0.928s] -- Up-to-date: /home/utec/humanoid_ws/install/unitree_api/include/unitree_api/unitree_api/msg/detail/request_identity__functions.h
[0.928s] -- Up-to-date: /home/utec/humanoid_ws/install/unitree_api/include/unitree_api/unitree_api/msg/detail/request_policy__struct.h
[0.928s] -- Up-to-date: /home/utec/humanoid_ws/install/unitree_api/include/unitree_api/unitree_api/msg/detail/request_policy__functions.h
[0.928s] -- Up-to-date: /home/utec/humanoid_ws/install/unitree_api/include/unitree_api/unitree_api/msg/detail/response__functions.h
[0.928s] -- Up-to-date: /home/utec/humanoid_ws/install/unitree_api/include/unitree_api/unitree_api/msg/detail/request_lease__functions.c
[0.928s] -- Up-to-date: /home/utec/humanoid_ws/install/unitree_api/include/unitree_api/unitree_api/msg/detail/request__type_support.h
[0.928s] -- Up-to-date: /home/utec/humanoid_ws/install/unitree_api/include/unitree_api/unitree_api/msg/detail/request_policy__functions.c
[0.928s] -- Up-to-date: /home/utec/humanoid_ws/install/unitree_api/include/unitree_api/unitree_api/msg/detail/request_header__type_support.h
[0.929s] -- Up-to-date: /home/utec/humanoid_ws/install/unitree_api/include/unitree_api/unitree_api/msg/detail/request_header__functions.h
[0.929s] -- Up-to-date: /home/utec/humanoid_ws/install/unitree_api/include/unitree_api/unitree_api/msg/detail/response__functions.c
[0.929s] -- Up-to-date: /home/utec/humanoid_ws/install/unitree_api/include/unitree_api/unitree_api/msg/detail/request__functions.h
[0.929s] -- Up-to-date: /home/utec/humanoid_ws/install/unitree_api/include/unitree_api/unitree_api/msg/detail/request_lease__struct.h
[0.929s] -- Up-to-date: /home/utec/humanoid_ws/install/unitree_api/include/unitree_api/unitree_api/msg/detail/response_status__struct.h
[0.929s] -- Up-to-date: /home/utec/humanoid_ws/install/unitree_api/include/unitree_api/unitree_api/msg/detail/request__struct.h
[0.929s] -- Up-to-date: /home/utec/humanoid_ws/install/unitree_api/include/unitree_api/unitree_api/msg/detail/response_header__struct.h
[0.929s] -- Up-to-date: /home/utec/humanoid_ws/install/unitree_api/include/unitree_api/unitree_api/msg/response.h
[0.930s] -- Up-to-date: /home/utec/humanoid_ws/install/unitree_api/include/unitree_api/unitree_api/msg/request_policy.h
[0.930s] -- Up-to-date: /home/utec/humanoid_ws/install/unitree_api/include/unitree_api/unitree_api/msg/request_lease.h
[0.930s] -- Up-to-date: /home/utec/humanoid_ws/install/unitree_api/include/unitree_api/unitree_api/msg/rosidl_generator_c__visibility_control.h
[0.930s] -- Up-to-date: /home/utec/humanoid_ws/install/unitree_api/include/unitree_api/unitree_api/msg/response_status.h
[0.930s] -- Up-to-date: /home/utec/humanoid_ws/install/unitree_api/include/unitree_api/unitree_api/msg/request.h
[0.930s] -- Up-to-date: /home/utec/humanoid_ws/install/unitree_api/share/unitree_api/environment/library_path.sh
[0.931s] -- Up-to-date: /home/utec/humanoid_ws/install/unitree_api/share/unitree_api/environment/library_path.dsv
[0.931s] -- Up-to-date: /home/utec/humanoid_ws/install/unitree_api/lib/libunitree_api__rosidl_generator_c.so
[0.931s] -- Up-to-date: /home/utec/humanoid_ws/install/unitree_api/include/unitree_api/unitree_api
[0.931s] -- Up-to-date: /home/utec/humanoid_ws/install/unitree_api/include/unitree_api/unitree_api/msg
[0.931s] -- Up-to-date: /home/utec/humanoid_ws/install/unitree_api/include/unitree_api/unitree_api/msg/rosidl_typesupport_fastrtps_c__visibility_control.h
[0.931s] -- Up-to-date: /home/utec/humanoid_ws/install/unitree_api/include/unitree_api/unitree_api/msg/detail
[0.931s] -- Up-to-date: /home/utec/humanoid_ws/install/unitree_api/include/unitree_api/unitree_api/msg/detail/response__rosidl_typesupport_fastrtps_c.h
[0.931s] -- Up-to-date: /home/utec/humanoid_ws/install/unitree_api/include/unitree_api/unitree_api/msg/detail/response_header__rosidl_typesupport_fastrtps_c.h
[0.931s] -- Up-to-date: /home/utec/humanoid_ws/install/unitree_api/include/unitree_api/unitree_api/msg/detail/request_policy__rosidl_typesupport_fastrtps_c.h
[0.931s] -- Up-to-date: /home/utec/humanoid_ws/install/unitree_api/include/unitree_api/unitree_api/msg/detail/request_lease__rosidl_typesupport_fastrtps_c.h
[0.932s] -- Up-to-date: /home/utec/humanoid_ws/install/unitree_api/include/unitree_api/unitree_api/msg/detail/response_status__rosidl_typesupport_fastrtps_c.h
[0.932s] -- Up-to-date: /home/utec/humanoid_ws/install/unitree_api/include/unitree_api/unitree_api/msg/detail/request_header__rosidl_typesupport_fastrtps_c.h
[0.932s] -- Up-to-date: /home/utec/humanoid_ws/install/unitree_api/include/unitree_api/unitree_api/msg/detail/request_identity__rosidl_typesupport_fastrtps_c.h
[0.932s] -- Up-to-date: /home/utec/humanoid_ws/install/unitree_api/include/unitree_api/unitree_api/msg/detail/request__rosidl_typesupport_fastrtps_c.h
[0.932s] -- Up-to-date: /home/utec/humanoid_ws/install/unitree_api/lib/libunitree_api__rosidl_typesupport_fastrtps_c.so
[0.932s] -- Up-to-date: /home/utec/humanoid_ws/install/unitree_api/include/unitree_api/unitree_api
[0.932s] -- Up-to-date: /home/utec/humanoid_ws/install/unitree_api/include/unitree_api/unitree_api/msg
[0.932s] -- Up-to-date: /home/utec/humanoid_ws/install/unitree_api/include/unitree_api/unitree_api/msg/response_status.hpp
[0.932s] -- Up-to-date: /home/utec/humanoid_ws/install/unitree_api/include/unitree_api/unitree_api/msg/request_identity.hpp
[0.933s] -- Up-to-date: /home/utec/humanoid_ws/install/unitree_api/include/unitree_api/unitree_api/msg/request.hpp
[0.933s] -- Up-to-date: /home/utec/humanoid_ws/install/unitree_api/include/unitree_api/unitree_api/msg/detail
[0.933s] -- Up-to-date: /home/utec/humanoid_ws/install/unitree_api/include/unitree_api/unitree_api/msg/detail/response__traits.hpp
[0.933s] -- Up-to-date: /home/utec/humanoid_ws/install/unitree_api/include/unitree_api/unitree_api/msg/detail/request_identity__traits.hpp
[0.933s] -- Up-to-date: /home/utec/humanoid_ws/install/unitree_api/include/unitree_api/unitree_api/msg/detail/request__traits.hpp
[0.933s] -- Up-to-date: /home/utec/humanoid_ws/install/unitree_api/include/unitree_api/unitree_api/msg/detail/request__builder.hpp
[0.933s] -- Up-to-date: /home/utec/humanoid_ws/install/unitree_api/include/unitree_api/unitree_api/msg/detail/response_status__builder.hpp
[0.933s] -- Up-to-date: /home/utec/humanoid_ws/install/unitree_api/include/unitree_api/unitree_api/msg/detail/request_policy__struct.hpp
[0.933s] -- Up-to-date: /home/utec/humanoid_ws/install/unitree_api/include/unitree_api/unitree_api/msg/detail/response__builder.hpp
[0.933s] -- Up-to-date: /home/utec/humanoid_ws/install/unitree_api/include/unitree_api/unitree_api/msg/detail/request_lease__traits.hpp
[0.933s] -- Up-to-date: /home/utec/humanoid_ws/install/unitree_api/include/unitree_api/unitree_api/msg/detail/request_header__type_support.hpp
[0.934s] -- Up-to-date: /home/utec/humanoid_ws/install/unitree_api/include/unitree_api/unitree_api/msg/detail/response_status__struct.hpp
[0.934s] -- Up-to-date: /home/utec/humanoid_ws/install/unitree_api/include/unitree_api/unitree_api/msg/detail/request_header__traits.hpp
[0.934s] -- Up-to-date: /home/utec/humanoid_ws/install/unitree_api/include/unitree_api/unitree_api/msg/detail/request_lease__struct.hpp
[0.934s] -- Up-to-date: /home/utec/humanoid_ws/install/unitree_api/include/unitree_api/unitree_api/msg/detail/request_policy__type_support.hpp
[0.934s] -- Up-to-date: /home/utec/humanoid_ws/install/unitree_api/include/unitree_api/unitree_api/msg/detail/request_identity__type_support.hpp
[0.934s] -- Up-to-date: /home/utec/humanoid_ws/install/unitree_api/include/unitree_api/unitree_api/msg/detail/request__struct.hpp
[0.934s] -- Up-to-date: /home/utec/humanoid_ws/install/unitree_api/include/unitree_api/unitree_api/msg/detail/request_lease__builder.hpp
[0.934s] -- Up-to-date: /home/utec/humanoid_ws/install/unitree_api/include/unitree_api/unitree_api/msg/detail/response_header__type_support.hpp
[0.935s] -- Up-to-date: /home/utec/humanoid_ws/install/unitree_api/include/unitree_api/unitree_api/msg/detail/request_header__builder.hpp
[0.935s] -- Up-to-date: /home/utec/humanoid_ws/install/unitree_api/include/unitree_api/unitree_api/msg/detail/request_identity__struct.hpp
[0.935s] -- Up-to-date: /home/utec/humanoid_ws/install/unitree_api/include/unitree_api/unitree_api/msg/detail/request__type_support.hpp
[0.935s] -- Up-to-date: /home/utec/humanoid_ws/install/unitree_api/include/unitree_api/unitree_api/msg/detail/request_policy__traits.hpp
[0.935s] -- Up-to-date: /home/utec/humanoid_ws/install/unitree_api/include/unitree_api/unitree_api/msg/detail/request_identity__builder.hpp
[0.935s] -- Up-to-date: /home/utec/humanoid_ws/install/unitree_api/include/unitree_api/unitree_api/msg/detail/response_header__builder.hpp
[0.936s] -- Up-to-date: /home/utec/humanoid_ws/install/unitree_api/include/unitree_api/unitree_api/msg/detail/response__type_support.hpp
[0.936s] -- Up-to-date: /home/utec/humanoid_ws/install/unitree_api/include/unitree_api/unitree_api/msg/detail/response_status__traits.hpp
[0.936s] -- Up-to-date: /home/utec/humanoid_ws/install/unitree_api/include/unitree_api/unitree_api/msg/detail/request_lease__type_support.hpp
[0.936s] -- Up-to-date: /home/utec/humanoid_ws/install/unitree_api/include/unitree_api/unitree_api/msg/detail/request_header__struct.hpp
[0.936s] -- Up-to-date: /home/utec/humanoid_ws/install/unitree_api/include/unitree_api/unitree_api/msg/detail/response_status__type_support.hpp
[0.936s] -- Up-to-date: /home/utec/humanoid_ws/install/unitree_api/include/unitree_api/unitree_api/msg/detail/response__struct.hpp
[0.936s] -- Up-to-date: /home/utec/humanoid_ws/install/unitree_api/include/unitree_api/unitree_api/msg/detail/request_policy__builder.hpp
[0.936s] -- Up-to-date: /home/utec/humanoid_ws/install/unitree_api/include/unitree_api/unitree_api/msg/detail/response_header__struct.hpp
[0.936s] -- Up-to-date: /home/utec/humanoid_ws/install/unitree_api/include/unitree_api/unitree_api/msg/detail/response_header__traits.hpp
[0.937s] -- Up-to-date: /home/utec/humanoid_ws/install/unitree_api/include/unitree_api/unitree_api/msg/request_lease.hpp
[0.937s] -- Up-to-date: /home/utec/humanoid_ws/install/unitree_api/include/unitree_api/unitree_api/msg/request_policy.hpp
[0.937s] -- Up-to-date: /home/utec/humanoid_ws/install/unitree_api/include/unitree_api/unitree_api/msg/rosidl_generator_cpp__visibility_control.hpp
[0.937s] -- Up-to-date: /home/utec/humanoid_ws/install/unitree_api/include/unitree_api/unitree_api/msg/request_header.hpp
[0.937s] -- Up-to-date: /home/utec/humanoid_ws/install/unitree_api/include/unitree_api/unitree_api/msg/response_header.hpp
[0.937s] -- Up-to-date: /home/utec/humanoid_ws/install/unitree_api/include/unitree_api/unitree_api/msg/response.hpp
[0.937s] -- Up-to-date: /home/utec/humanoid_ws/install/unitree_api/include/unitree_api/unitree_api
[0.937s] -- Up-to-date: /home/utec/humanoid_ws/install/unitree_api/include/unitree_api/unitree_api/msg
[0.937s] -- Up-to-date: /home/utec/humanoid_ws/install/unitree_api/include/unitree_api/unitree_api/msg/detail
[0.937s] -- Up-to-date: /home/utec/humanoid_ws/install/unitree_api/include/unitree_api/unitree_api/msg/detail/request_identity__rosidl_typesupport_fastrtps_cpp.hpp
[0.937s] -- Up-to-date: /home/utec/humanoid_ws/install/unitree_api/include/unitree_api/unitree_api/msg/detail/response_status__rosidl_typesupport_fastrtps_cpp.hpp
[0.937s] -- Up-to-date: /home/utec/humanoid_ws/install/unitree_api/include/unitree_api/unitree_api/msg/detail/request_policy__rosidl_typesupport_fastrtps_cpp.hpp
[0.937s] -- Up-to-date: /home/utec/humanoid_ws/install/unitree_api/include/unitree_api/unitree_api/msg/detail/response_header__rosidl_typesupport_fastrtps_cpp.hpp
[0.938s] -- Up-to-date: /home/utec/humanoid_ws/install/unitree_api/include/unitree_api/unitree_api/msg/detail/dds_fastrtps
[0.938s] -- Up-to-date: /home/utec/humanoid_ws/install/unitree_api/include/unitree_api/unitree_api/msg/detail/request__rosidl_typesupport_fastrtps_cpp.hpp
[0.938s] -- Up-to-date: /home/utec/humanoid_ws/install/unitree_api/include/unitree_api/unitree_api/msg/detail/request_lease__rosidl_typesupport_fastrtps_cpp.hpp
[0.938s] -- Up-to-date: /home/utec/humanoid_ws/install/unitree_api/include/unitree_api/unitree_api/msg/detail/request_header__rosidl_typesupport_fastrtps_cpp.hpp
[0.938s] -- Up-to-date: /home/utec/humanoid_ws/install/unitree_api/include/unitree_api/unitree_api/msg/detail/response__rosidl_typesupport_fastrtps_cpp.hpp
[0.938s] -- Up-to-date: /home/utec/humanoid_ws/install/unitree_api/include/unitree_api/unitree_api/msg/rosidl_typesupport_fastrtps_cpp__visibility_control.h
[0.938s] -- Up-to-date: /home/utec/humanoid_ws/install/unitree_api/lib/libunitree_api__rosidl_typesupport_fastrtps_cpp.so
[0.938s] -- Up-to-date: /home/utec/humanoid_ws/install/unitree_api/include/unitree_api/unitree_api
[0.938s] -- Up-to-date: /home/utec/humanoid_ws/install/unitree_api/include/unitree_api/unitree_api/msg
[0.938s] -- Up-to-date: /home/utec/humanoid_ws/install/unitree_api/include/unitree_api/unitree_api/msg/detail
[0.938s] -- Up-to-date: /home/utec/humanoid_ws/install/unitree_api/include/unitree_api/unitree_api/msg/detail/request_header__type_support.c
[0.938s] -- Up-to-date: /home/utec/humanoid_ws/install/unitree_api/include/unitree_api/unitree_api/msg/detail/request__type_support.c
[0.938s] -- Up-to-date: /home/utec/humanoid_ws/install/unitree_api/include/unitree_api/unitree_api/msg/detail/request_policy__type_support.c
[0.938s] -- Up-to-date: /home/utec/humanoid_ws/install/unitree_api/include/unitree_api/unitree_api/msg/detail/request_lease__type_support.c
[0.938s] -- Up-to-date: /home/utec/humanoid_ws/install/unitree_api/include/unitree_api/unitree_api/msg/detail/request_policy__rosidl_typesupport_introspection_c.h
[0.938s] -- Up-to-date: /home/utec/humanoid_ws/install/unitree_api/include/unitree_api/unitree_api/msg/detail/response__rosidl_typesupport_introspection_c.h
[0.938s] -- Up-to-date: /home/utec/humanoid_ws/install/unitree_api/include/unitree_api/unitree_api/msg/detail/response_header__type_support.c
[0.938s] -- Up-to-date: /home/utec/humanoid_ws/install/unitree_api/include/unitree_api/unitree_api/msg/detail/response_status__rosidl_typesupport_introspection_c.h
[0.938s] -- Up-to-date: /home/utec/humanoid_ws/install/unitree_api/include/unitree_api/unitree_api/msg/detail/response_status__type_support.c
[0.938s] -- Up-to-date: /home/utec/humanoid_ws/install/unitree_api/include/unitree_api/unitree_api/msg/detail/request_lease__rosidl_typesupport_introspection_c.h
[0.939s] -- Up-to-date: /home/utec/humanoid_ws/install/unitree_api/include/unitree_api/unitree_api/msg/detail/request_identity__type_support.c
[0.939s] -- Up-to-date: /home/utec/humanoid_ws/install/unitree_api/include/unitree_api/unitree_api/msg/detail/request_identity__rosidl_typesupport_introspection_c.h
[0.939s] -- Up-to-date: /home/utec/humanoid_ws/install/unitree_api/include/unitree_api/unitree_api/msg/detail/response_header__rosidl_typesupport_introspection_c.h
[0.939s] -- Up-to-date: /home/utec/humanoid_ws/install/unitree_api/include/unitree_api/unitree_api/msg/detail/request__rosidl_typesupport_introspection_c.h
[0.939s] -- Up-to-date: /home/utec/humanoid_ws/install/unitree_api/include/unitree_api/unitree_api/msg/detail/response__type_support.c
[0.939s] -- Up-to-date: /home/utec/humanoid_ws/install/unitree_api/include/unitree_api/unitree_api/msg/detail/request_header__rosidl_typesupport_introspection_c.h
[0.939s] -- Up-to-date: /home/utec/humanoid_ws/install/unitree_api/include/unitree_api/unitree_api/msg/rosidl_typesupport_introspection_c__visibility_control.h
[0.943s] -- Up-to-date: /home/utec/humanoid_ws/install/unitree_api/lib/libunitree_api__rosidl_typesupport_introspection_c.so
[0.943s] -- Up-to-date: /home/utec/humanoid_ws/install/unitree_api/lib/libunitree_api__rosidl_typesupport_c.so
[0.943s] -- Up-to-date: /home/utec/humanoid_ws/install/unitree_api/include/unitree_api/unitree_api
[0.945s] -- Up-to-date: /home/utec/humanoid_ws/install/unitree_api/include/unitree_api/unitree_api/msg
[0.945s] -- Up-to-date: /home/utec/humanoid_ws/install/unitree_api/include/unitree_api/unitree_api/msg/detail
[0.945s] -- Up-to-date: /home/utec/humanoid_ws/install/unitree_api/include/unitree_api/unitree_api/msg/detail/request_lease__rosidl_typesupport_introspection_cpp.hpp
[0.945s] -- Up-to-date: /home/utec/humanoid_ws/install/unitree_api/include/unitree_api/unitree_api/msg/detail/response_header__rosidl_typesupport_introspection_cpp.hpp
[0.945s] -- Up-to-date: /home/utec/humanoid_ws/install/unitree_api/include/unitree_api/unitree_api/msg/detail/request_policy__type_support.cpp
[0.945s] -- Up-to-date: /home/utec/humanoid_ws/install/unitree_api/include/unitree_api/unitree_api/msg/detail/response_status__rosidl_typesupport_introspection_cpp.hpp
[0.945s] -- Up-to-date: /home/utec/humanoid_ws/install/unitree_api/include/unitree_api/unitree_api/msg/detail/request_header__rosidl_typesupport_introspection_cpp.hpp
[0.958s] -- Up-to-date: /home/utec/humanoid_ws/install/unitree_api/include/unitree_api/unitree_api/msg/detail/response__rosidl_typesupport_introspection_cpp.hpp
[0.958s] -- Up-to-date: /home/utec/humanoid_ws/install/unitree_api/include/unitree_api/unitree_api/msg/detail/request__type_support.cpp
[0.958s] -- Up-to-date: /home/utec/humanoid_ws/install/unitree_api/include/unitree_api/unitree_api/msg/detail/request__rosidl_typesupport_introspection_cpp.hpp
[0.958s] -- Up-to-date: /home/utec/humanoid_ws/install/unitree_api/include/unitree_api/unitree_api/msg/detail/request_identity__rosidl_typesupport_introspection_cpp.hpp
[0.958s] -- Up-to-date: /home/utec/humanoid_ws/install/unitree_api/include/unitree_api/unitree_api/msg/detail/request_policy__rosidl_typesupport_introspection_cpp.hpp
[0.958s] -- Up-to-date: /home/utec/humanoid_ws/install/unitree_api/include/unitree_api/unitree_api/msg/detail/request_lease__type_support.cpp
[0.958s] -- Up-to-date: /home/utec/humanoid_ws/install/unitree_api/include/unitree_api/unitree_api/msg/detail/response_status__type_support.cpp
[0.958s] -- Up-to-date: /home/utec/humanoid_ws/install/unitree_api/include/unitree_api/unitree_api/msg/detail/response_header__type_support.cpp
[0.958s] -- Up-to-date: /home/utec/humanoid_ws/install/unitree_api/include/unitree_api/unitree_api/msg/detail/request_identity__type_support.cpp
[0.959s] -- Up-to-date: /home/utec/humanoid_ws/install/unitree_api/include/unitree_api/unitree_api/msg/detail/request_header__type_support.cpp
[0.959s] -- Up-to-date: /home/utec/humanoid_ws/install/unitree_api/include/unitree_api/unitree_api/msg/detail/response__type_support.cpp
[0.959s] -- Up-to-date: /home/utec/humanoid_ws/install/unitree_api/lib/libunitree_api__rosidl_typesupport_introspection_cpp.so
[0.959s] -- Up-to-date: /home/utec/humanoid_ws/install/unitree_api/lib/libunitree_api__rosidl_typesupport_cpp.so
[0.959s] -- Up-to-date: /home/utec/humanoid_ws/install/unitree_api/share/unitree_api/environment/pythonpath.sh
[0.959s] -- Up-to-date: /home/utec/humanoid_ws/install/unitree_api/share/unitree_api/environment/pythonpath.dsv
[0.959s] -- Up-to-date: /home/utec/humanoid_ws/install/unitree_api/local/lib/python3.10/dist-packages/unitree_api-0.0.0-py3.10.egg-info
[0.959s] -- Installing: /home/utec/humanoid_ws/install/unitree_api/local/lib/python3.10/dist-packages/unitree_api-0.0.0-py3.10.egg-info/top_level.txt
[0.959s] -- Installing: /home/utec/humanoid_ws/install/unitree_api/local/lib/python3.10/dist-packages/unitree_api-0.0.0-py3.10.egg-info/PKG-INFO
[0.959s] -- Installing: /home/utec/humanoid_ws/install/unitree_api/local/lib/python3.10/dist-packages/unitree_api-0.0.0-py3.10.egg-info/dependency_links.txt
[0.959s] -- Installing: /home/utec/humanoid_ws/install/unitree_api/local/lib/python3.10/dist-packages/unitree_api-0.0.0-py3.10.egg-info/SOURCES.txt
[0.959s] -- Up-to-date: /home/utec/humanoid_ws/install/unitree_api/local/lib/python3.10/dist-packages/unitree_api
[0.960s] -- Up-to-date: /home/utec/humanoid_ws/install/unitree_api/local/lib/python3.10/dist-packages/unitree_api/_unitree_api_s.ep.rosidl_typesupport_introspection_c.c
[0.960s] -- Up-to-date: /home/utec/humanoid_ws/install/unitree_api/local/lib/python3.10/dist-packages/unitree_api/__init__.py
[0.960s] -- Up-to-date: /home/utec/humanoid_ws/install/unitree_api/local/lib/python3.10/dist-packages/unitree_api/_unitree_api_s.ep.rosidl_typesupport_fastrtps_c.c
[0.960s] -- Up-to-date: /home/utec/humanoid_ws/install/unitree_api/local/lib/python3.10/dist-packages/unitree_api/unitree_api_s__rosidl_typesupport_c.cpython-310-x86_64-linux-gnu.so
[0.960s] -- Up-to-date: /home/utec/humanoid_ws/install/unitree_api/local/lib/python3.10/dist-packages/unitree_api/libunitree_api__rosidl_generator_py.so
[0.960s] -- Up-to-date: /home/utec/humanoid_ws/install/unitree_api/local/lib/python3.10/dist-packages/unitree_api/unitree_api_s__rosidl_typesupport_fastrtps_c.cpython-310-x86_64-linux-gnu.so
[0.961s] -- Up-to-date: /home/utec/humanoid_ws/install/unitree_api/local/lib/python3.10/dist-packages/unitree_api/msg
[0.961s] -- Up-to-date: /home/utec/humanoid_ws/install/unitree_api/local/lib/python3.10/dist-packages/unitree_api/msg/_response_status.py
[0.967s] -- Up-to-date: /home/utec/humanoid_ws/install/unitree_api/local/lib/python3.10/dist-packages/unitree_api/msg/_response.py
[0.967s] -- Up-to-date: /home/utec/humanoid_ws/install/unitree_api/local/lib/python3.10/dist-packages/unitree_api/msg/_response_header_s.c
[0.967s] -- Up-to-date: /home/utec/humanoid_ws/install/unitree_api/local/lib/python3.10/dist-packages/unitree_api/msg/_request_s.c
[0.967s] -- Up-to-date: /home/utec/humanoid_ws/install/unitree_api/local/lib/python3.10/dist-packages/unitree_api/msg/__init__.py
[0.967s] -- Up-to-date: /home/utec/humanoid_ws/install/unitree_api/local/lib/python3.10/dist-packages/unitree_api/msg/_request_header.py
[0.967s] -- Up-to-date: /home/utec/humanoid_ws/install/unitree_api/local/lib/python3.10/dist-packages/unitree_api/msg/_request.py
[0.967s] -- Up-to-date: /home/utec/humanoid_ws/install/unitree_api/local/lib/python3.10/dist-packages/unitree_api/msg/_request_lease_s.c
[0.967s] -- Up-to-date: /home/utec/humanoid_ws/install/unitree_api/local/lib/python3.10/dist-packages/unitree_api/msg/_request_policy_s.c
[0.967s] -- Up-to-date: /home/utec/humanoid_ws/install/unitree_api/local/lib/python3.10/dist-packages/unitree_api/msg/_request_policy.py
[0.967s] -- Up-to-date: /home/utec/humanoid_ws/install/unitree_api/local/lib/python3.10/dist-packages/unitree_api/msg/_response_header.py
[0.967s] -- Up-to-date: /home/utec/humanoid_ws/install/unitree_api/local/lib/python3.10/dist-packages/unitree_api/msg/_request_lease.py
[0.967s] -- Up-to-date: /home/utec/humanoid_ws/install/unitree_api/local/lib/python3.10/dist-packages/unitree_api/msg/_response_s.c
[0.967s] -- Up-to-date: /home/utec/humanoid_ws/install/unitree_api/local/lib/python3.10/dist-packages/unitree_api/msg/_request_header_s.c
[0.967s] -- Up-to-date: /home/utec/humanoid_ws/install/unitree_api/local/lib/python3.10/dist-packages/unitree_api/msg/_response_status_s.c
[0.967s] -- Up-to-date: /home/utec/humanoid_ws/install/unitree_api/local/lib/python3.10/dist-packages/unitree_api/msg/_request_identity.py
[0.967s] -- Up-to-date: /home/utec/humanoid_ws/install/unitree_api/local/lib/python3.10/dist-packages/unitree_api/msg/_request_identity_s.c
[0.967s] -- Up-to-date: /home/utec/humanoid_ws/install/unitree_api/local/lib/python3.10/dist-packages/unitree_api/_unitree_api_s.ep.rosidl_typesupport_c.c
[0.967s] -- Up-to-date: /home/utec/humanoid_ws/install/unitree_api/local/lib/python3.10/dist-packages/unitree_api/unitree_api_s__rosidl_typesupport_introspection_c.cpython-310-x86_64-linux-gnu.so
[0.994s] Listing '/home/utec/humanoid_ws/install/unitree_api/local/lib/python3.10/dist-packages/unitree_api'...
[0.994s] Listing '/home/utec/humanoid_ws/install/unitree_api/local/lib/python3.10/dist-packages/unitree_api/msg'...
[0.994s] -- Up-to-date: /home/utec/humanoid_ws/install/unitree_api/local/lib/python3.10/dist-packages/unitree_api/unitree_api_s__rosidl_typesupport_fastrtps_c.cpython-310-x86_64-linux-gnu.so
[0.994s] -- Up-to-date: /home/utec/humanoid_ws/install/unitree_api/local/lib/python3.10/dist-packages/unitree_api/unitree_api_s__rosidl_typesupport_introspection_c.cpython-310-x86_64-linux-gnu.so
[0.994s] -- Up-to-date: /home/utec/humanoid_ws/install/unitree_api/local/lib/python3.10/dist-packages/unitree_api/unitree_api_s__rosidl_typesupport_c.cpython-310-x86_64-linux-gnu.so
[0.994s] -- Up-to-date: /home/utec/humanoid_ws/install/unitree_api/lib/libunitree_api__rosidl_generator_py.so
[0.994s] -- Up-to-date: /home/utec/humanoid_ws/install/unitree_api/share/unitree_api/msg/Request.idl
[0.994s] -- Up-to-date: /home/utec/humanoid_ws/install/unitree_api/share/unitree_api/msg/RequestHeader.idl
[0.994s] -- Up-to-date: /home/utec/humanoid_ws/install/unitree_api/share/unitree_api/msg/RequestIdentity.idl
[0.994s] -- Up-to-date: /home/utec/humanoid_ws/install/unitree_api/share/unitree_api/msg/RequestLease.idl
[0.994s] -- Up-to-date: /home/utec/humanoid_ws/install/unitree_api/share/unitree_api/msg/RequestPolicy.idl
[0.994s] -- Up-to-date: /home/utec/humanoid_ws/install/unitree_api/share/unitree_api/msg/Response.idl
[0.995s] -- Up-to-date: /home/utec/humanoid_ws/install/unitree_api/share/unitree_api/msg/ResponseHeader.idl
[0.995s] -- Up-to-date: /home/utec/humanoid_ws/install/unitree_api/share/unitree_api/msg/ResponseStatus.idl
[0.995s] -- Up-to-date: /home/utec/humanoid_ws/install/unitree_api/share/unitree_api/msg/Request.msg
[0.995s] -- Up-to-date: /home/utec/humanoid_ws/install/unitree_api/share/unitree_api/msg/RequestHeader.msg
[0.995s] -- Up-to-date: /home/utec/humanoid_ws/install/unitree_api/share/unitree_api/msg/RequestIdentity.msg
[0.995s] -- Up-to-date: /home/utec/humanoid_ws/install/unitree_api/share/unitree_api/msg/RequestLease.msg
[0.995s] -- Up-to-date: /home/utec/humanoid_ws/install/unitree_api/share/unitree_api/msg/RequestPolicy.msg
[0.995s] -- Up-to-date: /home/utec/humanoid_ws/install/unitree_api/share/unitree_api/msg/Response.msg
[0.995s] -- Up-to-date: /home/utec/humanoid_ws/install/unitree_api/share/unitree_api/msg/ResponseHeader.msg
[0.995s] -- Up-to-date: /home/utec/humanoid_ws/install/unitree_api/share/unitree_api/msg/ResponseStatus.msg
[0.995s] -- Up-to-date: /home/utec/humanoid_ws/install/unitree_api/share/unitree_api/msg/dds_connext
[0.995s] -- Up-to-date: /home/utec/humanoid_ws/install/unitree_api/share/unitree_api/msg/dds_connext/Request_.idl
[0.996s] -- Up-to-date: /home/utec/humanoid_ws/install/unitree_api/share/unitree_api/msg/dds_connext/ResponseStatus_.idl
[0.996s] -- Up-to-date: /home/utec/humanoid_ws/install/unitree_api/share/unitree_api/msg/dds_connext/RequestIdentity_.idl
[0.996s] -- Up-to-date: /home/utec/humanoid_ws/install/unitree_api/share/unitree_api/msg/dds_connext/RequestPolicy_.idl
[0.996s] -- Up-to-date: /home/utec/humanoid_ws/install/unitree_api/share/unitree_api/msg/dds_connext/RequestHeader_.idl
[0.996s] -- Up-to-date: /home/utec/humanoid_ws/install/unitree_api/share/unitree_api/msg/dds_connext/ResponseHeader_.idl
[0.996s] -- Up-to-date: /home/utec/humanoid_ws/install/unitree_api/share/unitree_api/msg/dds_connext/Response_.idl
[0.996s] -- Up-to-date: /home/utec/humanoid_ws/install/unitree_api/share/unitree_api/msg/dds_connext/RequestLease_.idl
[0.997s] -- Up-to-date: /home/utec/humanoid_ws/install/unitree_api/share/ament_index/resource_index/package_run_dependencies/unitree_api
[0.997s] -- Up-to-date: /home/utec/humanoid_ws/install/unitree_api/share/ament_index/resource_index/parent_prefix_path/unitree_api
[0.997s] -- Up-to-date: /home/utec/humanoid_ws/install/unitree_api/share/unitree_api/environment/ament_prefix_path.sh
[0.997s] -- Up-to-date: /home/utec/humanoid_ws/install/unitree_api/share/unitree_api/environment/ament_prefix_path.dsv
[0.997s] -- Up-to-date: /home/utec/humanoid_ws/install/unitree_api/share/unitree_api/environment/path.sh
[0.997s] -- Up-to-date: /home/utec/humanoid_ws/install/unitree_api/share/unitree_api/environment/path.dsv
[0.997s] -- Up-to-date: /home/utec/humanoid_ws/install/unitree_api/share/unitree_api/local_setup.bash
[0.998s] -- Up-to-date: /home/utec/humanoid_ws/install/unitree_api/share/unitree_api/local_setup.sh
[0.998s] -- Up-to-date: /home/utec/humanoid_ws/install/unitree_api/share/unitree_api/local_setup.zsh
[0.998s] -- Up-to-date: /home/utec/humanoid_ws/install/unitree_api/share/unitree_api/local_setup.dsv
[0.998s] -- Installing: /home/utec/humanoid_ws/install/unitree_api/share/unitree_api/package.dsv
[0.998s] -- Up-to-date: /home/utec/humanoid_ws/install/unitree_api/share/ament_index/resource_index/packages/unitree_api
[0.998s] -- Up-to-date: /home/utec/humanoid_ws/install/unitree_api/share/unitree_api/cmake/export_unitree_api__rosidl_generator_cExport.cmake
[0.998s] -- Up-to-date: /home/utec/humanoid_ws/install/unitree_api/share/unitree_api/cmake/export_unitree_api__rosidl_generator_cExport-noconfig.cmake
[0.998s] -- Up-to-date: /home/utec/humanoid_ws/install/unitree_api/share/unitree_api/cmake/export_unitree_api__rosidl_typesupport_fastrtps_cExport.cmake
[0.999s] -- Up-to-date: /home/utec/humanoid_ws/install/unitree_api/share/unitree_api/cmake/export_unitree_api__rosidl_typesupport_fastrtps_cExport-noconfig.cmake
[0.999s] -- Up-to-date: /home/utec/humanoid_ws/install/unitree_api/share/unitree_api/cmake/export_unitree_api__rosidl_generator_cppExport.cmake
[0.999s] -- Up-to-date: /home/utec/humanoid_ws/install/unitree_api/share/unitree_api/cmake/export_unitree_api__rosidl_typesupport_fastrtps_cppExport.cmake
[0.999s] -- Up-to-date: /home/utec/humanoid_ws/install/unitree_api/share/unitree_api/cmake/export_unitree_api__rosidl_typesupport_fastrtps_cppExport-noconfig.cmake
[0.999s] -- Up-to-date: /home/utec/humanoid_ws/install/unitree_api/share/unitree_api/cmake/unitree_api__rosidl_typesupport_introspection_cExport.cmake
[0.999s] -- Up-to-date: /home/utec/humanoid_ws/install/unitree_api/share/unitree_api/cmake/unitree_api__rosidl_typesupport_introspection_cExport-noconfig.cmake
[1.000s] -- Up-to-date: /home/utec/humanoid_ws/install/unitree_api/share/unitree_api/cmake/unitree_api__rosidl_typesupport_cExport.cmake
[1.000s] -- Up-to-date: /home/utec/humanoid_ws/install/unitree_api/share/unitree_api/cmake/unitree_api__rosidl_typesupport_cExport-noconfig.cmake
[1.000s] -- Up-to-date: /home/utec/humanoid_ws/install/unitree_api/share/unitree_api/cmake/unitree_api__rosidl_typesupport_introspection_cppExport.cmake
[1.000s] -- Up-to-date: /home/utec/humanoid_ws/install/unitree_api/share/unitree_api/cmake/unitree_api__rosidl_typesupport_introspection_cppExport-noconfig.cmake
[1.000s] -- Up-to-date: /home/utec/humanoid_ws/install/unitree_api/share/unitree_api/cmake/unitree_api__rosidl_typesupport_cppExport.cmake
[1.000s] -- Up-to-date: /home/utec/humanoid_ws/install/unitree_api/share/unitree_api/cmake/unitree_api__rosidl_typesupport_cppExport-noconfig.cmake
[1.000s] -- Up-to-date: /home/utec/humanoid_ws/install/unitree_api/share/unitree_api/cmake/export_unitree_api__rosidl_generator_pyExport.cmake
[1.001s] -- Up-to-date: /home/utec/humanoid_ws/install/unitree_api/share/unitree_api/cmake/export_unitree_api__rosidl_generator_pyExport-noconfig.cmake
[1.001s] -- Up-to-date: /home/utec/humanoid_ws/install/unitree_api/share/unitree_api/cmake/rosidl_cmake-extras.cmake
[1.001s] -- Up-to-date: /home/utec/humanoid_ws/install/unitree_api/share/unitree_api/cmake/ament_cmake_export_dependencies-extras.cmake
[1.001s] -- Up-to-date: /home/utec/humanoid_ws/install/unitree_api/share/unitree_api/cmake/ament_cmake_export_include_directories-extras.cmake
[1.001s] -- Up-to-date: /home/utec/humanoid_ws/install/unitree_api/share/unitree_api/cmake/ament_cmake_export_libraries-extras.cmake
[1.001s] -- Up-to-date: /home/utec/humanoid_ws/install/unitree_api/share/unitree_api/cmake/ament_cmake_export_targets-extras.cmake
[1.001s] -- Up-to-date: /home/utec/humanoid_ws/install/unitree_api/share/unitree_api/cmake/rosidl_cmake_export_typesupport_targets-extras.cmake
[1.003s] -- Up-to-date: /home/utec/humanoid_ws/install/unitree_api/share/unitree_api/cmake/rosidl_cmake_export_typesupport_libraries-extras.cmake
[1.004s] -- Up-to-date: /home/utec/humanoid_ws/install/unitree_api/share/unitree_api/cmake/unitree_apiConfig.cmake
[1.004s] -- Up-to-date: /home/utec/humanoid_ws/install/unitree_api/share/unitree_api/cmake/unitree_apiConfig-version.cmake
[1.004s] -- Up-to-date: /home/utec/humanoid_ws/install/unitree_api/share/unitree_api/package.xml
[1.008s] Invoked command in '/home/utec/humanoid_ws/build/unitree_api' returned '0': CMAKE_PREFIX_PATH=${CMAKE_PREFIX_PATH}:/home/utec/humanoid_ws/install/h1_2_algoritms:/home/utec/humanoid_ws/install/pycodes_h1:/home/utec/humanoid_ws/install/h1_2_model:/opt/ros/humble /usr/bin/cmake --install /home/utec/humanoid_ws/build/unitree_api
