[0.020s] Invoking command in '/home/utec/humanoid_ws/build/unitree_go': CMAKE_PREFIX_PATH=${CMAKE_PREFIX_PATH}:/home/utec/humanoid_ws/install/pycodes_h1:/home/utec/humanoid_ws/install/h1_2_model:/opt/ros/humble /usr/bin/cmake --build /home/utec/humanoid_ws/build/unitree_go -- -j8 -l8
[0.159s] [  0%] Built target unitree_go__cpp
[0.169s] [  0%] Built target unitree_go__dds_connext_idl
[0.203s] [ 12%] Built target unitree_go__rosidl_generator_c
[0.237s] [ 12%] Built target ament_cmake_python_copy_unitree_go
[0.267s] [ 25%] Built target unitree_go__rosidl_typesupport_introspection_cpp
[0.276s] [ 38%] Built target unitree_go__rosidl_typesupport_fastrtps_cpp
[0.295s] [ 51%] Built target unitree_go__rosidl_typesupport_cpp
[0.303s] [ 63%] Built target unitree_go__rosidl_typesupport_c
[0.305s] [ 75%] Built target unitree_go__rosidl_typesupport_introspection_c
[0.306s] [ 87%] Built target unitree_go__rosidl_typesupport_fastrtps_c
[0.350s] [ 87%] Built target unitree_go
[0.383s] [ 88%] Built target unitree_go__py
[0.457s] [100%] Built target unitree_go__rosidl_generator_py
[0.497s] [100%] Built target unitree_go__rosidl_typesupport_introspection_c__pyext
[0.498s] [100%] Built target unitree_go__rosidl_typesupport_fastrtps_c__pyext
[0.509s] [100%] Built target unitree_go__rosidl_typesupport_c__pyext
[0.731s] running egg_info
[0.732s] writing unitree_go.egg-info/PKG-INFO
[0.732s] writing dependency_links to unitree_go.egg-info/dependency_links.txt
[0.732s] writing top-level names to unitree_go.egg-info/top_level.txt
[0.735s] reading manifest file 'unitree_go.egg-info/SOURCES.txt'
[0.736s] writing manifest file 'unitree_go.egg-info/SOURCES.txt'
[0.802s] [100%] Built target ament_cmake_python_build_unitree_go_egg
[0.810s] Invoked command in '/home/utec/humanoid_ws/build/unitree_go' returned '0': CMAKE_PREFIX_PATH=${CMAKE_PREFIX_PATH}:/home/utec/humanoid_ws/install/pycodes_h1:/home/utec/humanoid_ws/install/h1_2_model:/opt/ros/humble /usr/bin/cmake --build /home/utec/humanoid_ws/build/unitree_go -- -j8 -l8
[0.810s] Invoking command in '/home/utec/humanoid_ws/build/unitree_go': CMAKE_PREFIX_PATH=${CMAKE_PREFIX_PATH}:/home/utec/humanoid_ws/install/pycodes_h1:/home/utec/humanoid_ws/install/h1_2_model:/opt/ros/humble /usr/bin/cmake --install /home/utec/humanoid_ws/build/unitree_go
[0.813s] -- Install configuration: ""
[0.813s] -- Up-to-date: /home/utec/humanoid_ws/install/unitree_go/share/ament_index/resource_index/rosidl_interfaces/unitree_go
[0.813s] -- Up-to-date: /home/utec/humanoid_ws/install/unitree_go/include/unitree_go/unitree_go
[0.813s] -- Up-to-date: /home/utec/humanoid_ws/install/unitree_go/include/unitree_go/unitree_go/msg
[0.813s] -- Up-to-date: /home/utec/humanoid_ws/install/unitree_go/include/unitree_go/unitree_go/msg/low_cmd.h
[0.813s] -- Up-to-date: /home/utec/humanoid_ws/install/unitree_go/include/unitree_go/unitree_go/msg/bms_cmd.h
[0.814s] -- Up-to-date: /home/utec/humanoid_ws/install/unitree_go/include/unitree_go/unitree_go/msg/time_spec.h
[0.814s] -- Up-to-date: /home/utec/humanoid_ws/install/unitree_go/include/unitree_go/unitree_go/msg/motor_cmd.h
[0.814s] -- Up-to-date: /home/utec/humanoid_ws/install/unitree_go/include/unitree_go/unitree_go/msg/sport_mode_cmd.h
[0.814s] -- Up-to-date: /home/utec/humanoid_ws/install/unitree_go/include/unitree_go/unitree_go/msg/lidar_state.h
[0.814s] -- Up-to-date: /home/utec/humanoid_ws/install/unitree_go/include/unitree_go/unitree_go/msg/audio_data.h
[0.814s] -- Up-to-date: /home/utec/humanoid_ws/install/unitree_go/include/unitree_go/unitree_go/msg/req.h
[0.814s] -- Up-to-date: /home/utec/humanoid_ws/install/unitree_go/include/unitree_go/unitree_go/msg/imu_state.h
[0.814s] -- Up-to-date: /home/utec/humanoid_ws/install/unitree_go/include/unitree_go/unitree_go/msg/detail
[0.814s] -- Up-to-date: /home/utec/humanoid_ws/install/unitree_go/include/unitree_go/unitree_go/msg/detail/motor_cmd__functions.h
[0.814s] -- Up-to-date: /home/utec/humanoid_ws/install/unitree_go/include/unitree_go/unitree_go/msg/detail/go2_front_video_data__struct.h
[0.815s] -- Up-to-date: /home/utec/humanoid_ws/install/unitree_go/include/unitree_go/unitree_go/msg/detail/error__functions.h
[0.815s] -- Up-to-date: /home/utec/humanoid_ws/install/unitree_go/include/unitree_go/unitree_go/msg/detail/bms_state__functions.c
[0.815s] -- Up-to-date: /home/utec/humanoid_ws/install/unitree_go/include/unitree_go/unitree_go/msg/detail/lidar_state__functions.h
[0.815s] -- Up-to-date: /home/utec/humanoid_ws/install/unitree_go/include/unitree_go/unitree_go/msg/detail/lidar_state__type_support.h
[0.815s] -- Up-to-date: /home/utec/humanoid_ws/install/unitree_go/include/unitree_go/unitree_go/msg/detail/req__functions.h
[0.815s] -- Up-to-date: /home/utec/humanoid_ws/install/unitree_go/include/unitree_go/unitree_go/msg/detail/interface_config__type_support.h
[0.815s] -- Up-to-date: /home/utec/humanoid_ws/install/unitree_go/include/unitree_go/unitree_go/msg/detail/imu_state__functions.c
[0.815s] -- Up-to-date: /home/utec/humanoid_ws/install/unitree_go/include/unitree_go/unitree_go/msg/detail/low_cmd__struct.h
[0.815s] -- Up-to-date: /home/utec/humanoid_ws/install/unitree_go/include/unitree_go/unitree_go/msg/detail/res__functions.h
[0.815s] -- Up-to-date: /home/utec/humanoid_ws/install/unitree_go/include/unitree_go/unitree_go/msg/detail/req__functions.c
[0.816s] -- Up-to-date: /home/utec/humanoid_ws/install/unitree_go/include/unitree_go/unitree_go/msg/detail/low_state__type_support.h
[0.816s] -- Up-to-date: /home/utec/humanoid_ws/install/unitree_go/include/unitree_go/unitree_go/msg/detail/wireless_controller__functions.c
[0.816s] -- Up-to-date: /home/utec/humanoid_ws/install/unitree_go/include/unitree_go/unitree_go/msg/detail/height_map__struct.h
[0.816s] -- Up-to-date: /home/utec/humanoid_ws/install/unitree_go/include/unitree_go/unitree_go/msg/detail/go2_front_video_data__functions.c
[0.816s] -- Up-to-date: /home/utec/humanoid_ws/install/unitree_go/include/unitree_go/unitree_go/msg/detail/audio_data__functions.c
[0.816s] -- Up-to-date: /home/utec/humanoid_ws/install/unitree_go/include/unitree_go/unitree_go/msg/detail/time_spec__type_support.h
[0.816s] -- Up-to-date: /home/utec/humanoid_ws/install/unitree_go/include/unitree_go/unitree_go/msg/detail/sport_mode_cmd__functions.h
[0.816s] -- Up-to-date: /home/utec/humanoid_ws/install/unitree_go/include/unitree_go/unitree_go/msg/detail/uwb_switch__functions.h
[0.816s] -- Up-to-date: /home/utec/humanoid_ws/install/unitree_go/include/unitree_go/unitree_go/msg/detail/sport_mode_cmd__type_support.h
[0.816s] -- Up-to-date: /home/utec/humanoid_ws/install/unitree_go/include/unitree_go/unitree_go/msg/detail/height_map__type_support.h
[0.816s] -- Up-to-date: /home/utec/humanoid_ws/install/unitree_go/include/unitree_go/unitree_go/msg/detail/motor_state__type_support.h
[0.816s] -- Up-to-date: /home/utec/humanoid_ws/install/unitree_go/include/unitree_go/unitree_go/msg/detail/uwb_switch__struct.h
[0.817s] -- Up-to-date: /home/utec/humanoid_ws/install/unitree_go/include/unitree_go/unitree_go/msg/detail/imu_state__struct.h
[0.817s] -- Up-to-date: /home/utec/humanoid_ws/install/unitree_go/include/unitree_go/unitree_go/msg/detail/motor_cmd__functions.c
[0.817s] -- Up-to-date: /home/utec/humanoid_ws/install/unitree_go/include/unitree_go/unitree_go/msg/detail/low_state__functions.c
[0.817s] -- Up-to-date: /home/utec/humanoid_ws/install/unitree_go/include/unitree_go/unitree_go/msg/detail/low_state__struct.h
[0.817s] -- Up-to-date: /home/utec/humanoid_ws/install/unitree_go/include/unitree_go/unitree_go/msg/detail/audio_data__type_support.h
[0.817s] -- Up-to-date: /home/utec/humanoid_ws/install/unitree_go/include/unitree_go/unitree_go/msg/detail/uwb_state__functions.h
[0.817s] -- Up-to-date: /home/utec/humanoid_ws/install/unitree_go/include/unitree_go/unitree_go/msg/detail/wireless_controller__struct.h
[0.817s] -- Up-to-date: /home/utec/humanoid_ws/install/unitree_go/include/unitree_go/unitree_go/msg/detail/error__struct.h
[0.818s] -- Up-to-date: /home/utec/humanoid_ws/install/unitree_go/include/unitree_go/unitree_go/msg/detail/motor_state__struct.h
[0.818s] -- Up-to-date: /home/utec/humanoid_ws/install/unitree_go/include/unitree_go/unitree_go/msg/detail/go2_front_video_data__functions.h
[0.818s] -- Up-to-date: /home/utec/humanoid_ws/install/unitree_go/include/unitree_go/unitree_go/msg/detail/sport_mode_state__functions.h
[0.818s] -- Up-to-date: /home/utec/humanoid_ws/install/unitree_go/include/unitree_go/unitree_go/msg/detail/sport_mode_state__functions.c
[0.818s] -- Up-to-date: /home/utec/humanoid_ws/install/unitree_go/include/unitree_go/unitree_go/msg/detail/interface_config__struct.h
[0.818s] -- Up-to-date: /home/utec/humanoid_ws/install/unitree_go/include/unitree_go/unitree_go/msg/detail/motor_states__struct.h
[0.818s] -- Up-to-date: /home/utec/humanoid_ws/install/unitree_go/include/unitree_go/unitree_go/msg/detail/go2_front_video_data__type_support.h
[0.818s] -- Up-to-date: /home/utec/humanoid_ws/install/unitree_go/include/unitree_go/unitree_go/msg/detail/height_map__functions.c
[0.818s] -- Up-to-date: /home/utec/humanoid_ws/install/unitree_go/include/unitree_go/unitree_go/msg/detail/time_spec__functions.h
[0.818s] -- Up-to-date: /home/utec/humanoid_ws/install/unitree_go/include/unitree_go/unitree_go/msg/detail/uwb_switch__functions.c
[0.819s] -- Up-to-date: /home/utec/humanoid_ws/install/unitree_go/include/unitree_go/unitree_go/msg/detail/bms_cmd__struct.h
[0.819s] -- Up-to-date: /home/utec/humanoid_ws/install/unitree_go/include/unitree_go/unitree_go/msg/detail/motor_states__type_support.h
[0.819s] -- Up-to-date: /home/utec/humanoid_ws/install/unitree_go/include/unitree_go/unitree_go/msg/detail/res__type_support.h
[0.819s] -- Up-to-date: /home/utec/humanoid_ws/install/unitree_go/include/unitree_go/unitree_go/msg/detail/bms_cmd__type_support.h
[0.819s] -- Up-to-date: /home/utec/humanoid_ws/install/unitree_go/include/unitree_go/unitree_go/msg/detail/res__struct.h
[0.819s] -- Up-to-date: /home/utec/humanoid_ws/install/unitree_go/include/unitree_go/unitree_go/msg/detail/bms_cmd__functions.c
[0.819s] -- Up-to-date: /home/utec/humanoid_ws/install/unitree_go/include/unitree_go/unitree_go/msg/detail/uwb_state__functions.c
[0.819s] -- Up-to-date: /home/utec/humanoid_ws/install/unitree_go/include/unitree_go/unitree_go/msg/detail/imu_state__type_support.h
[0.819s] -- Up-to-date: /home/utec/humanoid_ws/install/unitree_go/include/unitree_go/unitree_go/msg/detail/interface_config__functions.h
[0.819s] -- Up-to-date: /home/utec/humanoid_ws/install/unitree_go/include/unitree_go/unitree_go/msg/detail/uwb_state__type_support.h
[0.819s] -- Up-to-date: /home/utec/humanoid_ws/install/unitree_go/include/unitree_go/unitree_go/msg/detail/low_state__functions.h
[0.819s] -- Up-to-date: /home/utec/humanoid_ws/install/unitree_go/include/unitree_go/unitree_go/msg/detail/low_cmd__functions.h
[0.819s] -- Up-to-date: /home/utec/humanoid_ws/install/unitree_go/include/unitree_go/unitree_go/msg/detail/req__struct.h
[0.819s] -- Up-to-date: /home/utec/humanoid_ws/install/unitree_go/include/unitree_go/unitree_go/msg/detail/audio_data__functions.h
[0.819s] -- Up-to-date: /home/utec/humanoid_ws/install/unitree_go/include/unitree_go/unitree_go/msg/detail/motor_cmds__functions.h
[0.820s] -- Up-to-date: /home/utec/humanoid_ws/install/unitree_go/include/unitree_go/unitree_go/msg/detail/motor_state__functions.h
[0.820s] -- Up-to-date: /home/utec/humanoid_ws/install/unitree_go/include/unitree_go/unitree_go/msg/detail/uwb_switch__type_support.h
[0.820s] -- Up-to-date: /home/utec/humanoid_ws/install/unitree_go/include/unitree_go/unitree_go/msg/detail/res__functions.c
[0.820s] -- Up-to-date: /home/utec/humanoid_ws/install/unitree_go/include/unitree_go/unitree_go/msg/detail/motor_states__functions.h
[0.820s] -- Up-to-date: /home/utec/humanoid_ws/install/unitree_go/include/unitree_go/unitree_go/msg/detail/low_cmd__type_support.h
[0.820s] -- Up-to-date: /home/utec/humanoid_ws/install/unitree_go/include/unitree_go/unitree_go/msg/detail/time_spec__functions.c
[0.820s] -- Up-to-date: /home/utec/humanoid_ws/install/unitree_go/include/unitree_go/unitree_go/msg/detail/sport_mode_cmd__struct.h
[0.820s] -- Up-to-date: /home/utec/humanoid_ws/install/unitree_go/include/unitree_go/unitree_go/msg/detail/bms_state__functions.h
[0.820s] -- Up-to-date: /home/utec/humanoid_ws/install/unitree_go/include/unitree_go/unitree_go/msg/detail/height_map__functions.h
[0.820s] -- Up-to-date: /home/utec/humanoid_ws/install/unitree_go/include/unitree_go/unitree_go/msg/detail/error__functions.c
[0.820s] -- Up-to-date: /home/utec/humanoid_ws/install/unitree_go/include/unitree_go/unitree_go/msg/detail/motor_cmds__struct.h
[0.820s] -- Up-to-date: /home/utec/humanoid_ws/install/unitree_go/include/unitree_go/unitree_go/msg/detail/motor_cmd__struct.h
[0.821s] -- Up-to-date: /home/utec/humanoid_ws/install/unitree_go/include/unitree_go/unitree_go/msg/detail/bms_state__type_support.h
[0.821s] -- Up-to-date: /home/utec/humanoid_ws/install/unitree_go/include/unitree_go/unitree_go/msg/detail/bms_cmd__functions.h
[0.821s] -- Up-to-date: /home/utec/humanoid_ws/install/unitree_go/include/unitree_go/unitree_go/msg/detail/wireless_controller__type_support.h
[0.821s] -- Up-to-date: /home/utec/humanoid_ws/install/unitree_go/include/unitree_go/unitree_go/msg/detail/error__type_support.h
[0.821s] -- Up-to-date: /home/utec/humanoid_ws/install/unitree_go/include/unitree_go/unitree_go/msg/detail/uwb_state__struct.h
[0.821s] -- Up-to-date: /home/utec/humanoid_ws/install/unitree_go/include/unitree_go/unitree_go/msg/detail/audio_data__struct.h
[0.821s] -- Up-to-date: /home/utec/humanoid_ws/install/unitree_go/include/unitree_go/unitree_go/msg/detail/lidar_state__functions.c
[0.822s] -- Up-to-date: /home/utec/humanoid_ws/install/unitree_go/include/unitree_go/unitree_go/msg/detail/time_spec__struct.h
[0.822s] -- Up-to-date: /home/utec/humanoid_ws/install/unitree_go/include/unitree_go/unitree_go/msg/detail/path_point__struct.h
[0.822s] -- Up-to-date: /home/utec/humanoid_ws/install/unitree_go/include/unitree_go/unitree_go/msg/detail/sport_mode_state__struct.h
[0.822s] -- Up-to-date: /home/utec/humanoid_ws/install/unitree_go/include/unitree_go/unitree_go/msg/detail/wireless_controller__functions.h
[0.822s] -- Up-to-date: /home/utec/humanoid_ws/install/unitree_go/include/unitree_go/unitree_go/msg/detail/motor_cmds__functions.c
[0.822s] -- Up-to-date: /home/utec/humanoid_ws/install/unitree_go/include/unitree_go/unitree_go/msg/detail/low_cmd__functions.c
[0.822s] -- Up-to-date: /home/utec/humanoid_ws/install/unitree_go/include/unitree_go/unitree_go/msg/detail/motor_state__functions.c
[0.822s] -- Up-to-date: /home/utec/humanoid_ws/install/unitree_go/include/unitree_go/unitree_go/msg/detail/req__type_support.h
[0.822s] -- Up-to-date: /home/utec/humanoid_ws/install/unitree_go/include/unitree_go/unitree_go/msg/detail/interface_config__functions.c
[0.822s] -- Up-to-date: /home/utec/humanoid_ws/install/unitree_go/include/unitree_go/unitree_go/msg/detail/path_point__functions.c
[0.822s] -- Up-to-date: /home/utec/humanoid_ws/install/unitree_go/include/unitree_go/unitree_go/msg/detail/motor_cmds__type_support.h
[0.823s] -- Up-to-date: /home/utec/humanoid_ws/install/unitree_go/include/unitree_go/unitree_go/msg/detail/motor_cmd__type_support.h
[0.823s] -- Up-to-date: /home/utec/humanoid_ws/install/unitree_go/include/unitree_go/unitree_go/msg/detail/sport_mode_state__type_support.h
[0.823s] -- Up-to-date: /home/utec/humanoid_ws/install/unitree_go/include/unitree_go/unitree_go/msg/detail/sport_mode_cmd__functions.c
[0.823s] -- Up-to-date: /home/utec/humanoid_ws/install/unitree_go/include/unitree_go/unitree_go/msg/detail/bms_state__struct.h
[0.823s] -- Up-to-date: /home/utec/humanoid_ws/install/unitree_go/include/unitree_go/unitree_go/msg/detail/imu_state__functions.h
[0.823s] -- Up-to-date: /home/utec/humanoid_ws/install/unitree_go/include/unitree_go/unitree_go/msg/detail/path_point__functions.h
[0.823s] -- Up-to-date: /home/utec/humanoid_ws/install/unitree_go/include/unitree_go/unitree_go/msg/detail/motor_states__functions.c
[0.823s] -- Up-to-date: /home/utec/humanoid_ws/install/unitree_go/include/unitree_go/unitree_go/msg/detail/lidar_state__struct.h
[0.823s] -- Up-to-date: /home/utec/humanoid_ws/install/unitree_go/include/unitree_go/unitree_go/msg/detail/path_point__type_support.h
[0.823s] -- Up-to-date: /home/utec/humanoid_ws/install/unitree_go/include/unitree_go/unitree_go/msg/sport_mode_state.h
[0.824s] -- Up-to-date: /home/utec/humanoid_ws/install/unitree_go/include/unitree_go/unitree_go/msg/go2_front_video_data.h
[0.824s] -- Up-to-date: /home/utec/humanoid_ws/install/unitree_go/include/unitree_go/unitree_go/msg/wireless_controller.h
[0.825s] -- Up-to-date: /home/utec/humanoid_ws/install/unitree_go/include/unitree_go/unitree_go/msg/low_state.h
[0.825s] -- Up-to-date: /home/utec/humanoid_ws/install/unitree_go/include/unitree_go/unitree_go/msg/bms_state.h
[0.825s] -- Up-to-date: /home/utec/humanoid_ws/install/unitree_go/include/unitree_go/unitree_go/msg/path_point.h
[0.826s] -- Up-to-date: /home/utec/humanoid_ws/install/unitree_go/include/unitree_go/unitree_go/msg/rosidl_generator_c__visibility_control.h
[0.826s] -- Up-to-date: /home/utec/humanoid_ws/install/unitree_go/include/unitree_go/unitree_go/msg/motor_states.h
[0.826s] -- Up-to-date: /home/utec/humanoid_ws/install/unitree_go/include/unitree_go/unitree_go/msg/error.h
[0.826s] -- Up-to-date: /home/utec/humanoid_ws/install/unitree_go/include/unitree_go/unitree_go/msg/uwb_switch.h
[0.826s] -- Up-to-date: /home/utec/humanoid_ws/install/unitree_go/include/unitree_go/unitree_go/msg/uwb_state.h
[0.826s] -- Up-to-date: /home/utec/humanoid_ws/install/unitree_go/include/unitree_go/unitree_go/msg/res.h
[0.826s] -- Up-to-date: /home/utec/humanoid_ws/install/unitree_go/include/unitree_go/unitree_go/msg/height_map.h
[0.827s] -- Up-to-date: /home/utec/humanoid_ws/install/unitree_go/include/unitree_go/unitree_go/msg/motor_cmds.h
[0.827s] -- Up-to-date: /home/utec/humanoid_ws/install/unitree_go/include/unitree_go/unitree_go/msg/motor_state.h
[0.827s] -- Up-to-date: /home/utec/humanoid_ws/install/unitree_go/include/unitree_go/unitree_go/msg/interface_config.h
[0.827s] -- Up-to-date: /home/utec/humanoid_ws/install/unitree_go/share/unitree_go/environment/library_path.sh
[0.827s] -- Up-to-date: /home/utec/humanoid_ws/install/unitree_go/share/unitree_go/environment/library_path.dsv
[0.827s] -- Up-to-date: /home/utec/humanoid_ws/install/unitree_go/lib/libunitree_go__rosidl_generator_c.so
[0.827s] -- Up-to-date: /home/utec/humanoid_ws/install/unitree_go/include/unitree_go/unitree_go
[0.827s] -- Up-to-date: /home/utec/humanoid_ws/install/unitree_go/include/unitree_go/unitree_go/msg
[0.828s] -- Up-to-date: /home/utec/humanoid_ws/install/unitree_go/include/unitree_go/unitree_go/msg/rosidl_typesupport_fastrtps_c__visibility_control.h
[0.830s] -- Up-to-date: /home/utec/humanoid_ws/install/unitree_go/include/unitree_go/unitree_go/msg/detail
[0.830s] -- Up-to-date: /home/utec/humanoid_ws/install/unitree_go/include/unitree_go/unitree_go/msg/detail/uwb_switch__rosidl_typesupport_fastrtps_c.h
[0.831s] -- Up-to-date: /home/utec/humanoid_ws/install/unitree_go/include/unitree_go/unitree_go/msg/detail/low_cmd__rosidl_typesupport_fastrtps_c.h
[0.831s] -- Up-to-date: /home/utec/humanoid_ws/install/unitree_go/include/unitree_go/unitree_go/msg/detail/motor_cmd__rosidl_typesupport_fastrtps_c.h
[0.831s] -- Up-to-date: /home/utec/humanoid_ws/install/unitree_go/include/unitree_go/unitree_go/msg/detail/interface_config__rosidl_typesupport_fastrtps_c.h
[0.831s] -- Up-to-date: /home/utec/humanoid_ws/install/unitree_go/include/unitree_go/unitree_go/msg/detail/audio_data__rosidl_typesupport_fastrtps_c.h
[0.831s] -- Up-to-date: /home/utec/humanoid_ws/install/unitree_go/include/unitree_go/unitree_go/msg/detail/res__rosidl_typesupport_fastrtps_c.h
[0.831s] -- Up-to-date: /home/utec/humanoid_ws/install/unitree_go/include/unitree_go/unitree_go/msg/detail/motor_states__rosidl_typesupport_fastrtps_c.h
[0.832s] -- Up-to-date: /home/utec/humanoid_ws/install/unitree_go/include/unitree_go/unitree_go/msg/detail/motor_cmds__rosidl_typesupport_fastrtps_c.h
[0.832s] -- Up-to-date: /home/utec/humanoid_ws/install/unitree_go/include/unitree_go/unitree_go/msg/detail/error__rosidl_typesupport_fastrtps_c.h
[0.832s] -- Up-to-date: /home/utec/humanoid_ws/install/unitree_go/include/unitree_go/unitree_go/msg/detail/time_spec__rosidl_typesupport_fastrtps_c.h
[0.832s] -- Up-to-date: /home/utec/humanoid_ws/install/unitree_go/include/unitree_go/unitree_go/msg/detail/motor_state__rosidl_typesupport_fastrtps_c.h
[0.832s] -- Up-to-date: /home/utec/humanoid_ws/install/unitree_go/include/unitree_go/unitree_go/msg/detail/bms_cmd__rosidl_typesupport_fastrtps_c.h
[0.833s] -- Up-to-date: /home/utec/humanoid_ws/install/unitree_go/include/unitree_go/unitree_go/msg/detail/go2_front_video_data__rosidl_typesupport_fastrtps_c.h
[0.833s] -- Up-to-date: /home/utec/humanoid_ws/install/unitree_go/include/unitree_go/unitree_go/msg/detail/sport_mode_cmd__rosidl_typesupport_fastrtps_c.h
[0.833s] -- Up-to-date: /home/utec/humanoid_ws/install/unitree_go/include/unitree_go/unitree_go/msg/detail/height_map__rosidl_typesupport_fastrtps_c.h
[0.833s] -- Up-to-date: /home/utec/humanoid_ws/install/unitree_go/include/unitree_go/unitree_go/msg/detail/req__rosidl_typesupport_fastrtps_c.h
[0.833s] -- Up-to-date: /home/utec/humanoid_ws/install/unitree_go/include/unitree_go/unitree_go/msg/detail/low_state__rosidl_typesupport_fastrtps_c.h
[0.833s] -- Up-to-date: /home/utec/humanoid_ws/install/unitree_go/include/unitree_go/unitree_go/msg/detail/bms_state__rosidl_typesupport_fastrtps_c.h
[0.833s] -- Up-to-date: /home/utec/humanoid_ws/install/unitree_go/include/unitree_go/unitree_go/msg/detail/lidar_state__rosidl_typesupport_fastrtps_c.h
[0.833s] -- Up-to-date: /home/utec/humanoid_ws/install/unitree_go/include/unitree_go/unitree_go/msg/detail/path_point__rosidl_typesupport_fastrtps_c.h
[0.833s] -- Up-to-date: /home/utec/humanoid_ws/install/unitree_go/include/unitree_go/unitree_go/msg/detail/uwb_state__rosidl_typesupport_fastrtps_c.h
[0.833s] -- Up-to-date: /home/utec/humanoid_ws/install/unitree_go/include/unitree_go/unitree_go/msg/detail/imu_state__rosidl_typesupport_fastrtps_c.h
[0.833s] -- Up-to-date: /home/utec/humanoid_ws/install/unitree_go/include/unitree_go/unitree_go/msg/detail/wireless_controller__rosidl_typesupport_fastrtps_c.h
[0.833s] -- Up-to-date: /home/utec/humanoid_ws/install/unitree_go/include/unitree_go/unitree_go/msg/detail/sport_mode_state__rosidl_typesupport_fastrtps_c.h
[0.833s] -- Up-to-date: /home/utec/humanoid_ws/install/unitree_go/lib/libunitree_go__rosidl_typesupport_fastrtps_c.so
[0.833s] -- Up-to-date: /home/utec/humanoid_ws/install/unitree_go/include/unitree_go/unitree_go
[0.833s] -- Up-to-date: /home/utec/humanoid_ws/install/unitree_go/include/unitree_go/unitree_go/msg
[0.833s] -- Up-to-date: /home/utec/humanoid_ws/install/unitree_go/include/unitree_go/unitree_go/msg/wireless_controller.hpp
[0.833s] -- Up-to-date: /home/utec/humanoid_ws/install/unitree_go/include/unitree_go/unitree_go/msg/sport_mode_state.hpp
[0.834s] -- Up-to-date: /home/utec/humanoid_ws/install/unitree_go/include/unitree_go/unitree_go/msg/height_map.hpp
[0.834s] -- Up-to-date: /home/utec/humanoid_ws/install/unitree_go/include/unitree_go/unitree_go/msg/req.hpp
[0.834s] -- Up-to-date: /home/utec/humanoid_ws/install/unitree_go/include/unitree_go/unitree_go/msg/uwb_state.hpp
[0.834s] -- Up-to-date: /home/utec/humanoid_ws/install/unitree_go/include/unitree_go/unitree_go/msg/motor_cmds.hpp
[0.834s] -- Up-to-date: /home/utec/humanoid_ws/install/unitree_go/include/unitree_go/unitree_go/msg/lidar_state.hpp
[0.834s] -- Up-to-date: /home/utec/humanoid_ws/install/unitree_go/include/unitree_go/unitree_go/msg/detail
[0.834s] -- Up-to-date: /home/utec/humanoid_ws/install/unitree_go/include/unitree_go/unitree_go/msg/detail/req__builder.hpp
[0.834s] -- Up-to-date: /home/utec/humanoid_ws/install/unitree_go/include/unitree_go/unitree_go/msg/detail/path_point__struct.hpp
[0.834s] -- Up-to-date: /home/utec/humanoid_ws/install/unitree_go/include/unitree_go/unitree_go/msg/detail/uwb_state__builder.hpp
[0.834s] -- Up-to-date: /home/utec/humanoid_ws/install/unitree_go/include/unitree_go/unitree_go/msg/detail/path_point__traits.hpp
[0.834s] -- Up-to-date: /home/utec/humanoid_ws/install/unitree_go/include/unitree_go/unitree_go/msg/detail/motor_cmd__type_support.hpp
[0.834s] -- Up-to-date: /home/utec/humanoid_ws/install/unitree_go/include/unitree_go/unitree_go/msg/detail/imu_state__struct.hpp
[0.834s] -- Up-to-date: /home/utec/humanoid_ws/install/unitree_go/include/unitree_go/unitree_go/msg/detail/audio_data__struct.hpp
[0.834s] -- Up-to-date: /home/utec/humanoid_ws/install/unitree_go/include/unitree_go/unitree_go/msg/detail/audio_data__traits.hpp
[0.834s] -- Up-to-date: /home/utec/humanoid_ws/install/unitree_go/include/unitree_go/unitree_go/msg/detail/lidar_state__builder.hpp
[0.835s] -- Up-to-date: /home/utec/humanoid_ws/install/unitree_go/include/unitree_go/unitree_go/msg/detail/motor_cmds__traits.hpp
[0.835s] -- Up-to-date: /home/utec/humanoid_ws/install/unitree_go/include/unitree_go/unitree_go/msg/detail/motor_state__struct.hpp
[0.835s] -- Up-to-date: /home/utec/humanoid_ws/install/unitree_go/include/unitree_go/unitree_go/msg/detail/uwb_state__type_support.hpp
[0.835s] -- Up-to-date: /home/utec/humanoid_ws/install/unitree_go/include/unitree_go/unitree_go/msg/detail/bms_state__type_support.hpp
[0.835s] -- Up-to-date: /home/utec/humanoid_ws/install/unitree_go/include/unitree_go/unitree_go/msg/detail/path_point__type_support.hpp
[0.835s] -- Up-to-date: /home/utec/humanoid_ws/install/unitree_go/include/unitree_go/unitree_go/msg/detail/sport_mode_state__type_support.hpp
[0.835s] -- Up-to-date: /home/utec/humanoid_ws/install/unitree_go/include/unitree_go/unitree_go/msg/detail/motor_states__struct.hpp
[0.835s] -- Up-to-date: /home/utec/humanoid_ws/install/unitree_go/include/unitree_go/unitree_go/msg/detail/bms_cmd__type_support.hpp
[0.835s] -- Up-to-date: /home/utec/humanoid_ws/install/unitree_go/include/unitree_go/unitree_go/msg/detail/lidar_state__struct.hpp
[0.835s] -- Up-to-date: /home/utec/humanoid_ws/install/unitree_go/include/unitree_go/unitree_go/msg/detail/imu_state__builder.hpp
[0.835s] -- Up-to-date: /home/utec/humanoid_ws/install/unitree_go/include/unitree_go/unitree_go/msg/detail/bms_cmd__traits.hpp
[0.836s] -- Up-to-date: /home/utec/humanoid_ws/install/unitree_go/include/unitree_go/unitree_go/msg/detail/motor_cmds__type_support.hpp
[0.836s] -- Up-to-date: /home/utec/humanoid_ws/install/unitree_go/include/unitree_go/unitree_go/msg/detail/sport_mode_state__struct.hpp
[0.836s] -- Up-to-date: /home/utec/humanoid_ws/install/unitree_go/include/unitree_go/unitree_go/msg/detail/motor_states__traits.hpp
[0.836s] -- Up-to-date: /home/utec/humanoid_ws/install/unitree_go/include/unitree_go/unitree_go/msg/detail/uwb_switch__type_support.hpp
[0.836s] -- Up-to-date: /home/utec/humanoid_ws/install/unitree_go/include/unitree_go/unitree_go/msg/detail/low_cmd__builder.hpp
[0.836s] -- Up-to-date: /home/utec/humanoid_ws/install/unitree_go/include/unitree_go/unitree_go/msg/detail/motor_states__builder.hpp
[0.836s] -- Up-to-date: /home/utec/humanoid_ws/install/unitree_go/include/unitree_go/unitree_go/msg/detail/sport_mode_cmd__struct.hpp
[0.836s] -- Up-to-date: /home/utec/humanoid_ws/install/unitree_go/include/unitree_go/unitree_go/msg/detail/wireless_controller__struct.hpp
[0.836s] -- Up-to-date: /home/utec/humanoid_ws/install/unitree_go/include/unitree_go/unitree_go/msg/detail/low_state__builder.hpp
[0.836s] -- Up-to-date: /home/utec/humanoid_ws/install/unitree_go/include/unitree_go/unitree_go/msg/detail/go2_front_video_data__builder.hpp
[0.836s] -- Up-to-date: /home/utec/humanoid_ws/install/unitree_go/include/unitree_go/unitree_go/msg/detail/height_map__traits.hpp
[0.836s] -- Up-to-date: /home/utec/humanoid_ws/install/unitree_go/include/unitree_go/unitree_go/msg/detail/motor_states__type_support.hpp
[0.836s] -- Up-to-date: /home/utec/humanoid_ws/install/unitree_go/include/unitree_go/unitree_go/msg/detail/uwb_switch__traits.hpp
[0.836s] -- Up-to-date: /home/utec/humanoid_ws/install/unitree_go/include/unitree_go/unitree_go/msg/detail/uwb_switch__struct.hpp
[0.836s] -- Up-to-date: /home/utec/humanoid_ws/install/unitree_go/include/unitree_go/unitree_go/msg/detail/interface_config__type_support.hpp
[0.837s] -- Up-to-date: /home/utec/humanoid_ws/install/unitree_go/include/unitree_go/unitree_go/msg/detail/height_map__builder.hpp
[0.837s] -- Up-to-date: /home/utec/humanoid_ws/install/unitree_go/include/unitree_go/unitree_go/msg/detail/uwb_state__traits.hpp
[0.837s] -- Up-to-date: /home/utec/humanoid_ws/install/unitree_go/include/unitree_go/unitree_go/msg/detail/low_cmd__type_support.hpp
[0.837s] -- Up-to-date: /home/utec/humanoid_ws/install/unitree_go/include/unitree_go/unitree_go/msg/detail/motor_state__builder.hpp
[0.837s] -- Up-to-date: /home/utec/humanoid_ws/install/unitree_go/include/unitree_go/unitree_go/msg/detail/motor_cmd__builder.hpp
[0.837s] -- Up-to-date: /home/utec/humanoid_ws/install/unitree_go/include/unitree_go/unitree_go/msg/detail/res__builder.hpp
[0.837s] -- Up-to-date: /home/utec/humanoid_ws/install/unitree_go/include/unitree_go/unitree_go/msg/detail/bms_state__builder.hpp
[0.837s] -- Up-to-date: /home/utec/humanoid_ws/install/unitree_go/include/unitree_go/unitree_go/msg/detail/interface_config__traits.hpp
[0.837s] -- Up-to-date: /home/utec/humanoid_ws/install/unitree_go/include/unitree_go/unitree_go/msg/detail/uwb_state__struct.hpp
[0.837s] -- Up-to-date: /home/utec/humanoid_ws/install/unitree_go/include/unitree_go/unitree_go/msg/detail/imu_state__traits.hpp
[0.837s] -- Up-to-date: /home/utec/humanoid_ws/install/unitree_go/include/unitree_go/unitree_go/msg/detail/bms_cmd__builder.hpp
[0.837s] -- Up-to-date: /home/utec/humanoid_ws/install/unitree_go/include/unitree_go/unitree_go/msg/detail/res__type_support.hpp
[0.837s] -- Up-to-date: /home/utec/humanoid_ws/install/unitree_go/include/unitree_go/unitree_go/msg/detail/error__struct.hpp
[0.837s] -- Up-to-date: /home/utec/humanoid_ws/install/unitree_go/include/unitree_go/unitree_go/msg/detail/sport_mode_state__traits.hpp
[0.837s] -- Up-to-date: /home/utec/humanoid_ws/install/unitree_go/include/unitree_go/unitree_go/msg/detail/low_state__struct.hpp
[0.837s] -- Up-to-date: /home/utec/humanoid_ws/install/unitree_go/include/unitree_go/unitree_go/msg/detail/wireless_controller__type_support.hpp
[0.837s] -- Up-to-date: /home/utec/humanoid_ws/install/unitree_go/include/unitree_go/unitree_go/msg/detail/lidar_state__type_support.hpp
[0.837s] -- Up-to-date: /home/utec/humanoid_ws/install/unitree_go/include/unitree_go/unitree_go/msg/detail/low_cmd__struct.hpp
[0.838s] -- Up-to-date: /home/utec/humanoid_ws/install/unitree_go/include/unitree_go/unitree_go/msg/detail/bms_state__traits.hpp
[0.838s] -- Up-to-date: /home/utec/humanoid_ws/install/unitree_go/include/unitree_go/unitree_go/msg/detail/error__builder.hpp
[0.838s] -- Up-to-date: /home/utec/humanoid_ws/install/unitree_go/include/unitree_go/unitree_go/msg/detail/sport_mode_cmd__builder.hpp
[0.838s] -- Up-to-date: /home/utec/humanoid_ws/install/unitree_go/include/unitree_go/unitree_go/msg/detail/error__type_support.hpp
[0.838s] -- Up-to-date: /home/utec/humanoid_ws/install/unitree_go/include/unitree_go/unitree_go/msg/detail/motor_state__type_support.hpp
[0.838s] -- Up-to-date: /home/utec/humanoid_ws/install/unitree_go/include/unitree_go/unitree_go/msg/detail/height_map__type_support.hpp
[0.838s] -- Up-to-date: /home/utec/humanoid_ws/install/unitree_go/include/unitree_go/unitree_go/msg/detail/low_state__type_support.hpp
[0.838s] -- Up-to-date: /home/utec/humanoid_ws/install/unitree_go/include/unitree_go/unitree_go/msg/detail/wireless_controller__builder.hpp
[0.838s] -- Up-to-date: /home/utec/humanoid_ws/install/unitree_go/include/unitree_go/unitree_go/msg/detail/low_state__traits.hpp
[0.839s] -- Up-to-date: /home/utec/humanoid_ws/install/unitree_go/include/unitree_go/unitree_go/msg/detail/motor_state__traits.hpp
[0.839s] -- Up-to-date: /home/utec/humanoid_ws/install/unitree_go/include/unitree_go/unitree_go/msg/detail/path_point__builder.hpp
[0.839s] -- Up-to-date: /home/utec/humanoid_ws/install/unitree_go/include/unitree_go/unitree_go/msg/detail/lidar_state__traits.hpp
[0.839s] -- Up-to-date: /home/utec/humanoid_ws/install/unitree_go/include/unitree_go/unitree_go/msg/detail/interface_config__builder.hpp
[0.839s] -- Up-to-date: /home/utec/humanoid_ws/install/unitree_go/include/unitree_go/unitree_go/msg/detail/res__struct.hpp
[0.839s] -- Up-to-date: /home/utec/humanoid_ws/install/unitree_go/include/unitree_go/unitree_go/msg/detail/time_spec__struct.hpp
[0.839s] -- Up-to-date: /home/utec/humanoid_ws/install/unitree_go/include/unitree_go/unitree_go/msg/detail/audio_data__builder.hpp
[0.839s] -- Up-to-date: /home/utec/humanoid_ws/install/unitree_go/include/unitree_go/unitree_go/msg/detail/go2_front_video_data__type_support.hpp
[0.839s] -- Up-to-date: /home/utec/humanoid_ws/install/unitree_go/include/unitree_go/unitree_go/msg/detail/audio_data__type_support.hpp
[0.839s] -- Up-to-date: /home/utec/humanoid_ws/install/unitree_go/include/unitree_go/unitree_go/msg/detail/height_map__struct.hpp
[0.839s] -- Up-to-date: /home/utec/humanoid_ws/install/unitree_go/include/unitree_go/unitree_go/msg/detail/time_spec__type_support.hpp
[0.839s] -- Up-to-date: /home/utec/humanoid_ws/install/unitree_go/include/unitree_go/unitree_go/msg/detail/sport_mode_cmd__traits.hpp
[0.839s] -- Up-to-date: /home/utec/humanoid_ws/install/unitree_go/include/unitree_go/unitree_go/msg/detail/motor_cmd__struct.hpp
[0.839s] -- Up-to-date: /home/utec/humanoid_ws/install/unitree_go/include/unitree_go/unitree_go/msg/detail/low_cmd__traits.hpp
[0.840s] -- Up-to-date: /home/utec/humanoid_ws/install/unitree_go/include/unitree_go/unitree_go/msg/detail/uwb_switch__builder.hpp
[0.840s] -- Up-to-date: /home/utec/humanoid_ws/install/unitree_go/include/unitree_go/unitree_go/msg/detail/req__type_support.hpp
[0.840s] -- Up-to-date: /home/utec/humanoid_ws/install/unitree_go/include/unitree_go/unitree_go/msg/detail/time_spec__traits.hpp
[0.840s] -- Up-to-date: /home/utec/humanoid_ws/install/unitree_go/include/unitree_go/unitree_go/msg/detail/motor_cmds__builder.hpp
[0.840s] -- Up-to-date: /home/utec/humanoid_ws/install/unitree_go/include/unitree_go/unitree_go/msg/detail/req__traits.hpp
[0.840s] -- Up-to-date: /home/utec/humanoid_ws/install/unitree_go/include/unitree_go/unitree_go/msg/detail/sport_mode_cmd__type_support.hpp
[0.840s] -- Up-to-date: /home/utec/humanoid_ws/install/unitree_go/include/unitree_go/unitree_go/msg/detail/bms_state__struct.hpp
[0.840s] -- Up-to-date: /home/utec/humanoid_ws/install/unitree_go/include/unitree_go/unitree_go/msg/detail/bms_cmd__struct.hpp
[0.840s] -- Up-to-date: /home/utec/humanoid_ws/install/unitree_go/include/unitree_go/unitree_go/msg/detail/req__struct.hpp
[0.840s] -- Up-to-date: /home/utec/humanoid_ws/install/unitree_go/include/unitree_go/unitree_go/msg/detail/wireless_controller__traits.hpp
[0.840s] -- Up-to-date: /home/utec/humanoid_ws/install/unitree_go/include/unitree_go/unitree_go/msg/detail/res__traits.hpp
[0.840s] -- Up-to-date: /home/utec/humanoid_ws/install/unitree_go/include/unitree_go/unitree_go/msg/detail/motor_cmds__struct.hpp
[0.841s] -- Up-to-date: /home/utec/humanoid_ws/install/unitree_go/include/unitree_go/unitree_go/msg/detail/interface_config__struct.hpp
[0.841s] -- Up-to-date: /home/utec/humanoid_ws/install/unitree_go/include/unitree_go/unitree_go/msg/detail/motor_cmd__traits.hpp
[0.841s] -- Up-to-date: /home/utec/humanoid_ws/install/unitree_go/include/unitree_go/unitree_go/msg/detail/imu_state__type_support.hpp
[0.841s] -- Up-to-date: /home/utec/humanoid_ws/install/unitree_go/include/unitree_go/unitree_go/msg/detail/error__traits.hpp
[0.841s] -- Up-to-date: /home/utec/humanoid_ws/install/unitree_go/include/unitree_go/unitree_go/msg/detail/go2_front_video_data__struct.hpp
[0.841s] -- Up-to-date: /home/utec/humanoid_ws/install/unitree_go/include/unitree_go/unitree_go/msg/detail/sport_mode_state__builder.hpp
[0.841s] -- Up-to-date: /home/utec/humanoid_ws/install/unitree_go/include/unitree_go/unitree_go/msg/detail/go2_front_video_data__traits.hpp
[0.841s] -- Up-to-date: /home/utec/humanoid_ws/install/unitree_go/include/unitree_go/unitree_go/msg/detail/time_spec__builder.hpp
[0.841s] -- Up-to-date: /home/utec/humanoid_ws/install/unitree_go/include/unitree_go/unitree_go/msg/motor_state.hpp
[0.842s] -- Up-to-date: /home/utec/humanoid_ws/install/unitree_go/include/unitree_go/unitree_go/msg/sport_mode_cmd.hpp
[0.842s] -- Up-to-date: /home/utec/humanoid_ws/install/unitree_go/include/unitree_go/unitree_go/msg/bms_state.hpp
[0.842s] -- Up-to-date: /home/utec/humanoid_ws/install/unitree_go/include/unitree_go/unitree_go/msg/motor_cmd.hpp
[0.842s] -- Up-to-date: /home/utec/humanoid_ws/install/unitree_go/include/unitree_go/unitree_go/msg/motor_states.hpp
[0.842s] -- Up-to-date: /home/utec/humanoid_ws/install/unitree_go/include/unitree_go/unitree_go/msg/audio_data.hpp
[0.842s] -- Up-to-date: /home/utec/humanoid_ws/install/unitree_go/include/unitree_go/unitree_go/msg/imu_state.hpp
[0.843s] -- Up-to-date: /home/utec/humanoid_ws/install/unitree_go/include/unitree_go/unitree_go/msg/go2_front_video_data.hpp
[0.843s] -- Up-to-date: /home/utec/humanoid_ws/install/unitree_go/include/unitree_go/unitree_go/msg/interface_config.hpp
[0.843s] -- Up-to-date: /home/utec/humanoid_ws/install/unitree_go/include/unitree_go/unitree_go/msg/rosidl_generator_cpp__visibility_control.hpp
[0.843s] -- Up-to-date: /home/utec/humanoid_ws/install/unitree_go/include/unitree_go/unitree_go/msg/low_cmd.hpp
[0.843s] -- Up-to-date: /home/utec/humanoid_ws/install/unitree_go/include/unitree_go/unitree_go/msg/path_point.hpp
[0.843s] -- Up-to-date: /home/utec/humanoid_ws/install/unitree_go/include/unitree_go/unitree_go/msg/error.hpp
[0.843s] -- Up-to-date: /home/utec/humanoid_ws/install/unitree_go/include/unitree_go/unitree_go/msg/low_state.hpp
[0.843s] -- Up-to-date: /home/utec/humanoid_ws/install/unitree_go/include/unitree_go/unitree_go/msg/time_spec.hpp
[0.843s] -- Up-to-date: /home/utec/humanoid_ws/install/unitree_go/include/unitree_go/unitree_go/msg/uwb_switch.hpp
[0.843s] -- Up-to-date: /home/utec/humanoid_ws/install/unitree_go/include/unitree_go/unitree_go/msg/res.hpp
[0.843s] -- Up-to-date: /home/utec/humanoid_ws/install/unitree_go/include/unitree_go/unitree_go/msg/bms_cmd.hpp
[0.843s] -- Up-to-date: /home/utec/humanoid_ws/install/unitree_go/include/unitree_go/unitree_go
[0.843s] -- Up-to-date: /home/utec/humanoid_ws/install/unitree_go/include/unitree_go/unitree_go/msg
[0.843s] -- Up-to-date: /home/utec/humanoid_ws/install/unitree_go/include/unitree_go/unitree_go/msg/detail
[0.843s] -- Up-to-date: /home/utec/humanoid_ws/install/unitree_go/include/unitree_go/unitree_go/msg/detail/lidar_state__rosidl_typesupport_fastrtps_cpp.hpp
[0.843s] -- Up-to-date: /home/utec/humanoid_ws/install/unitree_go/include/unitree_go/unitree_go/msg/detail/motor_cmd__rosidl_typesupport_fastrtps_cpp.hpp
[0.844s] -- Up-to-date: /home/utec/humanoid_ws/install/unitree_go/include/unitree_go/unitree_go/msg/detail/motor_state__rosidl_typesupport_fastrtps_cpp.hpp
[0.844s] -- Up-to-date: /home/utec/humanoid_ws/install/unitree_go/include/unitree_go/unitree_go/msg/detail/height_map__rosidl_typesupport_fastrtps_cpp.hpp
[0.844s] -- Up-to-date: /home/utec/humanoid_ws/install/unitree_go/include/unitree_go/unitree_go/msg/detail/bms_cmd__rosidl_typesupport_fastrtps_cpp.hpp
[0.844s] -- Up-to-date: /home/utec/humanoid_ws/install/unitree_go/include/unitree_go/unitree_go/msg/detail/req__rosidl_typesupport_fastrtps_cpp.hpp
[0.844s] -- Up-to-date: /home/utec/humanoid_ws/install/unitree_go/include/unitree_go/unitree_go/msg/detail/motor_states__rosidl_typesupport_fastrtps_cpp.hpp
[0.844s] -- Up-to-date: /home/utec/humanoid_ws/install/unitree_go/include/unitree_go/unitree_go/msg/detail/uwb_switch__rosidl_typesupport_fastrtps_cpp.hpp
[0.844s] -- Up-to-date: /home/utec/humanoid_ws/install/unitree_go/include/unitree_go/unitree_go/msg/detail/sport_mode_state__rosidl_typesupport_fastrtps_cpp.hpp
[0.844s] -- Up-to-date: /home/utec/humanoid_ws/install/unitree_go/include/unitree_go/unitree_go/msg/detail/path_point__rosidl_typesupport_fastrtps_cpp.hpp
[0.844s] -- Up-to-date: /home/utec/humanoid_ws/install/unitree_go/include/unitree_go/unitree_go/msg/detail/dds_fastrtps
[0.844s] -- Up-to-date: /home/utec/humanoid_ws/install/unitree_go/include/unitree_go/unitree_go/msg/detail/go2_front_video_data__rosidl_typesupport_fastrtps_cpp.hpp
[0.844s] -- Up-to-date: /home/utec/humanoid_ws/install/unitree_go/include/unitree_go/unitree_go/msg/detail/interface_config__rosidl_typesupport_fastrtps_cpp.hpp
[0.844s] -- Up-to-date: /home/utec/humanoid_ws/install/unitree_go/include/unitree_go/unitree_go/msg/detail/wireless_controller__rosidl_typesupport_fastrtps_cpp.hpp
[0.844s] -- Up-to-date: /home/utec/humanoid_ws/install/unitree_go/include/unitree_go/unitree_go/msg/detail/low_cmd__rosidl_typesupport_fastrtps_cpp.hpp
[0.844s] -- Up-to-date: /home/utec/humanoid_ws/install/unitree_go/include/unitree_go/unitree_go/msg/detail/time_spec__rosidl_typesupport_fastrtps_cpp.hpp
[0.844s] -- Up-to-date: /home/utec/humanoid_ws/install/unitree_go/include/unitree_go/unitree_go/msg/detail/bms_state__rosidl_typesupport_fastrtps_cpp.hpp
[0.844s] -- Up-to-date: /home/utec/humanoid_ws/install/unitree_go/include/unitree_go/unitree_go/msg/detail/low_state__rosidl_typesupport_fastrtps_cpp.hpp
[0.844s] -- Up-to-date: /home/utec/humanoid_ws/install/unitree_go/include/unitree_go/unitree_go/msg/detail/uwb_state__rosidl_typesupport_fastrtps_cpp.hpp
[0.844s] -- Up-to-date: /home/utec/humanoid_ws/install/unitree_go/include/unitree_go/unitree_go/msg/detail/imu_state__rosidl_typesupport_fastrtps_cpp.hpp
[0.845s] -- Up-to-date: /home/utec/humanoid_ws/install/unitree_go/include/unitree_go/unitree_go/msg/detail/error__rosidl_typesupport_fastrtps_cpp.hpp
[0.845s] -- Up-to-date: /home/utec/humanoid_ws/install/unitree_go/include/unitree_go/unitree_go/msg/detail/sport_mode_cmd__rosidl_typesupport_fastrtps_cpp.hpp
[0.845s] -- Up-to-date: /home/utec/humanoid_ws/install/unitree_go/include/unitree_go/unitree_go/msg/detail/motor_cmds__rosidl_typesupport_fastrtps_cpp.hpp
[0.845s] -- Up-to-date: /home/utec/humanoid_ws/install/unitree_go/include/unitree_go/unitree_go/msg/detail/audio_data__rosidl_typesupport_fastrtps_cpp.hpp
[0.845s] -- Up-to-date: /home/utec/humanoid_ws/install/unitree_go/include/unitree_go/unitree_go/msg/detail/res__rosidl_typesupport_fastrtps_cpp.hpp
[0.846s] -- Up-to-date: /home/utec/humanoid_ws/install/unitree_go/include/unitree_go/unitree_go/msg/rosidl_typesupport_fastrtps_cpp__visibility_control.h
[0.846s] -- Up-to-date: /home/utec/humanoid_ws/install/unitree_go/lib/libunitree_go__rosidl_typesupport_fastrtps_cpp.so
[0.846s] -- Up-to-date: /home/utec/humanoid_ws/install/unitree_go/include/unitree_go/unitree_go
[0.846s] -- Up-to-date: /home/utec/humanoid_ws/install/unitree_go/include/unitree_go/unitree_go/msg
[0.846s] -- Up-to-date: /home/utec/humanoid_ws/install/unitree_go/include/unitree_go/unitree_go/msg/detail
[0.846s] -- Up-to-date: /home/utec/humanoid_ws/install/unitree_go/include/unitree_go/unitree_go/msg/detail/error__type_support.c
[0.846s] -- Up-to-date: /home/utec/humanoid_ws/install/unitree_go/include/unitree_go/unitree_go/msg/detail/audio_data__rosidl_typesupport_introspection_c.h
[0.846s] -- Up-to-date: /home/utec/humanoid_ws/install/unitree_go/include/unitree_go/unitree_go/msg/detail/sport_mode_cmd__rosidl_typesupport_introspection_c.h
[0.846s] -- Up-to-date: /home/utec/humanoid_ws/install/unitree_go/include/unitree_go/unitree_go/msg/detail/motor_states__type_support.c
[0.846s] -- Up-to-date: /home/utec/humanoid_ws/install/unitree_go/include/unitree_go/unitree_go/msg/detail/path_point__rosidl_typesupport_introspection_c.h
[0.846s] -- Up-to-date: /home/utec/humanoid_ws/install/unitree_go/include/unitree_go/unitree_go/msg/detail/req__rosidl_typesupport_introspection_c.h
[0.846s] -- Up-to-date: /home/utec/humanoid_ws/install/unitree_go/include/unitree_go/unitree_go/msg/detail/motor_states__rosidl_typesupport_introspection_c.h
[0.846s] -- Up-to-date: /home/utec/humanoid_ws/install/unitree_go/include/unitree_go/unitree_go/msg/detail/low_cmd__type_support.c
[0.847s] -- Up-to-date: /home/utec/humanoid_ws/install/unitree_go/include/unitree_go/unitree_go/msg/detail/time_spec__rosidl_typesupport_introspection_c.h
[0.847s] -- Up-to-date: /home/utec/humanoid_ws/install/unitree_go/include/unitree_go/unitree_go/msg/detail/uwb_switch__rosidl_typesupport_introspection_c.h
[0.847s] -- Up-to-date: /home/utec/humanoid_ws/install/unitree_go/include/unitree_go/unitree_go/msg/detail/bms_state__rosidl_typesupport_introspection_c.h
[0.847s] -- Up-to-date: /home/utec/humanoid_ws/install/unitree_go/include/unitree_go/unitree_go/msg/detail/motor_cmds__type_support.c
[0.847s] -- Up-to-date: /home/utec/humanoid_ws/install/unitree_go/include/unitree_go/unitree_go/msg/detail/bms_cmd__type_support.c
[0.847s] -- Up-to-date: /home/utec/humanoid_ws/install/unitree_go/include/unitree_go/unitree_go/msg/detail/time_spec__type_support.c
[0.847s] -- Up-to-date: /home/utec/humanoid_ws/install/unitree_go/include/unitree_go/unitree_go/msg/detail/interface_config__rosidl_typesupport_introspection_c.h
[0.847s] -- Up-to-date: /home/utec/humanoid_ws/install/unitree_go/include/unitree_go/unitree_go/msg/detail/uwb_state__rosidl_typesupport_introspection_c.h
[0.847s] -- Up-to-date: /home/utec/humanoid_ws/install/unitree_go/include/unitree_go/unitree_go/msg/detail/motor_cmd__type_support.c
[0.847s] -- Up-to-date: /home/utec/humanoid_ws/install/unitree_go/include/unitree_go/unitree_go/msg/detail/imu_state__rosidl_typesupport_introspection_c.h
[0.848s] -- Up-to-date: /home/utec/humanoid_ws/install/unitree_go/include/unitree_go/unitree_go/msg/detail/audio_data__type_support.c
[0.848s] -- Up-to-date: /home/utec/humanoid_ws/install/unitree_go/include/unitree_go/unitree_go/msg/detail/motor_cmd__rosidl_typesupport_introspection_c.h
[0.848s] -- Up-to-date: /home/utec/humanoid_ws/install/unitree_go/include/unitree_go/unitree_go/msg/detail/low_state__rosidl_typesupport_introspection_c.h
[0.849s] -- Up-to-date: /home/utec/humanoid_ws/install/unitree_go/include/unitree_go/unitree_go/msg/detail/bms_cmd__rosidl_typesupport_introspection_c.h
[0.849s] -- Up-to-date: /home/utec/humanoid_ws/install/unitree_go/include/unitree_go/unitree_go/msg/detail/sport_mode_state__rosidl_typesupport_introspection_c.h
[0.849s] -- Up-to-date: /home/utec/humanoid_ws/install/unitree_go/include/unitree_go/unitree_go/msg/detail/wireless_controller__type_support.c
[0.849s] -- Up-to-date: /home/utec/humanoid_ws/install/unitree_go/include/unitree_go/unitree_go/msg/detail/low_state__type_support.c
[0.849s] -- Up-to-date: /home/utec/humanoid_ws/install/unitree_go/include/unitree_go/unitree_go/msg/detail/path_point__type_support.c
[0.849s] -- Up-to-date: /home/utec/humanoid_ws/install/unitree_go/include/unitree_go/unitree_go/msg/detail/motor_cmds__rosidl_typesupport_introspection_c.h
[0.849s] -- Up-to-date: /home/utec/humanoid_ws/install/unitree_go/include/unitree_go/unitree_go/msg/detail/go2_front_video_data__type_support.c
[0.849s] -- Up-to-date: /home/utec/humanoid_ws/install/unitree_go/include/unitree_go/unitree_go/msg/detail/req__type_support.c
[0.849s] -- Up-to-date: /home/utec/humanoid_ws/install/unitree_go/include/unitree_go/unitree_go/msg/detail/motor_state__type_support.c
[0.849s] -- Up-to-date: /home/utec/humanoid_ws/install/unitree_go/include/unitree_go/unitree_go/msg/detail/bms_state__type_support.c
[0.849s] -- Up-to-date: /home/utec/humanoid_ws/install/unitree_go/include/unitree_go/unitree_go/msg/detail/res__rosidl_typesupport_introspection_c.h
[0.850s] -- Up-to-date: /home/utec/humanoid_ws/install/unitree_go/include/unitree_go/unitree_go/msg/detail/error__rosidl_typesupport_introspection_c.h
[0.850s] -- Up-to-date: /home/utec/humanoid_ws/install/unitree_go/include/unitree_go/unitree_go/msg/detail/sport_mode_cmd__type_support.c
[0.850s] -- Up-to-date: /home/utec/humanoid_ws/install/unitree_go/include/unitree_go/unitree_go/msg/detail/imu_state__type_support.c
[0.850s] -- Up-to-date: /home/utec/humanoid_ws/install/unitree_go/include/unitree_go/unitree_go/msg/detail/go2_front_video_data__rosidl_typesupport_introspection_c.h
[0.850s] -- Up-to-date: /home/utec/humanoid_ws/install/unitree_go/include/unitree_go/unitree_go/msg/detail/interface_config__type_support.c
[0.850s] -- Up-to-date: /home/utec/humanoid_ws/install/unitree_go/include/unitree_go/unitree_go/msg/detail/height_map__rosidl_typesupport_introspection_c.h
[0.851s] -- Up-to-date: /home/utec/humanoid_ws/install/unitree_go/include/unitree_go/unitree_go/msg/detail/uwb_switch__type_support.c
[0.851s] -- Up-to-date: /home/utec/humanoid_ws/install/unitree_go/include/unitree_go/unitree_go/msg/detail/sport_mode_state__type_support.c
[0.852s] -- Up-to-date: /home/utec/humanoid_ws/install/unitree_go/include/unitree_go/unitree_go/msg/detail/lidar_state__type_support.c
[0.852s] -- Up-to-date: /home/utec/humanoid_ws/install/unitree_go/include/unitree_go/unitree_go/msg/detail/motor_state__rosidl_typesupport_introspection_c.h
[0.852s] -- Up-to-date: /home/utec/humanoid_ws/install/unitree_go/include/unitree_go/unitree_go/msg/detail/low_cmd__rosidl_typesupport_introspection_c.h
[0.852s] -- Up-to-date: /home/utec/humanoid_ws/install/unitree_go/include/unitree_go/unitree_go/msg/detail/lidar_state__rosidl_typesupport_introspection_c.h
[0.852s] -- Up-to-date: /home/utec/humanoid_ws/install/unitree_go/include/unitree_go/unitree_go/msg/detail/height_map__type_support.c
[0.852s] -- Up-to-date: /home/utec/humanoid_ws/install/unitree_go/include/unitree_go/unitree_go/msg/detail/res__type_support.c
[0.852s] -- Up-to-date: /home/utec/humanoid_ws/install/unitree_go/include/unitree_go/unitree_go/msg/detail/wireless_controller__rosidl_typesupport_introspection_c.h
[0.852s] -- Up-to-date: /home/utec/humanoid_ws/install/unitree_go/include/unitree_go/unitree_go/msg/detail/uwb_state__type_support.c
[0.853s] -- Up-to-date: /home/utec/humanoid_ws/install/unitree_go/include/unitree_go/unitree_go/msg/rosidl_typesupport_introspection_c__visibility_control.h
[0.853s] -- Up-to-date: /home/utec/humanoid_ws/install/unitree_go/lib/libunitree_go__rosidl_typesupport_introspection_c.so
[0.853s] -- Up-to-date: /home/utec/humanoid_ws/install/unitree_go/lib/libunitree_go__rosidl_typesupport_c.so
[0.853s] -- Up-to-date: /home/utec/humanoid_ws/install/unitree_go/include/unitree_go/unitree_go
[0.853s] -- Up-to-date: /home/utec/humanoid_ws/install/unitree_go/include/unitree_go/unitree_go/msg
[0.853s] -- Up-to-date: /home/utec/humanoid_ws/install/unitree_go/include/unitree_go/unitree_go/msg/detail
[0.853s] -- Up-to-date: /home/utec/humanoid_ws/install/unitree_go/include/unitree_go/unitree_go/msg/detail/time_spec__rosidl_typesupport_introspection_cpp.hpp
[0.853s] -- Up-to-date: /home/utec/humanoid_ws/install/unitree_go/include/unitree_go/unitree_go/msg/detail/motor_cmds__rosidl_typesupport_introspection_cpp.hpp
[0.853s] -- Up-to-date: /home/utec/humanoid_ws/install/unitree_go/include/unitree_go/unitree_go/msg/detail/go2_front_video_data__type_support.cpp
[0.854s] -- Up-to-date: /home/utec/humanoid_ws/install/unitree_go/include/unitree_go/unitree_go/msg/detail/error__type_support.cpp
[0.854s] -- Up-to-date: /home/utec/humanoid_ws/install/unitree_go/include/unitree_go/unitree_go/msg/detail/imu_state__type_support.cpp
[0.854s] -- Up-to-date: /home/utec/humanoid_ws/install/unitree_go/include/unitree_go/unitree_go/msg/detail/path_point__type_support.cpp
[0.854s] -- Up-to-date: /home/utec/humanoid_ws/install/unitree_go/include/unitree_go/unitree_go/msg/detail/motor_state__type_support.cpp
[0.854s] -- Up-to-date: /home/utec/humanoid_ws/install/unitree_go/include/unitree_go/unitree_go/msg/detail/res__type_support.cpp
[0.854s] -- Up-to-date: /home/utec/humanoid_ws/install/unitree_go/include/unitree_go/unitree_go/msg/detail/req__rosidl_typesupport_introspection_cpp.hpp
[0.854s] -- Up-to-date: /home/utec/humanoid_ws/install/unitree_go/include/unitree_go/unitree_go/msg/detail/motor_cmds__type_support.cpp
[0.854s] -- Up-to-date: /home/utec/humanoid_ws/install/unitree_go/include/unitree_go/unitree_go/msg/detail/uwb_switch__type_support.cpp
[0.854s] -- Up-to-date: /home/utec/humanoid_ws/install/unitree_go/include/unitree_go/unitree_go/msg/detail/motor_state__rosidl_typesupport_introspection_cpp.hpp
[0.854s] -- Up-to-date: /home/utec/humanoid_ws/install/unitree_go/include/unitree_go/unitree_go/msg/detail/motor_states__rosidl_typesupport_introspection_cpp.hpp
[0.854s] -- Up-to-date: /home/utec/humanoid_ws/install/unitree_go/include/unitree_go/unitree_go/msg/detail/path_point__rosidl_typesupport_introspection_cpp.hpp
[0.855s] -- Up-to-date: /home/utec/humanoid_ws/install/unitree_go/include/unitree_go/unitree_go/msg/detail/sport_mode_cmd__type_support.cpp
[0.855s] -- Up-to-date: /home/utec/humanoid_ws/install/unitree_go/include/unitree_go/unitree_go/msg/detail/lidar_state__type_support.cpp
[0.855s] -- Up-to-date: /home/utec/humanoid_ws/install/unitree_go/include/unitree_go/unitree_go/msg/detail/interface_config__rosidl_typesupport_introspection_cpp.hpp
[0.855s] -- Up-to-date: /home/utec/humanoid_ws/install/unitree_go/include/unitree_go/unitree_go/msg/detail/low_cmd__rosidl_typesupport_introspection_cpp.hpp
[0.855s] -- Up-to-date: /home/utec/humanoid_ws/install/unitree_go/include/unitree_go/unitree_go/msg/detail/uwb_switch__rosidl_typesupport_introspection_cpp.hpp
[0.855s] -- Up-to-date: /home/utec/humanoid_ws/install/unitree_go/include/unitree_go/unitree_go/msg/detail/interface_config__type_support.cpp
[0.855s] -- Up-to-date: /home/utec/humanoid_ws/install/unitree_go/include/unitree_go/unitree_go/msg/detail/bms_cmd__type_support.cpp
[0.855s] -- Up-to-date: /home/utec/humanoid_ws/install/unitree_go/include/unitree_go/unitree_go/msg/detail/bms_state__rosidl_typesupport_introspection_cpp.hpp
[0.855s] -- Up-to-date: /home/utec/humanoid_ws/install/unitree_go/include/unitree_go/unitree_go/msg/detail/motor_cmd__rosidl_typesupport_introspection_cpp.hpp
[0.855s] -- Up-to-date: /home/utec/humanoid_ws/install/unitree_go/include/unitree_go/unitree_go/msg/detail/lidar_state__rosidl_typesupport_introspection_cpp.hpp
[0.856s] -- Up-to-date: /home/utec/humanoid_ws/install/unitree_go/include/unitree_go/unitree_go/msg/detail/res__rosidl_typesupport_introspection_cpp.hpp
[0.856s] -- Up-to-date: /home/utec/humanoid_ws/install/unitree_go/include/unitree_go/unitree_go/msg/detail/motor_states__type_support.cpp
[0.856s] -- Up-to-date: /home/utec/humanoid_ws/install/unitree_go/include/unitree_go/unitree_go/msg/detail/go2_front_video_data__rosidl_typesupport_introspection_cpp.hpp
[0.856s] -- Up-to-date: /home/utec/humanoid_ws/install/unitree_go/include/unitree_go/unitree_go/msg/detail/req__type_support.cpp
[0.856s] -- Up-to-date: /home/utec/humanoid_ws/install/unitree_go/include/unitree_go/unitree_go/msg/detail/audio_data__type_support.cpp
[0.856s] -- Up-to-date: /home/utec/humanoid_ws/install/unitree_go/include/unitree_go/unitree_go/msg/detail/sport_mode_state__rosidl_typesupport_introspection_cpp.hpp
[0.856s] -- Up-to-date: /home/utec/humanoid_ws/install/unitree_go/include/unitree_go/unitree_go/msg/detail/height_map__type_support.cpp
[0.856s] -- Up-to-date: /home/utec/humanoid_ws/install/unitree_go/include/unitree_go/unitree_go/msg/detail/sport_mode_state__type_support.cpp
[0.856s] -- Up-to-date: /home/utec/humanoid_ws/install/unitree_go/include/unitree_go/unitree_go/msg/detail/bms_state__type_support.cpp
[0.856s] -- Up-to-date: /home/utec/humanoid_ws/install/unitree_go/include/unitree_go/unitree_go/msg/detail/low_cmd__type_support.cpp
[0.857s] -- Up-to-date: /home/utec/humanoid_ws/install/unitree_go/include/unitree_go/unitree_go/msg/detail/time_spec__type_support.cpp
[0.857s] -- Up-to-date: /home/utec/humanoid_ws/install/unitree_go/include/unitree_go/unitree_go/msg/detail/uwb_state__type_support.cpp
[0.857s] -- Up-to-date: /home/utec/humanoid_ws/install/unitree_go/include/unitree_go/unitree_go/msg/detail/imu_state__rosidl_typesupport_introspection_cpp.hpp
[0.857s] -- Up-to-date: /home/utec/humanoid_ws/install/unitree_go/include/unitree_go/unitree_go/msg/detail/low_state__type_support.cpp
[0.857s] -- Up-to-date: /home/utec/humanoid_ws/install/unitree_go/include/unitree_go/unitree_go/msg/detail/audio_data__rosidl_typesupport_introspection_cpp.hpp
[0.857s] -- Up-to-date: /home/utec/humanoid_ws/install/unitree_go/include/unitree_go/unitree_go/msg/detail/error__rosidl_typesupport_introspection_cpp.hpp
[0.857s] -- Up-to-date: /home/utec/humanoid_ws/install/unitree_go/include/unitree_go/unitree_go/msg/detail/wireless_controller__rosidl_typesupport_introspection_cpp.hpp
[0.857s] -- Up-to-date: /home/utec/humanoid_ws/install/unitree_go/include/unitree_go/unitree_go/msg/detail/wireless_controller__type_support.cpp
[0.857s] -- Up-to-date: /home/utec/humanoid_ws/install/unitree_go/include/unitree_go/unitree_go/msg/detail/sport_mode_cmd__rosidl_typesupport_introspection_cpp.hpp
[0.857s] -- Up-to-date: /home/utec/humanoid_ws/install/unitree_go/include/unitree_go/unitree_go/msg/detail/motor_cmd__type_support.cpp
[0.857s] -- Up-to-date: /home/utec/humanoid_ws/install/unitree_go/include/unitree_go/unitree_go/msg/detail/height_map__rosidl_typesupport_introspection_cpp.hpp
[0.858s] -- Up-to-date: /home/utec/humanoid_ws/install/unitree_go/include/unitree_go/unitree_go/msg/detail/uwb_state__rosidl_typesupport_introspection_cpp.hpp
[0.858s] -- Up-to-date: /home/utec/humanoid_ws/install/unitree_go/include/unitree_go/unitree_go/msg/detail/low_state__rosidl_typesupport_introspection_cpp.hpp
[0.858s] -- Up-to-date: /home/utec/humanoid_ws/install/unitree_go/include/unitree_go/unitree_go/msg/detail/bms_cmd__rosidl_typesupport_introspection_cpp.hpp
[0.858s] -- Up-to-date: /home/utec/humanoid_ws/install/unitree_go/lib/libunitree_go__rosidl_typesupport_introspection_cpp.so
[0.858s] -- Up-to-date: /home/utec/humanoid_ws/install/unitree_go/lib/libunitree_go__rosidl_typesupport_cpp.so
[0.858s] -- Up-to-date: /home/utec/humanoid_ws/install/unitree_go/share/unitree_go/environment/pythonpath.sh
[0.858s] -- Up-to-date: /home/utec/humanoid_ws/install/unitree_go/share/unitree_go/environment/pythonpath.dsv
[0.858s] -- Up-to-date: /home/utec/humanoid_ws/install/unitree_go/local/lib/python3.10/dist-packages/unitree_go-0.0.0-py3.10.egg-info
[0.859s] -- Installing: /home/utec/humanoid_ws/install/unitree_go/local/lib/python3.10/dist-packages/unitree_go-0.0.0-py3.10.egg-info/top_level.txt
[0.859s] -- Installing: /home/utec/humanoid_ws/install/unitree_go/local/lib/python3.10/dist-packages/unitree_go-0.0.0-py3.10.egg-info/PKG-INFO
[0.859s] -- Installing: /home/utec/humanoid_ws/install/unitree_go/local/lib/python3.10/dist-packages/unitree_go-0.0.0-py3.10.egg-info/dependency_links.txt
[0.859s] -- Installing: /home/utec/humanoid_ws/install/unitree_go/local/lib/python3.10/dist-packages/unitree_go-0.0.0-py3.10.egg-info/SOURCES.txt
[0.859s] -- Up-to-date: /home/utec/humanoid_ws/install/unitree_go/local/lib/python3.10/dist-packages/unitree_go
[0.859s] -- Up-to-date: /home/utec/humanoid_ws/install/unitree_go/local/lib/python3.10/dist-packages/unitree_go/unitree_go_s__rosidl_typesupport_introspection_c.cpython-310-x86_64-linux-gnu.so
[0.859s] -- Up-to-date: /home/utec/humanoid_ws/install/unitree_go/local/lib/python3.10/dist-packages/unitree_go/_unitree_go_s.ep.rosidl_typesupport_c.c
[0.859s] -- Up-to-date: /home/utec/humanoid_ws/install/unitree_go/local/lib/python3.10/dist-packages/unitree_go/__init__.py
[0.859s] -- Up-to-date: /home/utec/humanoid_ws/install/unitree_go/local/lib/python3.10/dist-packages/unitree_go/unitree_go_s__rosidl_typesupport_fastrtps_c.cpython-310-x86_64-linux-gnu.so
[0.859s] -- Up-to-date: /home/utec/humanoid_ws/install/unitree_go/local/lib/python3.10/dist-packages/unitree_go/libunitree_go__rosidl_generator_py.so
[0.859s] -- Up-to-date: /home/utec/humanoid_ws/install/unitree_go/local/lib/python3.10/dist-packages/unitree_go/_unitree_go_s.ep.rosidl_typesupport_introspection_c.c
[0.859s] -- Up-to-date: /home/utec/humanoid_ws/install/unitree_go/local/lib/python3.10/dist-packages/unitree_go/_unitree_go_s.ep.rosidl_typesupport_fastrtps_c.c
[0.860s] -- Up-to-date: /home/utec/humanoid_ws/install/unitree_go/local/lib/python3.10/dist-packages/unitree_go/msg
[0.860s] -- Up-to-date: /home/utec/humanoid_ws/install/unitree_go/local/lib/python3.10/dist-packages/unitree_go/msg/_imu_state.py
[0.860s] -- Up-to-date: /home/utec/humanoid_ws/install/unitree_go/local/lib/python3.10/dist-packages/unitree_go/msg/_time_spec_s.c
[0.860s] -- Up-to-date: /home/utec/humanoid_ws/install/unitree_go/local/lib/python3.10/dist-packages/unitree_go/msg/_wireless_controller.py
[0.860s] -- Up-to-date: /home/utec/humanoid_ws/install/unitree_go/local/lib/python3.10/dist-packages/unitree_go/msg/_go2_front_video_data.py
[0.860s] -- Up-to-date: /home/utec/humanoid_ws/install/unitree_go/local/lib/python3.10/dist-packages/unitree_go/msg/_sport_mode_cmd.py
[0.860s] -- Up-to-date: /home/utec/humanoid_ws/install/unitree_go/local/lib/python3.10/dist-packages/unitree_go/msg/_error.py
[0.860s] -- Up-to-date: /home/utec/humanoid_ws/install/unitree_go/local/lib/python3.10/dist-packages/unitree_go/msg/_go2_front_video_data_s.c
[0.860s] -- Up-to-date: /home/utec/humanoid_ws/install/unitree_go/local/lib/python3.10/dist-packages/unitree_go/msg/_motor_state.py
[0.860s] -- Up-to-date: /home/utec/humanoid_ws/install/unitree_go/local/lib/python3.10/dist-packages/unitree_go/msg/_low_state_s.c
[0.860s] -- Up-to-date: /home/utec/humanoid_ws/install/unitree_go/local/lib/python3.10/dist-packages/unitree_go/msg/_res_s.c
[0.861s] -- Up-to-date: /home/utec/humanoid_ws/install/unitree_go/local/lib/python3.10/dist-packages/unitree_go/msg/_imu_state_s.c
[0.861s] -- Up-to-date: /home/utec/humanoid_ws/install/unitree_go/local/lib/python3.10/dist-packages/unitree_go/msg/_height_map_s.c
[0.861s] -- Up-to-date: /home/utec/humanoid_ws/install/unitree_go/local/lib/python3.10/dist-packages/unitree_go/msg/_motor_cmd.py
[0.861s] -- Up-to-date: /home/utec/humanoid_ws/install/unitree_go/local/lib/python3.10/dist-packages/unitree_go/msg/_uwb_state_s.c
[0.861s] -- Up-to-date: /home/utec/humanoid_ws/install/unitree_go/local/lib/python3.10/dist-packages/unitree_go/msg/_res.py
[0.861s] -- Up-to-date: /home/utec/humanoid_ws/install/unitree_go/local/lib/python3.10/dist-packages/unitree_go/msg/__init__.py
[0.861s] -- Up-to-date: /home/utec/humanoid_ws/install/unitree_go/local/lib/python3.10/dist-packages/unitree_go/msg/_interface_config.py
[0.861s] -- Up-to-date: /home/utec/humanoid_ws/install/unitree_go/local/lib/python3.10/dist-packages/unitree_go/msg/_low_cmd.py
[0.861s] -- Up-to-date: /home/utec/humanoid_ws/install/unitree_go/local/lib/python3.10/dist-packages/unitree_go/msg/_bms_cmd_s.c
[0.861s] -- Up-to-date: /home/utec/humanoid_ws/install/unitree_go/local/lib/python3.10/dist-packages/unitree_go/msg/_path_point_s.c
[0.861s] -- Up-to-date: /home/utec/humanoid_ws/install/unitree_go/local/lib/python3.10/dist-packages/unitree_go/msg/_audio_data_s.c
[0.861s] -- Up-to-date: /home/utec/humanoid_ws/install/unitree_go/local/lib/python3.10/dist-packages/unitree_go/msg/_motor_state_s.c
[0.861s] -- Up-to-date: /home/utec/humanoid_ws/install/unitree_go/local/lib/python3.10/dist-packages/unitree_go/msg/_interface_config_s.c
[0.861s] -- Up-to-date: /home/utec/humanoid_ws/install/unitree_go/local/lib/python3.10/dist-packages/unitree_go/msg/_uwb_switch_s.c
[0.862s] -- Up-to-date: /home/utec/humanoid_ws/install/unitree_go/local/lib/python3.10/dist-packages/unitree_go/msg/_low_cmd_s.c
[0.862s] -- Up-to-date: /home/utec/humanoid_ws/install/unitree_go/local/lib/python3.10/dist-packages/unitree_go/msg/_uwb_switch.py
[0.862s] -- Up-to-date: /home/utec/humanoid_ws/install/unitree_go/local/lib/python3.10/dist-packages/unitree_go/msg/_low_state.py
[0.862s] -- Up-to-date: /home/utec/humanoid_ws/install/unitree_go/local/lib/python3.10/dist-packages/unitree_go/msg/_sport_mode_state.py
[0.862s] -- Up-to-date: /home/utec/humanoid_ws/install/unitree_go/local/lib/python3.10/dist-packages/unitree_go/msg/_sport_mode_cmd_s.c
[0.862s] -- Up-to-date: /home/utec/humanoid_ws/install/unitree_go/local/lib/python3.10/dist-packages/unitree_go/msg/_bms_state_s.c
[0.862s] -- Up-to-date: /home/utec/humanoid_ws/install/unitree_go/local/lib/python3.10/dist-packages/unitree_go/msg/_req_s.c
[0.862s] -- Up-to-date: /home/utec/humanoid_ws/install/unitree_go/local/lib/python3.10/dist-packages/unitree_go/msg/_height_map.py
[0.862s] -- Up-to-date: /home/utec/humanoid_ws/install/unitree_go/local/lib/python3.10/dist-packages/unitree_go/msg/_motor_states.py
[0.862s] -- Up-to-date: /home/utec/humanoid_ws/install/unitree_go/local/lib/python3.10/dist-packages/unitree_go/msg/_lidar_state_s.c
[0.862s] -- Up-to-date: /home/utec/humanoid_ws/install/unitree_go/local/lib/python3.10/dist-packages/unitree_go/msg/_bms_cmd.py
[0.862s] -- Up-to-date: /home/utec/humanoid_ws/install/unitree_go/local/lib/python3.10/dist-packages/unitree_go/msg/_req.py
[0.862s] -- Up-to-date: /home/utec/humanoid_ws/install/unitree_go/local/lib/python3.10/dist-packages/unitree_go/msg/_time_spec.py
[0.862s] -- Up-to-date: /home/utec/humanoid_ws/install/unitree_go/local/lib/python3.10/dist-packages/unitree_go/msg/_lidar_state.py
[0.863s] -- Up-to-date: /home/utec/humanoid_ws/install/unitree_go/local/lib/python3.10/dist-packages/unitree_go/msg/_wireless_controller_s.c
[0.863s] -- Up-to-date: /home/utec/humanoid_ws/install/unitree_go/local/lib/python3.10/dist-packages/unitree_go/msg/_bms_state.py
[0.863s] -- Up-to-date: /home/utec/humanoid_ws/install/unitree_go/local/lib/python3.10/dist-packages/unitree_go/msg/_motor_cmds.py
[0.863s] -- Up-to-date: /home/utec/humanoid_ws/install/unitree_go/local/lib/python3.10/dist-packages/unitree_go/msg/_sport_mode_state_s.c
[0.863s] -- Up-to-date: /home/utec/humanoid_ws/install/unitree_go/local/lib/python3.10/dist-packages/unitree_go/msg/_motor_states_s.c
[0.863s] -- Up-to-date: /home/utec/humanoid_ws/install/unitree_go/local/lib/python3.10/dist-packages/unitree_go/msg/_uwb_state.py
[0.863s] -- Up-to-date: /home/utec/humanoid_ws/install/unitree_go/local/lib/python3.10/dist-packages/unitree_go/msg/_path_point.py
[0.863s] -- Up-to-date: /home/utec/humanoid_ws/install/unitree_go/local/lib/python3.10/dist-packages/unitree_go/msg/_audio_data.py
[0.863s] -- Up-to-date: /home/utec/humanoid_ws/install/unitree_go/local/lib/python3.10/dist-packages/unitree_go/msg/_motor_cmds_s.c
[0.863s] -- Up-to-date: /home/utec/humanoid_ws/install/unitree_go/local/lib/python3.10/dist-packages/unitree_go/msg/_error_s.c
[0.863s] -- Up-to-date: /home/utec/humanoid_ws/install/unitree_go/local/lib/python3.10/dist-packages/unitree_go/msg/_motor_cmd_s.c
[0.863s] -- Up-to-date: /home/utec/humanoid_ws/install/unitree_go/local/lib/python3.10/dist-packages/unitree_go/unitree_go_s__rosidl_typesupport_c.cpython-310-x86_64-linux-gnu.so
[0.879s] Listing '/home/utec/humanoid_ws/install/unitree_go/local/lib/python3.10/dist-packages/unitree_go'...
[0.880s] Listing '/home/utec/humanoid_ws/install/unitree_go/local/lib/python3.10/dist-packages/unitree_go/msg'...
[0.885s] -- Up-to-date: /home/utec/humanoid_ws/install/unitree_go/local/lib/python3.10/dist-packages/unitree_go/unitree_go_s__rosidl_typesupport_fastrtps_c.cpython-310-x86_64-linux-gnu.so
[0.885s] -- Up-to-date: /home/utec/humanoid_ws/install/unitree_go/local/lib/python3.10/dist-packages/unitree_go/unitree_go_s__rosidl_typesupport_introspection_c.cpython-310-x86_64-linux-gnu.so
[0.886s] -- Up-to-date: /home/utec/humanoid_ws/install/unitree_go/local/lib/python3.10/dist-packages/unitree_go/unitree_go_s__rosidl_typesupport_c.cpython-310-x86_64-linux-gnu.so
[0.886s] -- Up-to-date: /home/utec/humanoid_ws/install/unitree_go/lib/libunitree_go__rosidl_generator_py.so
[0.890s] -- Up-to-date: /home/utec/humanoid_ws/install/unitree_go/share/unitree_go/msg/AudioData.idl
[0.891s] -- Up-to-date: /home/utec/humanoid_ws/install/unitree_go/share/unitree_go/msg/BmsCmd.idl
[0.892s] -- Up-to-date: /home/utec/humanoid_ws/install/unitree_go/share/unitree_go/msg/BmsState.idl
[0.893s] -- Up-to-date: /home/utec/humanoid_ws/install/unitree_go/share/unitree_go/msg/Error.idl
[0.893s] -- Up-to-date: /home/utec/humanoid_ws/install/unitree_go/share/unitree_go/msg/Go2FrontVideoData.idl
[0.893s] -- Up-to-date: /home/utec/humanoid_ws/install/unitree_go/share/unitree_go/msg/HeightMap.idl
[0.893s] -- Up-to-date: /home/utec/humanoid_ws/install/unitree_go/share/unitree_go/msg/IMUState.idl
[0.893s] -- Up-to-date: /home/utec/humanoid_ws/install/unitree_go/share/unitree_go/msg/InterfaceConfig.idl
[0.893s] -- Up-to-date: /home/utec/humanoid_ws/install/unitree_go/share/unitree_go/msg/LidarState.idl
[0.893s] -- Up-to-date: /home/utec/humanoid_ws/install/unitree_go/share/unitree_go/msg/LowCmd.idl
[0.894s] -- Up-to-date: /home/utec/humanoid_ws/install/unitree_go/share/unitree_go/msg/LowState.idl
[0.894s] -- Up-to-date: /home/utec/humanoid_ws/install/unitree_go/share/unitree_go/msg/MotorCmd.idl
[0.894s] -- Up-to-date: /home/utec/humanoid_ws/install/unitree_go/share/unitree_go/msg/MotorCmds.idl
[0.894s] -- Up-to-date: /home/utec/humanoid_ws/install/unitree_go/share/unitree_go/msg/MotorState.idl
[0.894s] -- Up-to-date: /home/utec/humanoid_ws/install/unitree_go/share/unitree_go/msg/MotorStates.idl
[0.894s] -- Up-to-date: /home/utec/humanoid_ws/install/unitree_go/share/unitree_go/msg/PathPoint.idl
[0.894s] -- Up-to-date: /home/utec/humanoid_ws/install/unitree_go/share/unitree_go/msg/Req.idl
[0.894s] -- Up-to-date: /home/utec/humanoid_ws/install/unitree_go/share/unitree_go/msg/Res.idl
[0.894s] -- Up-to-date: /home/utec/humanoid_ws/install/unitree_go/share/unitree_go/msg/SportModeCmd.idl
[0.894s] -- Up-to-date: /home/utec/humanoid_ws/install/unitree_go/share/unitree_go/msg/SportModeState.idl
[0.894s] -- Up-to-date: /home/utec/humanoid_ws/install/unitree_go/share/unitree_go/msg/TimeSpec.idl
[0.894s] -- Up-to-date: /home/utec/humanoid_ws/install/unitree_go/share/unitree_go/msg/UwbState.idl
[0.894s] -- Up-to-date: /home/utec/humanoid_ws/install/unitree_go/share/unitree_go/msg/UwbSwitch.idl
[0.895s] -- Up-to-date: /home/utec/humanoid_ws/install/unitree_go/share/unitree_go/msg/WirelessController.idl
[0.895s] -- Up-to-date: /home/utec/humanoid_ws/install/unitree_go/share/unitree_go/msg/AudioData.msg
[0.895s] -- Up-to-date: /home/utec/humanoid_ws/install/unitree_go/share/unitree_go/msg/BmsCmd.msg
[0.895s] -- Up-to-date: /home/utec/humanoid_ws/install/unitree_go/share/unitree_go/msg/BmsState.msg
[0.895s] -- Up-to-date: /home/utec/humanoid_ws/install/unitree_go/share/unitree_go/msg/Error.msg
[0.895s] -- Up-to-date: /home/utec/humanoid_ws/install/unitree_go/share/unitree_go/msg/Go2FrontVideoData.msg
[0.895s] -- Up-to-date: /home/utec/humanoid_ws/install/unitree_go/share/unitree_go/msg/HeightMap.msg
[0.895s] -- Up-to-date: /home/utec/humanoid_ws/install/unitree_go/share/unitree_go/msg/IMUState.msg
[0.895s] -- Up-to-date: /home/utec/humanoid_ws/install/unitree_go/share/unitree_go/msg/InterfaceConfig.msg
[0.895s] -- Up-to-date: /home/utec/humanoid_ws/install/unitree_go/share/unitree_go/msg/LidarState.msg
[0.895s] -- Up-to-date: /home/utec/humanoid_ws/install/unitree_go/share/unitree_go/msg/LowCmd.msg
[0.895s] -- Up-to-date: /home/utec/humanoid_ws/install/unitree_go/share/unitree_go/msg/LowState.msg
[0.896s] -- Up-to-date: /home/utec/humanoid_ws/install/unitree_go/share/unitree_go/msg/MotorCmd.msg
[0.896s] -- Up-to-date: /home/utec/humanoid_ws/install/unitree_go/share/unitree_go/msg/MotorCmds.msg
[0.896s] -- Up-to-date: /home/utec/humanoid_ws/install/unitree_go/share/unitree_go/msg/MotorState.msg
[0.896s] -- Up-to-date: /home/utec/humanoid_ws/install/unitree_go/share/unitree_go/msg/MotorStates.msg
[0.896s] -- Up-to-date: /home/utec/humanoid_ws/install/unitree_go/share/unitree_go/msg/PathPoint.msg
[0.896s] -- Up-to-date: /home/utec/humanoid_ws/install/unitree_go/share/unitree_go/msg/Req.msg
[0.896s] -- Up-to-date: /home/utec/humanoid_ws/install/unitree_go/share/unitree_go/msg/Res.msg
[0.896s] -- Up-to-date: /home/utec/humanoid_ws/install/unitree_go/share/unitree_go/msg/SportModeCmd.msg
[0.896s] -- Up-to-date: /home/utec/humanoid_ws/install/unitree_go/share/unitree_go/msg/SportModeState.msg
[0.896s] -- Up-to-date: /home/utec/humanoid_ws/install/unitree_go/share/unitree_go/msg/TimeSpec.msg
[0.896s] -- Up-to-date: /home/utec/humanoid_ws/install/unitree_go/share/unitree_go/msg/UwbState.msg
[0.896s] -- Up-to-date: /home/utec/humanoid_ws/install/unitree_go/share/unitree_go/msg/UwbSwitch.msg
[0.896s] -- Up-to-date: /home/utec/humanoid_ws/install/unitree_go/share/unitree_go/msg/WirelessController.msg
[0.896s] -- Up-to-date: /home/utec/humanoid_ws/install/unitree_go/share/unitree_go/msg/dds_connext
[0.896s] -- Up-to-date: /home/utec/humanoid_ws/install/unitree_go/share/unitree_go/msg/dds_connext/MotorStates_.idl
[0.897s] -- Up-to-date: /home/utec/humanoid_ws/install/unitree_go/share/unitree_go/msg/dds_connext/Go2FrontVideoData_.idl
[0.897s] -- Up-to-date: /home/utec/humanoid_ws/install/unitree_go/share/unitree_go/msg/dds_connext/IMUState_.idl
[0.897s] -- Up-to-date: /home/utec/humanoid_ws/install/unitree_go/share/unitree_go/msg/dds_connext/PathPoint_.idl
[0.897s] -- Up-to-date: /home/utec/humanoid_ws/install/unitree_go/share/unitree_go/msg/dds_connext/UwbSwitch_.idl
[0.897s] -- Up-to-date: /home/utec/humanoid_ws/install/unitree_go/share/unitree_go/msg/dds_connext/UwbState_.idl
[0.898s] -- Up-to-date: /home/utec/humanoid_ws/install/unitree_go/share/unitree_go/msg/dds_connext/MotorCmds_.idl
[0.898s] -- Up-to-date: /home/utec/humanoid_ws/install/unitree_go/share/unitree_go/msg/dds_connext/Error_.idl
[0.898s] -- Up-to-date: /home/utec/humanoid_ws/install/unitree_go/share/unitree_go/msg/dds_connext/Res_.idl
[0.898s] -- Up-to-date: /home/utec/humanoid_ws/install/unitree_go/share/unitree_go/msg/dds_connext/Req_.idl
[0.898s] -- Up-to-date: /home/utec/humanoid_ws/install/unitree_go/share/unitree_go/msg/dds_connext/LidarState_.idl
[0.898s] -- Up-to-date: /home/utec/humanoid_ws/install/unitree_go/share/unitree_go/msg/dds_connext/AudioData_.idl
[0.898s] -- Up-to-date: /home/utec/humanoid_ws/install/unitree_go/share/unitree_go/msg/dds_connext/MotorState_.idl
[0.898s] -- Up-to-date: /home/utec/humanoid_ws/install/unitree_go/share/unitree_go/msg/dds_connext/WirelessController_.idl
[0.898s] -- Up-to-date: /home/utec/humanoid_ws/install/unitree_go/share/unitree_go/msg/dds_connext/BmsCmd_.idl
[0.898s] -- Up-to-date: /home/utec/humanoid_ws/install/unitree_go/share/unitree_go/msg/dds_connext/SportModeCmd_.idl
[0.898s] -- Up-to-date: /home/utec/humanoid_ws/install/unitree_go/share/unitree_go/msg/dds_connext/LowCmd_.idl
[0.898s] -- Up-to-date: /home/utec/humanoid_ws/install/unitree_go/share/unitree_go/msg/dds_connext/BmsState_.idl
[0.899s] -- Up-to-date: /home/utec/humanoid_ws/install/unitree_go/share/unitree_go/msg/dds_connext/SportModeState_.idl
[0.899s] -- Up-to-date: /home/utec/humanoid_ws/install/unitree_go/share/unitree_go/msg/dds_connext/HeightMap_.idl
[0.900s] -- Up-to-date: /home/utec/humanoid_ws/install/unitree_go/share/unitree_go/msg/dds_connext/MotorCmd_.idl
[0.900s] -- Up-to-date: /home/utec/humanoid_ws/install/unitree_go/share/unitree_go/msg/dds_connext/InterfaceConfig_.idl
[0.900s] -- Up-to-date: /home/utec/humanoid_ws/install/unitree_go/share/unitree_go/msg/dds_connext/TimeSpec_.idl
[0.901s] -- Up-to-date: /home/utec/humanoid_ws/install/unitree_go/share/unitree_go/msg/dds_connext/LowState_.idl
[0.901s] -- Up-to-date: /home/utec/humanoid_ws/install/unitree_go/share/ament_index/resource_index/package_run_dependencies/unitree_go
[0.901s] -- Up-to-date: /home/utec/humanoid_ws/install/unitree_go/share/ament_index/resource_index/parent_prefix_path/unitree_go
[0.901s] -- Up-to-date: /home/utec/humanoid_ws/install/unitree_go/share/unitree_go/environment/ament_prefix_path.sh
[0.901s] -- Up-to-date: /home/utec/humanoid_ws/install/unitree_go/share/unitree_go/environment/ament_prefix_path.dsv
[0.901s] -- Up-to-date: /home/utec/humanoid_ws/install/unitree_go/share/unitree_go/environment/path.sh
[0.901s] -- Up-to-date: /home/utec/humanoid_ws/install/unitree_go/share/unitree_go/environment/path.dsv
[0.901s] -- Up-to-date: /home/utec/humanoid_ws/install/unitree_go/share/unitree_go/local_setup.bash
[0.901s] -- Up-to-date: /home/utec/humanoid_ws/install/unitree_go/share/unitree_go/local_setup.sh
[0.901s] -- Up-to-date: /home/utec/humanoid_ws/install/unitree_go/share/unitree_go/local_setup.zsh
[0.901s] -- Up-to-date: /home/utec/humanoid_ws/install/unitree_go/share/unitree_go/local_setup.dsv
[0.901s] -- Installing: /home/utec/humanoid_ws/install/unitree_go/share/unitree_go/package.dsv
[0.902s] -- Up-to-date: /home/utec/humanoid_ws/install/unitree_go/share/ament_index/resource_index/packages/unitree_go
[0.902s] -- Up-to-date: /home/utec/humanoid_ws/install/unitree_go/share/unitree_go/cmake/export_unitree_go__rosidl_generator_cExport.cmake
[0.902s] -- Up-to-date: /home/utec/humanoid_ws/install/unitree_go/share/unitree_go/cmake/export_unitree_go__rosidl_generator_cExport-noconfig.cmake
[0.902s] -- Up-to-date: /home/utec/humanoid_ws/install/unitree_go/share/unitree_go/cmake/export_unitree_go__rosidl_typesupport_fastrtps_cExport.cmake
[0.902s] -- Up-to-date: /home/utec/humanoid_ws/install/unitree_go/share/unitree_go/cmake/export_unitree_go__rosidl_typesupport_fastrtps_cExport-noconfig.cmake
[0.902s] -- Up-to-date: /home/utec/humanoid_ws/install/unitree_go/share/unitree_go/cmake/export_unitree_go__rosidl_generator_cppExport.cmake
[0.902s] -- Up-to-date: /home/utec/humanoid_ws/install/unitree_go/share/unitree_go/cmake/export_unitree_go__rosidl_typesupport_fastrtps_cppExport.cmake
[0.902s] -- Up-to-date: /home/utec/humanoid_ws/install/unitree_go/share/unitree_go/cmake/export_unitree_go__rosidl_typesupport_fastrtps_cppExport-noconfig.cmake
[0.902s] -- Up-to-date: /home/utec/humanoid_ws/install/unitree_go/share/unitree_go/cmake/unitree_go__rosidl_typesupport_introspection_cExport.cmake
[0.902s] -- Up-to-date: /home/utec/humanoid_ws/install/unitree_go/share/unitree_go/cmake/unitree_go__rosidl_typesupport_introspection_cExport-noconfig.cmake
[0.902s] -- Up-to-date: /home/utec/humanoid_ws/install/unitree_go/share/unitree_go/cmake/unitree_go__rosidl_typesupport_cExport.cmake
[0.902s] -- Up-to-date: /home/utec/humanoid_ws/install/unitree_go/share/unitree_go/cmake/unitree_go__rosidl_typesupport_cExport-noconfig.cmake
[0.902s] -- Up-to-date: /home/utec/humanoid_ws/install/unitree_go/share/unitree_go/cmake/unitree_go__rosidl_typesupport_introspection_cppExport.cmake
[0.902s] -- Up-to-date: /home/utec/humanoid_ws/install/unitree_go/share/unitree_go/cmake/unitree_go__rosidl_typesupport_introspection_cppExport-noconfig.cmake
[0.902s] -- Up-to-date: /home/utec/humanoid_ws/install/unitree_go/share/unitree_go/cmake/unitree_go__rosidl_typesupport_cppExport.cmake
[0.902s] -- Up-to-date: /home/utec/humanoid_ws/install/unitree_go/share/unitree_go/cmake/unitree_go__rosidl_typesupport_cppExport-noconfig.cmake
[0.903s] -- Up-to-date: /home/utec/humanoid_ws/install/unitree_go/share/unitree_go/cmake/export_unitree_go__rosidl_generator_pyExport.cmake
[0.903s] -- Up-to-date: /home/utec/humanoid_ws/install/unitree_go/share/unitree_go/cmake/export_unitree_go__rosidl_generator_pyExport-noconfig.cmake
[0.903s] -- Up-to-date: /home/utec/humanoid_ws/install/unitree_go/share/unitree_go/cmake/rosidl_cmake-extras.cmake
[0.903s] -- Up-to-date: /home/utec/humanoid_ws/install/unitree_go/share/unitree_go/cmake/ament_cmake_export_dependencies-extras.cmake
[0.903s] -- Up-to-date: /home/utec/humanoid_ws/install/unitree_go/share/unitree_go/cmake/ament_cmake_export_include_directories-extras.cmake
[0.903s] -- Up-to-date: /home/utec/humanoid_ws/install/unitree_go/share/unitree_go/cmake/ament_cmake_export_libraries-extras.cmake
[0.903s] -- Up-to-date: /home/utec/humanoid_ws/install/unitree_go/share/unitree_go/cmake/ament_cmake_export_targets-extras.cmake
[0.903s] -- Up-to-date: /home/utec/humanoid_ws/install/unitree_go/share/unitree_go/cmake/rosidl_cmake_export_typesupport_targets-extras.cmake
[0.904s] -- Up-to-date: /home/utec/humanoid_ws/install/unitree_go/share/unitree_go/cmake/rosidl_cmake_export_typesupport_libraries-extras.cmake
[0.904s] -- Up-to-date: /home/utec/humanoid_ws/install/unitree_go/share/unitree_go/cmake/unitree_goConfig.cmake
[0.904s] -- Up-to-date: /home/utec/humanoid_ws/install/unitree_go/share/unitree_go/cmake/unitree_goConfig-version.cmake
[0.904s] -- Up-to-date: /home/utec/humanoid_ws/install/unitree_go/share/unitree_go/package.xml
[0.940s] Invoked command in '/home/utec/humanoid_ws/build/unitree_go' returned '0': CMAKE_PREFIX_PATH=${CMAKE_PREFIX_PATH}:/home/utec/humanoid_ws/install/pycodes_h1:/home/utec/humanoid_ws/install/h1_2_model:/opt/ros/humble /usr/bin/cmake --install /home/utec/humanoid_ws/build/unitree_go
